******************************************************************************
                  TI ARM Linker PC v5.1.10                     
******************************************************************************
>> Linked Mon Mar 02 14:50:09 2015

OUTPUT FILE NAME:   <GroBot_OS.out>
ENTRY POINT SYMBOL: "_c_int00"  address: 2000b591


MEMORY CONFIGURATION

         name            origin    length      used     unused   attr    fill
----------------------  --------  ---------  --------  --------  ----  --------
  SRAM                  20004000   0002c000  0000fd3b  0001c2c5  RW X


SEGMENT ALLOCATION MAP

run origin  load origin   length   init length attrs members
----------  ----------- ---------- ----------- ----- -------
20004000    20004000    00008b42   00008b42    r-x
  20004000    20004000    0000030c   0000030c    r-- .resetVecs
  2000430c    2000430c    00008836   00008836    r-x .text
2000cc00    2000cc00    00003030   00000000    rw-
  2000cc00    2000cc00    00003030   00000000    rw- .bss
2000fc30    2000fc30    00002804   00002804    r--
  2000fc30    2000fc30    00002804   00002804    r-- .const
20012434    20012434    000015d5   00000000    rw-
  20012434    20012434    00001000   00000000    rw- .stack
  20013434    20013434    000005d5   00000000    rw- .data
20013a10    20013a10    000003f0   000003f0    r--
  20013a10    20013a10    000003f0   000003f0    r-- .cinit


SECTION ALLOCATION MAP

 output                                  attributes/
section   page    origin      length       input sections
--------  ----  ----------  ----------   ----------------
.init_array 
*          0    20004000    00000000     UNINITIALIZED

.bootVecs 
*          0    00000000    00000008     DSECT
                  00000000    00000008     boot.aem4 : boot.oem4 (.bootVecs)

xdc.meta   0    00000000    000000f1     COPY SECTION
                  00000000    000000f1     empty_pem4.oem4 (xdc.meta)

.vecs      0    20004000    00000000     DSECT

.resetVecs 
*          0    20004000    0000030c     
                  20004000    0000030c     empty_pem4.oem4 (.resetVecs)

.text      0    2000430c    00008836     
                  2000430c    00000ec0     rtsv7M4_T_le_eabi.lib : _printfi.obj (.text)
                  200051cc    00000bb4     network.obj (.text)
                  20005d80    00000424     sysbios.aem4 : BIOS.obj (.text:ti_sysbios_family_arm_m3_Hwi_excDumpRegs__I)
                  200061a4    0000033c     ti.targets.arm.rtsarm.aem4 : System.oem4 (.text:xdc_runtime_System_doPrint__I)
                  200064e0    00000304     sysbios.aem4 : BIOS.obj (.text:ti_sysbios_knl_Semaphore_pend__E)
                  200067e4    000002d4     rtsv7M4_T_le_eabi.lib : trgdrv.obj (.text)
                  20006ab8    0000026c     uart_if.obj (.text)
                  20006d24    00000248     sysbios.aem4 : BIOS.obj (.text:ti_sysbios_heaps_HeapMem_free__E)
                  20006f6c    00000234                  : BIOS.obj (.text:ti_sysbios_heaps_HeapMem_alloc__E)
                  200071a0    00000208                  : BIOS.obj (.text:ti_sysbios_knl_Task_sleep__E)
                  200073a8    000001f8                  : BIOS.obj (.text:ti_sysbios_family_arm_m3_Hwi_excHandlerMax__I)
                  200075a0    000001f4     rtsv7M4_T_le_eabi.lib : ull_div_t2.obj (.text)
                  20007794    000001b6                           : fd_add_t2.obj (.text)
                  2000794a    00000002     empty_pem4.oem4 (.text:ti_sysbios_BIOS_nullFunc__I)
                  2000794c    0000018c     sysbios.aem4 : BIOS.obj (.text:ti_sysbios_knl_Task_Module_startup__E)
                  20007ad8    00000168                  : BIOS.obj (.text:ti_sysbios_family_arm_m3_Hwi_excBusFault__I)
                  20007c40    00000154                  : BIOS.obj (.text:ti_sysbios_family_arm_m3_Hwi_excUsageFault__I)
                  20007d94    00000140                  : BIOS.obj (.text:ti_sysbios_family_arm_m3_Hwi_excMemFault__I)
                  20007ed4    0000013c     main.obj (.text)
                  20008010    0000013c     sysbios.aem4 : BIOS.obj (.text:ti_sysbios_family_arm_m3_Hwi_dispatchC__I)
                  2000814c    00000138                  : BIOS.obj (.text:ti_sysbios_heaps_HeapMem_Instance_init__E)
                  20008284    00000138                  : BIOS.obj (.text:ti_sysbios_knl_Semaphore_post__E)
                  200083bc    00000138     empty_pem4.oem4 (.text:ti_uia_loggers_LoggerStopMode_writeMemoryRange__E)
                  200084f4    00000136     rtsv7M4_T_le_eabi.lib : fd_div_t2.obj (.text)
                  2000862a    00000002     sysbios.aem4 : BIOS.obj (.text:ti_sysbios_gates_GateHwi_Instance_init__E)
                  2000862c    0000012c                  : BIOS.obj (.text:ti_sysbios_knl_Clock_workFunc__E)
                  20008758    00000120                  : BIOS.obj (.text:ti_sysbios_knl_Swi_run__I)
                  20008878    00000120     ti.targets.arm.rtsarm.aem4 : Error.oem4 (.text:xdc_runtime_Error_policyDefault__E)
                  20008998    0000011c     empty_pem4.oem4 (.text:ti_uia_loggers_LoggerStopMode_write8__E)
                  20008ab4    00000104     empty_pem4.oem4 (.text:ti_uia_loggers_LoggerStopMode_write4__E)
                  20008bb8    00000104     ti.targets.arm.rtsarm.aem4 : Core-mem.oem4 (.text:xdc_runtime_Core_createObject__I)
                  20008cbc    000000fc     rtsv7M4_T_le_eabi.lib : fd_mul_t2.obj (.text)
                  20008db8    000000fc     ti.targets.arm.rtsarm.aem4 : Startup.oem4 (.text:xdc_runtime_Startup_startMods__I)
                  20008eb4    000000f8     gpio_ccware.aem4 : GPIO.oem4 (.text:GPIO_toggle)
                  20008fac    000000f8     empty_pem4.oem4 (.text:ti_uia_loggers_LoggerStopMode_write2__E)
                  200090a4    000000f8     empty_pem4.oem4 (.text:xdc_runtime_System_printfExtend__I)
                  2000919c    000000f4     empty_pem4.oem4 (.text:ti_uia_loggers_LoggerStopMode_write1__E)
                  20009290    000000ec     CC3200_LP.obj (.text)
                  2000937c    000000e8     gpio_ccware.aem4 : GPIO.oem4 (.text:GPIO_write)
                  20009464    000000e8     empty_pem4.oem4 (.text:ti_uia_loggers_LoggerStopMode_write0__E)
                  2000954c    000000d0     sysbios.aem4 : m3_Hwi_asm.obj (.text:ti_sysbios_family_arm_m3_Hwi_dispatch__I)
                  2000961c    000000cc     ti.targets.arm.rtsarm.aem4 : Core-smem.oem4 (.text:xdc_runtime_Core_constructObject__I)
                  200096e8    000000c8     sysbios.aem4 : BIOS.obj (.text:ti_sysbios_knl_Task_schedule__I)
                  200097b0    000000c4                  : BIOS.obj (.text:ti_sysbios_family_arm_m3_Hwi_Module_startup__E)
                  20009874    000000bc                  : BIOS.obj (.text:ti_sysbios_knl_Task_startCore__E)
                  20009930    000000b4                  : BIOS.obj (.text:ti_sysbios_family_arm_m3_Hwi_excHardFault__I)
                  200099e4    000000b4                  : BIOS.obj (.text:ti_sysbios_gates_GateMutex_enter__E)
                  20009a98    000000b4                  : BIOS.obj (.text:ti_sysbios_knl_Task_checkStacks__E)
                  20009b4c    000000b0                  : BIOS.obj (.text:ti_sysbios_family_arm_m3_Hwi_excDebugMon__I)
                  20009bfc    000000b0                  : BIOS.obj (.text:ti_sysbios_utils_Load_idleFxn__E)
                  20009cac    000000a8                  : BIOS.obj (.text:ti_sysbios_knl_Swi_post__E)
                  20009d54    000000a8                  : BIOS.obj (.text:ti_sysbios_knl_Task_blockI__E)
                  20009dfc    000000a8                  : BIOS.obj (.text:ti_sysbios_utils_Load_updateLoads__E)
                  20009ea4    000000a0     auto_init.aem4 : auto_init.oem4 (.text)
                  20009f44    0000009c     rtsv7M4_T_le_eabi.lib : memcpy_t2.obj (.text)
                  20009fe0    0000009c     sysbios.aem4 : BIOS.obj (.text:ti_sysbios_family_arm_m3_Hwi_Instance_init__E)
                  2000a07c    0000009c                  : BIOS.obj (.text:ti_sysbios_knl_Semaphore_Instance_init__E)
                  2000a118    0000009a     ti.targets.arm.rtsarm.aem4 : Text.oem4 (.text:xdc_runtime_Text_putSite__E)
                  2000a1b2    00000002     empty_pem4.oem4 (.text:ti_uia_loggers_LoggerStopMode_setFilterLevel__E)
                  2000a1b4    00000098     sysbios.aem4 : BIOS.obj (.text:ti_sysbios_knl_Task_exit__E)
                  2000a24c    00000094     driverlib.a : prcm.obj (.text:PRCMPeripheralClockGet)
                  2000a2e0    00000094     sysbios.aem4 : BIOS.obj (.text:ti_sysbios_knl_Task_unblockI__E)
                  2000a374    00000094     ti.targets.arm.rtsarm.aem4 : Text.oem4 (.text:xdc_runtime_Text_putMod__E)
                  2000a408    00000090     ti.uia.loggers.aem4 : LoggerStopMode.oem4 (.text:ti_uia_loggers_LoggerStopMode_initQueueDescriptor__E)
                  2000a498    00000088     driverlib.a : pin.obj (.text:PinConfigSet)
                  2000a520    00000088     rtsv7M4_T_le_eabi.lib : vsnprintf.obj (.text)
                  2000a5a8    00000086                           : fd_cmp_t2.obj (.text:__aeabi_cdcmple)
                  2000a62e    00000086                           : fd_cmp_t2.obj (.text:__aeabi_cdrcmple)
                  2000a6b4    00000084     sysbios.aem4 : BIOS.obj (.text:ti_sysbios_family_arm_m3_Hwi_initNVIC__E)
                  2000a738    0000007c                  : BIOS.obj (.text:ti_sysbios_utils_Load_logLoads__I)
                  2000a7b4    0000007a     rtsv7M4_T_le_eabi.lib : memset_t2.obj (.text)
                  2000a82e    00000002     ti.uia.loggers.aem4 : LoggerStopMode.oem4 (.text:ti_uia_loggers_LoggerStopMode_setPriority__E)
                  2000a830    00000078     sysbios.aem4 : BIOS.obj (.text:ti_sysbios_family_arm_m3_Timer_Module_startup__E)
                  2000a8a8    00000076     driverlib.a : uart.obj (.text:UARTConfigSetExpClk)
                  2000a91e    00000002     empty_pem4.oem4 (.text:xdc_runtime_Startup_reset__I)
                  2000a920    00000070     sysbios.aem4 : BIOS.obj (.text:ti_sysbios_family_arm_m3_Hwi_postInit__I)
                  2000a990    00000070     ti.uia.runtime.aem4 : QueueDescriptor.oem4 (.text:ti_uia_runtime_QueueDescriptor_addToList__E)
                  2000aa00    00000070     ti.targets.arm.rtsarm.aem4 : Memory.oem4 (.text:xdc_runtime_Memory_alloc__E)
                  2000aa70    0000006c     sysbios.aem4 : BIOS.obj (.text:ti_sysbios_utils_Load_updateThreadContexts__E)
                  2000aadc    0000006c     ti.targets.arm.rtsarm.aem4 : Error.oem4 (.text:xdc_runtime_Error_print__E)
                  2000ab48    0000006a     ti.uia.loggers.aem4 : LoggerStopMode.oem4 (.text:ti_uia_loggers_LoggerStopMode_flush__E)
                  2000abb2    00000066     ti.targets.arm.rtsarm.aem4 : Core-mem.oem4 (.text:xdc_runtime_Core_deleteObject__I)
                  2000ac18    00000064     sysbios.aem4 : BIOS.obj (.text:ti_sysbios_utils_Load_logCPULoad__I)
                  2000ac7c    00000060     rtsv7M4_T_le_eabi.lib : trgmsg.obj (.text)
                  2000acdc    00000060     sysbios.aem4 : BIOS.obj (.text:ti_sysbios_family_arm_m3_TimestampProvider_get64__E)
                  2000ad3c    00000060                  : BIOS.obj (.text:ti_sysbios_knl_Clock_logTick__E)
                  2000ad9c    00000060     ti.targets.arm.rtsarm.aem4 : System.oem4 (.text:xdc_runtime_System_formatNum__I)
                  2000adfc    0000005e     rtsv7M4_T_le_eabi.lib : copy_decompress_rle.obj (.text)
                  2000ae5a    00000002     --HOLE-- [fill = 0]
                  2000ae5c    0000005c     sysbios.aem4 : BIOS.obj (.text:ti_sysbios_family_arm_m3_Timer_setPeriod__E)
                  2000aeb8    0000005b     ti.targets.arm.rtsarm.aem4 : Text.oem4 (.text:xdc_runtime_Text_putLab__E)
                  2000af13    00000001     --HOLE-- [fill = 0]
                  2000af14    0000005a     rtsv7M4_T_le_eabi.lib : ltoa.obj (.text)
                  2000af6e    00000002     --HOLE-- [fill = 0]
                  2000af70    00000058     driverlib.a : prcm.obj (.text:PRCMPeripheralReset)
                  2000afc8    00000058     empty_pem4.oem4 (.text:ti_sysbios_family_arm_m3_Hwi_construct)
                  2000b020    00000058     sysbios.aem4 : BIOS.obj (.text:ti_sysbios_knl_Swi_restoreHwi__E)
                  2000b078    00000058                  : BIOS.obj (.text:ti_sysbios_knl_Swi_schedule__I)
                  2000b0d0    00000054                  : BIOS.obj (.text:ti_sysbios_family_arm_m3_Timer_start__E)
                  2000b124    00000054                  : BIOS.obj (.text:ti_sysbios_family_arm_m3_TimestampProvider_get32__E)
                  2000b178    00000050                  : BIOS.obj (.text:ti_sysbios_utils_Load_updateCurrentThreadTime__E)
                  2000b1c8    00000050     ti.targets.arm.rtsarm.aem4 : Startup.oem4 (.text:xdc_runtime_Startup_exec__E)
                  2000b218    00000050                                : Text.oem4 (.text:xdc_runtime_Text_visitRope2__I)
                  2000b268    0000004c     rtsv7M4_T_le_eabi.lib : atoi.obj (.text)
                  2000b2b4    0000004c     sysbios.aem4 : m3_TaskSupport_asm.obj (.text:ti_sysbios_family_arm_m3_TaskSupport_buildTaskStack)
                  2000b300    0000004c                  : BIOS.obj (.text:ti_sysbios_knl_Swi_runLoop__I)
                  2000b34c    0000004c     ti.uia.loggers.aem4 : LoggerStopMode.oem4 (.text:ti_uia_loggers_LoggerStopMode_Module_startup__E)
                  2000b398    00000048     rtsv7M4_T_le_eabi.lib : fd_toi_t2.obj (.text)
                  2000b3e0    00000048     sysbios.aem4 : BIOS.obj (.text:ti_sysbios_family_arm_m3_Hwi_excReserved__I)
                  2000b428    00000048                  : m3_Hwi_asm_switch.obj (.text:ti_sysbios_family_arm_m3_Hwi_initStacks__E)
                  2000b470    00000048                  : BIOS.obj (.text:ti_sysbios_heaps_HeapMem_getStats__E)
                  2000b4b8    00000048     ti.uia.loggers.aem4 : LoggerStopMode.oem4 (.text:ti_uia_loggers_LoggerStopMode_initBuffer__I)
                  2000b500    00000048     ti.targets.arm.rtsarm.aem4 : Assert.oem4 (.text:xdc_runtime_Assert_raise__I)
                  2000b548    00000046                                : Core-params.oem4 (.text:xdc_runtime_Core_assignParams__I)
                  2000b58e    00000002     --HOLE-- [fill = 0]
                  2000b590    00000044     boot.aem4 : boot.oem4 (.text)
                  2000b5d4    00000044     empty_rom_pin_mux_config.obj (.text)
                  2000b618    00000044     rtsv7M4_T_le_eabi.lib : cpy_tbl.obj (.text)
                  2000b65c    00000044                           : exit.obj (.text)
                  2000b6a0    00000044                           : xdtest.obj (.text)
                  2000b6e4    00000044     sysbios.aem4 : BIOS.obj (.text:ti_sysbios_family_arm_m3_Hwi_disableInterrupt__E)
                  2000b728    00000044                  : BIOS.obj (.text:ti_sysbios_family_arm_m3_Hwi_enableInterrupt__E)
                  2000b76c    00000044                  : BIOS.obj (.text:ti_sysbios_knl_Task_allBlockedFunction__I)
                  2000b7b0    00000044     ti.targets.arm.rtsarm.aem4 : Error.oem4 (.text:xdc_runtime_Error_setX__E)
                  2000b7f4    00000044                                : SysMin.oem4 (.text:xdc_runtime_SysMin_flush__E)
                  2000b838    00000042     rtsv7M4_T_le_eabi.lib : u_divt2.obj (.text)
                  2000b87a    00000002     --HOLE-- [fill = 0]
                  2000b87c    00000040     driverlib.a : pin.obj (.text:PinModeSet)
                  2000b8bc    0000003e     empty_pem4.oem4 (.text:realloc)
                  2000b8fa    00000002     --HOLE-- [fill = 0]
                  2000b8fc    0000003c     driverlib.a : prcm.obj (.text:PRCMPeripheralClkEnable)
                  2000b938    0000003c     sysbios.aem4 : BIOS.obj (.text:ti_sysbios_family_arm_m3_Hwi_excSvCall__I)
                  2000b974    0000003c                  : BIOS.obj (.text:ti_sysbios_heaps_HeapMem_init__I)
                  2000b9b0    0000003c                  : BIOS.obj (.text:ti_sysbios_knl_Swi_startup__E)
                  2000b9ec    0000003c     ti.targets.arm.rtsarm.aem4 : Text.oem4 (.text:xdc_runtime_Text_xprintf__I)
                  2000ba28    00000038     sysbios.aem4 : BIOS.obj (.text:ti_sysbios_family_arm_m3_Hwi_excNoIsr__I)
                  2000ba60    00000038                  : BIOS.obj (.text:ti_sysbios_family_arm_m3_Hwi_getStackInfo__E)
                  2000ba98    00000038                  : BIOS.obj (.text:ti_sysbios_family_arm_m3_TaskSupport_start__E)
                  2000bad0    00000038                  : BIOS.obj (.text:ti_sysbios_knl_Task_processVitalTaskFlag__I)
                  2000bb08    00000038     ti.targets.arm.rtsarm.aem4 : SysMin.oem4 (.text:xdc_runtime_SysMin_putch__E)
                  2000bb40    00000038                                : System.oem4 (.text:xdc_runtime_System_atexit__E)
                  2000bb78    00000036     driverlib.a : gpio.obj (.text:GPIODirModeSet)
                  2000bbae    00000002     --HOLE-- [fill = 0]
                  2000bbb0    00000034     sysbios.aem4 : BIOS.obj (.text:ti_sysbios_family_arm_m3_Hwi_excNmi__I)
                  2000bbe4    00000034                  : BIOS.obj (.text:ti_sysbios_family_arm_m3_Timer_periodicStub__I)
                  2000bc18    00000034                  : BIOS.obj (.text:ti_sysbios_hal_Hwi_checkStack)
                  2000bc4c    00000034     ti.uia.loggers.aem4 : LoggerStopMode.oem4 (.text:ti_uia_loggers_LoggerStopMode_reset__E)
                  2000bc80    00000034     ti.targets.arm.rtsarm.aem4 : Core-label.oem4 (.text:xdc_runtime_Core_assignLabel__I)
                  2000bcb4    00000033                                : Text.oem4 (.text:xdc_runtime_Text_printVisFxn__I)
                  2000bce7    00000001     --HOLE-- [fill = 0]
                  2000bce8    00000032     sysbios.aem4 : BIOS.obj (.text:ti_sysbios_knl_Semaphore_pendTimeout__I)
                  2000bd1a    00000030     driverlib.a : pin.obj (.text:PinTypeGPIO)
                  2000bd4a    00000002     --HOLE-- [fill = 0]
                  2000bd4c    00000030                 : uart.obj (.text:UARTDisable)
                  2000bd7c    00000030     empty_pem4.oem4 (.text:ti_sysbios_BIOS_atExitFunc__I)
                  2000bdac    00000030     empty_pem4.oem4 (.text:ti_sysbios_gates_GateHwi_Object__create__S)
                  2000bddc    00000030     empty_pem4.oem4 (.text:ti_sysbios_gates_GateMutex_Object__create__S)
                  2000be0c    00000030     empty_pem4.oem4 (.text:ti_sysbios_heaps_HeapMem_Object__create__S)
                  2000be3c    00000030     empty_pem4.oem4 (.text:ti_sysbios_knl_Semaphore_construct)
                  2000be6c    00000030     empty_pem4.oem4 (.text:ti_uia_loggers_LoggerStopMode_Object__create__S)
                  2000be9c    00000030     ti.targets.arm.rtsarm.aem4 : SysMin.oem4 (.text:xdc_runtime_SysMin_abort__E)
                  2000becc    00000030                                : System.oem4 (.text:xdc_runtime_System_processAtExit__E)
                  2000befc    0000002e     empty_pem4.oem4 (.text:malloc)
                  2000bf2a    0000002e     rtsv7M4_T_le_eabi.lib : i_tofd_t2.obj (.text)
                  2000bf58    0000002c     sysbios.aem4 : BIOS.obj (.text:ti_sysbios_family_arm_m3_Hwi_Instance_finalize__E)
                  2000bf84    0000002c                  : BIOS.obj (.text:ti_sysbios_hal_Hwi_initStack)
                  2000bfb0    0000002c     empty_pem4.oem4 (.text:ti_sysbios_knl_Clock_doTick__I)
                  2000bfdc    0000002c     empty_pem4.oem4 (.text:ti_sysbios_knl_Queue_construct)
                  2000c008    0000002c     sysbios.aem4 : BIOS.obj (.text:ti_sysbios_knl_Task_restore__E)
                  2000c034    0000002c     ti.targets.arm.rtsarm.aem4 : Text.oem4 (.text:xdc_runtime_Text_cordText__E)
                  2000c060    0000002a                                : System.oem4 (.text:xdc_runtime_System_putchar__I)
                  2000c08a    00000026                                : System.oem4 (.text:xdc_runtime_System_avprintf__E)
                  2000c0b0    00000024     gpio_ccware.aem4 : GPIO.oem4 (.text:GPIO_init)
                  2000c0d4    00000024     driverlib.a : uart.obj (.text:UARTEnable)
                  2000c0f8    00000024     rtsv7M4_T_le_eabi.lib : memmov.obj (.text)
                  2000c11c    00000024     empty_pem4.oem4 (.text:ti_sysbios_BIOS_errorRaiseHook__I)
                  2000c140    00000024     empty_pem4.oem4 (.text:ti_sysbios_BIOS_registerRTSLock__I)
                  2000c164    00000024     empty_pem4.oem4 (.text:ti_sysbios_BIOS_removeRTSLock__I)
                  2000c188    00000024     empty_pem4.oem4 (.text:ti_sysbios_BIOS_startFunc__I)
                  2000c1ac    00000024     sysbios.aem4 : BIOS.obj (.text:ti_sysbios_family_arm_m3_Hwi_doTaskRestore__I)
                  2000c1d0    00000024                  : BIOS.obj (.text:ti_sysbios_family_arm_m3_Timer_startup__E)
                  2000c1f4    00000024     empty_pem4.oem4 (.text:ti_sysbios_gates_GateMutex_Object__delete__S)
                  2000c218    00000024     sysbios.aem4 : BIOS.obj (.text:ti_sysbios_knl_Clock_Module_startup__E)
                  2000c23c    00000024                  : BIOS.obj (.text:ti_sysbios_knl_Swi_Module_startup__E)
                  2000c260    00000024     ti.targets.arm.rtsarm.aem4 : System.oem4 (.text:xdc_runtime_System_vprintf__E)
                  2000c284    00000022     empty_pem4.oem4 (.text:xdc_runtime_SysMin_output__I)
                  2000c2a6    00000020     driverlib.a : gpio.obj (.text:GPIOPinWrite)
                  2000c2c6    00000002     --HOLE-- [fill = 0]
                  2000c2c8    00000020     sysbios.aem4 : m3_Hwi_asm.obj (.text:ti_sysbios_family_arm_m3_Hwi_excHandlerAsm__I)
                  2000c2e8    00000020                  : BIOS.obj (.text:ti_sysbios_family_arm_m3_Hwi_excHandler__I)
                  2000c308    00000020                  : BIOS.obj (.text:ti_sysbios_family_arm_m3_TimestampProvider_Module_startup__E)
                  2000c328    00000020     empty_pem4.oem4 (.text:ti_sysbios_gates_GateHwi_Object__delete__S)
                  2000c348    00000020     empty_pem4.oem4 (.text:ti_sysbios_heaps_HeapMem_Object__delete__S)
                  2000c368    00000020     sysbios.aem4 : BIOS.obj (.text:ti_sysbios_knl_Idle_run__E)
                  2000c388    00000020     empty_pem4.oem4 (.text:ti_sysbios_knl_Semaphore_Object__destruct__S)
                  2000c3a8    00000020     sysbios.aem4 : BIOS.obj (.text:ti_sysbios_knl_Task_enter__I)
                  2000c3c8    00000020     empty_pem4.oem4 (.text:ti_uia_loggers_LoggerStopMode_Object__delete__S)
                  2000c3e8    00000020     ti.targets.arm.rtsarm.aem4 : Registry.oem4 (.text:xdc_runtime_Registry_findById__E)
                  2000c408    00000020                                : SysMin.oem4 (.text:xdc_runtime_SysMin_Module_startup__E)
                  2000c428    0000001e     driverlib.a : uart.obj (.text:UARTCharPut)
                  2000c446    0000001e     sysbios.aem4 : m3_Hwi_asm_switch.obj (.text:ti_sysbios_family_xxx_Hwi_switchAndRunFunc)
                  2000c464    0000001c     rtsv7M4_T_le_eabi.lib : memccpy.obj (.text)
                  2000c480    0000001c     empty_pem4.oem4 (.text:ti_sysbios_BIOS_rtsLock__I)
                  2000c49c    0000001c     sysbios.aem4 : BIOS.obj (.text:ti_sysbios_gates_GateMutex_Instance_init__E)
                  2000c4b8    0000001c     empty_pem4.oem4 (.text:ti_sysbios_knl_Queue_Object__destruct__S)
                  2000c4d4    0000001c     ti.targets.arm.rtsarm.aem4 : Error.oem4 (.text:xdc_runtime_Error_raiseX__E)
                  2000c4f0    0000001c                                : Memory.oem4 (.text:xdc_runtime_Memory_valloc__E)
                  2000c50c    0000001c                                : SysMin.oem4 (.text:xdc_runtime_SysMin_exit__E)
                  2000c528    0000001c                                : System.oem4 (.text:xdc_runtime_System_abort__E)
                  2000c544    0000001a     empty_pem4.oem4 (.text:ti_sysbios_family_arm_m3_Hwi_Handle__label__S)
                  2000c55e    0000001a     sysbios.aem4 : m3_Hwi_asm.obj (.text:ti_sysbios_family_arm_m3_Hwi_pendSV__I)
                  2000c578    0000001a     empty_pem4.oem4 (.text:ti_sysbios_gates_GateHwi_Handle__label__S)
                  2000c592    0000001a     empty_pem4.oem4 (.text:ti_sysbios_gates_GateMutex_Handle__label__S)
                  2000c5ac    0000001a     empty_pem4.oem4 (.text:ti_sysbios_heaps_HeapMem_Handle__label__S)
                  2000c5c6    0000001a     empty_pem4.oem4 (.text:ti_sysbios_knl_Swi_Handle__label__S)
                  2000c5e0    0000001a     empty_pem4.oem4 (.text:ti_sysbios_knl_Task_Handle__label__S)
                  2000c5fa    0000001a     sysbios.aem4 : BIOS.obj (.text:ti_sysbios_knl_Task_sleepTimeout__I)
                  2000c614    0000001a     empty_pem4.oem4 (.text:ti_uia_loggers_LoggerStopMode_Handle__label__S)
                  2000c62e    0000001a     ti.uia.loggers.aem4 : LoggerStopMode.oem4 (.text:ti_uia_loggers_LoggerStopMode_Instance_init__E)
                  2000c648    0000001a     empty_pem4.oem4 (.text:xdc_runtime_System_aprintf__E)
                  2000c662    0000001a     empty_pem4.oem4 (.text:xdc_runtime_System_printf__E)
                  2000c67c    00000018     driverlib.a : gpio.obj (.text:GPIOPinRead)
                  2000c694    00000018     empty_pem4.oem4 (.text:free)
                  2000c6ac    00000018     rtsv7M4_T_le_eabi.lib : args_main.obj (.text)
                  2000c6c4    00000018                           : ll_mul_t2.obj (.text)
                  2000c6dc    00000018     empty_pem4.oem4 (.text:ti_sysbios_BIOS_rtsUnlock__I)
                  2000c6f4    00000018     empty_pem4.oem4 (.text:ti_sysbios_family_arm_m3_Hwi_Module__startupDone__F)
                  2000c70c    00000018     empty_pem4.oem4 (.text:ti_sysbios_family_arm_m3_Timer_Module__startupDone__F)
                  2000c724    00000018     sysbios.aem4 : BIOS.obj (.text:ti_sysbios_gates_GateMutex_leave__E)
                  2000c73c    00000018     ti.targets.arm.rtsarm.aem4 : Error.oem4 (.text:xdc_runtime_Error_check__E)
                  2000c754    00000018                                : System.oem4 (.text:xdc_runtime_System_exit__E)
                  2000c76c    00000018                                : Text.oem4 (.text:xdc_runtime_Text_ropeText__E)
                  2000c784    00000016     driverlib.a : uart.obj (.text:UARTCharGet)
                  2000c79a    00000016     empty_pem4.oem4 (.text:ti_sysbios_BIOS_exitFunc__I)
                  2000c7b0    00000016     ti.uia.loggers.aem4 : LoggerStopMode.oem4 (.text:ti_uia_loggers_LoggerStopMode_disable__E)
                  2000c7c6    00000016                         : LoggerStopMode.oem4 (.text:ti_uia_loggers_LoggerStopMode_enable__E)
                  2000c7dc    00000014     rtsv7M4_T_le_eabi.lib : _lock.obj (.text)
                  2000c7f0    00000014                           : strlen.obj (.text)
                  2000c804    00000014     empty_pem4.oem4 (.text:ti_sysbios_family_arm_m3_Hwi_Object__get__S)
                  2000c818    00000014     sysbios.aem4 : BIOS.obj (.text:ti_sysbios_family_arm_m3_Hwi_switchFromBootStack__E)
                  2000c82c    00000014     empty_pem4.oem4 (.text:ti_sysbios_heaps_HeapMem_Object__get__S)
                  2000c840    00000014     empty_pem4.oem4 (.text:ti_sysbios_knl_Swi_Object__get__S)
                  2000c854    00000014     driverlib.a : udma.obj (.text:uDMAControlBaseSet)
                  2000c868    00000012     rtsv7M4_T_le_eabi.lib : copy_zero_init.obj (.text:decompress:ZI)
                  2000c87a    00000012     sysbios.aem4 : BIOS.obj (.text:ti_sysbios_hal_Hwi_Module_startup__E)
                  2000c88c    00000012     empty_pem4.oem4 (.text:xdc_runtime_Startup_exec__I)
                  2000c89e    00000010     rtsv7M4_T_le_eabi.lib : strcpy.obj (.text)
                  2000c8ae    00000002     --HOLE-- [fill = 0]
                  2000c8b0    00000010     sysbios.aem4 : BIOS.obj (.text:ti_sysbios_BIOS_getCpuFreq__E)
                  2000c8c0    00000010                  : BIOS.obj (.text:ti_sysbios_BIOS_setThreadType__E)
                  2000c8d0    00000010                  : BIOS.obj (.text:ti_sysbios_BIOS_start__E)
                  2000c8e0    00000010                  : m3_TaskSupport_asm.obj (.text:ti_sysbios_family_arm_m3_TaskSupport_glue)
                  2000c8f0    00000010                  : m3_TaskSupport_asm.obj (.text:ti_sysbios_family_arm_m3_TaskSupport_swap__E)
                  2000c900    00000010                  : BIOS.obj (.text:ti_sysbios_gates_GateMutex_Instance_finalize__E)
                  2000c910    00000010                  : BIOS.obj (.text:ti_sysbios_knl_Semaphore_Instance_finalize__E)
                  2000c920    00000010                  : BIOS.obj (.text:ti_sysbios_knl_Swi_disable__E)
                  2000c930    00000010     empty_pem4.oem4 (.text:ti_sysbios_knl_Task_Object__get__S)
                  2000c940    00000010     sysbios.aem4 : BIOS.obj (.text:ti_sysbios_knl_Task_disable__E)
                  2000c950    00000010     empty_pem4.oem4 (.text:ti_uia_loggers_LoggerStopMode_Object__get__S)
                  2000c960    00000010     ti.uia.loggers.aem4 : LoggerStopMode.oem4 (.text:ti_uia_loggers_LoggerStopMode_isEmpty__E)
                  2000c970    00000010     ti.targets.arm.rtsarm.aem4 : Gate.oem4 (.text:xdc_runtime_Gate_leaveSystem__E)
                  2000c980    00000010                                : Memory.oem4 (.text:xdc_runtime_Memory_free__E)
                  2000c990    00000010                                : SysMin.oem4 (.text:xdc_runtime_SysMin_ready__E)
                  2000c9a0    00000010                                : System.oem4 (.text:xdc_runtime_System_vsnprintf__E)
                  2000c9b0    00000010     empty_pem4.oem4 (.text:xdc_runtime_Text_visitRope__I)
                  2000c9c0    0000000e     rtsv7M4_T_le_eabi.lib : copy_decompress_none.obj (.text:decompress:none)
                  2000c9ce    0000000e                           : xdclass.obj (.text)
                  2000c9dc    0000000e     sysbios.aem4 : BIOS.obj (.text:ti_sysbios_knl_Queue_empty__E)
                  2000c9ea    00000002     --HOLE-- [fill = 0]
                  2000c9ec    0000000c     empty_pem4.oem4 (.text:ti_sysbios_family_arm_m3_Hwi_Params__init__S)
                  2000c9f8    0000000c     sysbios.aem4 : BIOS.obj (.text:ti_sysbios_family_arm_m3_Hwi_disableFxn__E)
                  2000ca04    0000000c                  : BIOS.obj (.text:ti_sysbios_family_arm_m3_TaskSupport_checkStack__E)
                  2000ca10    0000000c                  : BIOS.obj (.text:ti_sysbios_gates_GateHwi_enter__E)
                  2000ca1c    0000000c     empty_pem4.oem4 (.text:ti_sysbios_knl_Queue_Object__get__S)
                  2000ca28    0000000c     driverlib.a : udma.obj (.text:uDMAEnable)
                  2000ca34    0000000c                 : udma.obj (.text:uDMAErrorStatusClear)
                  2000ca40    0000000c                 : udma.obj (.text:uDMAErrorStatusGet)
                  2000ca4c    0000000c     ti.targets.arm.rtsarm.aem4 : Error.oem4 (.text:xdc_runtime_Error_init__E)
                  2000ca58    0000000c                                : Gate.oem4 (.text:xdc_runtime_Gate_enterSystem__E)
                  2000ca64    0000000c                                : Memory.oem4 (.text:xdc_runtime_Memory_calloc__E)
                  2000ca70    0000000c                                : Memory.oem4 (.text:xdc_runtime_Memory_getMaxDefaultTypeAlign__E)
                  2000ca7c    0000000a     empty_pem4.oem4 (.text:xdc_runtime_IHeap_alloc)
                  2000ca86    0000000a     empty_pem4.oem4 (.text:xdc_runtime_IHeap_free)
                  2000ca90    00000008     sysbios.aem4 : BIOS.obj (.text:ti_sysbios_family_arm_m3_Hwi_doSwiRestore__I)
                  2000ca98    00000008                  : BIOS.obj (.text:ti_sysbios_family_arm_m3_Hwi_startup__E)
                  2000caa0    00000008                  : BIOS.obj (.text:ti_sysbios_knl_Idle_loop__E)
                  2000caa8    00000006     ti.targets.arm.rtsarm.aem4 : xdc_noinit.oem4 (.text:__xdc__init)
                  2000caae    00000006     rtsv7M4_T_le_eabi.lib : copy_decompress_rle.obj (.text:decompress:rle24)
                  2000cab4    00000006     sysbios.aem4 : BIOS.obj (.text:ti_sysbios_family_arm_m3_Hwi_restoreFxn__E)
                  2000caba    00000006                  : BIOS.obj (.text:ti_sysbios_gates_GateHwi_leave__E)
                  2000cac0    00000006                  : BIOS.obj (.text:ti_sysbios_heaps_HeapMem_isBlocking__E)
                  2000cac6    00000006                  : BIOS.obj (.text:ti_sysbios_knl_Queue_Instance_init__E)
                  2000cacc    00000006     ti.targets.arm.rtsarm.aem4 : System.oem4 (.text:xdc_runtime_System_Module_startup__E)
                  2000cad2    00000004     empty_pem4.oem4 (.text:ti_sysbios_BIOS_RtsGateProxy_enter__E)
                  2000cad6    00000004     empty_pem4.oem4 (.text:ti_sysbios_BIOS_RtsGateProxy_leave__E)
                  2000cada    00000004     empty_pem4.oem4 (.text:ti_sysbios_family_arm_m3_TaskSupport_Module__startupDone__S)
                  2000cade    00000004     sysbios.aem4 : BIOS.obj (.text:ti_sysbios_family_arm_m3_Timer_getMaxTicks__E)
                  2000cae2    00000004                  : BIOS.obj (.text:ti_sysbios_gates_GateHwi_query__E)
                  2000cae6    00000004                  : BIOS.obj (.text:ti_sysbios_gates_GateMutex_query__E)
                  2000caea    00000004     empty_pem4.oem4 (.text:ti_sysbios_hal_Hwi_HwiProxy_Module__startupDone__S)
                  2000caee    00000004     empty_pem4.oem4 (.text:ti_sysbios_heaps_HeapMem_Module_GateProxy_enter__E)
                  2000caf2    00000004     empty_pem4.oem4 (.text:ti_sysbios_heaps_HeapMem_Module_GateProxy_leave__E)
                  2000caf6    00000004     empty_pem4.oem4 (.text:ti_sysbios_knl_Clock_TimerProxy_Module__startupDone__S)
                  2000cafa    00000004     empty_pem4.oem4 (.text:ti_sysbios_knl_Clock_TimerProxy_getMaxTicks__E)
                  2000cafe    00000004     empty_pem4.oem4 (.text:ti_sysbios_knl_Queue_destruct)
                  2000cb02    00000004     empty_pem4.oem4 (.text:ti_sysbios_knl_Semaphore_destruct)
                  2000cb06    00000004     empty_pem4.oem4 (.text:ti_sysbios_knl_Task_SupportProxy_Module__startupDone__S)
                  2000cb0a    00000004     sysbios.aem4 : BIOS.obj (.text:ti_sysbios_knl_Task_startup__E)
                  2000cb0e    00000004     ti.uia.loggers.aem4 : LoggerStopMode.oem4 (.text:ti_uia_loggers_LoggerStopMode_getContents__E)
                  2000cb12    00000004     empty_pem4.oem4 (.text:ti_uia_loggers_LoggerStopMode_getFilterLevel__E)
                  2000cb16    00000004     ti.uia.loggers.aem4 : LoggerStopMode.oem4 (.text:ti_uia_loggers_LoggerStopMode_getInstanceId__E)
                  2000cb1a    00000004                         : LoggerStopMode.oem4 (.text:ti_uia_loggers_LoggerStopMode_getMaxLength__E)
                  2000cb1e    00000004                         : LoggerStopMode.oem4 (.text:ti_uia_loggers_LoggerStopMode_getPriority__E)
                  2000cb22    00000004                         : LoggerStopMode.oem4 (.text:ti_uia_loggers_LoggerStopMode_getTransferType__E)
                  2000cb26    00000004     ti.targets.arm.rtsarm.aem4 : Error.oem4 (.text:xdc_runtime_Error_getSite__E)
                  2000cb2a    00000004     empty_pem4.oem4 (.text:xdc_runtime_Memory_HeapProxy_alloc__E)
                  2000cb2e    00000004     empty_pem4.oem4 (.text:xdc_runtime_Memory_HeapProxy_free__E)
                  2000cb32    00000004     empty_pem4.oem4 (.text:xdc_runtime_System_Module_GateProxy_enter__E)
                  2000cb36    00000004     empty_pem4.oem4 (.text:xdc_runtime_System_Module_GateProxy_leave__E)
                  2000cb3a    00000004     ti.targets.arm.rtsarm.aem4 : System.oem4 (.text:xdc_runtime_System_aprintf_va__F)
                  2000cb3e    00000004                                : System.oem4 (.text:xdc_runtime_System_printf_va__F)

.bss       0    2000cc00    00003030     UNINITIALIZED
                  2000cc00    00001000     empty_pem4.oem4 (.bss:ti_sysbios_heaps_HeapMem_Instance_State_0_buf__A)
                  2000dc00    00000a00     empty_pem4.oem4 (.bss:taskStackSection)
                  2000e600    00000400     empty_pem4.oem4 (.bss:ti_uia_loggers_LoggerStopMode_Instance_State_1_packetArray__A)
                  2000ea00    00000400     empty_pem4.oem4 (.bss:ti_uia_loggers_LoggerStopMode_Instance_State_2_packetArray__A)
                  2000ee00    00000400     empty_pem4.oem4 (.bss:xdc_runtime_SysMin_Module_State_0_outbuf__A)
                  2000f200    0000030c     empty_pem4.oem4 (.bss:ti_sysbios_family_arm_m3_Hwi_dispatchTable)
                  2000f50c    00000024     network.obj (.bss:g_ucConnectionSSID)
                  2000f530    0000001c     (.common:hwiStruct)
                  2000f54c    00000008     (.common:g_ucConnectionBSSID)
                  2000f554    00000008     (.common:parmbuf)
                  2000f55c    00000004     (.common:__Errorlog)
                  2000f560    00000020     --HOLE--
                  2000f580    00000200     empty_pem4.oem4 (.bss:ti_uia_loggers_LoggerStopMode_Instance_State_0_packetArray__A)
                  2000f780    00000030     empty_pem4.oem4 (.bss:ti_uia_loggers_LoggerStopMode_Instance_State_0_hdr__A)
                  2000f7b0    00000050     --HOLE--
                  2000f800    00000200     CC3200_LP.obj (.bss:CC3200_LP_DMAControlTable)
                  2000fa00    00000120     rtsv7M4_T_le_eabi.lib : trgmsg.obj (.bss:__CIOBUF_)
                  2000fb20    00000060     --HOLE--
                  2000fb80    00000030     empty_pem4.oem4 (.bss:ti_uia_loggers_LoggerStopMode_Instance_State_1_hdr__A)
                  2000fbb0    00000050     --HOLE--
                  2000fc00    00000030     empty_pem4.oem4 (.bss:ti_uia_loggers_LoggerStopMode_Instance_State_2_hdr__A)

.const     0    2000fc30    00002804     
                  2000fc30    00001d72     empty_pem4.oem4 (.const:xdc_runtime_Text_charTab__A)
                  200119a2    00000102     rtsv7M4_T_le_eabi.lib : ctype.obj (.const:.string:_ctypes_)
                  20011aa4    00000100     driverlib.a : pin.obj (.const:g_ulPinToPadMap)
                  20011ba4    000000e4     empty_pem4.oem4 (.const:xdc_runtime_Text_nodeTab__A)
                  20011c88    000000a8     driverlib.a : prcm.obj (.const:PRCM_PeriphRegsList)
                  20011d30    00000060     empty_pem4.oem4 (.const:ti_uia_loggers_LoggerStopMode_Module__FXNS__C)
                  20011d90    00000048     empty_pem4.oem4 (.const:.string)
                  20011dd8    0000003c     CC3200_LP.obj (.const:gpioHWAttrs)
                  20011e14    00000035     network.obj (.const:.string)
                  20011e49    00000001     empty_pem4.oem4 (.const:xdc_runtime_Error_policy__C)
                  20011e4a    00000002     empty_pem4.oem4 (.const:ti_sysbios_family_arm_m3_Hwi_Module__id__C)
                  20011e4c    00000030     empty_pem4.oem4 (.const:ti_sysbios_family_arm_m3_Hwi_Object__PARAMS__C)
                  20011e7c    0000002c     network.obj (.const:$P$T1$2)
                  20011ea8    00000028     empty_pem4.oem4 (.const:ti_sysbios_heaps_HeapMem_Module__FXNS__C)
                  20011ed0    00000028     empty_pem4.oem4 (.const:ti_uia_loggers_LoggerStopMode_Object__PARAMS__C)
                  20011ef8    00000028     empty_pem4.oem4 (.const:xdc_runtime_Startup_sfxnTab__A)
                  20011f20    00000024     empty_pem4.oem4 (.const:ti_sysbios_gates_GateHwi_Module__FXNS__C)
                  20011f44    00000024     empty_pem4.oem4 (.const:ti_sysbios_gates_GateMutex_Module__FXNS__C)
                  20011f68    00000024     empty_pem4.oem4 (.const:ti_sysbios_heaps_HeapMem_Object__PARAMS__C)
                  20011f8c    00000024     empty_pem4.oem4 (.const:ti_sysbios_knl_Semaphore_Object__PARAMS__C)
                  20011fb0    00000022     network.obj (.const:.string:$P$T0$1)
                  20011fd2    00000002     empty_pem4.oem4 (.const:ti_sysbios_family_arm_m3_Hwi_Module__loggerDefined__C)
                  20011fd4    00000020     network.obj (.const)
                  20011ff4    00000020     empty_pem4.oem4 (.const:ti_sysbios_family_arm_m3_Hwi_Object__DESC__C)
                  20012014    00000020     empty_pem4.oem4 (.const:ti_sysbios_gates_GateHwi_Object__DESC__C)
                  20012034    00000020     empty_pem4.oem4 (.const:ti_sysbios_gates_GateMutex_Object__DESC__C)
                  20012054    00000020     empty_pem4.oem4 (.const:ti_sysbios_heaps_HeapMem_Object__DESC__C)
                  20012074    00000020     empty_pem4.oem4 (.const:ti_sysbios_knl_Queue_Object__DESC__C)
                  20012094    00000020     empty_pem4.oem4 (.const:ti_sysbios_knl_Semaphore_Object__DESC__C)
                  200120b4    00000020     empty_pem4.oem4 (.const:ti_uia_loggers_LoggerStopMode_Object__DESC__C)
                  200120d4    00000018     CC3200_LP.obj (.const)
                  200120ec    00000018     empty_pem4.oem4 (.const:ti_sysbios_gates_GateHwi_Object__PARAMS__C)
                  20012104    00000018     empty_pem4.oem4 (.const:ti_sysbios_gates_GateMutex_Object__PARAMS__C)
                  2001211c    00000018     empty_pem4.oem4 (.const:ti_sysbios_knl_Queue_Object__PARAMS__C)
                  20012134    00000014     empty_pem4.oem4 (.const:xdc_runtime_Startup_sfxnRts__A)
                  20012148    00000011     ti.targets.arm.rtsarm.aem4 : System.oem4 (.const:.string)
                  20012159    00000001     --HOLE-- [fill = 0]
                  2001215a    00000002     empty_pem4.oem4 (.const:ti_sysbios_family_arm_m3_Timer_Module__id__C)
                  2001215c    0000000c     empty_pem4.oem4 (.const:xdc_runtime_Startup_firstFxns__A)
                  20012168    00000008     empty_pem4.oem4 (.const:ti_sysbios_family_arm_m3_Hwi_excHookFuncs__A)
                  20012170    00000008     empty_pem4.oem4 (.const:ti_sysbios_knl_Idle_funcList__A)
                  20012178    00000008     empty_pem4.oem4 (.const:ti_sysbios_knl_Idle_funcList__C)
                  20012180    00000008     empty_pem4.oem4 (.const:xdc_runtime_Startup_firstFxns__C)
                  20012188    00000008     empty_pem4.oem4 (.const:xdc_runtime_Startup_lastFxns__C)
                  20012190    00000004     empty_pem4.oem4 (.const:ti_sysbios_family_arm_m3_Hwi_E_NMI__C)
                  20012194    00000004     empty_pem4.oem4 (.const:ti_sysbios_family_arm_m3_Hwi_E_alreadyDefined__C)
                  20012198    00000004     empty_pem4.oem4 (.const:ti_sysbios_family_arm_m3_Hwi_E_busFault__C)
                  2001219c    00000004     empty_pem4.oem4 (.const:ti_sysbios_family_arm_m3_Hwi_E_debugMon__C)
                  200121a0    00000004     empty_pem4.oem4 (.const:ti_sysbios_family_arm_m3_Hwi_E_hardFault__C)
                  200121a4    00000004     empty_pem4.oem4 (.const:ti_sysbios_family_arm_m3_Hwi_E_memFault__C)
                  200121a8    00000004     empty_pem4.oem4 (.const:ti_sysbios_family_arm_m3_Hwi_E_noIsr__C)
                  200121ac    00000004     empty_pem4.oem4 (.const:ti_sysbios_family_arm_m3_Hwi_E_reserved__C)
                  200121b0    00000004     empty_pem4.oem4 (.const:ti_sysbios_family_arm_m3_Hwi_E_svCall__C)
                  200121b4    00000004     empty_pem4.oem4 (.const:ti_sysbios_family_arm_m3_Hwi_E_usageFault__C)
                  200121b8    00000004     empty_pem4.oem4 (.const:ti_sysbios_family_arm_m3_Hwi_LD_end__C)
                  200121bc    00000004     empty_pem4.oem4 (.const:ti_sysbios_family_arm_m3_Hwi_LM_begin__C)
                  200121c0    00000004     empty_pem4.oem4 (.const:ti_sysbios_family_arm_m3_Hwi_Module__diagsEnabled__C)
                  200121c4    00000004     empty_pem4.oem4 (.const:ti_sysbios_family_arm_m3_Hwi_Module__diagsIncluded__C)
                  200121c8    00000004     empty_pem4.oem4 (.const:ti_sysbios_family_arm_m3_Hwi_Module__diagsMask__C)
                  200121cc    00000004     empty_pem4.oem4 (.const:ti_sysbios_family_arm_m3_Hwi_Module__loggerFxn1__C)
                  200121d0    00000004     empty_pem4.oem4 (.const:ti_sysbios_family_arm_m3_Hwi_Module__loggerFxn8__C)
                  200121d4    00000004     empty_pem4.oem4 (.const:ti_sysbios_family_arm_m3_Hwi_Module__loggerObj__C)
                  200121d8    00000004     empty_pem4.oem4 (.const:ti_sysbios_family_arm_m3_Hwi_NUM_INTERRUPTS__C)
                  200121dc    00000004     empty_pem4.oem4 (.const:ti_sysbios_family_arm_m3_Hwi_Object__count__C)
                  200121e0    00000004     empty_pem4.oem4 (.const:ti_sysbios_family_arm_m3_Hwi_ccr__C)
                  200121e4    00000004     empty_pem4.oem4 (.const:ti_sysbios_family_arm_m3_Hwi_excHandlerFunc__C)
                  200121e8    00000004     empty_pem4.oem4 (.const:ti_sysbios_family_arm_m3_Hwi_excHookFuncs__C)
                  200121ec    00000004     empty_pem4.oem4 (.const:ti_sysbios_family_arm_m3_Hwi_nullIsrFunc__C)
                  200121f0    00000004     empty_pem4.oem4 (.const:ti_sysbios_family_arm_m3_Hwi_priGroup__C)
                  200121f4    00000004     empty_pem4.oem4 (.const:ti_sysbios_family_arm_m3_Timer_E_cannotSupport__C)
                  200121f8    00000004     empty_pem4.oem4 (.const:ti_sysbios_family_arm_m3_Timer_startupNeeded__C)
                  200121fc    00000004     empty_pem4.oem4 (.const:ti_sysbios_gates_GateMutex_A_badContext__C)
                  20012200    00000004     empty_pem4.oem4 (.const:ti_sysbios_gates_GateMutex_Instance_State_sem__O)
                  20012204    00000004     empty_pem4.oem4 (.const:ti_sysbios_gates_GateMutex_Module__diagsEnabled__C)
                  20012208    00000004     empty_pem4.oem4 (.const:ti_sysbios_gates_GateMutex_Module__diagsIncluded__C)
                  2001220c    00000004     empty_pem4.oem4 (.const:ti_sysbios_gates_GateMutex_Module__diagsMask__C)
                  20012210    00000004     empty_pem4.oem4 (.const:ti_sysbios_hal_Hwi_E_stackOverflow__C)
                  20012214    00000004     empty_pem4.oem4 (.const:ti_sysbios_heaps_HeapMem_A_align__C)
                  20012218    00000004     empty_pem4.oem4 (.const:ti_sysbios_heaps_HeapMem_A_heapSize__C)
                  2001221c    00000004     empty_pem4.oem4 (.const:ti_sysbios_heaps_HeapMem_A_invalidFree__C)
                  20012220    00000004     empty_pem4.oem4 (.const:ti_sysbios_heaps_HeapMem_A_zeroBlock__C)
                  20012224    00000004     empty_pem4.oem4 (.const:ti_sysbios_heaps_HeapMem_E_memory__C)
                  20012228    00000004     empty_pem4.oem4 (.const:ti_sysbios_heaps_HeapMem_Module__diagsEnabled__C)
                  2001222c    00000004     empty_pem4.oem4 (.const:ti_sysbios_heaps_HeapMem_Module__diagsIncluded__C)
                  20012230    00000004     empty_pem4.oem4 (.const:ti_sysbios_heaps_HeapMem_Module__diagsMask__C)
                  20012234    00000004     empty_pem4.oem4 (.const:ti_sysbios_heaps_HeapMem_Module__gateObj__C)
                  20012238    00000004     empty_pem4.oem4 (.const:ti_sysbios_heaps_HeapMem_Object__count__C)
                  2001223c    00000004     empty_pem4.oem4 (.const:ti_sysbios_heaps_HeapMem_reqAlign__C)
                  20012240    00000004     empty_pem4.oem4 (.const:ti_sysbios_knl_Clock_LM_begin__C)
                  20012244    00000004     empty_pem4.oem4 (.const:ti_sysbios_knl_Clock_LM_tick__C)
                  20012248    00000004     empty_pem4.oem4 (.const:ti_sysbios_knl_Clock_LW_delayed__C)
                  2001224c    00000004     empty_pem4.oem4 (.const:ti_sysbios_knl_Clock_Module_State_clockQ__O)
                  20012250    00000004     empty_pem4.oem4 (.const:ti_sysbios_knl_Clock_Module__diagsEnabled__C)
                  20012254    00000004     empty_pem4.oem4 (.const:ti_sysbios_knl_Clock_Module__diagsIncluded__C)
                  20012258    00000004     empty_pem4.oem4 (.const:ti_sysbios_knl_Clock_Module__diagsMask__C)
                  2001225c    00000004     empty_pem4.oem4 (.const:ti_sysbios_knl_Clock_Module__loggerFxn1__C)
                  20012260    00000004     empty_pem4.oem4 (.const:ti_sysbios_knl_Clock_Module__loggerFxn2__C)
                  20012264    00000004     empty_pem4.oem4 (.const:ti_sysbios_knl_Clock_Module__loggerObj__C)
                  20012268    00000004     empty_pem4.oem4 (.const:ti_sysbios_knl_Semaphore_A_badContext__C)
                  2001226c    00000004     empty_pem4.oem4 (.const:ti_sysbios_knl_Semaphore_A_noEvents__C)
                  20012270    00000004     empty_pem4.oem4 (.const:ti_sysbios_knl_Semaphore_A_overflow__C)
                  20012274    00000004     empty_pem4.oem4 (.const:ti_sysbios_knl_Semaphore_A_pendTaskDisabled__C)
                  20012278    00000004     empty_pem4.oem4 (.const:ti_sysbios_knl_Semaphore_Instance_State_pendQ__O)
                  2001227c    00000004     empty_pem4.oem4 (.const:ti_sysbios_knl_Semaphore_LM_pend__C)
                  20012280    00000004     empty_pem4.oem4 (.const:ti_sysbios_knl_Semaphore_LM_post__C)
                  20012284    00000004     empty_pem4.oem4 (.const:ti_sysbios_knl_Semaphore_Module__diagsEnabled__C)
                  20012288    00000004     empty_pem4.oem4 (.const:ti_sysbios_knl_Semaphore_Module__diagsIncluded__C)
                  2001228c    00000004     empty_pem4.oem4 (.const:ti_sysbios_knl_Semaphore_Module__diagsMask__C)
                  20012290    00000004     empty_pem4.oem4 (.const:ti_sysbios_knl_Semaphore_Module__loggerFxn2__C)
                  20012294    00000004     empty_pem4.oem4 (.const:ti_sysbios_knl_Semaphore_Module__loggerFxn4__C)
                  20012298    00000004     empty_pem4.oem4 (.const:ti_sysbios_knl_Semaphore_Module__loggerObj__C)
                  2001229c    00000004     empty_pem4.oem4 (.const:ti_sysbios_knl_Swi_LD_end__C)
                  200122a0    00000004     empty_pem4.oem4 (.const:ti_sysbios_knl_Swi_LM_begin__C)
                  200122a4    00000004     empty_pem4.oem4 (.const:ti_sysbios_knl_Swi_LM_post__C)
                  200122a8    00000004     empty_pem4.oem4 (.const:ti_sysbios_knl_Swi_Module__diagsEnabled__C)
                  200122ac    00000004     empty_pem4.oem4 (.const:ti_sysbios_knl_Swi_Module__diagsIncluded__C)
                  200122b0    00000004     empty_pem4.oem4 (.const:ti_sysbios_knl_Swi_Module__diagsMask__C)
                  200122b4    00000004     empty_pem4.oem4 (.const:ti_sysbios_knl_Swi_Module__loggerFxn1__C)
                  200122b8    00000004     empty_pem4.oem4 (.const:ti_sysbios_knl_Swi_Module__loggerFxn4__C)
                  200122bc    00000004     empty_pem4.oem4 (.const:ti_sysbios_knl_Swi_Module__loggerObj__C)
                  200122c0    00000004     empty_pem4.oem4 (.const:ti_sysbios_knl_Swi_Object__count__C)
                  200122c4    00000004     empty_pem4.oem4 (.const:ti_sysbios_knl_Task_A_badTimeout__C)
                  200122c8    00000004     empty_pem4.oem4 (.const:ti_sysbios_knl_Task_A_sleepTaskDisabled__C)
                  200122cc    00000004     empty_pem4.oem4 (.const:ti_sysbios_knl_Task_E_spOutOfBounds__C)
                  200122d0    00000004     empty_pem4.oem4 (.const:ti_sysbios_knl_Task_E_stackOverflow__C)
                  200122d4    00000004     empty_pem4.oem4 (.const:ti_sysbios_knl_Task_LD_block__C)
                  200122d8    00000004     empty_pem4.oem4 (.const:ti_sysbios_knl_Task_LD_exit__C)
                  200122dc    00000004     empty_pem4.oem4 (.const:ti_sysbios_knl_Task_LD_ready__C)
                  200122e0    00000004     empty_pem4.oem4 (.const:ti_sysbios_knl_Task_LM_sleep__C)
                  200122e4    00000004     empty_pem4.oem4 (.const:ti_sysbios_knl_Task_LM_switch__C)
                  200122e8    00000004     empty_pem4.oem4 (.const:ti_sysbios_knl_Task_Module_State_inactiveQ__O)
                  200122ec    00000004     empty_pem4.oem4 (.const:ti_sysbios_knl_Task_Module__diagsEnabled__C)
                  200122f0    00000004     empty_pem4.oem4 (.const:ti_sysbios_knl_Task_Module__diagsIncluded__C)
                  200122f4    00000004     empty_pem4.oem4 (.const:ti_sysbios_knl_Task_Module__diagsMask__C)
                  200122f8    00000004     empty_pem4.oem4 (.const:ti_sysbios_knl_Task_Module__loggerFxn2__C)
                  200122fc    00000004     empty_pem4.oem4 (.const:ti_sysbios_knl_Task_Module__loggerFxn4__C)
                  20012300    00000004     empty_pem4.oem4 (.const:ti_sysbios_knl_Task_Module__loggerObj__C)
                  20012304    00000004     empty_pem4.oem4 (.const:ti_sysbios_knl_Task_Object__count__C)
                  20012308    00000004     empty_pem4.oem4 (.const:ti_sysbios_knl_Task_allBlockedFunc__C)
                  2001230c    00000004     empty_pem4.oem4 (.const:ti_sysbios_knl_Task_numConstructedTasks__C)
                  20012310    00000004     empty_pem4.oem4 (.const:ti_sysbios_utils_Load_LS_cpuLoad__C)
                  20012314    00000004     empty_pem4.oem4 (.const:ti_sysbios_utils_Load_LS_hwiLoad__C)
                  20012318    00000004     empty_pem4.oem4 (.const:ti_sysbios_utils_Load_Module__diagsEnabled__C)
                  2001231c    00000004     empty_pem4.oem4 (.const:ti_sysbios_utils_Load_Module__diagsIncluded__C)
                  20012320    00000004     empty_pem4.oem4 (.const:ti_sysbios_utils_Load_Module__diagsMask__C)
                  20012324    00000004     empty_pem4.oem4 (.const:ti_sysbios_utils_Load_Module__loggerFxn1__C)
                  20012328    00000004     empty_pem4.oem4 (.const:ti_sysbios_utils_Load_Module__loggerFxn2__C)
                  2001232c    00000004     empty_pem4.oem4 (.const:ti_sysbios_utils_Load_Module__loggerObj__C)
                  20012330    00000004     empty_pem4.oem4 (.const:ti_sysbios_utils_Load_postUpdate__C)
                  20012334    00000004     empty_pem4.oem4 (.const:ti_sysbios_utils_Load_windowInMs__C)
                  20012338    00000004     empty_pem4.oem4 (.const:ti_uia_loggers_LoggerStopMode_Module__diagsEnabled__C)
                  2001233c    00000004     empty_pem4.oem4 (.const:ti_uia_loggers_LoggerStopMode_Module__diagsIncluded__C)
                  20012340    00000004     empty_pem4.oem4 (.const:ti_uia_loggers_LoggerStopMode_Module__diagsMask__C)
                  20012344    00000004     empty_pem4.oem4 (.const:ti_uia_loggers_LoggerStopMode_Object__count__C)
                  20012348    00000004     empty_pem4.oem4 (.const:ti_uia_runtime_ILoggerSnapshot_Interface__BASE__C)
                  2001234c    00000004     empty_pem4.oem4 (.const:ti_uia_runtime_IUIATransfer_Interface__BASE__C)
                  20012350    00000004     empty_pem4.oem4 (.const:xdc_runtime_Assert_E_assertFailed__C)
                  20012354    00000004     empty_pem4.oem4 (.const:xdc_runtime_Core_A_initializedParams__C)
                  20012358    00000004     empty_pem4.oem4 (.const:xdc_runtime_Core_Module__diagsEnabled__C)
                  2001235c    00000004     empty_pem4.oem4 (.const:xdc_runtime_Core_Module__diagsIncluded__C)
                  20012360    00000004     empty_pem4.oem4 (.const:xdc_runtime_Core_Module__diagsMask__C)
                  20012364    00000004     empty_pem4.oem4 (.const:xdc_runtime_Error_E_memory__C)
                  20012368    00000004     empty_pem4.oem4 (.const:xdc_runtime_Error_Module__diagsEnabled__C)
                  2001236c    00000004     empty_pem4.oem4 (.const:xdc_runtime_Error_Module__diagsIncluded__C)
                  20012370    00000004     empty_pem4.oem4 (.const:xdc_runtime_Error_Module__diagsMask__C)
                  20012374    00000004     empty_pem4.oem4 (.const:xdc_runtime_Error_Module__loggerFxn8__C)
                  20012378    00000004     empty_pem4.oem4 (.const:xdc_runtime_Error_Module__loggerObj__C)
                  2001237c    00000004     empty_pem4.oem4 (.const:xdc_runtime_Error_policyFxn__C)
                  20012380    00000004     empty_pem4.oem4 (.const:xdc_runtime_Error_raiseHook__C)
                  20012384    00000004     empty_pem4.oem4 (.const:xdc_runtime_IFilterLogger_Interface__BASE__C)
                  20012388    00000004     empty_pem4.oem4 (.const:xdc_runtime_IGateProvider_Interface__BASE__C)
                  2001238c    00000004     empty_pem4.oem4 (.const:xdc_runtime_IHeap_Interface__BASE__C)
                  20012390    00000004     empty_pem4.oem4 (.const:xdc_runtime_ILogger_Interface__BASE__C)
                  20012394    00000004     empty_pem4.oem4 (.const:xdc_runtime_IModule_Interface__BASE__C)
                  20012398    00000004     empty_pem4.oem4 (.const:xdc_runtime_Log_L_error__C)
                  2001239c    00000004     empty_pem4.oem4 (.const:xdc_runtime_Main_Module__diagsEnabled__C)
                  200123a0    00000004     empty_pem4.oem4 (.const:xdc_runtime_Main_Module__diagsIncluded__C)
                  200123a4    00000004     empty_pem4.oem4 (.const:xdc_runtime_Main_Module__diagsMask__C)
                  200123a8    00000004     empty_pem4.oem4 (.const:xdc_runtime_Main_Module__loggerFxn4__C)
                  200123ac    00000004     empty_pem4.oem4 (.const:xdc_runtime_Main_Module__loggerObj__C)
                  200123b0    00000004     empty_pem4.oem4 (.const:xdc_runtime_Memory_defaultHeapInstance__C)
                  200123b4    00000004     empty_pem4.oem4 (.const:xdc_runtime_Startup_execImpl__C)
                  200123b8    00000004     empty_pem4.oem4 (.const:xdc_runtime_Startup_maxPasses__C)
                  200123bc    00000004     empty_pem4.oem4 (.const:xdc_runtime_Startup_sfxnRts__C)
                  200123c0    00000004     empty_pem4.oem4 (.const:xdc_runtime_Startup_sfxnTab__C)
                  200123c4    00000004     empty_pem4.oem4 (.const:xdc_runtime_SysMin_bufSize__C)
                  200123c8    00000004     empty_pem4.oem4 (.const:xdc_runtime_SysMin_outputFunc__C)
                  200123cc    00000004     empty_pem4.oem4 (.const:xdc_runtime_System_Module__gateObj__C)
                  200123d0    00000004     empty_pem4.oem4 (.const:xdc_runtime_System_abortFxn__C)
                  200123d4    00000004     empty_pem4.oem4 (.const:xdc_runtime_System_exitFxn__C)
                  200123d8    00000004     empty_pem4.oem4 (.const:xdc_runtime_System_extendFxn__C)
                  200123dc    00000004     empty_pem4.oem4 (.const:xdc_runtime_System_maxAtexitHandlers__C)
                  200123e0    00000004     empty_pem4.oem4 (.const:xdc_runtime_Text_charTab__C)
                  200123e4    00000004     empty_pem4.oem4 (.const:xdc_runtime_Text_nameEmpty__C)
                  200123e8    00000004     empty_pem4.oem4 (.const:xdc_runtime_Text_nameStatic__C)
                  200123ec    00000004     empty_pem4.oem4 (.const:xdc_runtime_Text_nameUnknown__C)
                  200123f0    00000004     empty_pem4.oem4 (.const:xdc_runtime_Text_nodeTab__C)
                  200123f4    00000004     empty_pem4.oem4 (.const:xdc_runtime_Text_visitRopeFxn__C)
                  200123f8    00000002     empty_pem4.oem4 (.const:ti_sysbios_family_arm_m3_TimestampProvider_configTimer__C)
                  200123fa    00000002     empty_pem4.oem4 (.const:ti_sysbios_gates_GateMutex_Module__id__C)
                  200123fc    00000002     empty_pem4.oem4 (.const:ti_sysbios_hal_Hwi_Module__id__C)
                  200123fe    00000002     empty_pem4.oem4 (.const:ti_sysbios_heaps_HeapMem_Module__id__C)
                  20012400    00000002     empty_pem4.oem4 (.const:ti_sysbios_knl_Clock_Module__id__C)
                  20012402    00000002     empty_pem4.oem4 (.const:ti_sysbios_knl_Clock_Module__loggerDefined__C)
                  20012404    00000002     empty_pem4.oem4 (.const:ti_sysbios_knl_Semaphore_Module__id__C)
                  20012406    00000002     empty_pem4.oem4 (.const:ti_sysbios_knl_Semaphore_Module__loggerDefined__C)
                  20012408    00000002     empty_pem4.oem4 (.const:ti_sysbios_knl_Swi_Module__id__C)
                  2001240a    00000002     empty_pem4.oem4 (.const:ti_sysbios_knl_Swi_Module__loggerDefined__C)
                  2001240c    00000002     empty_pem4.oem4 (.const:ti_sysbios_knl_Task_Module__id__C)
                  2001240e    00000002     empty_pem4.oem4 (.const:ti_sysbios_knl_Task_Module__loggerDefined__C)
                  20012410    00000002     empty_pem4.oem4 (.const:ti_sysbios_knl_Task_initStackFlag__C)
                  20012412    00000002     empty_pem4.oem4 (.const:ti_sysbios_utils_Load_Module__id__C)
                  20012414    00000002     empty_pem4.oem4 (.const:ti_sysbios_utils_Load_Module__loggerDefined__C)
                  20012416    00000002     empty_pem4.oem4 (.const:ti_sysbios_utils_Load_hwiEnabled__C)
                  20012418    00000002     empty_pem4.oem4 (.const:ti_sysbios_utils_Load_updateInIdle__C)
                  2001241a    00000002     empty_pem4.oem4 (.const:ti_uia_loggers_LoggerStopMode_Module__id__C)
                  2001241c    00000002     empty_pem4.oem4 (.const:ti_uia_loggers_LoggerStopMode_isTimestampEnabled__C)
                  2001241e    00000002     empty_pem4.oem4 (.const:xdc_runtime_Core_Module__id__C)
                  20012420    00000002     empty_pem4.oem4 (.const:xdc_runtime_Error_Module__loggerDefined__C)
                  20012422    00000002     empty_pem4.oem4 (.const:xdc_runtime_Error_maxDepth__C)
                  20012424    00000002     empty_pem4.oem4 (.const:xdc_runtime_Main_Module__id__C)
                  20012426    00000002     empty_pem4.oem4 (.const:xdc_runtime_Main_Module__loggerDefined__C)
                  20012428    00000002     empty_pem4.oem4 (.const:xdc_runtime_Memory_Module__id__C)
                  2001242a    00000002     empty_pem4.oem4 (.const:xdc_runtime_SysMin_flushAtExit__C)
                  2001242c    00000002     empty_pem4.oem4 (.const:xdc_runtime_Text_charCnt__C)
                  2001242e    00000002     empty_pem4.oem4 (.const:xdc_runtime_Text_isLoaded__C)
                  20012430    00000002     empty_pem4.oem4 (.const:xdc_runtime_Text_registryModsLastId__C)
                  20012432    00000002     empty_pem4.oem4 (.const:xdc_runtime_Text_unnamedModsLastId__C)

.stack     0    20012434    00001000     UNINITIALIZED
                  20012434    00001000     --HOLE--

.data      0    20013434    000005d5     UNINITIALIZED
                  20013434    00000174     empty_pem4.oem4 (.data)
                  200135a8    0000009c     empty_pem4.oem4 (.data:ti_uia_loggers_LoggerStopMode_Object__table__V)
                  20013644    00000098     empty_pem4.oem4 (.data:ti_sysbios_knl_Task_Object__table__V)
                  200136dc    00000098     empty_pem4.oem4 (.data:ti_sysbios_utils_Load_Module__state__V)
                  20013774    00000080     empty_pem4.oem4 (.data:ti_sysbios_knl_Swi_Module_State_0_readyQ__A)
                  200137f4    00000080     empty_pem4.oem4 (.data:ti_sysbios_knl_Task_Module_State_0_readyQ__A)
                  20013874    00000044     empty_pem4.oem4 (.data:ti_sysbios_knl_Task_Module__state__V)
                  200138b8    00000038     empty_pem4.oem4 (.data:ti_sysbios_gates_GateMutex_Object__table__V)
                  200138f0    00000034     empty_pem4.oem4 (.data:ti_sysbios_family_arm_m3_Hwi_Module__state__V)
                  20013924    00000030     empty_pem4.oem4 (.data:ti_sysbios_family_arm_m3_Timer_Object__table__V)
                  20013954    00000030     empty_pem4.oem4 (.data:ti_sysbios_knl_Swi_Object__table__V)
                  20013984    0000002c     empty_pem4.oem4 (.data:ti_sysbios_knl_Clock_Module__state__V)
                  200139b0    00000024     empty_pem4.oem4 (.data:ti_sysbios_BIOS_Module__state__V)
                  200139d4    00000010     network.obj (.data)
                  200139e4    00000008     gpio_ccware.aem4 : GPIO.oem4 (.data)
                  200139ec    00000008     rtsv7M4_T_le_eabi.lib : _lock.obj (.data)
                  200139f4    00000008                           : exit.obj (.data)
                  200139fc    00000008     ti.uia.runtime.aem4 : QueueDescriptor.oem4 (.data)
                  20013a04    00000004     rtsv7M4_T_le_eabi.lib : stkdepth_vars.obj (.data)
                  20013a08    00000001     CC3200_LP.obj (.data)

.cinit     0    20013a10    000003f0     
                  20013a10    000003c7     (.cinit..data.load) [load image, compression = rle]
                  20013dd7    00000001     --HOLE-- [fill = 0]
                  20013dd8    0000000c     (__TI_handler_table)
                  20013de4    00000004     --HOLE-- [fill = 0]
                  20013de8    00000008     (.cinit..bss.load) [load image, compression = zero_init]
                  20013df0    00000010     (__TI_cinit_table)


LINKER GENERATED COPY TABLES

__TI_cinit_table @ 20013df0 records: 2, size/record: 8, table size: 16
	.data: load addr=20013a10, load size=000003c7 bytes, run addr=20013434, run size=000005d5 bytes, compression=rle
	.bss: load addr=20013de8, load size=00000008 bytes, run addr=2000cc00, run size=00003030 bytes, compression=zero_init


LINKER GENERATED HANDLER TABLE

__TI_handler_table @ 20013dd8 records: 3, size/record: 4, table size: 12
	index: 0, handler: __TI_decompress_rle24
	index: 1, handler: __TI_decompress_none
	index: 2, handler: __TI_zero_init


GLOBAL SYMBOLS: SORTED ALPHABETICALLY BY Name 

address    name
--------   ----
2000b65d   C$$EXIT
2000aca7   C$$IO$$
200092c3   CC3200_LP_initDMA
20009323   CC3200_LP_initGPIO
2000931b   CC3200_LP_initGeneral
20006af9   ClearTerm
20005aa9   CreateConnection
20006b03   Error
2000bb79   GPIODirModeSet
2000c67d   GPIOPinRead
2000c2a7   GPIOPinWrite
200120d4   GPIO_config
2000c0b1   GPIO_init
20008eb5   GPIO_toggle
2000937d   GPIO_write
20006b3b   GetCmd
20006a71   HOSTclock
20006a39   HOSTclose
200069fb   HOSTgetenv
2000699f   HOSTlseek
2000694d   HOSTopen
20006901   HOSTread
200068a3   HOSTrename
20006869   HOSTtime
20006831   HOSTunlink
200067e5   HOSTwrite
20006ab9   InitTerm
20006ad7   Message
2000b8fd   PRCMPeripheralClkEnable
2000a24d   PRCMPeripheralClockGet
2000af71   PRCMPeripheralReset
2000a499   PinConfigSet
2000b87d   PinModeSet
2000b5d5   PinMuxConfig
2000bd1b   PinTypeGPIO
20006c65   Report
UNDEFED    SHT$$INIT_ARRAY$$Base
UNDEFED    SHT$$INIT_ARRAY$$Limit
20005c29   Setup_Connection
20005395   SimpleLinkGeneralEventHandler
2000536d   SimpleLinkHttpServerCallback
200052d7   SimpleLinkNetAppEventHandler
200053ab   SimpleLinkSockEventHandler
200051cd   SimpleLinkWlanEventHandler
20013690   TSK_idle
20006bcd   TrimSpace
2000c785   UARTCharGet
2000c429   UARTCharPut
2000a8a9   UARTConfigSetExpClk
2000bd4d   UARTDisable
2000c0d5   UARTEnable
2000c9cf   _Dclass
2000b6a1   _Dtest
UNDEFED    _SlNonOsMainLoopTask
00000000   __ASM__
2000fa00   __CIOBUF_
0000006a   __ISA__
0000007d   __PLAT__
20013434   __STACK_END
00001000   __STACK_SIZE
20013434   __STACK_TOP
000000a4   __TARG__
20013df0   __TI_CINIT_Base
20013e00   __TI_CINIT_Limit
20013dd8   __TI_Handler_Table_Base
20013de4   __TI_Handler_Table_Limit
00000001   __TI_args_main
20009ea5   __TI_auto_init
200139f4   __TI_cleanup_ptr
2000c9c1   __TI_decompress_none
2000caaf   __TI_decompress_rle24
200139f8   __TI_dtors_ptr
20004ec3   __TI_printfi
2000acab   __TI_readmsg
20013a10   __TI_static_base__
2000ac7d   __TI_writemsg
2000c869   __TI_zero_init
000000c9   __TRDR__
2000a5a9   __aeabi_cdcmpeq
2000a5a9   __aeabi_cdcmple
2000a62f   __aeabi_cdrcmple
2000b399   __aeabi_d2iz
2000779f   __aeabi_dadd
200084f5   __aeabi_ddiv
20008cbd   __aeabi_dmul
20007795   __aeabi_dsub
2000bf2b   __aeabi_i2d
2000c6c5   __aeabi_lmul
2000a7b5   __aeabi_memclr
2000a7b5   __aeabi_memclr4
2000a7b5   __aeabi_memclr8
20009f45   __aeabi_memcpy
20009f45   __aeabi_memcpy4
20009f45   __aeabi_memcpy8
2000a7b7   __aeabi_memset
2000a7b7   __aeabi_memset4
2000a7b7   __aeabi_memset8
2000b839   __aeabi_uidiv
2000b839   __aeabi_uidivmod
200075a1   __aeabi_uldivmod
ffffffff   __binit__
ffffffff   __c_args__
20012434   __stack
2000caa9   __xdc__init
200135a4   __xdc__init__addr
2000c6ad   _args_main
2000b591   _c_int00
200119a2   _ctypes_
200139ec   _lock
2000c7eb   _nop
2000c7e3   _register_lock
2000c7dd   _register_unlock
200139f0   _unlock
2000b661   abort
2000b269   atoi
ffffffff   binit
200139e0   bytesReceived
2000b619   copy_in
2000b669   exit
2000c695   free
200139dc   g_iSockID
2000f54c   g_ucConnectionBSSID
2000f50c   g_ucConnectionSSID
200139d8   g_ulGatewayIP
200139d4   g_ulStatus
20011dd8   gpioHWAttrs
20007ed5   heartBeatFxn
20005b3d   hexToi
2000af15   ltoa
20007f0b   main
20013a04   main_func_sp
2000befd   malloc
2000c465   memccpy
20009f45   memcpy
2000c0f9   memmove
2000a7bd   memset
2000b8bd   realloc
UNDEFED    sl_Close
UNDEFED    sl_Connect
UNDEFED    sl_DevGet
UNDEFED    sl_Htonl
UNDEFED    sl_Htons
UNDEFED    sl_NetAppMDNSUnRegisterService
UNDEFED    sl_NetCfgSet
UNDEFED    sl_Socket
UNDEFED    sl_Start
UNDEFED    sl_Stop
UNDEFED    sl_WlanConnect
UNDEFED    sl_WlanDisconnect
UNDEFED    sl_WlanPolicySet
UNDEFED    sl_WlanProfileDel
UNDEFED    sl_WlanRxFilterSet
UNDEFED    sl_WlanSet
UNDEFED    sl_WlanSetMode
2000c89f   strcpy
2000c7f1   strlen
200139b0   ti_sysbios_BIOS_Module__state__V
2000cad3   ti_sysbios_BIOS_RtsGateProxy_enter__E
2000cad7   ti_sysbios_BIOS_RtsGateProxy_leave__E
2000cae7   ti_sysbios_BIOS_RtsGateProxy_query__E
2000bd7d   ti_sysbios_BIOS_atExitFunc__I
2000c11d   ti_sysbios_BIOS_errorRaiseHook__I
2000c79b   ti_sysbios_BIOS_exitFunc__I
2000c8b1   ti_sysbios_BIOS_getCpuFreq__E
2000794b   ti_sysbios_BIOS_nullFunc__I
2000c141   ti_sysbios_BIOS_registerRTSLock__I
2000c165   ti_sysbios_BIOS_removeRTSLock__I
2000c481   ti_sysbios_BIOS_rtsLock__I
2000c6dd   ti_sysbios_BIOS_rtsUnlock__I
2000c8c1   ti_sysbios_BIOS_setThreadType__E
2000c189   ti_sysbios_BIOS_startFunc__I
2000c8d1   ti_sysbios_BIOS_start__E
20012190   ti_sysbios_family_arm_m3_Hwi_E_NMI__C
20012194   ti_sysbios_family_arm_m3_Hwi_E_alreadyDefined__C
20012198   ti_sysbios_family_arm_m3_Hwi_E_busFault__C
2001219c   ti_sysbios_family_arm_m3_Hwi_E_debugMon__C
200121a0   ti_sysbios_family_arm_m3_Hwi_E_hardFault__C
200121a4   ti_sysbios_family_arm_m3_Hwi_E_memFault__C
200121a8   ti_sysbios_family_arm_m3_Hwi_E_noIsr__C
200121ac   ti_sysbios_family_arm_m3_Hwi_E_reserved__C
200121b0   ti_sysbios_family_arm_m3_Hwi_E_svCall__C
200121b4   ti_sysbios_family_arm_m3_Hwi_E_usageFault__C
2000c545   ti_sysbios_family_arm_m3_Hwi_Handle__label__S
2000bf59   ti_sysbios_family_arm_m3_Hwi_Instance_finalize__E
20009fe1   ti_sysbios_family_arm_m3_Hwi_Instance_init__E
200121b8   ti_sysbios_family_arm_m3_Hwi_LD_end__C
200121bc   ti_sysbios_family_arm_m3_Hwi_LM_begin__C
20013474   ti_sysbios_family_arm_m3_Hwi_Module_State_0_excActive__A
20013478   ti_sysbios_family_arm_m3_Hwi_Module_State_0_excContext__A
2001347c   ti_sysbios_family_arm_m3_Hwi_Module_State_0_excStack__A
200121c0   ti_sysbios_family_arm_m3_Hwi_Module__diagsEnabled__C
200121c4   ti_sysbios_family_arm_m3_Hwi_Module__diagsIncluded__C
200121c8   ti_sysbios_family_arm_m3_Hwi_Module__diagsMask__C
20011e4a   ti_sysbios_family_arm_m3_Hwi_Module__id__C
20011fd2   ti_sysbios_family_arm_m3_Hwi_Module__loggerDefined__C
200121cc   ti_sysbios_family_arm_m3_Hwi_Module__loggerFxn1__C
200121d0   ti_sysbios_family_arm_m3_Hwi_Module__loggerFxn8__C
200121d4   ti_sysbios_family_arm_m3_Hwi_Module__loggerObj__C
20013454   ti_sysbios_family_arm_m3_Hwi_Module__root__V
2000c6f5   ti_sysbios_family_arm_m3_Hwi_Module__startupDone__F
2000c6f5   ti_sysbios_family_arm_m3_Hwi_Module__startupDone__S
200138f0   ti_sysbios_family_arm_m3_Hwi_Module__state__V
200097b1   ti_sysbios_family_arm_m3_Hwi_Module_startup__E
200121d8   ti_sysbios_family_arm_m3_Hwi_NUM_INTERRUPTS__C
20011ff4   ti_sysbios_family_arm_m3_Hwi_Object__DESC__C
20011e4c   ti_sysbios_family_arm_m3_Hwi_Object__PARAMS__C
200121dc   ti_sysbios_family_arm_m3_Hwi_Object__count__C
2000c805   ti_sysbios_family_arm_m3_Hwi_Object__get__S
2001345c   ti_sysbios_family_arm_m3_Hwi_Object__table__V
2000c9ed   ti_sysbios_family_arm_m3_Hwi_Params__init__S
200121e0   ti_sysbios_family_arm_m3_Hwi_ccr__C
2000afc9   ti_sysbios_family_arm_m3_Hwi_construct
2000c9f9   ti_sysbios_family_arm_m3_Hwi_disableFxn__E
2000b6e5   ti_sysbios_family_arm_m3_Hwi_disableInterrupt__E
20008011   ti_sysbios_family_arm_m3_Hwi_dispatchC__I
2000f200   ti_sysbios_family_arm_m3_Hwi_dispatchTable
2000954d   ti_sysbios_family_arm_m3_Hwi_dispatch__I
2000ca91   ti_sysbios_family_arm_m3_Hwi_doSwiRestore__I
2000c1ad   ti_sysbios_family_arm_m3_Hwi_doTaskRestore__I
2000b729   ti_sysbios_family_arm_m3_Hwi_enableInterrupt__E
20007ad9   ti_sysbios_family_arm_m3_Hwi_excBusFault__I
20009b4d   ti_sysbios_family_arm_m3_Hwi_excDebugMon__I
20005d81   ti_sysbios_family_arm_m3_Hwi_excDumpRegs__I
2000c2c9   ti_sysbios_family_arm_m3_Hwi_excHandlerAsm__I
200121e4   ti_sysbios_family_arm_m3_Hwi_excHandlerFunc__C
200073a9   ti_sysbios_family_arm_m3_Hwi_excHandlerMax__I
2000c2e9   ti_sysbios_family_arm_m3_Hwi_excHandler__I
20009931   ti_sysbios_family_arm_m3_Hwi_excHardFault__I
20012168   ti_sysbios_family_arm_m3_Hwi_excHookFuncs__A
200121e8   ti_sysbios_family_arm_m3_Hwi_excHookFuncs__C
20007d95   ti_sysbios_family_arm_m3_Hwi_excMemFault__I
2000bbb1   ti_sysbios_family_arm_m3_Hwi_excNmi__I
2000ba29   ti_sysbios_family_arm_m3_Hwi_excNoIsr__I
2000b3e1   ti_sysbios_family_arm_m3_Hwi_excReserved__I
2000b939   ti_sysbios_family_arm_m3_Hwi_excSvCall__I
20007c41   ti_sysbios_family_arm_m3_Hwi_excUsageFault__I
2000ba61   ti_sysbios_family_arm_m3_Hwi_getStackInfo__E
2000a6b5   ti_sysbios_family_arm_m3_Hwi_initNVIC__E
2000b429   ti_sysbios_family_arm_m3_Hwi_initStacks__E
200121ec   ti_sysbios_family_arm_m3_Hwi_nullIsrFunc__C
e000e000   ti_sysbios_family_arm_m3_Hwi_nvic
2000c55f   ti_sysbios_family_arm_m3_Hwi_pendSV__I
2000a921   ti_sysbios_family_arm_m3_Hwi_postInit__I
200121f0   ti_sysbios_family_arm_m3_Hwi_priGroup__C
20004000   ti_sysbios_family_arm_m3_Hwi_resetVectors
2000cab5   ti_sysbios_family_arm_m3_Hwi_restoreFxn__E
2000c577   ti_sysbios_family_arm_m3_Hwi_return
2000ca99   ti_sysbios_family_arm_m3_Hwi_startup__E
2000c819   ti_sysbios_family_arm_m3_Hwi_switchFromBootStack__E
2000cadb   ti_sysbios_family_arm_m3_TaskSupport_Module__startupDone__S
2000b2b5   ti_sysbios_family_arm_m3_TaskSupport_buildTaskStack
2000ca05   ti_sysbios_family_arm_m3_TaskSupport_checkStack__E
2000c8e1   ti_sysbios_family_arm_m3_TaskSupport_glue
2000ba99   ti_sysbios_family_arm_m3_TaskSupport_start__E
2000c8f1   ti_sysbios_family_arm_m3_TaskSupport_swap__E
200121f4   ti_sysbios_family_arm_m3_Timer_E_cannotSupport__C
2001215a   ti_sysbios_family_arm_m3_Timer_Module__id__C
20013480   ti_sysbios_family_arm_m3_Timer_Module__root__V
2000c70d   ti_sysbios_family_arm_m3_Timer_Module__startupDone__F
2000c70d   ti_sysbios_family_arm_m3_Timer_Module__startupDone__S
20013488   ti_sysbios_family_arm_m3_Timer_Module__state__V
2000a831   ti_sysbios_family_arm_m3_Timer_Module_startup__E
20013924   ti_sysbios_family_arm_m3_Timer_Object__table__V
2000cadf   ti_sysbios_family_arm_m3_Timer_getMaxTicks__E
2000bbe5   ti_sysbios_family_arm_m3_Timer_periodicStub__I
2000ae5d   ti_sysbios_family_arm_m3_Timer_setPeriod__E
2000b0d1   ti_sysbios_family_arm_m3_Timer_start__E
200121f8   ti_sysbios_family_arm_m3_Timer_startupNeeded__C
2000c1d1   ti_sysbios_family_arm_m3_Timer_startup__E
20013494   ti_sysbios_family_arm_m3_TimestampProvider_Module__state__V
2000c309   ti_sysbios_family_arm_m3_TimestampProvider_Module_startup__E
200123f8   ti_sysbios_family_arm_m3_TimestampProvider_configTimer__C
2000b125   ti_sysbios_family_arm_m3_TimestampProvider_get32__E
2000acdd   ti_sysbios_family_arm_m3_TimestampProvider_get64__E
2000c8b1   ti_sysbios_family_arm_m3_TimestampProvider_getFreq__E
2000c447   ti_sysbios_family_xxx_Hwi_switchAndRunFunc
2000c579   ti_sysbios_gates_GateHwi_Handle__label__S
2000862b   ti_sysbios_gates_GateHwi_Instance_init__E
20011f20   ti_sysbios_gates_GateHwi_Module__FXNS__C
20013498   ti_sysbios_gates_GateHwi_Module__root__V
20012014   ti_sysbios_gates_GateHwi_Object__DESC__C
200120ec   ti_sysbios_gates_GateHwi_Object__PARAMS__C
2000bdad   ti_sysbios_gates_GateHwi_Object__create__S
2000c329   ti_sysbios_gates_GateHwi_Object__delete__S
200134a0   ti_sysbios_gates_GateHwi_Object__table__V
2000ca11   ti_sysbios_gates_GateHwi_enter__E
2000cabb   ti_sysbios_gates_GateHwi_leave__E
2000cae3   ti_sysbios_gates_GateHwi_query__E
200121fc   ti_sysbios_gates_GateMutex_A_badContext__C
2000c593   ti_sysbios_gates_GateMutex_Handle__label__S
20012200   ti_sysbios_gates_GateMutex_Instance_State_sem__O
2000c901   ti_sysbios_gates_GateMutex_Instance_finalize__E
2000c49d   ti_sysbios_gates_GateMutex_Instance_init__E
20011f44   ti_sysbios_gates_GateMutex_Module__FXNS__C
20012204   ti_sysbios_gates_GateMutex_Module__diagsEnabled__C
20012208   ti_sysbios_gates_GateMutex_Module__diagsIncluded__C
2001220c   ti_sysbios_gates_GateMutex_Module__diagsMask__C
200123fa   ti_sysbios_gates_GateMutex_Module__id__C
200134a4   ti_sysbios_gates_GateMutex_Module__root__V
20012034   ti_sysbios_gates_GateMutex_Object__DESC__C
20012104   ti_sysbios_gates_GateMutex_Object__PARAMS__C
2000bddd   ti_sysbios_gates_GateMutex_Object__create__S
2000c1f5   ti_sysbios_gates_GateMutex_Object__delete__S
200138b8   ti_sysbios_gates_GateMutex_Object__table__V
200099e5   ti_sysbios_gates_GateMutex_enter__E
2000c725   ti_sysbios_gates_GateMutex_leave__E
2000cae7   ti_sysbios_gates_GateMutex_query__E
20012210   ti_sysbios_hal_Hwi_E_stackOverflow__C
2000caeb   ti_sysbios_hal_Hwi_HwiProxy_Module__startupDone__S
2000b6e5   ti_sysbios_hal_Hwi_HwiProxy_disableInterrupt__E
2000c9f9   ti_sysbios_hal_Hwi_HwiProxy_disable__E
2000b729   ti_sysbios_hal_Hwi_HwiProxy_enableInterrupt__E
2000ba61   ti_sysbios_hal_Hwi_HwiProxy_getStackInfo__E
2000cab5   ti_sysbios_hal_Hwi_HwiProxy_restore__E
2000ca99   ti_sysbios_hal_Hwi_HwiProxy_startup__E
2000c819   ti_sysbios_hal_Hwi_HwiProxy_switchFromBootStack__E
200123fc   ti_sysbios_hal_Hwi_Module__id__C
200134ac   ti_sysbios_hal_Hwi_Module__root__V
2000c87b   ti_sysbios_hal_Hwi_Module_startup__E
2000bc19   ti_sysbios_hal_Hwi_checkStack
2000b6e5   ti_sysbios_hal_Hwi_disableInterrupt__E
2000b729   ti_sysbios_hal_Hwi_enableInterrupt__E
2000ba61   ti_sysbios_hal_Hwi_getStackInfo__E
2000bf85   ti_sysbios_hal_Hwi_initStack
2000ca99   ti_sysbios_hal_Hwi_startup__E
20012214   ti_sysbios_heaps_HeapMem_A_align__C
20012218   ti_sysbios_heaps_HeapMem_A_heapSize__C
2001221c   ti_sysbios_heaps_HeapMem_A_invalidFree__C
20012220   ti_sysbios_heaps_HeapMem_A_zeroBlock__C
20012224   ti_sysbios_heaps_HeapMem_E_memory__C
2000c5ad   ti_sysbios_heaps_HeapMem_Handle__label__S
2000cc00   ti_sysbios_heaps_HeapMem_Instance_State_0_buf__A
2000814d   ti_sysbios_heaps_HeapMem_Instance_init__E
2000caef   ti_sysbios_heaps_HeapMem_Module_GateProxy_enter__E
2000caf3   ti_sysbios_heaps_HeapMem_Module_GateProxy_leave__E
2000cae7   ti_sysbios_heaps_HeapMem_Module_GateProxy_query__E
[...]
2000c88d   xdc_runtime_Startup_exec__I
2000c89f   strcpy
2000c8b1   ti_sysbios_BIOS_getCpuFreq__E
2000c8b1   ti_sysbios_family_arm_m3_TimestampProvider_getFreq__E
2000c8b1   xdc_runtime_Timestamp_SupportProxy_getFreq__E
2000c8b1   xdc_runtime_Timestamp_getFreq__E
2000c8c1   ti_sysbios_BIOS_setThreadType__E
2000c8d1   ti_sysbios_BIOS_start__E
2000c8e1   ti_sysbios_family_arm_m3_TaskSupport_glue
2000c8f1   ti_sysbios_family_arm_m3_TaskSupport_swap__E
2000c8f1   ti_sysbios_knl_Task_SupportProxy_swap__E
2000c8f9   ti_sysbios_knl_Task_swapReturn
2000c901   ti_sysbios_gates_GateMutex_Instance_finalize__E
2000c911   ti_sysbios_knl_Semaphore_Instance_finalize__E
2000c921   ti_sysbios_knl_Swi_disable__E
2000c931   ti_sysbios_knl_Task_Object__get__S
2000c941   ti_sysbios_knl_Task_disable__E
2000c951   ti_uia_loggers_LoggerStopMode_Object__get__S
2000c961   ti_uia_loggers_LoggerStopMode_isEmpty__E
2000c971   xdc_runtime_Gate_leaveSystem__E
2000c981   xdc_runtime_Memory_free__E
2000c991   xdc_runtime_SysMin_ready__E
2000c991   xdc_runtime_System_SupportProxy_ready__E
2000c9a1   xdc_runtime_System_vsnprintf__E
2000c9b1   xdc_runtime_Text_visitRope__I
2000c9c1   __TI_decompress_none
2000c9cf   _Dclass
2000c9dd   ti_sysbios_knl_Queue_empty__E
2000c9ed   ti_sysbios_family_arm_m3_Hwi_Params__init__S
2000c9f9   ti_sysbios_family_arm_m3_Hwi_disableFxn__E
2000c9f9   ti_sysbios_hal_Hwi_HwiProxy_disable__E
2000ca05   ti_sysbios_family_arm_m3_TaskSupport_checkStack__E
2000ca05   ti_sysbios_knl_Task_SupportProxy_checkStack__E
2000ca11   ti_sysbios_gates_GateHwi_enter__E
2000ca1d   ti_sysbios_knl_Queue_Object__get__S
2000ca29   uDMAEnable
2000ca35   uDMAErrorStatusClear
2000ca41   uDMAErrorStatusGet
2000ca4d   xdc_runtime_Error_init__E
2000ca59   xdc_runtime_Gate_enterSystem__E
2000ca65   xdc_runtime_Memory_calloc__E
2000ca71   xdc_runtime_Memory_getMaxDefaultTypeAlign__E
2000ca91   ti_sysbios_family_arm_m3_Hwi_doSwiRestore__I
2000ca99   ti_sysbios_family_arm_m3_Hwi_startup__E
2000ca99   ti_sysbios_hal_Hwi_HwiProxy_startup__E
2000ca99   ti_sysbios_hal_Hwi_startup__E
2000caa1   ti_sysbios_knl_Idle_loop__E
2000caa9   __xdc__init
2000caaf   __TI_decompress_rle24
2000cab5   ti_sysbios_family_arm_m3_Hwi_restoreFxn__E
2000cab5   ti_sysbios_hal_Hwi_HwiProxy_restore__E
2000cabb   ti_sysbios_gates_GateHwi_leave__E
2000cac1   ti_sysbios_heaps_HeapMem_isBlocking__E
2000cac7   ti_sysbios_knl_Queue_Instance_init__E
2000cacd   xdc_runtime_System_Module_startup__E
2000cad3   ti_sysbios_BIOS_RtsGateProxy_enter__E
2000cad7   ti_sysbios_BIOS_RtsGateProxy_leave__E
2000cadb   ti_sysbios_family_arm_m3_TaskSupport_Module__startupDone__S
2000cadf   ti_sysbios_family_arm_m3_Timer_getMaxTicks__E
2000cae3   ti_sysbios_gates_GateHwi_query__E
2000cae3   xdc_runtime_Main_Module_GateProxy_query__E
2000cae3   xdc_runtime_System_Module_GateProxy_query__E
2000cae7   ti_sysbios_BIOS_RtsGateProxy_query__E
2000cae7   ti_sysbios_gates_GateMutex_query__E
2000cae7   ti_sysbios_heaps_HeapMem_Module_GateProxy_query__E
2000caeb   ti_sysbios_hal_Hwi_HwiProxy_Module__startupDone__S
2000caef   ti_sysbios_heaps_HeapMem_Module_GateProxy_enter__E
2000caf3   ti_sysbios_heaps_HeapMem_Module_GateProxy_leave__E
2000caf7   ti_sysbios_knl_Clock_TimerProxy_Module__startupDone__S
2000cafb   ti_sysbios_knl_Clock_TimerProxy_getMaxTicks__E
2000caff   ti_sysbios_knl_Queue_destruct
2000cb03   ti_sysbios_knl_Semaphore_destruct
2000cb07   ti_sysbios_knl_Task_SupportProxy_Module__startupDone__S
2000cb0b   ti_sysbios_knl_Task_startup__E
2000cb0f   ti_uia_loggers_LoggerStopMode_getContents__E
2000cb13   ti_uia_loggers_LoggerStopMode_getFilterLevel__E
2000cb17   ti_uia_loggers_LoggerStopMode_getInstanceId__E
2000cb1b   ti_uia_loggers_LoggerStopMode_getMaxLength__E
2000cb1f   ti_uia_loggers_LoggerStopMode_getPriority__E
2000cb23   ti_uia_loggers_LoggerStopMode_getTransferType__E
2000cb27   xdc_runtime_Error_getSite__E
2000cb2b   xdc_runtime_Memory_HeapProxy_alloc__E
2000cb2f   xdc_runtime_Memory_HeapProxy_free__E
2000cb33   xdc_runtime_System_Module_GateProxy_enter__E
2000cb37   xdc_runtime_System_Module_GateProxy_leave__E
2000cb3b   xdc_runtime_System_aprintf_va__F
2000cb3f   xdc_runtime_System_printf_va__F
2000cc00   ti_sysbios_heaps_HeapMem_Instance_State_0_buf__A
2000dc00   ti_sysbios_knl_Task_Instance_State_0_stack__A
2000de00   ti_sysbios_knl_Task_Instance_State_1_stack__A
2000e600   ti_uia_loggers_LoggerStopMode_Instance_State_1_packetArray__A
2000ea00   ti_uia_loggers_LoggerStopMode_Instance_State_2_packetArray__A
2000ee00   xdc_runtime_SysMin_Module_State_0_outbuf__A
2000f200   ti_sysbios_family_arm_m3_Hwi_dispatchTable
2000f50c   g_ucConnectionSSID
2000f54c   g_ucConnectionBSSID
2000f580   ti_uia_loggers_LoggerStopMode_Instance_State_0_packetArray__A
2000f780   ti_uia_loggers_LoggerStopMode_Instance_State_0_hdr__A
2000fa00   __CIOBUF_
2000fb80   ti_uia_loggers_LoggerStopMode_Instance_State_1_hdr__A
2000fc00   ti_uia_loggers_LoggerStopMode_Instance_State_2_hdr__A
2000fc30   xdc_runtime_Text_charTab__A
200119a2   _ctypes_
20011ba4   xdc_runtime_Text_nodeTab__A
20011d30   ti_uia_loggers_LoggerStopMode_Module__FXNS__C
20011dd8   gpioHWAttrs
20011e49   xdc_runtime_Error_policy__C
20011e4a   ti_sysbios_family_arm_m3_Hwi_Module__id__C
20011e4c   ti_sysbios_family_arm_m3_Hwi_Object__PARAMS__C
20011ea8   ti_sysbios_heaps_HeapMem_Module__FXNS__C
20011ed0   ti_uia_loggers_LoggerStopMode_Object__PARAMS__C
20011ef8   xdc_runtime_Startup_sfxnTab__A
20011f20   ti_sysbios_gates_GateHwi_Module__FXNS__C
20011f44   ti_sysbios_gates_GateMutex_Module__FXNS__C
20011f68   ti_sysbios_heaps_HeapMem_Object__PARAMS__C
20011f8c   ti_sysbios_knl_Semaphore_Object__PARAMS__C
20011fd2   ti_sysbios_family_arm_m3_Hwi_Module__loggerDefined__C
20011ff4   ti_sysbios_family_arm_m3_Hwi_Object__DESC__C
20012014   ti_sysbios_gates_GateHwi_Object__DESC__C
20012034   ti_sysbios_gates_GateMutex_Object__DESC__C
20012054   ti_sysbios_heaps_HeapMem_Object__DESC__C
20012074   ti_sysbios_knl_Queue_Object__DESC__C
20012094   ti_sysbios_knl_Semaphore_Object__DESC__C
200120b4   ti_uia_loggers_LoggerStopMode_Object__DESC__C
200120d4   GPIO_config
200120ec   ti_sysbios_gates_GateHwi_Object__PARAMS__C
20012104   ti_sysbios_gates_GateMutex_Object__PARAMS__C
2001211c   ti_sysbios_knl_Queue_Object__PARAMS__C
20012134   xdc_runtime_Startup_sfxnRts__A
2001215a   ti_sysbios_family_arm_m3_Timer_Module__id__C
2001215c   xdc_runtime_Startup_firstFxns__A
20012168   ti_sysbios_family_arm_m3_Hwi_excHookFuncs__A
20012170   ti_sysbios_knl_Idle_funcList__A
20012178   ti_sysbios_knl_Idle_funcList__C
20012180   xdc_runtime_Startup_firstFxns__C
20012188   xdc_runtime_Startup_lastFxns__C
20012190   ti_sysbios_family_arm_m3_Hwi_E_NMI__C
20012194   ti_sysbios_family_arm_m3_Hwi_E_alreadyDefined__C
20012198   ti_sysbios_family_arm_m3_Hwi_E_busFault__C
2001219c   ti_sysbios_family_arm_m3_Hwi_E_debugMon__C
200121a0   ti_sysbios_family_arm_m3_Hwi_E_hardFault__C
200121a4   ti_sysbios_family_arm_m3_Hwi_E_memFault__C
200121a8   ti_sysbios_family_arm_m3_Hwi_E_noIsr__C
200121ac   ti_sysbios_family_arm_m3_Hwi_E_reserved__C
200121b0   ti_sysbios_family_arm_m3_Hwi_E_svCall__C
200121b4   ti_sysbios_family_arm_m3_Hwi_E_usageFault__C
200121b8   ti_sysbios_family_arm_m3_Hwi_LD_end__C
200121bc   ti_sysbios_family_arm_m3_Hwi_LM_begin__C
200121c0   ti_sysbios_family_arm_m3_Hwi_Module__diagsEnabled__C
200121c4   ti_sysbios_family_arm_m3_Hwi_Module__diagsIncluded__C
200121c8   ti_sysbios_family_arm_m3_Hwi_Module__diagsMask__C
200121cc   ti_sysbios_family_arm_m3_Hwi_Module__loggerFxn1__C
200121d0   ti_sysbios_family_arm_m3_Hwi_Module__loggerFxn8__C
200121d4   ti_sysbios_family_arm_m3_Hwi_Module__loggerObj__C
200121d8   ti_sysbios_family_arm_m3_Hwi_NUM_INTERRUPTS__C
200121dc   ti_sysbios_family_arm_m3_Hwi_Object__count__C
200121e0   ti_sysbios_family_arm_m3_Hwi_ccr__C
200121e4   ti_sysbios_family_arm_m3_Hwi_excHandlerFunc__C
200121e8   ti_sysbios_family_arm_m3_Hwi_excHookFuncs__C
200121ec   ti_sysbios_family_arm_m3_Hwi_nullIsrFunc__C
200121f0   ti_sysbios_family_arm_m3_Hwi_priGroup__C
200121f4   ti_sysbios_family_arm_m3_Timer_E_cannotSupport__C
200121f8   ti_sysbios_family_arm_m3_Timer_startupNeeded__C
200121fc   ti_sysbios_gates_GateMutex_A_badContext__C
20012200   ti_sysbios_gates_GateMutex_Instance_State_sem__O
20012204   ti_sysbios_gates_GateMutex_Module__diagsEnabled__C
20012208   ti_sysbios_gates_GateMutex_Module__diagsIncluded__C
2001220c   ti_sysbios_gates_GateMutex_Module__diagsMask__C
20012210   ti_sysbios_hal_Hwi_E_stackOverflow__C
20012214   ti_sysbios_heaps_HeapMem_A_align__C
20012218   ti_sysbios_heaps_HeapMem_A_heapSize__C
2001221c   ti_sysbios_heaps_HeapMem_A_invalidFree__C
20012220   ti_sysbios_heaps_HeapMem_A_zeroBlock__C
20012224   ti_sysbios_heaps_HeapMem_E_memory__C
20012228   ti_sysbios_heaps_HeapMem_Module__diagsEnabled__C
2001222c   ti_sysbios_heaps_HeapMem_Module__diagsIncluded__C
20012230   ti_sysbios_heaps_HeapMem_Module__diagsMask__C
20012234   ti_sysbios_heaps_HeapMem_Module__gateObj__C
20012238   ti_sysbios_heaps_HeapMem_Object__count__C
2001223c   ti_sysbios_heaps_HeapMem_reqAlign__C
20012240   ti_sysbios_knl_Clock_LM_begin__C
20012244   ti_sysbios_knl_Clock_LM_tick__C
20012248   ti_sysbios_knl_Clock_LW_delayed__C
2001224c   ti_sysbios_knl_Clock_Module_State_clockQ__O
20012250   ti_sysbios_knl_Clock_Module__diagsEnabled__C
20012254   ti_sysbios_knl_Clock_Module__diagsIncluded__C
20012258   ti_sysbios_knl_Clock_Module__diagsMask__C
2001225c   ti_sysbios_knl_Clock_Module__loggerFxn1__C
20012260   ti_sysbios_knl_Clock_Module__loggerFxn2__C
20012264   ti_sysbios_knl_Clock_Module__loggerObj__C
20012268   ti_sysbios_knl_Semaphore_A_badContext__C
2001226c   ti_sysbios_knl_Semaphore_A_noEvents__C
20012270   ti_sysbios_knl_Semaphore_A_overflow__C
20012274   ti_sysbios_knl_Semaphore_A_pendTaskDisabled__C
20012278   ti_sysbios_knl_Semaphore_Instance_State_pendQ__O
2001227c   ti_sysbios_knl_Semaphore_LM_pend__C
20012280   ti_sysbios_knl_Semaphore_LM_post__C
20012284   ti_sysbios_knl_Semaphore_Module__diagsEnabled__C
20012288   ti_sysbios_knl_Semaphore_Module__diagsIncluded__C
2001228c   ti_sysbios_knl_Semaphore_Module__diagsMask__C
20012290   ti_sysbios_knl_Semaphore_Module__loggerFxn2__C
20012294   ti_sysbios_knl_Semaphore_Module__loggerFxn4__C
20012298   ti_sysbios_knl_Semaphore_Module__loggerObj__C
2001229c   ti_sysbios_knl_Swi_LD_end__C
200122a0   ti_sysbios_knl_Swi_LM_begin__C
200122a4   ti_sysbios_knl_Swi_LM_post__C
200122a8   ti_sysbios_knl_Swi_Module__diagsEnabled__C
200122ac   ti_sysbios_knl_Swi_Module__diagsIncluded__C
200122b0   ti_sysbios_knl_Swi_Module__diagsMask__C
200122b4   ti_sysbios_knl_Swi_Module__loggerFxn1__C
200122b8   ti_sysbios_knl_Swi_Module__loggerFxn4__C
200122bc   ti_sysbios_knl_Swi_Module__loggerObj__C
200122c0   ti_sysbios_knl_Swi_Object__count__C
200122c4   ti_sysbios_knl_Task_A_badTimeout__C
200122c8   ti_sysbios_knl_Task_A_sleepTaskDisabled__C
200122cc   ti_sysbios_knl_Task_E_spOutOfBounds__C
200122d0   ti_sysbios_knl_Task_E_stackOverflow__C
200122d4   ti_sysbios_knl_Task_LD_block__C
200122d8   ti_sysbios_knl_Task_LD_exit__C
200122dc   ti_sysbios_knl_Task_LD_ready__C
200122e0   ti_sysbios_knl_Task_LM_sleep__C
200122e4   ti_sysbios_knl_Task_LM_switch__C
200122e8   ti_sysbios_knl_Task_Module_State_inactiveQ__O
200122ec   ti_sysbios_knl_Task_Module__diagsEnabled__C
200122f0   ti_sysbios_knl_Task_Module__diagsIncluded__C
200122f4   ti_sysbios_knl_Task_Module__diagsMask__C
200122f8   ti_sysbios_knl_Task_Module__loggerFxn2__C
200122fc   ti_sysbios_knl_Task_Module__loggerFxn4__C
20012300   ti_sysbios_knl_Task_Module__loggerObj__C
20012304   ti_sysbios_knl_Task_Object__count__C
20012308   ti_sysbios_knl_Task_allBlockedFunc__C
2001230c   ti_sysbios_knl_Task_numConstructedTasks__C
20012310   ti_sysbios_utils_Load_LS_cpuLoad__C
20012314   ti_sysbios_utils_Load_LS_hwiLoad__C
20012318   ti_sysbios_utils_Load_Module__diagsEnabled__C
2001231c   ti_sysbios_utils_Load_Module__diagsIncluded__C
20012320   ti_sysbios_utils_Load_Module__diagsMask__C
20012324   ti_sysbios_utils_Load_Module__loggerFxn1__C
20012328   ti_sysbios_utils_Load_Module__loggerFxn2__C
2001232c   ti_sysbios_utils_Load_Module__loggerObj__C
20012330   ti_sysbios_utils_Load_postUpdate__C
20012334   ti_sysbios_utils_Load_windowInMs__C
20012338   ti_uia_loggers_LoggerStopMode_Module__diagsEnabled__C
2001233c   ti_uia_loggers_LoggerStopMode_Module__diagsIncluded__C
20012340   ti_uia_loggers_LoggerStopMode_Module__diagsMask__C
20012344   ti_uia_loggers_LoggerStopMode_Object__count__C
20012348   ti_uia_runtime_ILoggerSnapshot_Interface__BASE__C
2001234c   ti_uia_runtime_IUIATransfer_Interface__BASE__C
20012350   xdc_runtime_Assert_E_assertFailed__C
20012354   xdc_runtime_Core_A_initializedParams__C
20012358   xdc_runtime_Core_Module__diagsEnabled__C
2001235c   xdc_runtime_Core_Module__diagsIncluded__C
20012360   xdc_runtime_Core_Module__diagsMask__C
20012364   xdc_runtime_Error_E_memory__C
20012368   xdc_runtime_Error_Module__diagsEnabled__C
2001236c   xdc_runtime_Error_Module__diagsIncluded__C
20012370   xdc_runtime_Error_Module__diagsMask__C
20012374   xdc_runtime_Error_Module__loggerFxn8__C
20012378   xdc_runtime_Error_Module__loggerObj__C
2001237c   xdc_runtime_Error_policyFxn__C
20012380   xdc_runtime_Error_raiseHook__C
20012384   xdc_runtime_IFilterLogger_Interface__BASE__C
20012388   xdc_runtime_IGateProvider_Interface__BASE__C
2001238c   xdc_runtime_IHeap_Interface__BASE__C
20012390   xdc_runtime_ILogger_Interface__BASE__C
20012394   xdc_runtime_IModule_Interface__BASE__C
20012398   xdc_runtime_Log_L_error__C
2001239c   xdc_runtime_Main_Module__diagsEnabled__C
200123a0   xdc_runtime_Main_Module__diagsIncluded__C
200123a4   xdc_runtime_Main_Module__diagsMask__C
200123a8   xdc_runtime_Main_Module__loggerFxn4__C
200123ac   xdc_runtime_Main_Module__loggerObj__C
200123b0   xdc_runtime_Memory_defaultHeapInstance__C
200123b4   xdc_runtime_Startup_execImpl__C
200123b8   xdc_runtime_Startup_maxPasses__C
200123bc   xdc_runtime_Startup_sfxnRts__C
200123c0   xdc_runtime_Startup_sfxnTab__C
200123c4   xdc_runtime_SysMin_bufSize__C
200123c8   xdc_runtime_SysMin_outputFunc__C
200123cc   xdc_runtime_System_Module__gateObj__C
200123d0   xdc_runtime_System_abortFxn__C
200123d4   xdc_runtime_System_exitFxn__C
200123d8   xdc_runtime_System_extendFxn__C
200123dc   xdc_runtime_System_maxAtexitHandlers__C
200123e0   xdc_runtime_Text_charTab__C
200123e4   xdc_runtime_Text_nameEmpty__C
200123e8   xdc_runtime_Text_nameStatic__C
200123ec   xdc_runtime_Text_nameUnknown__C
200123f0   xdc_runtime_Text_nodeTab__C
200123f4   xdc_runtime_Text_visitRopeFxn__C
200123f8   ti_sysbios_family_arm_m3_TimestampProvider_configTimer__C
200123fa   ti_sysbios_gates_GateMutex_Module__id__C
200123fc   ti_sysbios_hal_Hwi_Module__id__C
200123fe   ti_sysbios_heaps_HeapMem_Module__id__C
20012400   ti_sysbios_knl_Clock_Module__id__C
20012402   ti_sysbios_knl_Clock_Module__loggerDefined__C
20012404   ti_sysbios_knl_Semaphore_Module__id__C
20012406   ti_sysbios_knl_Semaphore_Module__loggerDefined__C
20012408   ti_sysbios_knl_Swi_Module__id__C
2001240a   ti_sysbios_knl_Swi_Module__loggerDefined__C
2001240c   ti_sysbios_knl_Task_Module__id__C
2001240e   ti_sysbios_knl_Task_Module__loggerDefined__C
20012410   ti_sysbios_knl_Task_initStackFlag__C
20012412   ti_sysbios_utils_Load_Module__id__C
20012414   ti_sysbios_utils_Load_Module__loggerDefined__C
20012416   ti_sysbios_utils_Load_hwiEnabled__C
20012418   ti_sysbios_utils_Load_updateInIdle__C
2001241a   ti_uia_loggers_LoggerStopMode_Module__id__C
2001241c   ti_uia_loggers_LoggerStopMode_isTimestampEnabled__C
2001241e   xdc_runtime_Core_Module__id__C
20012420   xdc_runtime_Error_Module__loggerDefined__C
20012422   xdc_runtime_Error_maxDepth__C
20012424   xdc_runtime_Main_Module__id__C
20012426   xdc_runtime_Main_Module__loggerDefined__C
20012428   xdc_runtime_Memory_Module__id__C
2001242a   xdc_runtime_SysMin_flushAtExit__C
2001242c   xdc_runtime_Text_charCnt__C
2001242e   xdc_runtime_Text_isLoaded__C
20012430   xdc_runtime_Text_registryModsLastId__C
20012432   xdc_runtime_Text_unnamedModsLastId__C
20012434   __stack
20013434   __STACK_END
20013434   __STACK_TOP
20013434   xdc_runtime_Diags_dictElems
20013454   ti_sysbios_family_arm_m3_Hwi_Module__root__V
2001345c   ti_sysbios_family_arm_m3_Hwi_Object__table__V
20013474   ti_sysbios_family_arm_m3_Hwi_Module_State_0_excActive__A
20013478   ti_sysbios_family_arm_m3_Hwi_Module_State_0_excContext__A
2001347c   ti_sysbios_family_arm_m3_Hwi_Module_State_0_excStack__A
20013480   ti_sysbios_family_arm_m3_Timer_Module__root__V
20013488   ti_sysbios_family_arm_m3_Timer_Module__state__V
20013494   ti_sysbios_family_arm_m3_TimestampProvider_Module__state__V
20013498   ti_sysbios_gates_GateHwi_Module__root__V
200134a0   ti_sysbios_gates_GateHwi_Object__table__V
200134a4   ti_sysbios_gates_GateMutex_Module__root__V
200134ac   ti_sysbios_hal_Hwi_Module__root__V
200134b4   ti_sysbios_heaps_HeapMem_Module__root__V
200134bc   ti_sysbios_heaps_HeapMem_Object__table__V
200134d4   ti_sysbios_knl_Clock_Module__root__V
200134dc   ti_sysbios_knl_Event_Module__root__V
200134e8   ti_sysbios_knl_Queue_Module__root__V
200134f0   ti_sysbios_knl_Semaphore_Module__root__V
200134f8   ti_sysbios_knl_Swi_Module__root__V
20013500   ti_sysbios_knl_Swi_Module__state__V
2001351c   ti_sysbios_knl_Task_Module__root__V
20013528   ti_sysbios_knl_Task_Module_State_0_idleTask__A
2001352c   ti_sysbios_utils_Load_Module_State_0_taskStartTime__A
20013530   ti_sysbios_utils_Load_Module_State_0_runningTask__A
20013534   ti_uia_loggers_LoggerStopMode_Module__root__V
2001353c   ti_uia_loggers_LoggerStopMode_Module__state__V
20013544   ti_uia_runtime_QueueDescriptor_Module__state__V
20013550   xdc_runtime_Error_Module__state__V
20013552   xdc_runtime_Main_Module__root__V
20013554   xdc_runtime_Memory_Module__state__V
20013558   xdc_runtime_Registry_Module__state__V
20013560   xdc_runtime_Startup_Module__state__V
20013568   xdc_runtime_SysMin_Module__state__V
20013574   xdc_runtime_System_Module_State_0_atexitHandlers__A
20013594   xdc_runtime_System_Module__state__V
2001359c   xdc_runtime_Text_Module__state__V
200135a4   __xdc__init__addr
200135a8   ti_uia_loggers_LoggerStopMode_Object__table__V
20013644   ti_sysbios_knl_Task_Object__table__V
20013690   TSK_idle
200136dc   ti_sysbios_utils_Load_Module__state__V
20013774   ti_sysbios_knl_Swi_Module_State_0_readyQ__A
200137f4   ti_sysbios_knl_Task_Module_State_0_readyQ__A
20013874   ti_sysbios_knl_Task_Module__state__V
200138b8   ti_sysbios_gates_GateMutex_Object__table__V
200138f0   ti_sysbios_family_arm_m3_Hwi_Module__state__V
20013924   ti_sysbios_family_arm_m3_Timer_Object__table__V
20013954   ti_sysbios_knl_Swi_Object__table__V
20013984   ti_sysbios_knl_Clock_Module__state__V
200139b0   ti_sysbios_BIOS_Module__state__V
200139d4   g_ulStatus
200139d8   g_ulGatewayIP
200139dc   g_iSockID
200139e0   bytesReceived
200139ec   _lock
200139f0   _unlock
200139f4   __TI_cleanup_ptr
200139f8   __TI_dtors_ptr
200139fc   ti_uia_runtime_QueueDescriptor_gPtrToFirstDescriptor
20013a00   ti_uia_runtime_QueueDescriptor_gUpdateCount
20013a04   main_func_sp
20013a10   __TI_static_base__
20013dd8   __TI_Handler_Table_Base
20013de4   __TI_Handler_Table_Limit
20013df0   __TI_CINIT_Base
20013e00   __TI_CINIT_Limit
e000e000   ti_sysbios_family_arm_m3_Hwi_nvic
ffffffff   __binit__
ffffffff   __c_args__
ffffffff   binit
UNDEFED    SHT$$INIT_ARRAY$$Base
UNDEFED    SHT$$INIT_ARRAY$$Limit
UNDEFED    _SlNonOsMainLoopTask
UNDEFED    sl_Close
UNDEFED    sl_Connect
UNDEFED    sl_DevGet
UNDEFED    sl_Htonl
UNDEFED    sl_Htons
UNDEFED    sl_NetAppMDNSUnRegisterService
UNDEFED    sl_NetCfgSet
UNDEFED    sl_Socket
UNDEFED    sl_Start
UNDEFED    sl_Stop
UNDEFED    sl_WlanConnect
UNDEFED    sl_WlanDisconnect
UNDEFED    sl_WlanPolicySet
UNDEFED    sl_WlanProfileDel
UNDEFED    sl_WlanRxFilterSet
UNDEFED    sl_WlanSet
UNDEFED    sl_WlanSetMode

[725 symbols]
