******************************************************************************
                  TI ARM Linker PC v5.1.6                      
******************************************************************************
>> Linked Wed Feb 25 14:12:43 2015

OUTPUT FILE NAME:   <file_download.out>
ENTRY POINT SYMBOL: "_c_int00"  address: 2000a551


MEMORY CONFIGURATION

         name            origin    length      used     unused   attr    fill
----------------------  --------  ---------  --------  --------  ----  --------
  SRAM_CODE             20004000   00013000  000079ce  0000b632  RW X
  SRAM_DATA             20017000   00019000  00001811  000177ef  RW X


SEGMENT ALLOCATION MAP

run origin  load origin   length   init length attrs members
----------  ----------- ---------- ----------- ----- -------
20004000    20004000    000079d0   000079d0    r-x
  20004000    20004000    00000400   00000400    r-- .intvecs
  20004400    20004400    00006ea6   00006ea6    r-x .text
  2000b2a8    2000b2a8    000006e0   000006e0    r-- .const
  2000b988    2000b988    00000048   00000048    r-- .cinit
20017000    20017000    00001014   00000000    rw-
  20017000    20017000    00000800   00000000    rw- .sysmem
  20017800    20017800    00000615   00000000    rw- .bss
  20017e18    20017e18    000001fc   00000000    rw- .data
2002f800    2002f800    00000800   00000000    rw-
  2002f800    2002f800    00000800   00000000    rw- .stack


SECTION ALLOCATION MAP

 output                                  attributes/
section   page    origin      length       input sections
--------  ----  ----------  ----------   ----------------
.init_array 
*          0    20004000    00000000     UNINITIALIZED

.intvecs   0    20004000    00000400     
                  20004000    00000400     startup_ccs.obj (.intvecs)

.text      0    20004400    00006ea6     
                  20004400    0000158c     main.obj (.text)
                  2000598c    00000ec0     rtsv7M4_T_le_v4SPD16_eabi.lib : _printfi.obj (.text)
                  2000684c    000003cc                                   : memory.obj (.text)
                  20006c18    000003b4     simplelink.a : driver.obj (.text:_SlDrvMsgRead)
                  20006fcc    0000034c                  : driver.obj (.text:_SlAsyncEventGenericHandler)
                  20007318    0000026c     uart_if.obj (.text)
                  20007584    000001f4     rtsv7M4_T_le_v4SPD16_eabi.lib : ull_div_t2.obj (.text)
                  20007778    000001b6                                   : fd_add_t2.obj (.text)
                  2000792e    00000002     driverlib.a : interrupt.obj (.text:IntDefaultHandler)
                  20007930    0000019c     simplelink.a : wlan.obj (.text:sl_WlanConnect)
                  20007acc    0000017c                  : driver.obj (.text:_SlDrvDataReadOp)
                  20007c48    00000140                  : driver.obj (.text:_SlDrvDataWriteOp)
                  20007d88    00000140                  : driver.obj (.text:_SlDrvRxHdrRead)
                  20007ec8    00000136     rtsv7M4_T_le_v4SPD16_eabi.lib : fd_div_t2.obj (.text)
                  20007ffe    00000002     --HOLE-- [fill = 0]
                  20008000    00000134     driverlib.a : prcm.obj (.text:PRCMCC3200MCUInit)
                  20008134    00000128     simplelink.a : cc_pal.obj (.text:spi_Open)
                  2000825c    00000118                  : driver.obj (.text:_SlDrvWaitForPoolObj)
                  20008374    00000114                  : driver.obj (.text:_SlDrvMsgWrite)
                  20008488    0000010c                  : driver.obj (.text:_SlDrvReleasePoolObj)
                  20008594    000000fc     rtsv7M4_T_le_v4SPD16_eabi.lib : fd_mul_t2.obj (.text)
                  20008690    000000f0     driverlib.a : udma.obj (.text:uDMAChannelTransferSet)
                  20008780    000000ec     simplelink.a : socket.obj (.text:sl_Connect)
                  2000886c    000000ec                  : cc_pal.obj (.text:spi_Write)
                  20008958    000000dc                  : netapp.obj (.text:sl_NetAppDnsGetHostByName)
                  20008a34    000000cc                  : device.obj (.text:sl_Stop)
                  20008b00    000000cc                  : cc_pal.obj (.text:spi_Read)
                  20008bcc    000000c8                  : device.obj (.text:sl_Start)
                  20008c94    000000bc                  : driver.obj (.text:_SlDrvMsgReadCmdCtx)
                  20008d50    000000b2                  : netapp.obj (.text:_SlDrvNetAppEventHandler)
                  20008e02    00000002     --HOLE-- [fill = 0]
                  20008e04    000000b0                  : socket.obj (.text:sl_Send)
                  20008eb4    000000a8     driverlib.a : interrupt.obj (.text:IntDisable)
                  20008f5c    000000a8                 : interrupt.obj (.text:IntEnable)
                  20009004    000000a0                 : spi.obj (.text:SPIConfigSetExpClk)
                  200090a4    0000009c     rtsv7M4_T_le_v4SPD16_eabi.lib : memcpy_t2.obj (.text)
                  20009140    00000098     simplelink.a : driver.obj (.text:_SlFindAndSetActiveObj)
                  200091d8    00000094     driverlib.a : prcm.obj (.text:PRCMPeripheralClockGet)
                  2000926c    00000094     simplelink.a : driver.obj (.text:_SlDrvClassifyRxMsg)
                  20009300    00000094                  : driver.obj (.text:_SlDrvMsgReadSpawnCtx)
                  20009394    00000094     rtsv7M4_T_le_v4SPD16_eabi.lib : auto_init.obj (.text)
                  20009428    00000090     simplelink.a : driver.obj (.text:_SlDrvDriverCBInit)
                  200094b8    0000008c                  : fs.obj (.text:sl_FsWrite)
                  20009544    00000088     driverlib.a : pin.obj (.text:PinConfigSet)
                  200095cc    00000088     simplelink.a : driver.obj (.text:_SlDrvCmdOp)
                  20009654    00000088     rtsv7M4_T_le_v4SPD16_eabi.lib : vsnprintf.obj (.text)
                  200096dc    00000088     simplelink.a : netapp.obj (.text:sl_NetAppMDNSRegisterUnregisterService)
                  20009764    00000086     rtsv7M4_T_le_v4SPD16_eabi.lib : fd_cmp_t2.obj (.text:__aeabi_cdcmple)
                  200097ea    00000086                                   : fd_cmp_t2.obj (.text:__aeabi_cdrcmple)
                  20009870    00000084     simplelink.a : netapp.obj (.text:_sl_HandleAsync_DnsGetHostByName)
                  200098f4    00000080                  : cc_pal.obj (.text:NwpPowerOnPreamble)
                  20009974    0000007c                  : device.obj (.text:sl_DevGet)
                  200099f0    0000007c                  : fs.obj (.text:sl_FsClose)
                  20009a6c    00000078                  : cc_pal.obj (.text:SetupDMAReceive)
                  20009ae4    00000078                  : device.obj (.text:_sl_HandleAsync_InitComplete)
                  20009b5c    00000078                  : netapp.obj (.text:_sl_HandleAsync_PingResponse)
                  20009bd4    00000078     rtsv7M4_T_le_v4SPD16_eabi.lib : memset_t2.obj (.text)
                  20009c4c    00000076     driverlib.a : uart.obj (.text:UARTConfigSetExpClk)
                  20009cc2    00000002     --HOLE-- [fill = 0]
                  20009cc4    00000074     simplelink.a : cc_pal.obj (.text:spi_Close)
                  20009d38    0000006e                  : socket.obj (.text:_sl_TruncatePayloadByProtocol)
                  20009da6    00000002     --HOLE-- [fill = 0]
                  20009da8    0000006c                  : socket.obj (.text:_sl_HandleAsync_Connect)
                  20009e14    00000068                  : socket.obj (.text:_sl_HandleAsync_Accept)
                  20009e7c    00000068                  : netapp.obj (.text:_sl_HandleAsync_DnsGetHostByService)
                  20009ee4    00000064                  : fs.obj (.text:_sl_GetCreateFsMode)
                  20009f48    00000064     driverlib.a : udma.obj (.text:uDMAChannelAttributeDisable)
                  20009fac    00000064                 : udma.obj (.text:uDMAChannelAttributeEnable)
                  2000a010    00000060     simplelink.a : driver.obj (.text:_SlDrvDriverCBDeinit)
                  2000a070    0000005e     rtsv7M4_T_le_v4SPD16_eabi.lib : copy_decompress_rle.obj (.text)
                  2000a0ce    00000002     --HOLE-- [fill = 0]
                  2000a0d0    0000005c     simplelink.a : socket.obj (.text:_sl_HandleAsync_Select)
                  2000a12c    0000005a     rtsv7M4_T_le_v4SPD16_eabi.lib : ltoa.obj (.text)
                  2000a186    00000002     --HOLE-- [fill = 0]
                  2000a188    00000058     driverlib.a : interrupt.obj (.text:IntPendClear)
                  2000a1e0    00000058                 : prcm.obj (.text:PRCMPeripheralReset)
                  2000a238    00000058     simplelink.a : device.obj (.text:_sl_HandleAsync_Stop)
                  2000a290    00000054     driverlib.a : interrupt.obj (.text:IntPrioritySet)
                  2000a2e4    00000054     simplelink.a : fs.obj (.text:sl_FsOpen)
                  2000a338    00000054                  : netapp.obj (.text:sl_NetAppSendTokenValue)
                  2000a38c    0000004c     driverlib.a : spi.obj (.text:SPIIntEnable)
                  2000a3d8    0000004c                 : spi.obj (.text:SPIIntNumberGet)
                  2000a424    0000004c     rtsv7M4_T_le_v4SPD16_eabi.lib : atoi.obj (.text)
                  2000a470    0000004c     driverlib.a : udma.obj (.text:uDMAChannelAssign)
                  2000a4bc    0000004a     simplelink.a : device.obj (.text:_sl_GetStartResponseConvert)
                  2000a506    00000002     --HOLE-- [fill = 0]
                  2000a508    00000048     driverlib.a : spi.obj (.text:SPIIntClear)
                  2000a550    00000048     rtsv7M4_T_le_v4SPD16_eabi.lib : boot.obj (.text)
                  2000a598    00000048                                   : fd_toi_t2.obj (.text)
                  2000a5e0    00000048     simplelink.a : wlan.obj (.text:sl_WlanSet)
                  2000a628    00000044     driverlib.a : spi.obj (.text:SPIDmaMaskGet)
                  2000a66c    00000044     rtsv7M4_T_le_v4SPD16_eabi.lib : cpy_tbl.obj (.text)
                  2000a6b0    00000044                                   : exit.obj (.text)
                  2000a6f4    00000044                                   : xdtest.obj (.text)
                  2000a738    00000044     simplelink.a : netcfg.obj (.text:sl_NetCfgSet)
                  2000a77c    00000044                  : socket.obj (.text:sl_Recv)
                  2000a7c0    00000040     driverlib.a : pin.obj (.text:PinModeSet)
                  2000a800    00000040     simplelink.a : driver.obj (.text:_SlDrvRxIrqHandler)
                  2000a840    00000040                  : nonos.obj (.text:_SlNonOsMainLoopTask)
                  2000a880    00000040                  : driver.obj (.text:_SlRemoveFromList)
                  2000a8c0    00000040                  : wlan.obj (.text:sl_WlanPolicySet)
                  2000a900    00000040                  : wlan.obj (.text:sl_WlanRxFilterSet)
                  2000a940    0000003c                  : cc_pal.obj (.text:NwpPowerOff)
                  2000a97c    0000003c     driverlib.a : prcm.obj (.text:PRCMPeripheralClkEnable)
                  2000a9b8    0000003c     simplelink.a : driver.obj (.text:_SlDrvObjInit)
                  2000a9f4    0000003c     driverlib.a : udma.obj (.text:uDMAChannelControlSet)
                  2000aa30    00000038     simplelink.a : cc_pal.obj (.text:NwpRegisterInterruptHandler)
                  2000aa68    00000038                  : socket.obj (.text:sl_Htonl)
                  2000aaa0    00000034     driverlib.a : prcm.obj (.text:PRCMPeripheralStatusGet)
                  2000aad4    00000034                 : spi.obj (.text:SPIFIFOLevelSet)
                  2000ab08    00000034     simplelink.a : driver.obj (.text:_SlDrvBasicCmd)
                  2000ab3c    00000034     rtsv7M4_T_le_v4SPD16_eabi.lib : strstr.obj (.text)
                  2000ab70    00000034     simplelink.a : socket.obj (.text:sl_Htons)
                  2000aba4    00000030                  : cc_pal.obj (.text:NwpPowerOn)
                  2000abd4    00000030     driverlib.a : uart.obj (.text:UARTDisable)
                  2000ac04    00000030     simplelink.a : flowcont.obj (.text:_SlDrvFlowContDeinit)
                  2000ac34    00000030                  : flowcont.obj (.text:_SlDrvFlowContInit)
                  2000ac64    00000030                  : nonos.obj (.text:_SlNonOsSemGet)
                  2000ac94    00000030                  : socket.obj (.text:sl_Socket)
                  2000acc4    0000002e     rtsv7M4_T_le_v4SPD16_eabi.lib : i_tofd_t2.obj (.text)
                  2000acf2    00000002     --HOLE-- [fill = 0]
                  2000acf4    0000002c     driverlib.a : prcm.obj (.text:PRCMSysResetCauseGet)
                  2000ad20    00000028                 : prcm.obj (.text:PRCMPeripheralClkDisable)
                  2000ad48    00000028     simplelink.a : socket.obj (.text:_sl_BuildAddress)
                  2000ad70    00000028                  : wlan.obj (.text:sl_WlanSetMode)
                  2000ad98    00000024                  : cc_pal.obj (.text:DmaSpiSwIntHandler)
                  2000adbc    00000024     driverlib.a : interrupt.obj (.text:IntUnregister)
                  2000ade0    00000024                 : uart.obj (.text:UARTEnable)
                  2000ae04    00000024     rtsv7M4_T_le_v4SPD16_eabi.lib : memmov.obj (.text)
                  2000ae28    00000024     simplelink.a : socket.obj (.text:sl_Close)
                  2000ae4c    00000024                  : wlan.obj (.text:sl_WlanProfileDel)
                  2000ae70    00000022     driverlib.a : spi.obj (.text:SPIReset)
                  2000ae92    00000022                 : spi.obj (.text:SPIWordCountSet)
                  2000aeb4    00000022     rtsv7M4_T_le_v4SPD16_eabi.lib : memcmp.obj (.text)
                  2000aed6    00000002     --HOLE-- [fill = 0]
                  2000aed8    00000020     driverlib.a : interrupt.obj (.text:IntRegister)
                  2000aef8    00000020     simplelink.a : driver.obj (.text:_SlDrvCmdSend)
                  2000af18    00000020                  : nonos.obj (.text:_SlNonOsSpawn)
                  2000af38    0000001e     driverlib.a : uart.obj (.text:UARTCharPut)
                  2000af56    00000002     --HOLE-- [fill = 0]
                  2000af58    0000001c     simplelink.a : driver.obj (.text:_SlDrvObjDeInit)
                  2000af74    0000001c     pinmux.obj (.text)
                  2000af90    0000001c     rtsv7M4_T_le_v4SPD16_eabi.lib : memccpy.obj (.text)
                  2000afac    0000001c     driverlib.a : udma.obj (.text:uDMAChannelEnable)
                  2000afc8    0000001a     simplelink.a : netapp.obj (.text:CopyPingResultsToReport)
                  2000afe2    0000001a     driverlib.a : pin.obj (.text:PinTypeUART)
                  2000affc    0000001a                 : spi.obj (.text:SPIDmaDisable)
                  2000b016    0000001a                 : spi.obj (.text:SPIDmaEnable)
                  2000b030    0000001a                 : spi.obj (.text:SPIFIFODisable)
                  2000b04a    0000001a                 : spi.obj (.text:SPIFIFOEnable)
                  2000b064    0000001a                 : spi.obj (.text:SPIIntUnregister)
                  2000b07e    0000001a     simplelink.a : device.obj (.text:_SlDrvDeviceEventHandler)
                  2000b098    0000001a     rtsv7M4_T_le_v4SPD16_eabi.lib : strcat.obj (.text)
                  2000b0b2    00000018     driverlib.a : spi.obj (.text:SPICSDisable)
                  2000b0ca    00000018                 : spi.obj (.text:SPICSEnable)
                  2000b0e2    00000018                 : spi.obj (.text:SPIDisable)
                  2000b0fa    00000018                 : spi.obj (.text:SPIEnable)
                  2000b112    00000002     --HOLE-- [fill = 0]
                  2000b114    00000018     rtsv7M4_T_le_v4SPD16_eabi.lib : args_main.obj (.text)
                  2000b12c    00000018                                   : ll_mul_t2.obj (.text)
                  2000b144    00000016     driverlib.a : prcm.obj (.text:PRCMHIBRegRead)
                  2000b15a    00000016                 : prcm.obj (.text:PRCMHIBRegWrite)
                  2000b170    00000016                 : uart.obj (.text:UARTCharGet)
                  2000b186    00000016     simplelink.a : fs.obj (.text:_sl_Strlen)
                  2000b19c    00000014     driverlib.a : cpu.obj (.text:CPUcpsie)
                  2000b1b0    00000014                 : interrupt.obj (.text:IntVTableBaseSet)
                  2000b1c4    00000014     simplelink.a : driver.obj (.text:_SlDrvShiftDWord)
                  2000b1d8    00000014     rtsv7M4_T_le_v4SPD16_eabi.lib : _lock.obj (.text)
                  2000b1ec    00000014                                   : strlen.obj (.text)
                  2000b200    00000012                                   : copy_zero_init.obj (.text:decompress:ZI)
                  2000b212    00000012                                   : xdclass.obj (.text)
                  2000b224    00000012     simplelink.a : netapp.obj (.text:sl_NetAppMDNSUnRegisterService)
                  2000b236    00000002     --HOLE-- [fill = 0]
                  2000b238    00000010                  : cc_pal.obj (.text:NwpMaskInterrupt)
                  2000b248    00000010     rtsv7M4_T_le_v4SPD16_eabi.lib : strcpy.obj (.text)
                  2000b258    0000000e                                   : copy_decompress_none.obj (.text:decompress:none)
                  2000b266    0000000e     startup_ccs.obj (.text)
                  2000b274    0000000c     simplelink.a : cc_pal.obj (.text:NwpUnMaskInterrupt)
                  2000b280    0000000a     driverlib.a : interrupt.obj (.text:IntMasterEnable)
                  2000b28a    00000008     simplelink.a : nonos.obj (.text:_SlNonOsSemSet)
                  2000b292    00000008                  : wlan.obj (.text:sl_WlanDisconnect)
                  2000b29a    00000006     driverlib.a : utils.obj (.text:UtilsDelay)
                  2000b2a0    00000006     rtsv7M4_T_le_v4SPD16_eabi.lib : copy_decompress_rle.obj (.text:decompress:rle24)

.const     0    2000b2a8    000006e0     
                  2000b2a8    00000102     rtsv7M4_T_le_v4SPD16_eabi.lib : ctype.obj (.const:.string:_ctypes_)
                  2000b3aa    00000002     --HOLE-- [fill = 0]
                  2000b3ac    00000100     driverlib.a : pin.obj (.const:g_ulPinToPadMap)
                  2000b4ac    000000ec     simplelink.a : wlan.obj (.const)
                  2000b598    000000d4     driverlib.a : interrupt.obj (.const:g_pulRegs)
                  2000b66c    000000a8                 : prcm.obj (.const:PRCM_PeriphRegsList)
                  2000b714    00000080                 : interrupt.obj (.const)
                  2000b794    0000004c     main.obj (.const:.string)
                  2000b7e0    0000004c     simplelink.a : driver.obj (.const)
                  2000b82c    00000038                  : fs.obj (.const)
                  2000b864    00000034                  : socket.obj (.const)
                  2000b898    0000002c     main.obj (.const:$P$T1$2)
                  2000b8c4    00000028     simplelink.a : netapp.obj (.const)
                  2000b8ec    00000024     driverlib.a : spi.obj (.const:g_ppulSPIIntMap)
                  2000b910    00000022     main.obj (.const:.string:$P$T0$1)
                  2000b932    00000002     --HOLE-- [fill = 0]
                  2000b934    00000020     main.obj (.const)
                  2000b954    00000018     driverlib.a : spi.obj (.const)
                  2000b96c    00000014     simplelink.a : device.obj (.const)
                  2000b980    00000008                  : netcfg.obj (.const)

.cinit     0    2000b988    00000048     
                  2000b988    00000021     (.cinit..data.load) [load image, compression = rle]
                  2000b9a9    00000003     --HOLE-- [fill = 0]
                  2000b9ac    0000000c     (__TI_handler_table)
                  2000b9b8    00000008     (.cinit..bss.load) [load image, compression = zero_init]
                  2000b9c0    00000010     (__TI_cinit_table)

.sysmem    0    20017000    00000800     UNINITIALIZED
                  20017000    00000008     rtsv7M4_T_le_v4SPD16_eabi.lib : memory.obj (.sysmem)
                  20017008    000007f8     --HOLE--

.bss       0    20017800    00000615     UNINITIALIZED
                  20017800    000005b8     main.obj (.bss:g_buff)
                  20017db8    00000028     simplelink.a : nonos.obj (.bss:g__SlNonOsCB)
                  20017de0    00000024     main.obj (.bss:g_ucConnectionSSID)
                  20017e04    00000008     (.common:g_ucConnectionBSSID)
                  20017e0c    00000004     (.common:__Errorlog)
                  20017e10    00000004     (.common:g_ulDestinationIP)
                  20017e14    00000001     (.common:g_cDummy)

.data      0    20017e18    000001fc     UNINITIALIZED
                  20017e18    00000170     simplelink.a : driver.obj (.data)
                  20017f88    0000005c                  : cc_pal.obj (.data)
                  20017fe4    00000010     main.obj (.data)
                  20017ff4    0000000c     rtsv7M4_T_le_v4SPD16_eabi.lib : memory.obj (.data)
                  20018000    00000008                                   : _lock.obj (.data)
                  20018008    00000008                                   : exit.obj (.data)
                  20018010    00000004                                   : stkdepth_vars.obj (.data)

.stack     0    2002f800    00000800     UNINITIALIZED
                  2002f800    00000800     --HOLE--


LINKER GENERATED COPY TABLES

__TI_cinit_table @ 2000b9c0 records: 2, size/record: 8, table size: 16
	.data: load addr=2000b988, load size=00000021 bytes, run addr=20017e18, run size=000001fc bytes, compression=rle
	.bss: load addr=2000b9b8, load size=00000008 bytes, run addr=20017800, run size=00000615 bytes, compression=zero_init


LINKER GENERATED HANDLER TABLE

__TI_handler_table @ 2000b9ac records: 3, size/record: 4, table size: 12
	index: 0, handler: __TI_decompress_rle24
	index: 1, handler: __TI_decompress_none
	index: 2, handler: __TI_zero_init


GLOBAL SYMBOLS: SORTED ALPHABETICALLY BY Name 

address    name
--------   ----
2000a6b1   C$$EXIT
2000b19d   CPUcpsie
20007359   ClearTerm
2000afc9   CopyPingResultsToReport
20004cdd   CreateConnection
2000ad99   DmaSpiSwIntHandler
20007363   Error
20004e79   GetChunkSize
2000739b   GetCmd
20004f6d   GetData
20007319   InitTerm
20008eb5   IntDisable
20008f5d   IntEnable
2000b281   IntMasterEnable
2000a189   IntPendClear
2000a291   IntPrioritySet
2000aed9   IntRegister
2000adbd   IntUnregister
2000b1b1   IntVTableBaseSet
20007337   Message
2000b239   NwpMaskInterrupt
2000a941   NwpPowerOff
2000aba5   NwpPowerOn
200098f5   NwpPowerOnPreamble
2000aa31   NwpRegisterInterruptHandler
2000b275   NwpUnMaskInterrupt
20008001   PRCMCC3200MCUInit
2000b145   PRCMHIBRegRead
2000b15b   PRCMHIBRegWrite
2000ad21   PRCMPeripheralClkDisable
2000a97d   PRCMPeripheralClkEnable
200091d9   PRCMPeripheralClockGet
2000a1e1   PRCMPeripheralReset
2000aaa1   PRCMPeripheralStatusGet
2000acf5   PRCMSysResetCauseGet
20009545   PinConfigSet
2000a7c1   PinModeSet
2000af75   PinMuxConfig
2000afe3   PinTypeUART
200074c5   Report
2000b267   ResetISR
UNDEFED    SHT$$INIT_ARRAY$$Base
UNDEFED    SHT$$INIT_ARRAY$$Limit
2000b0b3   SPICSDisable
2000b0cb   SPICSEnable
20009005   SPIConfigSetExpClk
2000b0e3   SPIDisable
2000affd   SPIDmaDisable
2000b017   SPIDmaEnable
2000b0fb   SPIEnable
2000b031   SPIFIFODisable
2000b04b   SPIFIFOEnable
2000aad5   SPIFIFOLevelSet
2000a509   SPIIntClear
2000a38d   SPIIntEnable
2000b065   SPIIntUnregister
2000ae71   SPIReset
2000ae93   SPIWordCountSet
200045c9   SimpleLinkGeneralEventHandler
200045a1   SimpleLinkHttpServerCallback
2000450b   SimpleLinkNetAppEventHandler
200045df   SimpleLinkSockEventHandler
20004401   SimpleLinkWlanEventHandler
2000742d   TrimSpace
2000b171   UARTCharGet
2000af39   UARTCharPut
20009c4d   UARTConfigSetExpClk
2000abd5   UARTDisable
2000ade1   UARTEnable
2000b29b   UtilsDelay
2000b213   _Dclass
2000a6f5   _Dtest
2000b884   _SlAcceptCmdCtrl
2000b7f4   _SlActionLookupTable
20006fcd   _SlAsyncEventGenericHandler
2000b978   _SlDeviceGetCmdCtrl
2000b97c   _SlDeviceSetCmdCtrl
2000ab09   _SlDrvBasicCmd
2000926d   _SlDrvClassifyRxMsg
200095cd   _SlDrvCmdOp
2000aef9   _SlDrvCmdSend
20007acd   _SlDrvDataReadOp
20007c49   _SlDrvDataWriteOp
2000b07f   _SlDrvDeviceEventHandler
2000a011   _SlDrvDriverCBDeinit
20009429   _SlDrvDriverCBInit
2000ac05   _SlDrvFlowContDeinit
2000ac35   _SlDrvFlowContInit
20006c19   _SlDrvMsgRead
20008c95   _SlDrvMsgReadCmdCtx
20009301   _SlDrvMsgReadSpawnCtx
20008375   _SlDrvMsgWrite
20008d51   _SlDrvNetAppEventHandler
2000af59   _SlDrvObjDeInit
2000a9b9   _SlDrvObjInit
20008489   _SlDrvReleasePoolObj
20007d89   _SlDrvRxHdrRead
2000a801   _SlDrvRxIrqHandler
2000b1c5   _SlDrvShiftDWord
2000825d   _SlDrvWaitForPoolObj
2000b974   _SlEventMaskGetCmdCtrl
2000b970   _SlEventMaskSetCmdCtrl
20009141   _SlFindAndSetActiveObj
2000b830   _SlFsCloseCmdCtrl
2000b840   _SlFsDeleteCmdCtrl
2000b83c   _SlFsGetInfoCmdCtrl
2000b82c   _SlFsOpenCmdCtrl
2000b834   _SlFsReadCmdCtrl
2000b838   _SlFsWriteCmdCtrl
2000b8dc   _SlGetHostByNameCtrl
2000b8d8   _SlGetHostByServiceCtrl
2000b8d0   _SlGetServiceListeCtrl
2000b890   _SlGetSockOptCmdCtrl
2000b880   _SlListenCmdCtrl
2000b8e8   _SlNetAppGetCmdCtrl
2000b8e4   _SlNetAppSendTokenValueCmdCtrl
2000b8e0   _SlNetAppSetCmdCtrl
2000b8c8   _SlNetAppStartCtrl
2000b8cc   _SlNetAppStopCtrl
2000b984   _SlNetCfgGetCmdCtrl
2000b980   _SlNetCfgSetCmdCtrl
2000a841   _SlNonOsMainLoopTask
2000ac65   _SlNonOsSemGet
2000b28b   _SlNonOsSemSet
2000af19   _SlNonOsSpawn
2000b4b4   _SlPolicyGetCmdCtrl
2000b4b0   _SlPolicySetCmdCtrl
2000b4bc   _SlProfileDelCmdCtrl
2000b4b8   _SlProfileGetCmdCtrl
2000b888   _SlRecvCmdCtrl
2000b878   _SlRecvfomCmdCtrl
2000b8d4   _SlRegisterServiceCtrl
2000a881   _SlRemoveFromList
2000b4c4   _SlRxFilterAddtCmdCtrl
2000b4cc   _SlRxFilterGetCmdCtrl
2000b4c8   _SlRxFilterSetCmdCtrl
2000b894   _SlSelectCmdCtrl
2000b87c   _SlSendCmdCtrl
2000b88c   _SlSetSockOptCmdCtrl
2000b4d0   _SlSmartConfigStartCmdCtrl
2000b874   _SlSockCloseCmdCtrl
2000b870   _SlSockSocketCmdCtrl
2000b96c   _SlStopCmdCtrl
2000b4dc   _SlWlanCfgGetCmdCtrl
2000b4d8   _SlWlanCfgSetCmdCtrl
2000b4c0   _SlWlanGetNetworkListCtrl
2000b4d4   _SlWlanSetModeCmdCtrl
20030000   __STACK_END
00000800   __STACK_SIZE
00000800   __SYSMEM_SIZE
2000b9c0   __TI_CINIT_Base
2000b9d0   __TI_CINIT_Limit
2000b9ac   __TI_Handler_Table_Base
2000b9b8   __TI_Handler_Table_Limit
00000001   __TI_args_main
20009395   __TI_auto_init
20018008   __TI_cleanup_ptr
2000b259   __TI_decompress_none
2000b2a1   __TI_decompress_rle24
2001800c   __TI_dtors_ptr
20006543   __TI_printfi
2000b988   __TI_static_base__
2000b201   __TI_zero_init
20009765   __aeabi_cdcmpeq
20009765   __aeabi_cdcmple
200097eb   __aeabi_cdrcmple
2000a599   __aeabi_d2iz
20007783   __aeabi_dadd
20007ec9   __aeabi_ddiv
20008595   __aeabi_dmul
20007779   __aeabi_dsub
2000acc5   __aeabi_i2d
2000b12d   __aeabi_lmul
20009bd5   __aeabi_memclr
20009bd5   __aeabi_memclr4
20009bd5   __aeabi_memclr8
200090a5   __aeabi_memcpy
200090a5   __aeabi_memcpy4
200090a5   __aeabi_memcpy8
20009bd7   __aeabi_memset
20009bd7   __aeabi_memset4
20009bd7   __aeabi_memset8
20007585   __aeabi_uldivmod
ffffffff   __binit__
ffffffff   __c_args__
2002f800   __stack
2000b115   _args_main
2000a551   _c_int00
2000b2a8   _ctypes_
20018000   _lock
2000b1e7   _nop
2000b1df   _register_lock
2000b1d9   _register_unlock
2000ad49   _sl_BuildAddress
20009ee5   _sl_GetCreateFsMode
2000a4bd   _sl_GetStartResponseConvert
20009e15   _sl_HandleAsync_Accept
20009da9   _sl_HandleAsync_Connect
20009871   _sl_HandleAsync_DnsGetHostByName
20009e7d   _sl_HandleAsync_DnsGetHostByService
20009ae5   _sl_HandleAsync_InitComplete
20009b5d   _sl_HandleAsync_PingResponse
2000a0d1   _sl_HandleAsync_Select
2000a239   _sl_HandleAsync_Stop
2000b187   _sl_Strlen
20009d39   _sl_TruncatePayloadByProtocol
20017000   _sys_memory
20018004   _unlock
2000a6b5   abort
2000a425   atoi
ffffffff   binit
20017ff0   bytesReceived
20006be1   calloc
2000a66d   copy_in
2000a6bd   exit
2000693b   free
20017e1c   gFirstCmdMode
2000b7ec   g_H2NCnysPattern
2000b7e4   g_H2NSyncPattern
20017f88   g_SpiFd
20017e24   g_StatMem
20017db8   g__SlNonOsCB
20017800   g_buff
20017e14   g_cDummy
20017fec   g_iSockID
20017e20   g_pCB
20017f8c   g_pHostIntHdl
20004000   g_pfnVectors
20017e04   g_ucConnectionBSSID
20017de0   g_ucConnectionSSID
20017f90   g_ucDMAEnabled
20017f94   g_ucDinDout
20017e10   g_ulDestinationIP
20017fe8   g_ulGatewayIP
20017fe4   g_ulStatus
20004d71   hexToi
2000a12d   ltoa
200056cd   main
20018010   main_func_sp
200068d9   malloc
20006b01   memalign
2000af91   memccpy
2000aeb5   memcmp
200090a5   memcpy
2000ae05   memmove
20009bdd   memset
2000684d   minit
20017e18   pPingCallBackFunc
200069fb   realloc
2000ae29   sl_Close
20008781   sl_Connect
20009975   sl_DevGet
200099f1   sl_FsClose
2000a2e5   sl_FsOpen
200094b9   sl_FsWrite
2000aa69   sl_Htonl
2000ab71   sl_Htons
20008959   sl_NetAppDnsGetHostByName
200096dd   sl_NetAppMDNSRegisterUnregisterService
2000b225   sl_NetAppMDNSUnRegisterService
2000a339   sl_NetAppSendTokenValue
2000a739   sl_NetCfgSet
2000a77d   sl_Recv
20008e05   sl_Send
2000ac95   sl_Socket
20008bcd   sl_Start
20008a35   sl_Stop
20007931   sl_WlanConnect
2000b293   sl_WlanDisconnect
2000a8c1   sl_WlanPolicySet
2000ae4d   sl_WlanProfileDel
2000a901   sl_WlanRxFilterSet
2000a5e1   sl_WlanSet
2000ad71   sl_WlanSetMode
20009cc5   spi_Close
20008135   spi_Open
20008b01   spi_Read
2000886d   spi_Write
2000b099   strcat
2000b249   strcpy
2000b1ed   strlen
2000ab3d   strstr
2000a471   uDMAChannelAssign
20009f49   uDMAChannelAttributeDisable
20009fad   uDMAChannelAttributeEnable
2000a9f5   uDMAChannelControlSet
2000afad   uDMAChannelEnable
20008691   uDMAChannelTransferSet
20009655   vsnprintf


GLOBAL SYMBOLS: SORTED BY Symbol Address 

address    name
--------   ----
00000001   __TI_args_main
00000800   __STACK_SIZE
00000800   __SYSMEM_SIZE
20004000   g_pfnVectors
20004401   SimpleLinkWlanEventHandler
2000450b   SimpleLinkNetAppEventHandler
200045a1   SimpleLinkHttpServerCallback
200045c9   SimpleLinkGeneralEventHandler
200045df   SimpleLinkSockEventHandler
20004cdd   CreateConnection
20004d71   hexToi
20004e79   GetChunkSize
20004f6d   GetData
200056cd   main
20006543   __TI_printfi
2000684d   minit
200068d9   malloc
2000693b   free
200069fb   realloc
20006b01   memalign
20006be1   calloc
20006c19   _SlDrvMsgRead
20006fcd   _SlAsyncEventGenericHandler
20007319   InitTerm
20007337   Message
20007359   ClearTerm
20007363   Error
2000739b   GetCmd
2000742d   TrimSpace
200074c5   Report
20007585   __aeabi_uldivmod
20007779   __aeabi_dsub
20007783   __aeabi_dadd
20007931   sl_WlanConnect
20007acd   _SlDrvDataReadOp
20007c49   _SlDrvDataWriteOp
20007d89   _SlDrvRxHdrRead
20007ec9   __aeabi_ddiv
20008001   PRCMCC3200MCUInit
20008135   spi_Open
2000825d   _SlDrvWaitForPoolObj
20008375   _SlDrvMsgWrite
20008489   _SlDrvReleasePoolObj
20008595   __aeabi_dmul
20008691   uDMAChannelTransferSet
20008781   sl_Connect
2000886d   spi_Write
20008959   sl_NetAppDnsGetHostByName
20008a35   sl_Stop
20008b01   spi_Read
20008bcd   sl_Start
20008c95   _SlDrvMsgReadCmdCtx
20008d51   _SlDrvNetAppEventHandler
20008e05   sl_Send
20008eb5   IntDisable
20008f5d   IntEnable
20009005   SPIConfigSetExpClk
200090a5   __aeabi_memcpy
200090a5   __aeabi_memcpy4
200090a5   __aeabi_memcpy8
200090a5   memcpy
20009141   _SlFindAndSetActiveObj
200091d9   PRCMPeripheralClockGet
2000926d   _SlDrvClassifyRxMsg
20009301   _SlDrvMsgReadSpawnCtx
20009395   __TI_auto_init
20009429   _SlDrvDriverCBInit
200094b9   sl_FsWrite
20009545   PinConfigSet
200095cd   _SlDrvCmdOp
20009655   vsnprintf
200096dd   sl_NetAppMDNSRegisterUnregisterService
20009765   __aeabi_cdcmpeq
20009765   __aeabi_cdcmple
200097eb   __aeabi_cdrcmple
20009871   _sl_HandleAsync_DnsGetHostByName
200098f5   NwpPowerOnPreamble
20009975   sl_DevGet
200099f1   sl_FsClose
20009ae5   _sl_HandleAsync_InitComplete
20009b5d   _sl_HandleAsync_PingResponse
20009bd5   __aeabi_memclr
20009bd5   __aeabi_memclr4
20009bd5   __aeabi_memclr8
20009bd7   __aeabi_memset
20009bd7   __aeabi_memset4
20009bd7   __aeabi_memset8
20009bdd   memset
20009c4d   UARTConfigSetExpClk
20009cc5   spi_Close
20009d39   _sl_TruncatePayloadByProtocol
20009da9   _sl_HandleAsync_Connect
20009e15   _sl_HandleAsync_Accept
20009e7d   _sl_HandleAsync_DnsGetHostByService
20009ee5   _sl_GetCreateFsMode
20009f49   uDMAChannelAttributeDisable
20009fad   uDMAChannelAttributeEnable
2000a011   _SlDrvDriverCBDeinit
2000a0d1   _sl_HandleAsync_Select
2000a12d   ltoa
2000a189   IntPendClear
2000a1e1   PRCMPeripheralReset
2000a239   _sl_HandleAsync_Stop
2000a291   IntPrioritySet
2000a2e5   sl_FsOpen
2000a339   sl_NetAppSendTokenValue
2000a38d   SPIIntEnable
2000a425   atoi
2000a471   uDMAChannelAssign
2000a4bd   _sl_GetStartResponseConvert
2000a509   SPIIntClear
2000a551   _c_int00
2000a599   __aeabi_d2iz
2000a5e1   sl_WlanSet
2000a66d   copy_in
2000a6b1   C$$EXIT
2000a6b5   abort
2000a6bd   exit
2000a6f5   _Dtest
2000a739   sl_NetCfgSet
2000a77d   sl_Recv
2000a7c1   PinModeSet
2000a801   _SlDrvRxIrqHandler
2000a841   _SlNonOsMainLoopTask
2000a881   _SlRemoveFromList
2000a8c1   sl_WlanPolicySet
2000a901   sl_WlanRxFilterSet
2000a941   NwpPowerOff
2000a97d   PRCMPeripheralClkEnable
2000a9b9   _SlDrvObjInit
2000a9f5   uDMAChannelControlSet
2000aa31   NwpRegisterInterruptHandler
2000aa69   sl_Htonl
2000aaa1   PRCMPeripheralStatusGet
2000aad5   SPIFIFOLevelSet
2000ab09   _SlDrvBasicCmd
2000ab3d   strstr
2000ab71   sl_Htons
2000aba5   NwpPowerOn
2000abd5   UARTDisable
2000ac05   _SlDrvFlowContDeinit
2000ac35   _SlDrvFlowContInit
2000ac65   _SlNonOsSemGet
2000ac95   sl_Socket
2000acc5   __aeabi_i2d
2000acf5   PRCMSysResetCauseGet
2000ad21   PRCMPeripheralClkDisable
2000ad49   _sl_BuildAddress
2000ad71   sl_WlanSetMode
2000ad99   DmaSpiSwIntHandler
2000adbd   IntUnregister
2000ade1   UARTEnable
2000ae05   memmove
2000ae29   sl_Close
2000ae4d   sl_WlanProfileDel
2000ae71   SPIReset
2000ae93   SPIWordCountSet
2000aeb5   memcmp
2000aed9   IntRegister
2000aef9   _SlDrvCmdSend
2000af19   _SlNonOsSpawn
2000af39   UARTCharPut
2000af59   _SlDrvObjDeInit
2000af75   PinMuxConfig
2000af91   memccpy
2000afad   uDMAChannelEnable
2000afc9   CopyPingResultsToReport
2000afe3   PinTypeUART
2000affd   SPIDmaDisable
2000b017   SPIDmaEnable
2000b031   SPIFIFODisable
2000b04b   SPIFIFOEnable
2000b065   SPIIntUnregister
2000b07f   _SlDrvDeviceEventHandler
2000b099   strcat
2000b0b3   SPICSDisable
2000b0cb   SPICSEnable
2000b0e3   SPIDisable
2000b0fb   SPIEnable
2000b115   _args_main
2000b12d   __aeabi_lmul
2000b145   PRCMHIBRegRead
2000b15b   PRCMHIBRegWrite
2000b171   UARTCharGet
2000b187   _sl_Strlen
2000b19d   CPUcpsie
2000b1b1   IntVTableBaseSet
2000b1c5   _SlDrvShiftDWord
2000b1d9   _register_unlock
2000b1df   _register_lock
2000b1e7   _nop
2000b1ed   strlen
2000b201   __TI_zero_init
2000b213   _Dclass
2000b225   sl_NetAppMDNSUnRegisterService
2000b239   NwpMaskInterrupt
2000b249   strcpy
2000b259   __TI_decompress_none
2000b267   ResetISR
2000b275   NwpUnMaskInterrupt
2000b281   IntMasterEnable
2000b28b   _SlNonOsSemSet
2000b293   sl_WlanDisconnect
2000b29b   UtilsDelay
2000b2a1   __TI_decompress_rle24
2000b2a8   _ctypes_
2000b4b0   _SlPolicySetCmdCtrl
2000b4b4   _SlPolicyGetCmdCtrl
2000b4b8   _SlProfileGetCmdCtrl
2000b4bc   _SlProfileDelCmdCtrl
2000b4c0   _SlWlanGetNetworkListCtrl
2000b4c4   _SlRxFilterAddtCmdCtrl
2000b4c8   _SlRxFilterSetCmdCtrl
2000b4cc   _SlRxFilterGetCmdCtrl
2000b4d0   _SlSmartConfigStartCmdCtrl
2000b4d4   _SlWlanSetModeCmdCtrl
2000b4d8   _SlWlanCfgSetCmdCtrl
2000b4dc   _SlWlanCfgGetCmdCtrl
2000b7e4   g_H2NSyncPattern
2000b7ec   g_H2NCnysPattern
2000b7f4   _SlActionLookupTable
2000b82c   _SlFsOpenCmdCtrl
2000b830   _SlFsCloseCmdCtrl
2000b834   _SlFsReadCmdCtrl
2000b838   _SlFsWriteCmdCtrl
2000b83c   _SlFsGetInfoCmdCtrl
2000b840   _SlFsDeleteCmdCtrl
2000b870   _SlSockSocketCmdCtrl
2000b874   _SlSockCloseCmdCtrl
2000b878   _SlRecvfomCmdCtrl
2000b87c   _SlSendCmdCtrl
2000b880   _SlListenCmdCtrl
2000b884   _SlAcceptCmdCtrl
2000b888   _SlRecvCmdCtrl
2000b88c   _SlSetSockOptCmdCtrl
2000b890   _SlGetSockOptCmdCtrl
2000b894   _SlSelectCmdCtrl
2000b8c8   _SlNetAppStartCtrl
2000b8cc   _SlNetAppStopCtrl
2000b8d0   _SlGetServiceListeCtrl
2000b8d4   _SlRegisterServiceCtrl
2000b8d8   _SlGetHostByServiceCtrl
2000b8dc   _SlGetHostByNameCtrl
2000b8e0   _SlNetAppSetCmdCtrl
2000b8e4   _SlNetAppSendTokenValueCmdCtrl
2000b8e8   _SlNetAppGetCmdCtrl
2000b96c   _SlStopCmdCtrl
2000b970   _SlEventMaskSetCmdCtrl
2000b974   _SlEventMaskGetCmdCtrl
2000b978   _SlDeviceGetCmdCtrl
2000b97c   _SlDeviceSetCmdCtrl
2000b980   _SlNetCfgSetCmdCtrl
2000b984   _SlNetCfgGetCmdCtrl
2000b988   __TI_static_base__
2000b9ac   __TI_Handler_Table_Base
2000b9b8   __TI_Handler_Table_Limit
2000b9c0   __TI_CINIT_Base
2000b9d0   __TI_CINIT_Limit
20017000   _sys_memory
20017800   g_buff
20017db8   g__SlNonOsCB
20017de0   g_ucConnectionSSID
20017e04   g_ucConnectionBSSID
20017e10   g_ulDestinationIP
20017e14   g_cDummy
20017e18   pPingCallBackFunc
20017e1c   gFirstCmdMode
20017e20   g_pCB
20017e24   g_StatMem
20017f88   g_SpiFd
20017f8c   g_pHostIntHdl
20017f90   g_ucDMAEnabled
20017f94   g_ucDinDout
20017fe4   g_ulStatus
20017fe8   g_ulGatewayIP
20017fec   g_iSockID
20017ff0   bytesReceived
20018000   _lock
20018004   _unlock
20018008   __TI_cleanup_ptr
2001800c   __TI_dtors_ptr
20018010   main_func_sp
2002f800   __stack
20030000   __STACK_END
ffffffff   __binit__
ffffffff   __c_args__
ffffffff   binit
UNDEFED    SHT$$INIT_ARRAY$$Base
UNDEFED    SHT$$INIT_ARRAY$$Limit

[289 symbols]
