<?xml version="1.0"?>
<link_info>
   <banner>TI ARM Linker PC v5.1.6</banner>
   <copyright>Copyright (c) 1996-2014 Texas Instruments Incorporated</copyright>
   <link_time>0x54ee2cbb</link_time>
   <link_errors>0x0</link_errors>
   <output_file>file_download.out</output_file>
   <entry_point>
      <name>_c_int00</name>
      <address>0x2000a551</address>
   </entry_point>
   <input_file_list>
      <input_file id="fl-2">
         <path>.\</path>
         <kind>object</kind>
         <file>main.obj</file>
         <name>main.obj</name>
      </input_file>
      <input_file id="fl-3">
         <path>.\</path>
         <kind>object</kind>
         <file>pinmux.obj</file>
         <name>pinmux.obj</name>
      </input_file>
      <input_file id="fl-4">
         <path>.\</path>
         <kind>object</kind>
         <file>startup_ccs.obj</file>
         <name>startup_ccs.obj</name>
      </input_file>
      <input_file id="fl-5">
         <path>.\</path>
         <kind>object</kind>
         <file>uart_if.obj</file>
         <name>uart_if.obj</name>
      </input_file>
      <input_file id="fl-134">
         <path>c:\ti\ccsv6\tools\compiler\arm_5.1.6\lib\</path>
         <kind>archive</kind>
         <file>rtsv7M4_T_le_v4SPD16_eabi.lib</file>
         <name>boot.obj</name>
      </input_file>
      <input_file id="fl-135">
         <path>c:\ti\ccsv6\tools\compiler\arm_5.1.6\lib\</path>
         <kind>archive</kind>
         <file>rtsv7M4_T_le_v4SPD16_eabi.lib</file>
         <name>copy_decompress_none.obj</name>
      </input_file>
      <input_file id="fl-136">
         <path>c:\ti\ccsv6\tools\compiler\arm_5.1.6\lib\</path>
         <kind>archive</kind>
         <file>rtsv7M4_T_le_v4SPD16_eabi.lib</file>
         <name>copy_decompress_rle.obj</name>
      </input_file>
      <input_file id="fl-137">
         <path>c:\ti\ccsv6\tools\compiler\arm_5.1.6\lib\</path>
         <kind>archive</kind>
         <file>rtsv7M4_T_le_v4SPD16_eabi.lib</file>
         <name>copy_zero_init.obj</name>
      </input_file>
      <input_file id="fl-138">
         <path>c:\ti\ccsv6\tools\compiler\arm_5.1.6\lib\</path>
         <kind>archive</kind>
         <file>rtsv7M4_T_le_v4SPD16_eabi.lib</file>
         <name>exit.obj</name>
      </input_file>
      <input_file id="fl-139">
         <path>c:\ti\ccsv6\tools\compiler\arm_5.1.6\lib\</path>
         <kind>archive</kind>
         <file>rtsv7M4_T_le_v4SPD16_eabi.lib</file>
         <name>memcmp.obj</name>
      </input_file>
      <input_file id="fl-13a">
         <path>c:\ti\ccsv6\tools\compiler\arm_5.1.6\lib\</path>
         <kind>archive</kind>
         <file>rtsv7M4_T_le_v4SPD16_eabi.lib</file>
         <name>memcpy_t2.obj</name>
      </input_file>
      <input_file id="fl-13b">
         <path>c:\ti\ccsv6\tools\compiler\arm_5.1.6\lib\</path>
         <kind>archive</kind>
         <file>rtsv7M4_T_le_v4SPD16_eabi.lib</file>
         <name>memmov.obj</name>
      </input_file>
      <input_file id="fl-13c">
         <path>c:\ti\ccsv6\tools\compiler\arm_5.1.6\lib\</path>
         <kind>archive</kind>
         <file>rtsv7M4_T_le_v4SPD16_eabi.lib</file>
         <name>memory.obj</name>
      </input_file>
      <input_file id="fl-13d">
         <path>c:\ti\ccsv6\tools\compiler\arm_5.1.6\lib\</path>
         <kind>archive</kind>
         <file>rtsv7M4_T_le_v4SPD16_eabi.lib</file>
         <name>memset_t2.obj</name>
      </input_file>
      <input_file id="fl-13e">
         <path>c:\ti\ccsv6\tools\compiler\arm_5.1.6\lib\</path>
         <kind>archive</kind>
         <file>rtsv7M4_T_le_v4SPD16_eabi.lib</file>
         <name>stkdepth_vars.obj</name>
      </input_file>
      <input_file id="fl-13f">
         <path>c:\ti\ccsv6\tools\compiler\arm_5.1.6\lib\</path>
         <kind>archive</kind>
         <file>rtsv7M4_T_le_v4SPD16_eabi.lib</file>
         <name>strcat.obj</name>
      </input_file>
      <input_file id="fl-140">
         <path>c:\ti\ccsv6\tools\compiler\arm_5.1.6\lib\</path>
         <kind>archive</kind>
         <file>rtsv7M4_T_le_v4SPD16_eabi.lib</file>
         <name>strcpy.obj</name>
      </input_file>
      <input_file id="fl-141">
         <path>c:\ti\ccsv6\tools\compiler\arm_5.1.6\lib\</path>
         <kind>archive</kind>
         <file>rtsv7M4_T_le_v4SPD16_eabi.lib</file>
         <name>strlen.obj</name>
      </input_file>
      <input_file id="fl-142">
         <path>c:\ti\ccsv6\tools\compiler\arm_5.1.6\lib\</path>
         <kind>archive</kind>
         <file>rtsv7M4_T_le_v4SPD16_eabi.lib</file>
         <name>strstr.obj</name>
      </input_file>
      <input_file id="fl-143">
         <path>c:\ti\ccsv6\tools\compiler\arm_5.1.6\lib\</path>
         <kind>archive</kind>
         <file>rtsv7M4_T_le_v4SPD16_eabi.lib</file>
         <name>vsnprintf.obj</name>
      </input_file>
      <input_file id="fl-144">
         <path>c:\ti\ccsv6\tools\compiler\arm_5.1.6\lib\</path>
         <kind>archive</kind>
         <file>rtsv7M4_T_le_v4SPD16_eabi.lib</file>
         <name>_lock.obj</name>
      </input_file>
      <input_file id="fl-145">
         <path>c:\ti\ccsv6\tools\compiler\arm_5.1.6\lib\</path>
         <kind>archive</kind>
         <file>rtsv7M4_T_le_v4SPD16_eabi.lib</file>
         <name>_printfi.obj</name>
      </input_file>
      <input_file id="fl-146">
         <path>c:\ti\ccsv6\tools\compiler\arm_5.1.6\lib\</path>
         <kind>archive</kind>
         <file>rtsv7M4_T_le_v4SPD16_eabi.lib</file>
         <name>args_main.obj</name>
      </input_file>
      <input_file id="fl-147">
         <path>c:\ti\ccsv6\tools\compiler\arm_5.1.6\lib\</path>
         <kind>archive</kind>
         <file>rtsv7M4_T_le_v4SPD16_eabi.lib</file>
         <name>atoi.obj</name>
      </input_file>
      <input_file id="fl-148">
         <path>c:\ti\ccsv6\tools\compiler\arm_5.1.6\lib\</path>
         <kind>archive</kind>
         <file>rtsv7M4_T_le_v4SPD16_eabi.lib</file>
         <name>auto_init.obj</name>
      </input_file>
      <input_file id="fl-149">
         <path>c:\ti\ccsv6\tools\compiler\arm_5.1.6\lib\</path>
         <kind>archive</kind>
         <file>rtsv7M4_T_le_v4SPD16_eabi.lib</file>
         <name>cpy_tbl.obj</name>
      </input_file>
      <input_file id="fl-14a">
         <path>c:\ti\ccsv6\tools\compiler\arm_5.1.6\lib\</path>
         <kind>archive</kind>
         <file>rtsv7M4_T_le_v4SPD16_eabi.lib</file>
         <name>ctype.obj</name>
      </input_file>
      <input_file id="fl-14b">
         <path>c:\ti\ccsv6\tools\compiler\arm_5.1.6\lib\</path>
         <kind>archive</kind>
         <file>rtsv7M4_T_le_v4SPD16_eabi.lib</file>
         <name>fd_add_t2.obj</name>
      </input_file>
      <input_file id="fl-14c">
         <path>c:\ti\ccsv6\tools\compiler\arm_5.1.6\lib\</path>
         <kind>archive</kind>
         <file>rtsv7M4_T_le_v4SPD16_eabi.lib</file>
         <name>fd_cmp_t2.obj</name>
      </input_file>
      <input_file id="fl-14d">
         <path>c:\ti\ccsv6\tools\compiler\arm_5.1.6\lib\</path>
         <kind>archive</kind>
         <file>rtsv7M4_T_le_v4SPD16_eabi.lib</file>
         <name>fd_div_t2.obj</name>
      </input_file>
      <input_file id="fl-14e">
         <path>c:\ti\ccsv6\tools\compiler\arm_5.1.6\lib\</path>
         <kind>archive</kind>
         <file>rtsv7M4_T_le_v4SPD16_eabi.lib</file>
         <name>fd_mul_t2.obj</name>
      </input_file>
      <input_file id="fl-14f">
         <path>c:\ti\ccsv6\tools\compiler\arm_5.1.6\lib\</path>
         <kind>archive</kind>
         <file>rtsv7M4_T_le_v4SPD16_eabi.lib</file>
         <name>fd_toi_t2.obj</name>
      </input_file>
      <input_file id="fl-150">
         <path>c:\ti\ccsv6\tools\compiler\arm_5.1.6\lib\</path>
         <kind>archive</kind>
         <file>rtsv7M4_T_le_v4SPD16_eabi.lib</file>
         <name>i_tofd_t2.obj</name>
      </input_file>
      <input_file id="fl-151">
         <path>c:\ti\ccsv6\tools\compiler\arm_5.1.6\lib\</path>
         <kind>archive</kind>
         <file>rtsv7M4_T_le_v4SPD16_eabi.lib</file>
         <name>ll_mul_t2.obj</name>
      </input_file>
      <input_file id="fl-152">
         <path>c:\ti\ccsv6\tools\compiler\arm_5.1.6\lib\</path>
         <kind>archive</kind>
         <file>rtsv7M4_T_le_v4SPD16_eabi.lib</file>
         <name>ltoa.obj</name>
      </input_file>
      <input_file id="fl-153">
         <path>c:\ti\ccsv6\tools\compiler\arm_5.1.6\lib\</path>
         <kind>archive</kind>
         <file>rtsv7M4_T_le_v4SPD16_eabi.lib</file>
         <name>memccpy.obj</name>
      </input_file>
      <input_file id="fl-154">
         <path>c:\ti\ccsv6\tools\compiler\arm_5.1.6\lib\</path>
         <kind>archive</kind>
         <file>rtsv7M4_T_le_v4SPD16_eabi.lib</file>
         <name>ull_div_t2.obj</name>
      </input_file>
      <input_file id="fl-155">
         <path>c:\ti\ccsv6\tools\compiler\arm_5.1.6\lib\</path>
         <kind>archive</kind>
         <file>rtsv7M4_T_le_v4SPD16_eabi.lib</file>
         <name>xdclass.obj</name>
      </input_file>
      <input_file id="fl-156">
         <path>c:\ti\ccsv6\tools\compiler\arm_5.1.6\lib\</path>
         <kind>archive</kind>
         <file>rtsv7M4_T_le_v4SPD16_eabi.lib</file>
         <name>xdtest.obj</name>
      </input_file>
      <input_file id="fl-157">
         <path>C:\ti\CC3200SDK_1.0.0\cc3200-sdk\example\file_download\ccs\\..\..\..\driverlib\ccs\Release\</path>
         <kind>archive</kind>
         <file>driverlib.a</file>
         <name>interrupt.obj</name>
      </input_file>
      <input_file id="fl-158">
         <path>C:\ti\CC3200SDK_1.0.0\cc3200-sdk\example\file_download\ccs\\..\..\..\driverlib\ccs\Release\</path>
         <kind>archive</kind>
         <file>driverlib.a</file>
         <name>pin.obj</name>
      </input_file>
      <input_file id="fl-159">
         <path>C:\ti\CC3200SDK_1.0.0\cc3200-sdk\example\file_download\ccs\\..\..\..\driverlib\ccs\Release\</path>
         <kind>archive</kind>
         <file>driverlib.a</file>
         <name>prcm.obj</name>
      </input_file>
      <input_file id="fl-15a">
         <path>C:\ti\CC3200SDK_1.0.0\cc3200-sdk\example\file_download\ccs\\..\..\..\driverlib\ccs\Release\</path>
         <kind>archive</kind>
         <file>driverlib.a</file>
         <name>uart.obj</name>
      </input_file>
      <input_file id="fl-15b">
         <path>C:\ti\CC3200SDK_1.0.0\cc3200-sdk\example\file_download\ccs\\..\..\..\driverlib\ccs\Release\</path>
         <kind>archive</kind>
         <file>driverlib.a</file>
         <name>utils.obj</name>
      </input_file>
      <input_file id="fl-15c">
         <path>C:\ti\CC3200SDK_1.0.0\cc3200-sdk\example\file_download\ccs\\..\..\..\driverlib\ccs\Release\</path>
         <kind>archive</kind>
         <file>driverlib.a</file>
         <name>cpu.obj</name>
      </input_file>
      <input_file id="fl-15d">
         <path>C:\ti\CC3200SDK_1.0.0\cc3200-sdk\example\file_download\ccs\\..\..\..\driverlib\ccs\Release\</path>
         <kind>archive</kind>
         <file>driverlib.a</file>
         <name>flash.obj</name>
      </input_file>
      <input_file id="fl-15e">
         <path>C:\ti\CC3200SDK_1.0.0\cc3200-sdk\example\file_download\ccs\\..\..\..\simplelink\ccs\NON_OS\</path>
         <kind>archive</kind>
         <file>simplelink.a</file>
         <name>device.obj</name>
      </input_file>
      <input_file id="fl-15f">
         <path>C:\ti\CC3200SDK_1.0.0\cc3200-sdk\example\file_download\ccs\\..\..\..\simplelink\ccs\NON_OS\</path>
         <kind>archive</kind>
         <file>simplelink.a</file>
         <name>driver.obj</name>
      </input_file>
      <input_file id="fl-160">
         <path>C:\ti\CC3200SDK_1.0.0\cc3200-sdk\example\file_download\ccs\\..\..\..\simplelink\ccs\NON_OS\</path>
         <kind>archive</kind>
         <file>simplelink.a</file>
         <name>flowcont.obj</name>
      </input_file>
      <input_file id="fl-161">
         <path>C:\ti\CC3200SDK_1.0.0\cc3200-sdk\example\file_download\ccs\\..\..\..\simplelink\ccs\NON_OS\</path>
         <kind>archive</kind>
         <file>simplelink.a</file>
         <name>fs.obj</name>
      </input_file>
      <input_file id="fl-162">
         <path>C:\ti\CC3200SDK_1.0.0\cc3200-sdk\example\file_download\ccs\\..\..\..\simplelink\ccs\NON_OS\</path>
         <kind>archive</kind>
         <file>simplelink.a</file>
         <name>netapp.obj</name>
      </input_file>
      <input_file id="fl-163">
         <path>C:\ti\CC3200SDK_1.0.0\cc3200-sdk\example\file_download\ccs\\..\..\..\simplelink\ccs\NON_OS\</path>
         <kind>archive</kind>
         <file>simplelink.a</file>
         <name>netcfg.obj</name>
      </input_file>
      <input_file id="fl-164">
         <path>C:\ti\CC3200SDK_1.0.0\cc3200-sdk\example\file_download\ccs\\..\..\..\simplelink\ccs\NON_OS\</path>
         <kind>archive</kind>
         <file>simplelink.a</file>
         <name>nonos.obj</name>
      </input_file>
      <input_file id="fl-165">
         <path>C:\ti\CC3200SDK_1.0.0\cc3200-sdk\example\file_download\ccs\\..\..\..\simplelink\ccs\NON_OS\</path>
         <kind>archive</kind>
         <file>simplelink.a</file>
         <name>socket.obj</name>
      </input_file>
      <input_file id="fl-166">
         <path>C:\ti\CC3200SDK_1.0.0\cc3200-sdk\example\file_download\ccs\\..\..\..\simplelink\ccs\NON_OS\</path>
         <kind>archive</kind>
         <file>simplelink.a</file>
         <name>wlan.obj</name>
      </input_file>
      <input_file id="fl-167">
         <path>C:\ti\CC3200SDK_1.0.0\cc3200-sdk\example\file_download\ccs\\..\..\..\simplelink\ccs\NON_OS\</path>
         <kind>archive</kind>
         <file>simplelink.a</file>
         <name>cc_pal.obj</name>
      </input_file>
      <input_file id="fl-168">
         <path>c:\ti\ccsv6\tools\compiler\arm_5.1.6\lib\</path>
         <kind>archive</kind>
         <file>rtsv7M4_T_le_v4SPD16_eabi.lib</file>
         <name>ll_lsr_t2.obj</name>
      </input_file>
      <input_file id="fl-169">
         <path>C:\ti\CC3200SDK_1.0.0\cc3200-sdk\example\file_download\ccs\\..\..\..\driverlib\ccs\Release\</path>
         <kind>archive</kind>
         <file>driverlib.a</file>
         <name>spi.obj</name>
      </input_file>
      <input_file id="fl-16a">
         <path>C:\ti\CC3200SDK_1.0.0\cc3200-sdk\example\file_download\ccs\\..\..\..\driverlib\ccs\Release\</path>
         <kind>archive</kind>
         <file>driverlib.a</file>
         <name>udma.obj</name>
      </input_file>
   </input_file_list>
   <object_component_list>
      <object_component id="oc-e">
         <name>.intvecs</name>
         <load_address>0x20004000</load_address>
         <run_address>0x20004000</run_address>
         <size>0x400</size>
         <input_file_ref idref="fl-4"/>
      </object_component>
      <object_component id="oc-7d">
         <name>.text</name>
         <load_address>0x20004400</load_address>
         <run_address>0x20004400</run_address>
         <size>0x158c</size>
         <input_file_ref idref="fl-2"/>
      </object_component>
      <object_component id="oc-370">
         <name>.text</name>
         <load_address>0x2000598c</load_address>
         <run_address>0x2000598c</run_address>
         <size>0xec0</size>
         <input_file_ref idref="fl-145"/>
      </object_component>
      <object_component id="oc-1fd">
         <name>.text</name>
         <load_address>0x2000684c</load_address>
         <run_address>0x2000684c</run_address>
         <size>0x3cc</size>
         <input_file_ref idref="fl-13c"/>
      </object_component>
      <object_component id="oc-54c">
         <name>.text:_SlDrvMsgRead</name>
         <load_address>0x20006c18</load_address>
         <run_address>0x20006c18</run_address>
         <size>0x3b4</size>
         <input_file_ref idref="fl-15f"/>
      </object_component>
      <object_component id="oc-552">
         <name>.text:_SlAsyncEventGenericHandler</name>
         <load_address>0x20006fcc</load_address>
         <run_address>0x20006fcc</run_address>
         <size>0x34c</size>
         <input_file_ref idref="fl-15f"/>
      </object_component>
      <object_component id="oc-b0">
         <name>.text</name>
         <load_address>0x20007318</load_address>
         <run_address>0x20007318</run_address>
         <size>0x26c</size>
         <input_file_ref idref="fl-5"/>
      </object_component>
      <object_component id="oc-4c2">
         <name>.text</name>
         <load_address>0x20007584</load_address>
         <run_address>0x20007584</run_address>
         <size>0x1f4</size>
         <input_file_ref idref="fl-154"/>
      </object_component>
      <object_component id="oc-4f0">
         <name>.text</name>
         <load_address>0x20007778</load_address>
         <run_address>0x20007778</run_address>
         <size>0x1b6</size>
         <input_file_ref idref="fl-14b"/>
      </object_component>
      <object_component id="oc-541">
         <name>.text:IntDefaultHandler</name>
         <load_address>0x2000792e</load_address>
         <run_address>0x2000792e</run_address>
         <size>0x2</size>
         <input_file_ref idref="fl-157"/>
      </object_component>
      <object_component id="oc-11f">
         <name>.text:sl_WlanConnect</name>
         <load_address>0x20007930</load_address>
         <run_address>0x20007930</run_address>
         <size>0x19c</size>
         <input_file_ref idref="fl-166"/>
      </object_component>
      <object_component id="oc-2eb">
         <name>.text:_SlDrvDataReadOp</name>
         <load_address>0x20007acc</load_address>
         <run_address>0x20007acc</run_address>
         <size>0x17c</size>
         <input_file_ref idref="fl-15f"/>
      </object_component>
      <object_component id="oc-2fc">
         <name>.text:_SlDrvDataWriteOp</name>
         <load_address>0x20007c48</load_address>
         <run_address>0x20007c48</run_address>
         <size>0x140</size>
         <input_file_ref idref="fl-15f"/>
      </object_component>
      <object_component id="oc-5d0">
         <name>.text:_SlDrvRxHdrRead</name>
         <load_address>0x20007d88</load_address>
         <run_address>0x20007d88</run_address>
         <size>0x140</size>
         <input_file_ref idref="fl-15f"/>
      </object_component>
      <object_component id="oc-4d6">
         <name>.text</name>
         <load_address>0x20007ec8</load_address>
         <run_address>0x20007ec8</run_address>
         <size>0x136</size>
         <input_file_ref idref="fl-14d"/>
      </object_component>
      <object_component id="oc-19b">
         <name>.text:PRCMCC3200MCUInit</name>
         <load_address>0x20008000</load_address>
         <run_address>0x20008000</run_address>
         <size>0x134</size>
         <input_file_ref idref="fl-159"/>
      </object_component>
      <object_component id="oc-233">
         <name>.text:spi_Open</name>
         <load_address>0x20008134</load_address>
         <run_address>0x20008134</run_address>
         <size>0x128</size>
         <input_file_ref idref="fl-167"/>
      </object_component>
      <object_component id="oc-239">
         <name>.text:_SlDrvWaitForPoolObj</name>
         <load_address>0x2000825c</load_address>
         <run_address>0x2000825c</run_address>
         <size>0x118</size>
         <input_file_ref idref="fl-15f"/>
      </object_component>
      <object_component id="oc-448">
         <name>.text:_SlDrvMsgWrite</name>
         <load_address>0x20008374</load_address>
         <run_address>0x20008374</run_address>
         <size>0x114</size>
         <input_file_ref idref="fl-15f"/>
      </object_component>
      <object_component id="oc-25d">
         <name>.text:_SlDrvReleasePoolObj</name>
         <load_address>0x20008488</load_address>
         <run_address>0x20008488</run_address>
         <size>0x10c</size>
         <input_file_ref idref="fl-15f"/>
      </object_component>
      <object_component id="oc-4d1">
         <name>.text</name>
         <load_address>0x20008594</load_address>
         <run_address>0x20008594</run_address>
         <size>0xfc</size>
         <input_file_ref idref="fl-14e"/>
      </object_component>
      <object_component id="oc-602">
         <name>.text:uDMAChannelTransferSet</name>
         <load_address>0x20008690</load_address>
         <run_address>0x20008690</run_address>
         <size>0xf0</size>
         <input_file_ref idref="fl-16a"/>
      </object_component>
      <object_component id="oc-137">
         <name>.text:sl_Connect</name>
         <load_address>0x20008780</load_address>
         <run_address>0x20008780</run_address>
         <size>0xec</size>
         <input_file_ref idref="fl-165"/>
      </object_component>
      <object_component id="oc-559">
         <name>.text:spi_Write</name>
         <load_address>0x2000886c</load_address>
         <run_address>0x2000886c</run_address>
         <size>0xec</size>
         <input_file_ref idref="fl-167"/>
      </object_component>
      <object_component id="oc-183">
         <name>.text:sl_NetAppDnsGetHostByName</name>
         <load_address>0x20008958</load_address>
         <run_address>0x20008958</run_address>
         <size>0xdc</size>
         <input_file_ref idref="fl-162"/>
      </object_component>
      <object_component id="oc-dc">
         <name>.text:sl_Stop</name>
         <load_address>0x20008a34</load_address>
         <run_address>0x20008a34</run_address>
         <size>0xcc</size>
         <input_file_ref idref="fl-15e"/>
      </object_component>
      <object_component id="oc-5dc">
         <name>.text:spi_Read</name>
         <load_address>0x20008b00</load_address>
         <run_address>0x20008b00</run_address>
         <size>0xcc</size>
         <input_file_ref idref="fl-167"/>
      </object_component>
      <object_component id="oc-ca">
         <name>.text:sl_Start</name>
         <load_address>0x20008bcc</load_address>
         <run_address>0x20008bcc</run_address>
         <size>0xc8</size>
         <input_file_ref idref="fl-15e"/>
      </object_component>
      <object_component id="oc-44e">
         <name>.text:_SlDrvMsgReadCmdCtx</name>
         <load_address>0x20008c94</load_address>
         <run_address>0x20008c94</run_address>
         <size>0xbc</size>
         <input_file_ref idref="fl-15f"/>
      </object_component>
      <object_component id="oc-63f">
         <name>.text:_SlDrvNetAppEventHandler</name>
         <load_address>0x20008d50</load_address>
         <run_address>0x20008d50</run_address>
         <size>0xb2</size>
         <input_file_ref idref="fl-162"/>
      </object_component>
      <object_component id="oc-156">
         <name>.text:sl_Send</name>
         <load_address>0x20008e04</load_address>
         <run_address>0x20008e04</run_address>
         <size>0xb0</size>
         <input_file_ref idref="fl-165"/>
      </object_component>
      <object_component id="oc-407">
         <name>.text:IntDisable</name>
         <load_address>0x20008eb4</load_address>
         <run_address>0x20008eb4</run_address>
         <size>0xa8</size>
         <input_file_ref idref="fl-157"/>
      </object_component>
      <object_component id="oc-195">
         <name>.text:IntEnable</name>
         <load_address>0x20008f5c</load_address>
         <run_address>0x20008f5c</run_address>
         <size>0xa8</size>
         <input_file_ref idref="fl-157"/>
      </object_component>
      <object_component id="oc-3ac">
         <name>.text:SPIConfigSetExpClk</name>
         <load_address>0x20009004</load_address>
         <run_address>0x20009004</run_address>
         <size>0xa0</size>
         <input_file_ref idref="fl-169"/>
      </object_component>
      <object_component id="oc-4a">
         <name>.text</name>
         <load_address>0x200090a4</load_address>
         <run_address>0x200090a4</run_address>
         <size>0x9c</size>
         <input_file_ref idref="fl-13a"/>
      </object_component>
      <object_component id="oc-5e2">
         <name>.text:_SlFindAndSetActiveObj</name>
         <load_address>0x20009140</load_address>
         <run_address>0x20009140</run_address>
         <size>0x98</size>
         <input_file_ref idref="fl-15f"/>
      </object_component>
      <object_component id="oc-1d9">
         <name>.text:PRCMPeripheralClockGet</name>
         <load_address>0x200091d8</load_address>
         <run_address>0x200091d8</run_address>
         <size>0x94</size>
         <input_file_ref idref="fl-159"/>
      </object_component>
      <object_component id="oc-5d6">
         <name>.text:_SlDrvClassifyRxMsg</name>
         <load_address>0x2000926c</load_address>
         <run_address>0x2000926c</run_address>
         <size>0x94</size>
         <input_file_ref idref="fl-15f"/>
      </object_component>
      <object_component id="oc-436">
         <name>.text:_SlDrvMsgReadSpawnCtx</name>
         <load_address>0x20009300</load_address>
         <run_address>0x20009300</run_address>
         <size>0x94</size>
         <input_file_ref idref="fl-15f"/>
      </object_component>
      <object_component id="oc-35">
         <name>.text</name>
         <load_address>0x20009394</load_address>
         <run_address>0x20009394</run_address>
         <size>0x94</size>
         <input_file_ref idref="fl-148"/>
      </object_component>
      <object_component id="oc-22d">
         <name>.text:_SlDrvDriverCBInit</name>
         <load_address>0x20009428</load_address>
         <run_address>0x20009428</run_address>
         <size>0x90</size>
         <input_file_ref idref="fl-15f"/>
      </object_component>
      <object_component id="oc-177">
         <name>.text:sl_FsWrite</name>
         <load_address>0x200094b8</load_address>
         <run_address>0x200094b8</run_address>
         <size>0x8c</size>
         <input_file_ref idref="fl-161"/>
      </object_component>
      <object_component id="oc-4b9">
         <name>.text:PinConfigSet</name>
         <load_address>0x20009544</load_address>
         <run_address>0x20009544</run_address>
         <size>0x88</size>
         <input_file_ref idref="fl-158"/>
      </object_component>
      <object_component id="oc-27f">
         <name>.text:_SlDrvCmdOp</name>
         <load_address>0x200095cc</load_address>
         <run_address>0x200095cc</run_address>
         <size>0x88</size>
         <input_file_ref idref="fl-15f"/>
      </object_component>
      <object_component id="oc-1eb">
         <name>.text</name>
         <load_address>0x20009654</load_address>
         <run_address>0x20009654</run_address>
         <size>0x88</size>
         <input_file_ref idref="fl-143"/>
      </object_component>
      <object_component id="oc-2c0">
         <name>.text:sl_NetAppMDNSRegisterUnregisterService</name>
         <load_address>0x200096dc</load_address>
         <run_address>0x200096dc</run_address>
         <size>0x88</size>
         <input_file_ref idref="fl-162"/>
      </object_component>
      <object_component id="oc-4cc">
         <name>.text:__aeabi_cdcmple</name>
         <load_address>0x20009764</load_address>
         <run_address>0x20009764</run_address>
         <size>0x86</size>
         <input_file_ref idref="fl-14c"/>
      </object_component>
      <object_component id="oc-4db">
         <name>.text:__aeabi_cdrcmple</name>
         <load_address>0x200097ea</load_address>
         <run_address>0x200097ea</run_address>
         <size>0x86</size>
         <input_file_ref idref="fl-14c"/>
      </object_component>
      <object_component id="oc-57e">
         <name>.text:_sl_HandleAsync_DnsGetHostByName</name>
         <load_address>0x20009870</load_address>
         <run_address>0x20009870</run_address>
         <size>0x84</size>
         <input_file_ref idref="fl-162"/>
      </object_component>
      <object_component id="oc-227">
         <name>.text:NwpPowerOnPreamble</name>
         <load_address>0x200098f4</load_address>
         <run_address>0x200098f4</run_address>
         <size>0x80</size>
         <input_file_ref idref="fl-167"/>
      </object_component>
      <object_component id="oc-e2">
         <name>.text:sl_DevGet</name>
         <load_address>0x20009974</load_address>
         <run_address>0x20009974</run_address>
         <size>0x7c</size>
         <input_file_ref idref="fl-15e"/>
      </object_component>
      <object_component id="oc-17d">
         <name>.text:sl_FsClose</name>
         <load_address>0x200099f0</load_address>
         <run_address>0x200099f0</run_address>
         <size>0x7c</size>
         <input_file_ref idref="fl-161"/>
      </object_component>
      <object_component id="oc-64c">
         <name>.text:SetupDMAReceive</name>
         <load_address>0x20009a6c</load_address>
         <run_address>0x20009a6c</run_address>
         <size>0x78</size>
         <input_file_ref idref="fl-167"/>
      </object_component>
      <object_component id="oc-670">
         <name>.text:_sl_HandleAsync_InitComplete</name>
         <load_address>0x20009ae4</load_address>
         <run_address>0x20009ae4</run_address>
         <size>0x78</size>
         <input_file_ref idref="fl-15e"/>
      </object_component>
      <object_component id="oc-58a">
         <name>.text:_sl_HandleAsync_PingResponse</name>
         <load_address>0x20009b5c</load_address>
         <run_address>0x20009b5c</run_address>
         <size>0x78</size>
         <input_file_ref idref="fl-162"/>
      </object_component>
      <object_component id="oc-b6">
         <name>.text</name>
         <load_address>0x20009bd4</load_address>
         <run_address>0x20009bd4</run_address>
         <size>0x78</size>
         <input_file_ref idref="fl-13d"/>
      </object_component>
      <object_component id="oc-1df">
         <name>.text:UARTConfigSetExpClk</name>
         <load_address>0x20009c4c</load_address>
         <run_address>0x20009c4c</run_address>
         <size>0x76</size>
         <input_file_ref idref="fl-15a"/>
      </object_component>
      <object_component id="oc-290">
         <name>.text:spi_Close</name>
         <load_address>0x20009cc4</load_address>
         <run_address>0x20009cc4</run_address>
         <size>0x74</size>
         <input_file_ref idref="fl-167"/>
      </object_component>
      <object_component id="oc-2f6">
         <name>.text:_sl_TruncatePayloadByProtocol</name>
         <load_address>0x20009d38</load_address>
         <run_address>0x20009d38</run_address>
         <size>0x6e</size>
         <input_file_ref idref="fl-165"/>
      </object_component>
      <object_component id="oc-572">
         <name>.text:_sl_HandleAsync_Connect</name>
         <load_address>0x20009da8</load_address>
         <run_address>0x20009da8</run_address>
         <size>0x6c</size>
         <input_file_ref idref="fl-165"/>
      </object_component>
      <object_component id="oc-56c">
         <name>.text:_sl_HandleAsync_Accept</name>
         <load_address>0x20009e14</load_address>
         <run_address>0x20009e14</run_address>
         <size>0x68</size>
         <input_file_ref idref="fl-165"/>
      </object_component>
      <object_component id="oc-584">
         <name>.text:_sl_HandleAsync_DnsGetHostByService</name>
         <load_address>0x20009e7c</load_address>
         <run_address>0x20009e7c</run_address>
         <size>0x68</size>
         <input_file_ref idref="fl-162"/>
      </object_component>
      <object_component id="oc-171">
         <name>.text:_sl_GetCreateFsMode</name>
         <load_address>0x20009ee4</load_address>
         <run_address>0x20009ee4</run_address>
         <size>0x64</size>
         <input_file_ref idref="fl-161"/>
      </object_component>
      <object_component id="oc-3be">
         <name>.text:uDMAChannelAttributeDisable</name>
         <load_address>0x20009f48</load_address>
         <run_address>0x20009f48</run_address>
         <size>0x64</size>
         <input_file_ref idref="fl-16a"/>
      </object_component>
      <object_component id="oc-5fc">
         <name>.text:uDMAChannelAttributeEnable</name>
         <load_address>0x20009fac</load_address>
         <run_address>0x20009fac</run_address>
         <size>0x64</size>
         <input_file_ref idref="fl-16a"/>
      </object_component>
      <object_component id="oc-296">
         <name>.text:_SlDrvDriverCBDeinit</name>
         <load_address>0x2000a010</load_address>
         <run_address>0x2000a010</run_address>
         <size>0x60</size>
         <input_file_ref idref="fl-15f"/>
      </object_component>
      <object_component id="oc-5d">
         <name>.text</name>
         <load_address>0x2000a070</load_address>
         <run_address>0x2000a070</run_address>
         <size>0x5e</size>
         <input_file_ref idref="fl-136"/>
      </object_component>
      <object_component id="oc-578">
         <name>.text:_sl_HandleAsync_Select</name>
         <load_address>0x2000a0d0</load_address>
         <run_address>0x2000a0d0</run_address>
         <size>0x5c</size>
         <input_file_ref idref="fl-165"/>
      </object_component>
      <object_component id="oc-4e5">
         <name>.text</name>
         <load_address>0x2000a12c</load_address>
         <run_address>0x2000a12c</run_address>
         <size>0x5a</size>
         <input_file_ref idref="fl-152"/>
      </object_component>
      <object_component id="oc-413">
         <name>.text:IntPendClear</name>
         <load_address>0x2000a188</load_address>
         <run_address>0x2000a188</run_address>
         <size>0x58</size>
         <input_file_ref idref="fl-157"/>
      </object_component>
      <object_component id="oc-344">
         <name>.text:PRCMPeripheralReset</name>
         <load_address>0x2000a1e0</load_address>
         <run_address>0x2000a1e0</run_address>
         <size>0x58</size>
         <input_file_ref idref="fl-159"/>
      </object_component>
      <object_component id="oc-590">
         <name>.text:_sl_HandleAsync_Stop</name>
         <load_address>0x2000a238</load_address>
         <run_address>0x2000a238</run_address>
         <size>0x58</size>
         <input_file_ref idref="fl-15e"/>
      </object_component>
      <object_component id="oc-3dc">
         <name>.text:IntPrioritySet</name>
         <load_address>0x2000a290</load_address>
         <run_address>0x2000a290</run_address>
         <size>0x54</size>
         <input_file_ref idref="fl-157"/>
      </object_component>
      <object_component id="oc-16b">
         <name>.text:sl_FsOpen</name>
         <load_address>0x2000a2e4</load_address>
         <run_address>0x2000a2e4</run_address>
         <size>0x54</size>
         <input_file_ref idref="fl-161"/>
      </object_component>
      <object_component id="oc-669">
         <name>.text:sl_NetAppSendTokenValue</name>
         <load_address>0x2000a338</load_address>
         <run_address>0x2000a338</run_address>
         <size>0x54</size>
         <input_file_ref idref="fl-162"/>
      </object_component>
      <object_component id="oc-3e2">
         <name>.text:SPIIntEnable</name>
         <load_address>0x2000a38c</load_address>
         <run_address>0x2000a38c</run_address>
         <size>0x4c</size>
         <input_file_ref idref="fl-169"/>
      </object_component>
      <object_component id="oc-561">
         <name>.text:SPIIntNumberGet</name>
         <load_address>0x2000a3d8</load_address>
         <run_address>0x2000a3d8</run_address>
         <size>0x4c</size>
         <input_file_ref idref="fl-169"/>
      </object_component>
      <object_component id="oc-501">
         <name>.text</name>
         <load_address>0x2000a424</load_address>
         <run_address>0x2000a424</run_address>
         <size>0x4c</size>
         <input_file_ref idref="fl-147"/>
      </object_component>
      <object_component id="oc-3b8">
         <name>.text:uDMAChannelAssign</name>
         <load_address>0x2000a470</load_address>
         <run_address>0x2000a470</run_address>
         <size>0x4c</size>
         <input_file_ref idref="fl-16a"/>
      </object_component>
      <object_component id="oc-263">
         <name>.text:_sl_GetStartResponseConvert</name>
         <load_address>0x2000a4bc</load_address>
         <run_address>0x2000a4bc</run_address>
         <size>0x4a</size>
         <input_file_ref idref="fl-15e"/>
      </object_component>
      <object_component id="oc-534">
         <name>.text:SPIIntClear</name>
         <load_address>0x2000a508</load_address>
         <run_address>0x2000a508</run_address>
         <size>0x48</size>
         <input_file_ref idref="fl-169"/>
      </object_component>
      <object_component id="oc-11">
         <name>.text</name>
         <load_address>0x2000a550</load_address>
         <run_address>0x2000a550</run_address>
         <size>0x48</size>
         <input_file_ref idref="fl-134"/>
      </object_component>
      <object_component id="oc-4e0">
         <name>.text</name>
         <load_address>0x2000a598</load_address>
         <run_address>0x2000a598</run_address>
         <size>0x48</size>
         <input_file_ref idref="fl-14f"/>
      </object_component>
      <object_component id="oc-100">
         <name>.text:sl_WlanSet</name>
         <load_address>0x2000a5e0</load_address>
         <run_address>0x2000a5e0</run_address>
         <size>0x48</size>
         <input_file_ref idref="fl-166"/>
      </object_component>
      <object_component id="oc-52a">
         <name>.text:SPIDmaMaskGet</name>
         <load_address>0x2000a628</load_address>
         <run_address>0x2000a628</run_address>
         <size>0x44</size>
         <input_file_ref idref="fl-169"/>
      </object_component>
      <object_component id="oc-76">
         <name>.text</name>
         <load_address>0x2000a66c</load_address>
         <run_address>0x2000a66c</run_address>
         <size>0x44</size>
         <input_file_ref idref="fl-149"/>
      </object_component>
      <object_component id="oc-40">
         <name>.text</name>
         <load_address>0x2000a6b0</load_address>
         <run_address>0x2000a6b0</run_address>
         <size>0x44</size>
         <input_file_ref idref="fl-138"/>
      </object_component>
      <object_component id="oc-5b3">
         <name>.text</name>
         <load_address>0x2000a6f4</load_address>
         <run_address>0x2000a6f4</run_address>
         <size>0x44</size>
         <input_file_ref idref="fl-156"/>
      </object_component>
      <object_component id="oc-fa">
         <name>.text:sl_NetCfgSet</name>
         <load_address>0x2000a738</load_address>
         <run_address>0x2000a738</run_address>
         <size>0x44</size>
         <input_file_ref idref="fl-163"/>
      </object_component>
      <object_component id="oc-144">
         <name>.text:sl_Recv</name>
         <load_address>0x2000a77c</load_address>
         <run_address>0x2000a77c</run_address>
         <size>0x44</size>
         <input_file_ref idref="fl-165"/>
      </object_component>
      <object_component id="oc-4b3">
         <name>.text:PinModeSet</name>
         <load_address>0x2000a7c0</load_address>
         <run_address>0x2000a7c0</run_address>
         <size>0x40</size>
         <input_file_ref idref="fl-158"/>
      </object_component>
      <object_component id="oc-26c">
         <name>.text:_SlDrvRxIrqHandler</name>
         <load_address>0x2000a800</load_address>
         <run_address>0x2000a800</run_address>
         <size>0x40</size>
         <input_file_ref idref="fl-15f"/>
      </object_component>
      <object_component id="oc-d0">
         <name>.text:_SlNonOsMainLoopTask</name>
         <load_address>0x2000a840</load_address>
         <run_address>0x2000a840</run_address>
         <size>0x40</size>
         <input_file_ref idref="fl-164"/>
      </object_component>
      <object_component id="oc-41b">
         <name>.text:_SlRemoveFromList</name>
         <load_address>0x2000a880</load_address>
         <run_address>0x2000a880</run_address>
         <size>0x40</size>
         <input_file_ref idref="fl-15f"/>
      </object_component>
      <object_component id="oc-e8">
         <name>.text:sl_WlanPolicySet</name>
         <load_address>0x2000a8c0</load_address>
         <run_address>0x2000a8c0</run_address>
         <size>0x40</size>
         <input_file_ref idref="fl-166"/>
      </object_component>
      <object_component id="oc-112">
         <name>.text:sl_WlanRxFilterSet</name>
         <load_address>0x2000a900</load_address>
         <run_address>0x2000a900</run_address>
         <size>0x40</size>
         <input_file_ref idref="fl-166"/>
      </object_component>
      <object_component id="oc-24b">
         <name>.text:NwpPowerOff</name>
         <load_address>0x2000a940</load_address>
         <run_address>0x2000a940</run_address>
         <size>0x3c</size>
         <input_file_ref idref="fl-167"/>
      </object_component>
      <object_component id="oc-33e">
         <name>.text:PRCMPeripheralClkEnable</name>
         <load_address>0x2000a97c</load_address>
         <run_address>0x2000a97c</run_address>
         <size>0x3c</size>
         <input_file_ref idref="fl-159"/>
      </object_component>
      <object_component id="oc-38d">
         <name>.text:_SlDrvObjInit</name>
         <load_address>0x2000a9b8</load_address>
         <run_address>0x2000a9b8</run_address>
         <size>0x3c</size>
         <input_file_ref idref="fl-15f"/>
      </object_component>
      <object_component id="oc-5f6">
         <name>.text:uDMAChannelControlSet</name>
         <load_address>0x2000a9f4</load_address>
         <run_address>0x2000a9f4</run_address>
         <size>0x3c</size>
         <input_file_ref idref="fl-16a"/>
      </object_component>
      <object_component id="oc-251">
         <name>.text:NwpRegisterInterruptHandler</name>
         <load_address>0x2000aa30</load_address>
         <run_address>0x2000aa30</run_address>
         <size>0x38</size>
         <input_file_ref idref="fl-167"/>
      </object_component>
      <object_component id="oc-12b">
         <name>.text:sl_Htonl</name>
         <load_address>0x2000aa68</load_address>
         <run_address>0x2000aa68</run_address>
         <size>0x38</size>
         <input_file_ref idref="fl-165"/>
      </object_component>
      <object_component id="oc-3b2">
         <name>.text:PRCMPeripheralStatusGet</name>
         <load_address>0x2000aaa0</load_address>
         <run_address>0x2000aaa0</run_address>
         <size>0x34</size>
         <input_file_ref idref="fl-159"/>
      </object_component>
      <object_component id="oc-3d0">
         <name>.text:SPIFIFOLevelSet</name>
         <load_address>0x2000aad4</load_address>
         <run_address>0x2000aad4</run_address>
         <size>0x34</size>
         <input_file_ref idref="fl-169"/>
      </object_component>
      <object_component id="oc-2ad">
         <name>.text:_SlDrvBasicCmd</name>
         <load_address>0x2000ab08</load_address>
         <run_address>0x2000ab08</run_address>
         <size>0x34</size>
         <input_file_ref idref="fl-15f"/>
      </object_component>
      <object_component id="oc-15c">
         <name>.text</name>
         <load_address>0x2000ab3c</load_address>
         <run_address>0x2000ab3c</run_address>
         <size>0x34</size>
         <input_file_ref idref="fl-142"/>
      </object_component>
      <object_component id="oc-125">
         <name>.text:sl_Htons</name>
         <load_address>0x2000ab70</load_address>
         <run_address>0x2000ab70</run_address>
         <size>0x34</size>
         <input_file_ref idref="fl-165"/>
      </object_component>
      <object_component id="oc-257">
         <name>.text:NwpPowerOn</name>
         <load_address>0x2000aba4</load_address>
         <run_address>0x2000aba4</run_address>
         <size>0x30</size>
         <input_file_ref idref="fl-167"/>
      </object_component>
      <object_component id="oc-362">
         <name>.text:UARTDisable</name>
         <load_address>0x2000abd4</load_address>
         <run_address>0x2000abd4</run_address>
         <size>0x30</size>
         <input_file_ref idref="fl-15a"/>
      </object_component>
      <object_component id="oc-46d">
         <name>.text:_SlDrvFlowContDeinit</name>
         <load_address>0x2000ac04</load_address>
         <run_address>0x2000ac04</run_address>
         <size>0x30</size>
         <input_file_ref idref="fl-160"/>
      </object_component>
      <object_component id="oc-393">
         <name>.text:_SlDrvFlowContInit</name>
         <load_address>0x2000ac34</load_address>
         <run_address>0x2000ac34</run_address>
         <size>0x30</size>
         <input_file_ref idref="fl-160"/>
      </object_component>
      <object_component id="oc-23f">
         <name>.text:_SlNonOsSemGet</name>
         <load_address>0x2000ac64</load_address>
         <run_address>0x2000ac64</run_address>
         <size>0x30</size>
         <input_file_ref idref="fl-164"/>
      </object_component>
      <object_component id="oc-131">
         <name>.text:sl_Socket</name>
         <load_address>0x2000ac94</load_address>
         <run_address>0x2000ac94</run_address>
         <size>0x30</size>
         <input_file_ref idref="fl-165"/>
      </object_component>
      <object_component id="oc-4eb">
         <name>.text</name>
         <load_address>0x2000acc4</load_address>
         <run_address>0x2000acc4</run_address>
         <size>0x2e</size>
         <input_file_ref idref="fl-150"/>
      </object_component>
      <object_component id="oc-350">
         <name>.text:PRCMSysResetCauseGet</name>
         <load_address>0x2000acf4</load_address>
         <run_address>0x2000acf4</run_address>
         <size>0x2c</size>
         <input_file_ref idref="fl-159"/>
      </object_component>
      <object_component id="oc-34a">
         <name>.text:PRCMPeripheralClkDisable</name>
         <load_address>0x2000ad20</load_address>
         <run_address>0x2000ad20</run_address>
         <size>0x28</size>
         <input_file_ref idref="fl-159"/>
      </object_component>
      <object_component id="oc-2de">
         <name>.text:_sl_BuildAddress</name>
         <load_address>0x2000ad48</load_address>
         <run_address>0x2000ad48</run_address>
         <size>0x28</size>
         <input_file_ref idref="fl-165"/>
      </object_component>
      <object_component id="oc-d6">
         <name>.text:sl_WlanSetMode</name>
         <load_address>0x2000ad70</load_address>
         <run_address>0x2000ad70</run_address>
         <size>0x28</size>
         <input_file_ref idref="fl-166"/>
      </object_component>
      <object_component id="oc-3f1">
         <name>.text:DmaSpiSwIntHandler</name>
         <load_address>0x2000ad98</load_address>
         <run_address>0x2000ad98</run_address>
         <size>0x24</size>
         <input_file_ref idref="fl-167"/>
      </object_component>
      <object_component id="oc-40d">
         <name>.text:IntUnregister</name>
         <load_address>0x2000adbc</load_address>
         <run_address>0x2000adbc</run_address>
         <size>0x24</size>
         <input_file_ref idref="fl-157"/>
      </object_component>
      <object_component id="oc-368">
         <name>.text:UARTEnable</name>
         <load_address>0x2000ade0</load_address>
         <run_address>0x2000ade0</run_address>
         <size>0x24</size>
         <input_file_ref idref="fl-15a"/>
      </object_component>
      <object_component id="oc-1f7">
         <name>.text</name>
         <load_address>0x2000ae04</load_address>
         <run_address>0x2000ae04</run_address>
         <size>0x24</size>
         <input_file_ref idref="fl-13b"/>
      </object_component>
      <object_component id="oc-13d">
         <name>.text:sl_Close</name>
         <load_address>0x2000ae28</load_address>
         <run_address>0x2000ae28</run_address>
         <size>0x24</size>
         <input_file_ref idref="fl-165"/>
      </object_component>
      <object_component id="oc-ee">
         <name>.text:sl_WlanProfileDel</name>
         <load_address>0x2000ae4c</load_address>
         <run_address>0x2000ae4c</run_address>
         <size>0x24</size>
         <input_file_ref idref="fl-166"/>
      </object_component>
      <object_component id="oc-3a6">
         <name>.text:SPIReset</name>
         <load_address>0x2000ae70</load_address>
         <run_address>0x2000ae70</run_address>
         <size>0x22</size>
         <input_file_ref idref="fl-169"/>
      </object_component>
      <object_component id="oc-60e">
         <name>.text:SPIWordCountSet</name>
         <load_address>0x2000ae92</load_address>
         <run_address>0x2000ae92</run_address>
         <size>0x22</size>
         <input_file_ref idref="fl-169"/>
      </object_component>
      <object_component id="oc-162">
         <name>.text</name>
         <load_address>0x2000aeb4</load_address>
         <run_address>0x2000aeb4</run_address>
         <size>0x22</size>
         <input_file_ref idref="fl-139"/>
      </object_component>
      <object_component id="oc-3d6">
         <name>.text:IntRegister</name>
         <load_address>0x2000aed8</load_address>
         <run_address>0x2000aed8</run_address>
         <size>0x20</size>
         <input_file_ref idref="fl-157"/>
      </object_component>
      <object_component id="oc-67f">
         <name>.text:_SlDrvCmdSend</name>
         <load_address>0x2000aef8</load_address>
         <run_address>0x2000aef8</run_address>
         <size>0x20</size>
         <input_file_ref idref="fl-15f"/>
      </object_component>
      <object_component id="oc-430">
         <name>.text:_SlNonOsSpawn</name>
         <load_address>0x2000af18</load_address>
         <run_address>0x2000af18</run_address>
         <size>0x20</size>
         <input_file_ref idref="fl-164"/>
      </object_component>
      <object_component id="oc-1e5">
         <name>.text:UARTCharPut</name>
         <load_address>0x2000af38</load_address>
         <run_address>0x2000af38</run_address>
         <size>0x1e</size>
         <input_file_ref idref="fl-15a"/>
      </object_component>
      <object_component id="oc-473">
         <name>.text:_SlDrvObjDeInit</name>
         <load_address>0x2000af58</load_address>
         <run_address>0x2000af58</run_address>
         <size>0x1c</size>
         <input_file_ref idref="fl-15f"/>
      </object_component>
      <object_component id="oc-1a2">
         <name>.text</name>
         <load_address>0x2000af74</load_address>
         <run_address>0x2000af74</run_address>
         <size>0x1c</size>
         <input_file_ref idref="fl-3"/>
      </object_component>
      <object_component id="oc-4fb">
         <name>.text</name>
         <load_address>0x2000af90</load_address>
         <run_address>0x2000af90</run_address>
         <size>0x1c</size>
         <input_file_ref idref="fl-153"/>
      </object_component>
      <object_component id="oc-608">
         <name>.text:uDMAChannelEnable</name>
         <load_address>0x2000afac</load_address>
         <run_address>0x2000afac</run_address>
         <size>0x1c</size>
         <input_file_ref idref="fl-16a"/>
      </object_component>
      <object_component id="oc-61f">
         <name>.text:CopyPingResultsToReport</name>
         <load_address>0x2000afc8</load_address>
         <run_address>0x2000afc8</run_address>
         <size>0x1a</size>
         <input_file_ref idref="fl-162"/>
      </object_component>
      <object_component id="oc-357">
         <name>.text:PinTypeUART</name>
         <load_address>0x2000afe2</load_address>
         <run_address>0x2000afe2</run_address>
         <size>0x1a</size>
         <input_file_ref idref="fl-158"/>
      </object_component>
      <object_component id="oc-465">
         <name>.text:SPIDmaDisable</name>
         <load_address>0x2000affc</load_address>
         <run_address>0x2000affc</run_address>
         <size>0x1a</size>
         <input_file_ref idref="fl-169"/>
      </object_component>
      <object_component id="oc-3ca">
         <name>.text:SPIDmaEnable</name>
         <load_address>0x2000b016</load_address>
         <run_address>0x2000b016</run_address>
         <size>0x1a</size>
         <input_file_ref idref="fl-169"/>
      </object_component>
      <object_component id="oc-45f">
         <name>.text:SPIFIFODisable</name>
         <load_address>0x2000b030</load_address>
         <run_address>0x2000b030</run_address>
         <size>0x1a</size>
         <input_file_ref idref="fl-169"/>
      </object_component>
      <object_component id="oc-3c4">
         <name>.text:SPIFIFOEnable</name>
         <load_address>0x2000b04a</load_address>
         <run_address>0x2000b04a</run_address>
         <size>0x1a</size>
         <input_file_ref idref="fl-169"/>
      </object_component>
      <object_component id="oc-459">
         <name>.text:SPIIntUnregister</name>
         <load_address>0x2000b064</load_address>
         <run_address>0x2000b064</run_address>
         <size>0x1a</size>
         <input_file_ref idref="fl-169"/>
      </object_component>
      <object_component id="oc-645">
         <name>.text:_SlDrvDeviceEventHandler</name>
         <load_address>0x2000b07e</load_address>
         <run_address>0x2000b07e</run_address>
         <size>0x1a</size>
         <input_file_ref idref="fl-15e"/>
      </object_component>
      <object_component id="oc-150">
         <name>.text</name>
         <load_address>0x2000b098</load_address>
         <run_address>0x2000b098</run_address>
         <size>0x1a</size>
         <input_file_ref idref="fl-13f"/>
      </object_component>
      <object_component id="oc-39a">
         <name>.text:SPICSDisable</name>
         <load_address>0x2000b0b2</load_address>
         <run_address>0x2000b0b2</run_address>
         <size>0x18</size>
         <input_file_ref idref="fl-169"/>
      </object_component>
      <object_component id="oc-5f0">
         <name>.text:SPICSEnable</name>
         <load_address>0x2000b0ca</load_address>
         <run_address>0x2000b0ca</run_address>
         <size>0x18</size>
         <input_file_ref idref="fl-169"/>
      </object_component>
      <object_component id="oc-3a0">
         <name>.text:SPIDisable</name>
         <load_address>0x2000b0e2</load_address>
         <run_address>0x2000b0e2</run_address>
         <size>0x18</size>
         <input_file_ref idref="fl-169"/>
      </object_component>
      <object_component id="oc-3e8">
         <name>.text:SPIEnable</name>
         <load_address>0x2000b0fa</load_address>
         <run_address>0x2000b0fa</run_address>
         <size>0x18</size>
         <input_file_ref idref="fl-169"/>
      </object_component>
      <object_component id="oc-3a">
         <name>.text</name>
         <load_address>0x2000b114</load_address>
         <run_address>0x2000b114</run_address>
         <size>0x18</size>
         <input_file_ref idref="fl-146"/>
      </object_component>
      <object_component id="oc-4c7">
         <name>.text</name>
         <load_address>0x2000b12c</load_address>
         <run_address>0x2000b12c</run_address>
         <size>0x18</size>
         <input_file_ref idref="fl-151"/>
      </object_component>
      <object_component id="oc-332">
         <name>.text:PRCMHIBRegRead</name>
         <load_address>0x2000b144</load_address>
         <run_address>0x2000b144</run_address>
         <size>0x16</size>
         <input_file_ref idref="fl-159"/>
      </object_component>
      <object_component id="oc-338">
         <name>.text:PRCMHIBRegWrite</name>
         <load_address>0x2000b15a</load_address>
         <run_address>0x2000b15a</run_address>
         <size>0x16</size>
         <input_file_ref idref="fl-159"/>
      </object_component>
      <object_component id="oc-1f1">
         <name>.text:UARTCharGet</name>
         <load_address>0x2000b170</load_address>
         <run_address>0x2000b170</run_address>
         <size>0x16</size>
         <input_file_ref idref="fl-15a"/>
      </object_component>
      <object_component id="oc-309">
         <name>.text:_sl_Strlen</name>
         <load_address>0x2000b186</load_address>
         <run_address>0x2000b186</run_address>
         <size>0x16</size>
         <input_file_ref idref="fl-161"/>
      </object_component>
      <object_component id="oc-327">
         <name>.text:CPUcpsie</name>
         <load_address>0x2000b19c</load_address>
         <run_address>0x2000b19c</run_address>
         <size>0x14</size>
         <input_file_ref idref="fl-15c"/>
      </object_component>
      <object_component id="oc-189">
         <name>.text:IntVTableBaseSet</name>
         <load_address>0x2000b1b0</load_address>
         <run_address>0x2000b1b0</run_address>
         <size>0x14</size>
         <input_file_ref idref="fl-157"/>
      </object_component>
      <object_component id="oc-638">
         <name>.text:_SlDrvShiftDWord</name>
         <load_address>0x2000b1c4</load_address>
         <run_address>0x2000b1c4</run_address>
         <size>0x14</size>
         <input_file_ref idref="fl-15f"/>
      </object_component>
      <object_component id="oc-1c4">
         <name>.text</name>
         <load_address>0x2000b1d8</load_address>
         <run_address>0x2000b1d8</run_address>
         <size>0x14</size>
         <input_file_ref idref="fl-144"/>
      </object_component>
      <object_component id="oc-119">
         <name>.text</name>
         <load_address>0x2000b1ec</load_address>
         <run_address>0x2000b1ec</run_address>
         <size>0x14</size>
         <input_file_ref idref="fl-141"/>
      </object_component>
      <object_component id="oc-1c">
         <name>.text:decompress:ZI</name>
         <load_address>0x2000b200</load_address>
         <run_address>0x2000b200</run_address>
         <size>0x12</size>
         <input_file_ref idref="fl-137"/>
      </object_component>
      <object_component id="oc-4f5">
         <name>.text</name>
         <load_address>0x2000b212</load_address>
         <run_address>0x2000b212</run_address>
         <size>0x12</size>
         <input_file_ref idref="fl-155"/>
      </object_component>
      <object_component id="oc-106">
         <name>.text:sl_NetAppMDNSUnRegisterService</name>
         <load_address>0x2000b224</load_address>
         <run_address>0x2000b224</run_address>
         <size>0x12</size>
         <input_file_ref idref="fl-162"/>
      </object_component>
      <object_component id="oc-42a">
         <name>.text:NwpMaskInterrupt</name>
         <load_address>0x2000b238</load_address>
         <run_address>0x2000b238</run_address>
         <size>0x10</size>
         <input_file_ref idref="fl-167"/>
      </object_component>
      <object_component id="oc-14a">
         <name>.text</name>
         <load_address>0x2000b248</load_address>
         <run_address>0x2000b248</run_address>
         <size>0x10</size>
         <input_file_ref idref="fl-140"/>
      </object_component>
      <object_component id="oc-16">
         <name>.text:decompress:none</name>
         <load_address>0x2000b258</load_address>
         <run_address>0x2000b258</run_address>
         <size>0xe</size>
         <input_file_ref idref="fl-135"/>
      </object_component>
      <object_component id="oc-2c">
         <name>.text</name>
         <load_address>0x2000b266</load_address>
         <run_address>0x2000b266</run_address>
         <size>0xe</size>
         <input_file_ref idref="fl-4"/>
      </object_component>
      <object_component id="oc-5e8">
         <name>.text:NwpUnMaskInterrupt</name>
         <load_address>0x2000b274</load_address>
         <run_address>0x2000b274</run_address>
         <size>0xc</size>
         <input_file_ref idref="fl-167"/>
      </object_component>
      <object_component id="oc-18f">
         <name>.text:IntMasterEnable</name>
         <load_address>0x2000b280</load_address>
         <run_address>0x2000b280</run_address>
         <size>0xa</size>
         <input_file_ref idref="fl-157"/>
      </object_component>
      <object_component id="oc-245">
         <name>.text:_SlNonOsSemSet</name>
         <load_address>0x2000b28a</load_address>
         <run_address>0x2000b28a</run_address>
         <size>0x8</size>
         <input_file_ref idref="fl-164"/>
      </object_component>
      <object_component id="oc-f4">
         <name>.text:sl_WlanDisconnect</name>
         <load_address>0x2000b292</load_address>
         <run_address>0x2000b292</run_address>
         <size>0x8</size>
         <input_file_ref idref="fl-166"/>
      </object_component>
      <object_component id="oc-38b">
         <name>.text:UtilsDelay</name>
         <load_address>0x2000b29a</load_address>
         <run_address>0x2000b29a</run_address>
         <size>0x6</size>
         <input_file_ref idref="fl-15b"/>
      </object_component>
      <object_component id="oc-22">
         <name>.text:decompress:rle24</name>
         <load_address>0x2000b2a0</load_address>
         <run_address>0x2000b2a0</run_address>
         <size>0x6</size>
         <input_file_ref idref="fl-136"/>
      </object_component>
      <object_component id="oc-5bc">
         <name>.const:.string:_ctypes_</name>
         <load_address>0x2000b2a8</load_address>
         <run_address>0x2000b2a8</run_address>
         <size>0x102</size>
         <input_file_ref idref="fl-14a"/>
      </object_component>
      <object_component id="oc-5a3">
         <name>.const:g_ulPinToPadMap</name>
         <load_address>0x2000b3ac</load_address>
         <run_address>0x2000b3ac</run_address>
         <size>0x100</size>
         <input_file_ref idref="fl-158"/>
      </object_component>
      <object_component id="oc-285">
         <name>.const</name>
         <load_address>0x2000b4ac</load_address>
         <run_address>0x2000b4ac</run_address>
         <size>0xec</size>
         <input_file_ref idref="fl-166"/>
      </object_component>
      <object_component id="oc-526">
         <name>.const:g_pulRegs</name>
         <load_address>0x2000b598</load_address>
         <run_address>0x2000b598</run_address>
         <size>0xd4</size>
         <input_file_ref idref="fl-157"/>
      </object_component>
      <object_component id="oc-4ab">
         <name>.const:PRCM_PeriphRegsList</name>
         <load_address>0x2000b66c</load_address>
         <run_address>0x2000b66c</run_address>
         <size>0xa8</size>
         <input_file_ref idref="fl-159"/>
      </object_component>
      <object_component id="oc-32e">
         <name>.const</name>
         <load_address>0x2000b714</load_address>
         <run_address>0x2000b714</run_address>
         <size>0x80</size>
         <input_file_ref idref="fl-157"/>
      </object_component>
      <object_component id="oc-143">
         <name>.const:.string</name>
         <load_address>0x2000b794</load_address>
         <run_address>0x2000b794</run_address>
         <size>0x4c</size>
         <input_file_ref idref="fl-2"/>
      </object_component>
      <object_component id="oc-47c">
         <name>.const</name>
         <load_address>0x2000b7e0</load_address>
         <run_address>0x2000b7e0</run_address>
         <size>0x4c</size>
         <input_file_ref idref="fl-15f"/>
      </object_component>
      <object_component id="oc-30f">
         <name>.const</name>
         <load_address>0x2000b82c</load_address>
         <run_address>0x2000b82c</run_address>
         <size>0x38</size>
         <input_file_ref idref="fl-161"/>
      </object_component>
      <object_component id="oc-2d3">
         <name>.const</name>
         <load_address>0x2000b864</load_address>
         <run_address>0x2000b864</run_address>
         <size>0x34</size>
         <input_file_ref idref="fl-165"/>
      </object_component>
      <object_component id="oc-10c">
         <name>.const:$P$T1$2</name>
         <load_address>0x2000b898</load_address>
         <run_address>0x2000b898</run_address>
         <size>0x2c</size>
         <input_file_ref idref="fl-2"/>
      </object_component>
      <object_component id="oc-31d">
         <name>.const</name>
         <load_address>0x2000b8c4</load_address>
         <run_address>0x2000b8c4</run_address>
         <size>0x28</size>
         <input_file_ref idref="fl-162"/>
      </object_component>
      <object_component id="oc-616">
         <name>.const:g_ppulSPIIntMap</name>
         <load_address>0x2000b8ec</load_address>
         <run_address>0x2000b8ec</run_address>
         <size>0x24</size>
         <input_file_ref idref="fl-169"/>
      </object_component>
      <object_component id="oc-118">
         <name>.const:.string:$P$T0$1</name>
         <load_address>0x2000b910</load_address>
         <run_address>0x2000b910</run_address>
         <size>0x22</size>
         <input_file_ref idref="fl-2"/>
      </object_component>
      <object_component id="oc-10f">
         <name>.const</name>
         <load_address>0x2000b934</load_address>
         <run_address>0x2000b934</run_address>
         <size>0x20</size>
         <input_file_ref idref="fl-2"/>
      </object_component>
      <object_component id="oc-5ca">
         <name>.const</name>
         <load_address>0x2000b954</load_address>
         <run_address>0x2000b954</run_address>
         <size>0x18</size>
         <input_file_ref idref="fl-169"/>
      </object_component>
      <object_component id="oc-29c">
         <name>.const</name>
         <load_address>0x2000b96c</load_address>
         <run_address>0x2000b96c</run_address>
         <size>0x14</size>
         <input_file_ref idref="fl-15e"/>
      </object_component>
      <object_component id="oc-2b4">
         <name>.const</name>
         <load_address>0x2000b980</load_address>
         <run_address>0x2000b980</run_address>
         <size>0x8</size>
         <input_file_ref idref="fl-163"/>
      </object_component>
      <object_component id="oc-6a6">
         <name>.cinit..data.load</name>
         <load_address>0x2000b988</load_address>
         <run_address>0x2000b988</run_address>
         <size>0x21</size>
      </object_component>
      <object_component id="oc-6a4">
         <name>__TI_handler_table</name>
         <load_address>0x2000b9ac</load_address>
         <run_address>0x2000b9ac</run_address>
         <size>0xc</size>
      </object_component>
      <object_component id="oc-6a7">
         <name>.cinit..bss.load</name>
         <load_address>0x2000b9b8</load_address>
         <run_address>0x2000b9b8</run_address>
         <size>0x8</size>
      </object_component>
      <object_component id="oc-6a5">
         <name>__TI_cinit_table</name>
         <load_address>0x2000b9c0</load_address>
         <run_address>0x2000b9c0</run_address>
         <size>0x10</size>
      </object_component>
      <object_component id="oc-46">
         <name>.data</name>
         <load_address>0x20018010</load_address>
         <run_address>0x20018010</run_address>
         <size>0x4</size>
         <input_file_ref idref="fl-13e"/>
      </object_component>
      <object_component id="oc-85">
         <name>.data</name>
         <load_address>0x20018000</load_address>
         <run_address>0x20018000</run_address>
         <size>0x8</size>
         <input_file_ref idref="fl-144"/>
      </object_component>
      <object_component id="oc-88">
         <name>.data</name>
         <load_address>0x20018008</load_address>
         <run_address>0x20018008</run_address>
         <size>0x8</size>
         <input_file_ref idref="fl-138"/>
      </object_component>
      <object_component id="oc-bb">
         <name>.data</name>
         <load_address>0x20017fe4</load_address>
         <run_address>0x20017fe4</run_address>
         <size>0x10</size>
         <input_file_ref idref="fl-2"/>
      </object_component>
      <object_component id="oc-269">
         <name>.data</name>
         <load_address>0x20017e18</load_address>
         <run_address>0x20017e18</run_address>
         <size>0x170</size>
         <input_file_ref idref="fl-15f"/>
      </object_component>
      <object_component id="oc-385">
         <name>.data</name>
         <load_address>0x20017ff4</load_address>
         <run_address>0x20017ff4</run_address>
         <size>0xc</size>
         <input_file_ref idref="fl-13c"/>
      </object_component>
      <object_component id="oc-3ee">
         <name>.data</name>
         <load_address>0x20017f88</load_address>
         <run_address>0x20017f88</run_address>
         <size>0x5c</size>
         <input_file_ref idref="fl-167"/>
      </object_component>
      <object_component id="oc-be">
         <name>.bss:g_ucConnectionSSID</name>
         <uninitialized>true</uninitialized>
         <run_address>0x20017de0</run_address>
         <size>0x24</size>
         <input_file_ref idref="fl-2"/>
      </object_component>
      <object_component id="oc-168">
         <name>.bss:g_buff</name>
         <uninitialized>true</uninitialized>
         <run_address>0x20017800</run_address>
         <size>0x5b8</size>
         <input_file_ref idref="fl-2"/>
      </object_component>
      <object_component id="oc-27a">
         <name>.bss:g__SlNonOsCB</name>
         <uninitialized>true</uninitialized>
         <run_address>0x20017db8</run_address>
         <size>0x28</size>
         <input_file_ref idref="fl-164"/>
      </object_component>
      <object_component id="oc-1a1">
         <name>.common:g_ulDestinationIP</name>
         <uninitialized>true</uninitialized>
         <run_address>0x20017e10</run_address>
         <size>0x4</size>
      </object_component>
      <object_component id="oc-c9">
         <name>.common:g_ucConnectionBSSID</name>
         <uninitialized>true</uninitialized>
         <run_address>0x20017e04</run_address>
         <size>0x8</size>
      </object_component>
      <object_component id="oc-203">
         <name>.common:__Errorlog</name>
         <uninitialized>true</uninitialized>
         <run_address>0x20017e0c</run_address>
         <size>0x4</size>
      </object_component>
      <object_component id="oc-652">
         <name>.common:g_cDummy</name>
         <uninitialized>true</uninitialized>
         <run_address>0x20017e14</run_address>
         <size>0x1</size>
      </object_component>
      <object_component id="oc-29">
         <name>.sysmem</name>
         <uninitialized>true</uninitialized>
         <run_address>0x20017000</run_address>
         <size>0x8</size>
         <input_file_ref idref="fl-13c"/>
      </object_component>
      <object_component id="oc-6a9">
         <name>.sysmem</name>
         <uninitialized>true</uninitialized>
         <run_address>0x20017000</run_address>
         <size>0x0</size>
      </object_component>
      <object_component id="oc-28">
         <name>.stack</name>
         <uninitialized>true</uninitialized>
         <run_address>0x2002f800</run_address>
         <size>0x0</size>
         <input_file_ref idref="fl-134"/>
      </object_component>
      <object_component id="oc-6a8">
         <name>.stack</name>
         <uninitialized>true</uninitialized>
         <run_address>0x2002f800</run_address>
         <size>0x0</size>
      </object_component>
      <object_component id="oc-f">
         <name>.debug_info</name>
         <load_address>0x0</load_address>
         <run_address>0x0</run_address>
         <size>0x114</size>
         <input_file_ref idref="fl-4"/>
      </object_component>
      <object_component id="oc-12">
         <name>.debug_info</name>
         <load_address>0x114</load_address>
         <run_address>0x114</run_address>
         <size>0xf3</size>
         <input_file_ref idref="fl-134"/>
      </object_component>
      <object_component id="oc-19">
         <name>.debug_info</name>
         <load_address>0x207</load_address>
         <run_address>0x207</run_address>
         <size>0x194</size>
         <input_file_ref idref="fl-135"/>
      </object_component>
      <object_component id="oc-20">
         <name>.debug_info</name>
         <load_address>0x39b</load_address>
         <run_address>0x39b</run_address>
         <size>0x16a</size>
         <input_file_ref idref="fl-137"/>
      </object_component>
      <object_component id="oc-24">
         <name>.debug_info</name>
         <load_address>0x505</load_address>
         <run_address>0x505</run_address>
         <size>0x18e</size>
         <input_file_ref idref="fl-136"/>
      </object_component>
      <object_component id="oc-2a">
         <name>.debug_info</name>
         <load_address>0x693</load_address>
         <run_address>0x693</run_address>
         <size>0xb6</size>
         <input_file_ref idref="fl-13c"/>
      </object_component>
      <object_component id="oc-2f">
         <name>.debug_info</name>
         <load_address>0x749</load_address>
         <run_address>0x749</run_address>
         <size>0x435</size>
         <input_file_ref idref="fl-4"/>
      </object_component>
      <object_component id="oc-34">
         <name>.debug_info</name>
         <load_address>0xb7e</load_address>
         <run_address>0xb7e</run_address>
         <size>0x129</size>
         <input_file_ref idref="fl-4"/>
      </object_component>
      <object_component id="oc-37">
         <name>.debug_info</name>
         <load_address>0xca7</load_address>
         <run_address>0xca7</run_address>
         <size>0x13d</size>
         <input_file_ref idref="fl-148"/>
      </object_component>
      <object_component id="oc-3d">
         <name>.debug_info</name>
         <load_address>0xde4</load_address>
         <run_address>0xde4</run_address>
         <size>0x11c</size>
         <input_file_ref idref="fl-146"/>
      </object_component>
      <object_component id="oc-44">
         <name>.debug_info</name>
         <load_address>0xf00</load_address>
         <run_address>0xf00</run_address>
         <size>0x1c2</size>
         <input_file_ref idref="fl-138"/>
      </object_component>
      <object_component id="oc-47">
         <name>.debug_info</name>
         <load_address>0x10c2</load_address>
         <run_address>0x10c2</run_address>
         <size>0xbe</size>
         <input_file_ref idref="fl-13e"/>
      </object_component>
      <object_component id="oc-4b">
         <name>.debug_info</name>
         <load_address>0x1180</load_address>
         <run_address>0x1180</run_address>
         <size>0xcc</size>
         <input_file_ref idref="fl-13a"/>
      </object_component>
      <object_component id="oc-50">
         <name>.debug_info</name>
         <load_address>0x124c</load_address>
         <run_address>0x124c</run_address>
         <size>0x46</size>
         <input_file_ref idref="fl-135"/>
      </object_component>
      <object_component id="oc-55">
         <name>.debug_info</name>
         <load_address>0x1292</load_address>
         <run_address>0x1292</run_address>
         <size>0xf2</size>
         <input_file_ref idref="fl-135"/>
      </object_component>
      <object_component id="oc-57">
         <name>.debug_info</name>
         <load_address>0x1384</load_address>
         <run_address>0x1384</run_address>
         <size>0x46</size>
         <input_file_ref idref="fl-137"/>
      </object_component>
      <object_component id="oc-5c">
         <name>.debug_info</name>
         <load_address>0x13ca</load_address>
         <run_address>0x13ca</run_address>
         <size>0xad</size>
         <input_file_ref idref="fl-137"/>
      </object_component>
      <object_component id="oc-5f">
         <name>.debug_info</name>
         <load_address>0x1477</load_address>
         <run_address>0x1477</run_address>
         <size>0x1ef</size>
         <input_file_ref idref="fl-136"/>
      </object_component>
      <object_component id="oc-64">
         <name>.debug_info</name>
         <load_address>0x1666</load_address>
         <run_address>0x1666</run_address>
         <size>0xb7</size>
         <input_file_ref idref="fl-136"/>
      </object_component>
      <object_component id="oc-65">
         <name>.debug_info</name>
         <load_address>0x171d</load_address>
         <run_address>0x171d</run_address>
         <size>0x39</size>
         <input_file_ref idref="fl-136"/>
      </object_component>
      <object_component id="oc-6c">
         <name>.debug_info</name>
         <load_address>0x1756</load_address>
         <run_address>0x1756</run_address>
         <size>0x1d7</size>
         <input_file_ref idref="fl-13c"/>
      </object_component>
      <object_component id="oc-71">
         <name>.debug_info</name>
         <load_address>0x192d</load_address>
         <run_address>0x192d</run_address>
         <size>0x84</size>
         <input_file_ref idref="fl-2"/>
      </object_component>
      <object_component id="oc-77">
         <name>.debug_info</name>
         <load_address>0x19b1</load_address>
         <run_address>0x19b1</run_address>
         <size>0x14b</size>
         <input_file_ref idref="fl-149"/>
      </object_component>
      <object_component id="oc-7e">
         <name>.debug_info</name>
         <load_address>0x1afc</load_address>
         <run_address>0x1afc</run_address>
         <size>0x16bd</size>
         <input_file_ref idref="fl-2"/>
      </object_component>
      <object_component id="oc-84">
         <name>.debug_info</name>
         <load_address>0x31b9</load_address>
         <run_address>0x31b9</run_address>
         <size>0x11b</size>
         <input_file_ref idref="fl-146"/>
      </object_component>
      <object_component id="oc-86">
         <name>.debug_info</name>
         <load_address>0x32d4</load_address>
         <run_address>0x32d4</run_address>
         <size>0xc8</size>
         <input_file_ref idref="fl-144"/>
      </object_component>
      <object_component id="oc-89">
         <name>.debug_info</name>
         <load_address>0x339c</load_address>
         <run_address>0x339c</run_address>
         <size>0xeb</size>
         <input_file_ref idref="fl-138"/>
      </object_component>
      <object_component id="oc-8c">
         <name>.debug_info</name>
         <load_address>0x3487</load_address>
         <run_address>0x3487</run_address>
         <size>0x146</size>
         <input_file_ref idref="fl-138"/>
      </object_component>
      <object_component id="oc-91">
         <name>.debug_info</name>
         <load_address>0x35cd</load_address>
         <run_address>0x35cd</run_address>
         <size>0x2c</size>
         <input_file_ref idref="fl-135"/>
      </object_component>
      <object_component id="oc-98">
         <name>.debug_info</name>
         <load_address>0x35f9</load_address>
         <run_address>0x35f9</run_address>
         <size>0x2c</size>
         <input_file_ref idref="fl-2"/>
      </object_component>
      <object_component id="oc-a4">
         <name>.debug_info</name>
         <load_address>0x3625</load_address>
         <run_address>0x3625</run_address>
         <size>0x2c</size>
         <input_file_ref idref="fl-13c"/>
      </object_component>
      <object_component id="oc-a9">
         <name>.debug_info</name>
         <load_address>0x3651</load_address>
         <run_address>0x3651</run_address>
         <size>0x62</size>
         <input_file_ref idref="fl-13c"/>
      </object_component>
      <object_component id="oc-af">
         <name>.debug_info</name>
         <load_address>0x36b3</load_address>
         <run_address>0x36b3</run_address>
         <size>0x148</size>
         <input_file_ref idref="fl-149"/>
      </object_component>
      <object_component id="oc-b1">
         <name>.debug_info</name>
         <load_address>0x37fb</load_address>
         <run_address>0x37fb</run_address>
         <size>0x8a8</size>
         <input_file_ref idref="fl-5"/>
      </object_component>
      <object_component id="oc-b7">
         <name>.debug_info</name>
         <load_address>0x40a3</load_address>
         <run_address>0x40a3</run_address>
         <size>0xfc</size>
         <input_file_ref idref="fl-13d"/>
      </object_component>
      <object_component id="oc-bc">
         <name>.debug_info</name>
         <load_address>0x419f</load_address>
         <run_address>0x419f</run_address>
         <size>0x155</size>
         <input_file_ref idref="fl-2"/>
      </object_component>
      <object_component id="oc-bf">
         <name>.debug_info</name>
[...]
         <value>0x2000b7f4</value>
         <object_component_ref idref="oc-47c"/>
      </symbol>
      <symbol id="sm-a7c">
         <name>_SlDrvFlowContDeinit</name>
         <value>0x2000ac05</value>
         <object_component_ref idref="oc-46d"/>
      </symbol>
      <symbol id="sm-a7d">
         <name>_SlDrvFlowContInit</name>
         <value>0x2000ac35</value>
         <object_component_ref idref="oc-393"/>
      </symbol>
      <symbol id="sm-acf">
         <name>_sl_Strlen</name>
         <value>0x2000b187</value>
         <object_component_ref idref="oc-309"/>
      </symbol>
      <symbol id="sm-ad0">
         <name>sl_FsClose</name>
         <value>0x200099f1</value>
         <object_component_ref idref="oc-17d"/>
      </symbol>
      <symbol id="sm-ad1">
         <name>_SlFsCloseCmdCtrl</name>
         <value>0x2000b830</value>
         <object_component_ref idref="oc-30f"/>
      </symbol>
      <symbol id="sm-ad2">
         <name>_SlFsGetInfoCmdCtrl</name>
         <value>0x2000b83c</value>
         <object_component_ref idref="oc-30f"/>
      </symbol>
      <symbol id="sm-ad3">
         <name>_sl_GetCreateFsMode</name>
         <value>0x20009ee5</value>
         <object_component_ref idref="oc-171"/>
      </symbol>
      <symbol id="sm-ad4">
         <name>_SlFsReadCmdCtrl</name>
         <value>0x2000b834</value>
         <object_component_ref idref="oc-30f"/>
      </symbol>
      <symbol id="sm-ad5">
         <name>_SlFsDeleteCmdCtrl</name>
         <value>0x2000b840</value>
         <object_component_ref idref="oc-30f"/>
      </symbol>
      <symbol id="sm-ad6">
         <name>_SlFsOpenCmdCtrl</name>
         <value>0x2000b82c</value>
         <object_component_ref idref="oc-30f"/>
      </symbol>
      <symbol id="sm-ad7">
         <name>sl_FsWrite</name>
         <value>0x200094b9</value>
         <object_component_ref idref="oc-177"/>
      </symbol>
      <symbol id="sm-ad8">
         <name>sl_FsOpen</name>
         <value>0x2000a2e5</value>
         <object_component_ref idref="oc-16b"/>
      </symbol>
      <symbol id="sm-ad9">
         <name>_SlFsWriteCmdCtrl</name>
         <value>0x2000b838</value>
         <object_component_ref idref="oc-30f"/>
      </symbol>
      <symbol id="sm-b65">
         <name>sl_NetAppMDNSUnRegisterService</name>
         <value>0x2000b225</value>
         <object_component_ref idref="oc-106"/>
      </symbol>
      <symbol id="sm-b66">
         <name>_SlNetAppSendTokenValueCmdCtrl</name>
         <value>0x2000b8e4</value>
         <object_component_ref idref="oc-31d"/>
      </symbol>
      <symbol id="sm-b67">
         <name>_SlGetServiceListeCtrl</name>
         <value>0x2000b8d0</value>
         <object_component_ref idref="oc-31d"/>
      </symbol>
      <symbol id="sm-b68">
         <name>_SlNetAppStopCtrl</name>
         <value>0x2000b8cc</value>
         <object_component_ref idref="oc-31d"/>
      </symbol>
      <symbol id="sm-b69">
         <name>_SlNetAppSetCmdCtrl</name>
         <value>0x2000b8e0</value>
         <object_component_ref idref="oc-31d"/>
      </symbol>
      <symbol id="sm-b6a">
         <name>_SlNetAppGetCmdCtrl</name>
         <value>0x2000b8e8</value>
         <object_component_ref idref="oc-31d"/>
      </symbol>
      <symbol id="sm-b6b">
         <name>sl_NetAppDnsGetHostByName</name>
         <value>0x20008959</value>
         <object_component_ref idref="oc-183"/>
      </symbol>
      <symbol id="sm-b6c">
         <name>_sl_HandleAsync_DnsGetHostByName</name>
         <value>0x20009871</value>
         <object_component_ref idref="oc-57e"/>
      </symbol>
      <symbol id="sm-b6d">
         <name>_SlRegisterServiceCtrl</name>
         <value>0x2000b8d4</value>
         <object_component_ref idref="oc-31d"/>
      </symbol>
      <symbol id="sm-b6e">
         <name>_sl_HandleAsync_PingResponse</name>
         <value>0x20009b5d</value>
         <object_component_ref idref="oc-58a"/>
      </symbol>
      <symbol id="sm-b6f">
         <name>_SlNetAppStartCtrl</name>
         <value>0x2000b8c8</value>
         <object_component_ref idref="oc-31d"/>
      </symbol>
      <symbol id="sm-b70">
         <name>_SlDrvNetAppEventHandler</name>
         <value>0x20008d51</value>
         <object_component_ref idref="oc-63f"/>
      </symbol>
      <symbol id="sm-b71">
         <name>_sl_HandleAsync_DnsGetHostByService</name>
         <value>0x20009e7d</value>
         <object_component_ref idref="oc-584"/>
      </symbol>
      <symbol id="sm-b72">
         <name>sl_NetAppSendTokenValue</name>
         <value>0x2000a339</value>
         <object_component_ref idref="oc-669"/>
      </symbol>
      <symbol id="sm-b73">
         <name>CopyPingResultsToReport</name>
         <value>0x2000afc9</value>
         <object_component_ref idref="oc-61f"/>
      </symbol>
      <symbol id="sm-b74">
         <name>_SlGetHostByNameCtrl</name>
         <value>0x2000b8dc</value>
         <object_component_ref idref="oc-31d"/>
      </symbol>
      <symbol id="sm-b75">
         <name>_SlGetHostByServiceCtrl</name>
         <value>0x2000b8d8</value>
         <object_component_ref idref="oc-31d"/>
      </symbol>
      <symbol id="sm-b76">
         <name>sl_NetAppMDNSRegisterUnregisterService</name>
         <value>0x200096dd</value>
         <object_component_ref idref="oc-2c0"/>
      </symbol>
      <symbol id="sm-b94">
         <name>_SlNetCfgSetCmdCtrl</name>
         <value>0x2000b980</value>
         <object_component_ref idref="oc-2b4"/>
      </symbol>
      <symbol id="sm-b95">
         <name>_SlNetCfgGetCmdCtrl</name>
         <value>0x2000b984</value>
         <object_component_ref idref="oc-2b4"/>
      </symbol>
      <symbol id="sm-b96">
         <name>sl_NetCfgSet</name>
         <value>0x2000a739</value>
         <object_component_ref idref="oc-fa"/>
      </symbol>
      <symbol id="sm-bd4">
         <name>_SlNonOsSemSet</name>
         <value>0x2000b28b</value>
         <object_component_ref idref="oc-245"/>
      </symbol>
      <symbol id="sm-bd5">
         <name>_SlNonOsSpawn</name>
         <value>0x2000af19</value>
         <object_component_ref idref="oc-430"/>
      </symbol>
      <symbol id="sm-bd6">
         <name>_SlNonOsSemGet</name>
         <value>0x2000ac65</value>
         <object_component_ref idref="oc-23f"/>
      </symbol>
      <symbol id="sm-bd7">
         <name>_SlNonOsMainLoopTask</name>
         <value>0x2000a841</value>
         <object_component_ref idref="oc-d0"/>
      </symbol>
      <symbol id="sm-bd8">
         <name>g__SlNonOsCB</name>
         <value>0x20017db8</value>
         <object_component_ref idref="oc-27a"/>
      </symbol>
      <symbol id="sm-c92">
         <name>sl_Recv</name>
         <value>0x2000a77d</value>
         <object_component_ref idref="oc-144"/>
      </symbol>
      <symbol id="sm-c93">
         <name>_SlSockCloseCmdCtrl</name>
         <value>0x2000b874</value>
         <object_component_ref idref="oc-2d3"/>
      </symbol>
      <symbol id="sm-c94">
         <name>_SlSendCmdCtrl</name>
         <value>0x2000b87c</value>
         <object_component_ref idref="oc-2d3"/>
      </symbol>
      <symbol id="sm-c95">
         <name>_sl_BuildAddress</name>
         <value>0x2000ad49</value>
         <object_component_ref idref="oc-2de"/>
      </symbol>
      <symbol id="sm-c96">
         <name>sl_Send</name>
         <value>0x20008e05</value>
         <object_component_ref idref="oc-156"/>
      </symbol>
      <symbol id="sm-c97">
         <name>_sl_HandleAsync_Connect</name>
         <value>0x20009da9</value>
         <object_component_ref idref="oc-572"/>
      </symbol>
      <symbol id="sm-c98">
         <name>sl_Htonl</name>
         <value>0x2000aa69</value>
         <object_component_ref idref="oc-12b"/>
      </symbol>
      <symbol id="sm-c99">
         <name>sl_Htons</name>
         <value>0x2000ab71</value>
         <object_component_ref idref="oc-125"/>
      </symbol>
      <symbol id="sm-c9a">
         <name>_SlSelectCmdCtrl</name>
         <value>0x2000b894</value>
         <object_component_ref idref="oc-2d3"/>
      </symbol>
      <symbol id="sm-c9b">
         <name>sl_Connect</name>
         <value>0x20008781</value>
         <object_component_ref idref="oc-137"/>
      </symbol>
      <symbol id="sm-c9c">
         <name>sl_Socket</name>
         <value>0x2000ac95</value>
         <object_component_ref idref="oc-131"/>
      </symbol>
      <symbol id="sm-c9d">
         <name>_sl_HandleAsync_Select</name>
         <value>0x2000a0d1</value>
         <object_component_ref idref="oc-578"/>
      </symbol>
      <symbol id="sm-c9e">
         <name>_SlSockSocketCmdCtrl</name>
         <value>0x2000b870</value>
         <object_component_ref idref="oc-2d3"/>
      </symbol>
      <symbol id="sm-c9f">
         <name>_SlRecvfomCmdCtrl</name>
         <value>0x2000b878</value>
         <object_component_ref idref="oc-2d3"/>
      </symbol>
      <symbol id="sm-ca0">
         <name>_SlSetSockOptCmdCtrl</name>
         <value>0x2000b88c</value>
         <object_component_ref idref="oc-2d3"/>
      </symbol>
      <symbol id="sm-ca1">
         <name>_SlAcceptCmdCtrl</name>
         <value>0x2000b884</value>
         <object_component_ref idref="oc-2d3"/>
      </symbol>
      <symbol id="sm-ca2">
         <name>_SlListenCmdCtrl</name>
         <value>0x2000b880</value>
         <object_component_ref idref="oc-2d3"/>
      </symbol>
      <symbol id="sm-ca3">
         <name>_SlRecvCmdCtrl</name>
         <value>0x2000b888</value>
         <object_component_ref idref="oc-2d3"/>
      </symbol>
      <symbol id="sm-ca4">
         <name>_SlGetSockOptCmdCtrl</name>
         <value>0x2000b890</value>
         <object_component_ref idref="oc-2d3"/>
      </symbol>
      <symbol id="sm-ca5">
         <name>_sl_TruncatePayloadByProtocol</name>
         <value>0x20009d39</value>
         <object_component_ref idref="oc-2f6"/>
      </symbol>
      <symbol id="sm-ca6">
         <name>sl_Close</name>
         <value>0x2000ae29</value>
         <object_component_ref idref="oc-13d"/>
      </symbol>
      <symbol id="sm-ca7">
         <name>_sl_HandleAsync_Accept</name>
         <value>0x20009e15</value>
         <object_component_ref idref="oc-56c"/>
      </symbol>
      <symbol id="sm-d18">
         <name>sl_WlanDisconnect</name>
         <value>0x2000b293</value>
         <object_component_ref idref="oc-f4"/>
      </symbol>
      <symbol id="sm-d19">
         <name>_SlPolicyGetCmdCtrl</name>
         <value>0x2000b4b4</value>
         <object_component_ref idref="oc-285"/>
      </symbol>
      <symbol id="sm-d1a">
         <name>_SlPolicySetCmdCtrl</name>
         <value>0x2000b4b0</value>
         <object_component_ref idref="oc-285"/>
      </symbol>
      <symbol id="sm-d1b">
         <name>_SlRxFilterGetCmdCtrl</name>
         <value>0x2000b4cc</value>
         <object_component_ref idref="oc-285"/>
      </symbol>
      <symbol id="sm-d1c">
         <name>_SlRxFilterSetCmdCtrl</name>
         <value>0x2000b4c8</value>
         <object_component_ref idref="oc-285"/>
      </symbol>
      <symbol id="sm-d1d">
         <name>_SlProfileGetCmdCtrl</name>
         <value>0x2000b4b8</value>
         <object_component_ref idref="oc-285"/>
      </symbol>
      <symbol id="sm-d1e">
         <name>_SlWlanGetNetworkListCtrl</name>
         <value>0x2000b4c0</value>
         <object_component_ref idref="oc-285"/>
      </symbol>
      <symbol id="sm-d1f">
         <name>sl_WlanPolicySet</name>
         <value>0x2000a8c1</value>
         <object_component_ref idref="oc-e8"/>
      </symbol>
      <symbol id="sm-d20">
         <name>_SlProfileDelCmdCtrl</name>
         <value>0x2000b4bc</value>
         <object_component_ref idref="oc-285"/>
      </symbol>
      <symbol id="sm-d21">
         <name>_SlWlanSetModeCmdCtrl</name>
         <value>0x2000b4d4</value>
         <object_component_ref idref="oc-285"/>
      </symbol>
      <symbol id="sm-d22">
         <name>_SlWlanCfgSetCmdCtrl</name>
         <value>0x2000b4d8</value>
         <object_component_ref idref="oc-285"/>
      </symbol>
      <symbol id="sm-d23">
         <name>_SlWlanCfgGetCmdCtrl</name>
         <value>0x2000b4dc</value>
         <object_component_ref idref="oc-285"/>
      </symbol>
      <symbol id="sm-d24">
         <name>sl_WlanProfileDel</name>
         <value>0x2000ae4d</value>
         <object_component_ref idref="oc-ee"/>
      </symbol>
      <symbol id="sm-d25">
         <name>_SlRxFilterAddtCmdCtrl</name>
         <value>0x2000b4c4</value>
         <object_component_ref idref="oc-285"/>
      </symbol>
      <symbol id="sm-d26">
         <name>sl_WlanRxFilterSet</name>
         <value>0x2000a901</value>
         <object_component_ref idref="oc-112"/>
      </symbol>
      <symbol id="sm-d27">
         <name>sl_WlanConnect</name>
         <value>0x20007931</value>
         <object_component_ref idref="oc-11f"/>
      </symbol>
      <symbol id="sm-d28">
         <name>sl_WlanSet</name>
         <value>0x2000a5e1</value>
         <object_component_ref idref="oc-100"/>
      </symbol>
      <symbol id="sm-d29">
         <name>_SlSmartConfigStartCmdCtrl</name>
         <value>0x2000b4d0</value>
         <object_component_ref idref="oc-285"/>
      </symbol>
      <symbol id="sm-d2a">
         <name>sl_WlanSetMode</name>
         <value>0x2000ad71</value>
         <object_component_ref idref="oc-d6"/>
      </symbol>
      <symbol id="sm-df4">
         <name>g_cDummy</name>
         <value>0x20017e14</value>
      </symbol>
      <symbol id="sm-df5">
         <name>NwpMaskInterrupt</name>
         <value>0x2000b239</value>
         <object_component_ref idref="oc-42a"/>
      </symbol>
      <symbol id="sm-df6">
         <name>NwpRegisterInterruptHandler</name>
         <value>0x2000aa31</value>
         <object_component_ref idref="oc-251"/>
      </symbol>
      <symbol id="sm-df7">
         <name>NwpPowerOnPreamble</name>
         <value>0x200098f5</value>
         <object_component_ref idref="oc-227"/>
      </symbol>
      <symbol id="sm-df8">
         <name>g_pHostIntHdl</name>
         <value>0x20017f8c</value>
         <object_component_ref idref="oc-3ee"/>
      </symbol>
      <symbol id="sm-df9">
         <name>NwpUnMaskInterrupt</name>
         <value>0x2000b275</value>
         <object_component_ref idref="oc-5e8"/>
      </symbol>
      <symbol id="sm-dfa">
         <name>g_ucDinDout</name>
         <value>0x20017f94</value>
         <object_component_ref idref="oc-3ee"/>
      </symbol>
      <symbol id="sm-dfb">
         <name>NwpPowerOff</name>
         <value>0x2000a941</value>
         <object_component_ref idref="oc-24b"/>
      </symbol>
      <symbol id="sm-dfc">
         <name>spi_Read</name>
         <value>0x20008b01</value>
         <object_component_ref idref="oc-5dc"/>
      </symbol>
      <symbol id="sm-dfd">
         <name>DmaSpiSwIntHandler</name>
         <value>0x2000ad99</value>
         <object_component_ref idref="oc-3f1"/>
      </symbol>
      <symbol id="sm-dfe">
         <name>NwpPowerOn</name>
         <value>0x2000aba5</value>
         <object_component_ref idref="oc-257"/>
      </symbol>
      <symbol id="sm-dff">
         <name>spi_Close</name>
         <value>0x20009cc5</value>
         <object_component_ref idref="oc-290"/>
      </symbol>
      <symbol id="sm-e00">
         <name>spi_Write</name>
         <value>0x2000886d</value>
         <object_component_ref idref="oc-559"/>
      </symbol>
      <symbol id="sm-e01">
         <name>spi_Open</name>
         <value>0x20008135</value>
         <object_component_ref idref="oc-233"/>
      </symbol>
      <symbol id="sm-e02">
         <name>g_ucDMAEnabled</name>
         <value>0x20017f90</value>
         <object_component_ref idref="oc-3ee"/>
      </symbol>
      <symbol id="sm-e03">
         <name>g_SpiFd</name>
         <value>0x20017f88</value>
         <object_component_ref idref="oc-3ee"/>
      </symbol>
      <symbol id="sm-ebf">
         <name>SPIFIFODisable</name>
         <value>0x2000b031</value>
         <object_component_ref idref="oc-45f"/>
      </symbol>
      <symbol id="sm-ec0">
         <name>SPICSEnable</name>
         <value>0x2000b0cb</value>
         <object_component_ref idref="oc-5f0"/>
      </symbol>
      <symbol id="sm-ec1">
         <name>SPIDisable</name>
         <value>0x2000b0e3</value>
         <object_component_ref idref="oc-3a0"/>
      </symbol>
      <symbol id="sm-ec2">
         <name>SPIFIFOEnable</name>
         <value>0x2000b04b</value>
         <object_component_ref idref="oc-3c4"/>
      </symbol>
      <symbol id="sm-ec3">
         <name>SPIWordCountSet</name>
         <value>0x2000ae93</value>
         <object_component_ref idref="oc-60e"/>
      </symbol>
      <symbol id="sm-ec4">
         <name>SPIEnable</name>
         <value>0x2000b0fb</value>
         <object_component_ref idref="oc-3e8"/>
      </symbol>
      <symbol id="sm-ec5">
         <name>SPIDmaEnable</name>
         <value>0x2000b017</value>
         <object_component_ref idref="oc-3ca"/>
      </symbol>
      <symbol id="sm-ec6">
         <name>SPIConfigSetExpClk</name>
         <value>0x20009005</value>
         <object_component_ref idref="oc-3ac"/>
      </symbol>
      <symbol id="sm-ec7">
         <name>SPIIntUnregister</name>
         <value>0x2000b065</value>
         <object_component_ref idref="oc-459"/>
      </symbol>
      <symbol id="sm-ec8">
         <name>SPIFIFOLevelSet</name>
         <value>0x2000aad5</value>
         <object_component_ref idref="oc-3d0"/>
      </symbol>
      <symbol id="sm-ec9">
         <name>SPIDmaDisable</name>
         <value>0x2000affd</value>
         <object_component_ref idref="oc-465"/>
      </symbol>
      <symbol id="sm-eca">
         <name>SPIReset</name>
         <value>0x2000ae71</value>
         <object_component_ref idref="oc-3a6"/>
      </symbol>
      <symbol id="sm-ecb">
         <name>SPIIntEnable</name>
         <value>0x2000a38d</value>
         <object_component_ref idref="oc-3e2"/>
      </symbol>
      <symbol id="sm-ecc">
         <name>SPIIntClear</name>
         <value>0x2000a509</value>
         <object_component_ref idref="oc-534"/>
      </symbol>
      <symbol id="sm-ecd">
         <name>SPICSDisable</name>
         <value>0x2000b0b3</value>
         <object_component_ref idref="oc-39a"/>
      </symbol>
      <symbol id="sm-f24">
         <name>uDMAChannelControlSet</name>
         <value>0x2000a9f5</value>
         <object_component_ref idref="oc-5f6"/>
      </symbol>
      <symbol id="sm-f25">
         <name>uDMAChannelAttributeEnable</name>
         <value>0x20009fad</value>
         <object_component_ref idref="oc-5fc"/>
      </symbol>
      <symbol id="sm-f26">
         <name>uDMAChannelTransferSet</name>
         <value>0x20008691</value>
         <object_component_ref idref="oc-602"/>
      </symbol>
      <symbol id="sm-f27">
         <name>uDMAChannelAssign</name>
         <value>0x2000a471</value>
         <object_component_ref idref="oc-3b8"/>
      </symbol>
      <symbol id="sm-f28">
         <name>uDMAChannelAttributeDisable</name>
         <value>0x20009f49</value>
         <object_component_ref idref="oc-3be"/>
      </symbol>
      <symbol id="sm-f29">
         <name>uDMAChannelEnable</name>
         <value>0x2000afad</value>
         <object_component_ref idref="oc-608"/>
      </symbol>
      <symbol id="sm-f2a">
         <name>__TI_static_base__</name>
         <value>0x2000b988</value>
      </symbol>
      <symbol id="sm-f2b">
         <name>__TI_args_main</name>
         <value>0x1</value>
      </symbol>
      <symbol id="sm-f2c">
         <name>SHT$$INIT_ARRAY$$Limit</name>
         <value>0x0</value>
      </symbol>
      <symbol id="sm-f2d">
         <name>SHT$$INIT_ARRAY$$Base</name>
         <value>0x0</value>
      </symbol>
   </symbol_table>
   <title>Link successful</title>
</link_info>
