<?xml version="1.0"?>
<link_info>
   <banner>TI ARM Linker PC v5.1.6</banner>
   <copyright>Copyright (c) 1996-2014 Texas Instruments Incorporated</copyright>
   <link_time>0x54f4d68b</link_time>
   <link_errors>0x0</link_errors>
   <output_file>GroBot_System.out</output_file>
   <entry_point>
      <name>_c_int00</name>
      <address>0x2000a54d</address>
   </entry_point>
   <input_file_list>
      <input_file id="fl-2">
         <path>.\</path>
         <kind>object</kind>
         <file>main.obj</file>
         <name>main.obj</name>
      </input_file>
      <input_file id="fl-3">
         <path>.\</path>
         <kind>object</kind>
         <file>network.obj</file>
         <name>network.obj</name>
      </input_file>
      <input_file id="fl-4">
         <path>.\</path>
         <kind>object</kind>
         <file>pinmux.obj</file>
         <name>pinmux.obj</name>
      </input_file>
      <input_file id="fl-5">
         <path>.\</path>
         <kind>object</kind>
         <file>startup_ccs.obj</file>
         <name>startup_ccs.obj</name>
      </input_file>
      <input_file id="fl-6">
         <path>.\</path>
         <kind>object</kind>
         <file>uart_if.obj</file>
         <name>uart_if.obj</name>
      </input_file>
      <input_file id="fl-135">
         <path>c:\ti\ccsv6\tools\compiler\arm_5.1.6\lib\</path>
         <kind>archive</kind>
         <file>rtsv7M4_T_le_v4SPD16_eabi.lib</file>
         <name>boot.obj</name>
      </input_file>
      <input_file id="fl-136">
         <path>c:\ti\ccsv6\tools\compiler\arm_5.1.6\lib\</path>
         <kind>archive</kind>
         <file>rtsv7M4_T_le_v4SPD16_eabi.lib</file>
         <name>copy_decompress_none.obj</name>
      </input_file>
      <input_file id="fl-137">
         <path>c:\ti\ccsv6\tools\compiler\arm_5.1.6\lib\</path>
         <kind>archive</kind>
         <file>rtsv7M4_T_le_v4SPD16_eabi.lib</file>
         <name>copy_decompress_rle.obj</name>
      </input_file>
      <input_file id="fl-138">
         <path>c:\ti\ccsv6\tools\compiler\arm_5.1.6\lib\</path>
         <kind>archive</kind>
         <file>rtsv7M4_T_le_v4SPD16_eabi.lib</file>
         <name>copy_zero_init.obj</name>
      </input_file>
      <input_file id="fl-139">
         <path>c:\ti\ccsv6\tools\compiler\arm_5.1.6\lib\</path>
         <kind>archive</kind>
         <file>rtsv7M4_T_le_v4SPD16_eabi.lib</file>
         <name>exit.obj</name>
      </input_file>
      <input_file id="fl-13a">
         <path>c:\ti\ccsv6\tools\compiler\arm_5.1.6\lib\</path>
         <kind>archive</kind>
         <file>rtsv7M4_T_le_v4SPD16_eabi.lib</file>
         <name>memcmp.obj</name>
      </input_file>
      <input_file id="fl-13b">
         <path>c:\ti\ccsv6\tools\compiler\arm_5.1.6\lib\</path>
         <kind>archive</kind>
         <file>rtsv7M4_T_le_v4SPD16_eabi.lib</file>
         <name>memcpy_t2.obj</name>
      </input_file>
      <input_file id="fl-13c">
         <path>c:\ti\ccsv6\tools\compiler\arm_5.1.6\lib\</path>
         <kind>archive</kind>
         <file>rtsv7M4_T_le_v4SPD16_eabi.lib</file>
         <name>memmov.obj</name>
      </input_file>
      <input_file id="fl-13d">
         <path>c:\ti\ccsv6\tools\compiler\arm_5.1.6\lib\</path>
         <kind>archive</kind>
         <file>rtsv7M4_T_le_v4SPD16_eabi.lib</file>
         <name>memory.obj</name>
      </input_file>
      <input_file id="fl-13e">
         <path>c:\ti\ccsv6\tools\compiler\arm_5.1.6\lib\</path>
         <kind>archive</kind>
         <file>rtsv7M4_T_le_v4SPD16_eabi.lib</file>
         <name>memset_t2.obj</name>
      </input_file>
      <input_file id="fl-13f">
         <path>c:\ti\ccsv6\tools\compiler\arm_5.1.6\lib\</path>
         <kind>archive</kind>
         <file>rtsv7M4_T_le_v4SPD16_eabi.lib</file>
         <name>stkdepth_vars.obj</name>
      </input_file>
      <input_file id="fl-140">
         <path>c:\ti\ccsv6\tools\compiler\arm_5.1.6\lib\</path>
         <kind>archive</kind>
         <file>rtsv7M4_T_le_v4SPD16_eabi.lib</file>
         <name>strcat.obj</name>
      </input_file>
      <input_file id="fl-141">
         <path>c:\ti\ccsv6\tools\compiler\arm_5.1.6\lib\</path>
         <kind>archive</kind>
         <file>rtsv7M4_T_le_v4SPD16_eabi.lib</file>
         <name>strcpy.obj</name>
      </input_file>
      <input_file id="fl-142">
         <path>c:\ti\ccsv6\tools\compiler\arm_5.1.6\lib\</path>
         <kind>archive</kind>
         <file>rtsv7M4_T_le_v4SPD16_eabi.lib</file>
         <name>strlen.obj</name>
      </input_file>
      <input_file id="fl-143">
         <path>c:\ti\ccsv6\tools\compiler\arm_5.1.6\lib\</path>
         <kind>archive</kind>
         <file>rtsv7M4_T_le_v4SPD16_eabi.lib</file>
         <name>strstr.obj</name>
      </input_file>
      <input_file id="fl-144">
         <path>c:\ti\ccsv6\tools\compiler\arm_5.1.6\lib\</path>
         <kind>archive</kind>
         <file>rtsv7M4_T_le_v4SPD16_eabi.lib</file>
         <name>vsnprintf.obj</name>
      </input_file>
      <input_file id="fl-145">
         <path>c:\ti\ccsv6\tools\compiler\arm_5.1.6\lib\</path>
         <kind>archive</kind>
         <file>rtsv7M4_T_le_v4SPD16_eabi.lib</file>
         <name>_lock.obj</name>
      </input_file>
      <input_file id="fl-146">
         <path>c:\ti\ccsv6\tools\compiler\arm_5.1.6\lib\</path>
         <kind>archive</kind>
         <file>rtsv7M4_T_le_v4SPD16_eabi.lib</file>
         <name>_printfi.obj</name>
      </input_file>
      <input_file id="fl-147">
         <path>c:\ti\ccsv6\tools\compiler\arm_5.1.6\lib\</path>
         <kind>archive</kind>
         <file>rtsv7M4_T_le_v4SPD16_eabi.lib</file>
         <name>args_main.obj</name>
      </input_file>
      <input_file id="fl-148">
         <path>c:\ti\ccsv6\tools\compiler\arm_5.1.6\lib\</path>
         <kind>archive</kind>
         <file>rtsv7M4_T_le_v4SPD16_eabi.lib</file>
         <name>atoi.obj</name>
      </input_file>
      <input_file id="fl-149">
         <path>c:\ti\ccsv6\tools\compiler\arm_5.1.6\lib\</path>
         <kind>archive</kind>
         <file>rtsv7M4_T_le_v4SPD16_eabi.lib</file>
         <name>auto_init.obj</name>
      </input_file>
      <input_file id="fl-14a">
         <path>c:\ti\ccsv6\tools\compiler\arm_5.1.6\lib\</path>
         <kind>archive</kind>
         <file>rtsv7M4_T_le_v4SPD16_eabi.lib</file>
         <name>cpy_tbl.obj</name>
      </input_file>
      <input_file id="fl-14b">
         <path>c:\ti\ccsv6\tools\compiler\arm_5.1.6\lib\</path>
         <kind>archive</kind>
         <file>rtsv7M4_T_le_v4SPD16_eabi.lib</file>
         <name>ctype.obj</name>
      </input_file>
      <input_file id="fl-14c">
         <path>c:\ti\ccsv6\tools\compiler\arm_5.1.6\lib\</path>
         <kind>archive</kind>
         <file>rtsv7M4_T_le_v4SPD16_eabi.lib</file>
         <name>fd_add_t2.obj</name>
      </input_file>
      <input_file id="fl-14d">
         <path>c:\ti\ccsv6\tools\compiler\arm_5.1.6\lib\</path>
         <kind>archive</kind>
         <file>rtsv7M4_T_le_v4SPD16_eabi.lib</file>
         <name>fd_cmp_t2.obj</name>
      </input_file>
      <input_file id="fl-14e">
         <path>c:\ti\ccsv6\tools\compiler\arm_5.1.6\lib\</path>
         <kind>archive</kind>
         <file>rtsv7M4_T_le_v4SPD16_eabi.lib</file>
         <name>fd_div_t2.obj</name>
      </input_file>
      <input_file id="fl-14f">
         <path>c:\ti\ccsv6\tools\compiler\arm_5.1.6\lib\</path>
         <kind>archive</kind>
         <file>rtsv7M4_T_le_v4SPD16_eabi.lib</file>
         <name>fd_mul_t2.obj</name>
      </input_file>
      <input_file id="fl-150">
         <path>c:\ti\ccsv6\tools\compiler\arm_5.1.6\lib\</path>
         <kind>archive</kind>
         <file>rtsv7M4_T_le_v4SPD16_eabi.lib</file>
         <name>fd_toi_t2.obj</name>
      </input_file>
      <input_file id="fl-151">
         <path>c:\ti\ccsv6\tools\compiler\arm_5.1.6\lib\</path>
         <kind>archive</kind>
         <file>rtsv7M4_T_le_v4SPD16_eabi.lib</file>
         <name>i_tofd_t2.obj</name>
      </input_file>
      <input_file id="fl-152">
         <path>c:\ti\ccsv6\tools\compiler\arm_5.1.6\lib\</path>
         <kind>archive</kind>
         <file>rtsv7M4_T_le_v4SPD16_eabi.lib</file>
         <name>ll_mul_t2.obj</name>
      </input_file>
      <input_file id="fl-153">
         <path>c:\ti\ccsv6\tools\compiler\arm_5.1.6\lib\</path>
         <kind>archive</kind>
         <file>rtsv7M4_T_le_v4SPD16_eabi.lib</file>
         <name>ltoa.obj</name>
      </input_file>
      <input_file id="fl-154">
         <path>c:\ti\ccsv6\tools\compiler\arm_5.1.6\lib\</path>
         <kind>archive</kind>
         <file>rtsv7M4_T_le_v4SPD16_eabi.lib</file>
         <name>memccpy.obj</name>
      </input_file>
      <input_file id="fl-155">
         <path>c:\ti\ccsv6\tools\compiler\arm_5.1.6\lib\</path>
         <kind>archive</kind>
         <file>rtsv7M4_T_le_v4SPD16_eabi.lib</file>
         <name>ull_div_t2.obj</name>
      </input_file>
      <input_file id="fl-156">
         <path>c:\ti\ccsv6\tools\compiler\arm_5.1.6\lib\</path>
         <kind>archive</kind>
         <file>rtsv7M4_T_le_v4SPD16_eabi.lib</file>
         <name>xdclass.obj</name>
      </input_file>
      <input_file id="fl-157">
         <path>c:\ti\ccsv6\tools\compiler\arm_5.1.6\lib\</path>
         <kind>archive</kind>
         <file>rtsv7M4_T_le_v4SPD16_eabi.lib</file>
         <name>xdtest.obj</name>
      </input_file>
      <input_file id="fl-158">
         <path>C:\ti\CC3200SDK_1.0.0\cc3200-sdk\example\file_download\ccs\..\..\..\driverlib\ccs\Release\</path>
         <kind>archive</kind>
         <file>driverlib.a</file>
         <name>interrupt.obj</name>
      </input_file>
      <input_file id="fl-159">
         <path>C:\ti\CC3200SDK_1.0.0\cc3200-sdk\example\file_download\ccs\..\..\..\driverlib\ccs\Release\</path>
         <kind>archive</kind>
         <file>driverlib.a</file>
         <name>pin.obj</name>
      </input_file>
      <input_file id="fl-15a">
         <path>C:\ti\CC3200SDK_1.0.0\cc3200-sdk\example\file_download\ccs\..\..\..\driverlib\ccs\Release\</path>
         <kind>archive</kind>
         <file>driverlib.a</file>
         <name>prcm.obj</name>
      </input_file>
      <input_file id="fl-15b">
         <path>C:\ti\CC3200SDK_1.0.0\cc3200-sdk\example\file_download\ccs\..\..\..\driverlib\ccs\Release\</path>
         <kind>archive</kind>
         <file>driverlib.a</file>
         <name>uart.obj</name>
      </input_file>
      <input_file id="fl-15c">
         <path>C:\ti\CC3200SDK_1.0.0\cc3200-sdk\example\file_download\ccs\..\..\..\driverlib\ccs\Release\</path>
         <kind>archive</kind>
         <file>driverlib.a</file>
         <name>utils.obj</name>
      </input_file>
      <input_file id="fl-15d">
         <path>C:\ti\CC3200SDK_1.0.0\cc3200-sdk\example\file_download\ccs\..\..\..\driverlib\ccs\Release\</path>
         <kind>archive</kind>
         <file>driverlib.a</file>
         <name>cpu.obj</name>
      </input_file>
      <input_file id="fl-15e">
         <path>C:\ti\CC3200SDK_1.0.0\cc3200-sdk\example\file_download\ccs\..\..\..\driverlib\ccs\Release\</path>
         <kind>archive</kind>
         <file>driverlib.a</file>
         <name>flash.obj</name>
      </input_file>
      <input_file id="fl-15f">
         <path>C:\ti\CC3200SDK_1.0.0\cc3200-sdk\example\file_download\ccs\..\..\..\simplelink\ccs\NON_OS\</path>
         <kind>archive</kind>
         <file>simplelink.a</file>
         <name>device.obj</name>
      </input_file>
      <input_file id="fl-160">
         <path>C:\ti\CC3200SDK_1.0.0\cc3200-sdk\example\file_download\ccs\..\..\..\simplelink\ccs\NON_OS\</path>
         <kind>archive</kind>
         <file>simplelink.a</file>
         <name>driver.obj</name>
      </input_file>
      <input_file id="fl-161">
         <path>C:\ti\CC3200SDK_1.0.0\cc3200-sdk\example\file_download\ccs\..\..\..\simplelink\ccs\NON_OS\</path>
         <kind>archive</kind>
         <file>simplelink.a</file>
         <name>flowcont.obj</name>
      </input_file>
      <input_file id="fl-162">
         <path>C:\ti\CC3200SDK_1.0.0\cc3200-sdk\example\file_download\ccs\..\..\..\simplelink\ccs\NON_OS\</path>
         <kind>archive</kind>
         <file>simplelink.a</file>
         <name>fs.obj</name>
      </input_file>
      <input_file id="fl-163">
         <path>C:\ti\CC3200SDK_1.0.0\cc3200-sdk\example\file_download\ccs\..\..\..\simplelink\ccs\NON_OS\</path>
         <kind>archive</kind>
         <file>simplelink.a</file>
         <name>netapp.obj</name>
      </input_file>
      <input_file id="fl-164">
         <path>C:\ti\CC3200SDK_1.0.0\cc3200-sdk\example\file_download\ccs\..\..\..\simplelink\ccs\NON_OS\</path>
         <kind>archive</kind>
         <file>simplelink.a</file>
         <name>netcfg.obj</name>
      </input_file>
      <input_file id="fl-165">
         <path>C:\ti\CC3200SDK_1.0.0\cc3200-sdk\example\file_download\ccs\..\..\..\simplelink\ccs\NON_OS\</path>
         <kind>archive</kind>
         <file>simplelink.a</file>
         <name>nonos.obj</name>
      </input_file>
      <input_file id="fl-166">
         <path>C:\ti\CC3200SDK_1.0.0\cc3200-sdk\example\file_download\ccs\..\..\..\simplelink\ccs\NON_OS\</path>
         <kind>archive</kind>
         <file>simplelink.a</file>
         <name>socket.obj</name>
      </input_file>
      <input_file id="fl-167">
         <path>C:\ti\CC3200SDK_1.0.0\cc3200-sdk\example\file_download\ccs\..\..\..\simplelink\ccs\NON_OS\</path>
         <kind>archive</kind>
         <file>simplelink.a</file>
         <name>wlan.obj</name>
      </input_file>
      <input_file id="fl-168">
         <path>C:\ti\CC3200SDK_1.0.0\cc3200-sdk\example\file_download\ccs\..\..\..\simplelink\ccs\NON_OS\</path>
         <kind>archive</kind>
         <file>simplelink.a</file>
         <name>cc_pal.obj</name>
      </input_file>
      <input_file id="fl-169">
         <path>c:\ti\ccsv6\tools\compiler\arm_5.1.6\lib\</path>
         <kind>archive</kind>
         <file>rtsv7M4_T_le_v4SPD16_eabi.lib</file>
         <name>ll_lsr_t2.obj</name>
      </input_file>
      <input_file id="fl-16a">
         <path>C:\ti\CC3200SDK_1.0.0\cc3200-sdk\example\file_download\ccs\..\..\..\driverlib\ccs\Release\</path>
         <kind>archive</kind>
         <file>driverlib.a</file>
         <name>spi.obj</name>
      </input_file>
      <input_file id="fl-16b">
         <path>C:\ti\CC3200SDK_1.0.0\cc3200-sdk\example\file_download\ccs\..\..\..\driverlib\ccs\Release\</path>
         <kind>archive</kind>
         <file>driverlib.a</file>
         <name>udma.obj</name>
      </input_file>
   </input_file_list>
   <object_component_list>
      <object_component id="oc-e">
         <name>.intvecs</name>
         <load_address>0x20004000</load_address>
         <run_address>0x20004000</run_address>
         <size>0x400</size>
         <input_file_ref idref="fl-5"/>
      </object_component>
      <object_component id="oc-b0">
         <name>.text</name>
         <load_address>0x20004400</load_address>
         <run_address>0x20004400</run_address>
         <size>0x1588</size>
         <input_file_ref idref="fl-3"/>
      </object_component>
      <object_component id="oc-378">
         <name>.text</name>
         <load_address>0x20005988</load_address>
         <run_address>0x20005988</run_address>
         <size>0xec0</size>
         <input_file_ref idref="fl-146"/>
      </object_component>
      <object_component id="oc-207">
         <name>.text</name>
         <load_address>0x20006848</load_address>
         <run_address>0x20006848</run_address>
         <size>0x3cc</size>
         <input_file_ref idref="fl-13d"/>
      </object_component>
      <object_component id="oc-556">
         <name>.text:_SlDrvMsgRead</name>
         <load_address>0x20006c14</load_address>
         <run_address>0x20006c14</run_address>
         <size>0x3b4</size>
         <input_file_ref idref="fl-160"/>
      </object_component>
      <object_component id="oc-55c">
         <name>.text:_SlAsyncEventGenericHandler</name>
         <load_address>0x20006fc8</load_address>
         <run_address>0x20006fc8</run_address>
         <size>0x34c</size>
         <input_file_ref idref="fl-160"/>
      </object_component>
      <object_component id="oc-d3">
         <name>.text</name>
         <load_address>0x20007314</load_address>
         <run_address>0x20007314</run_address>
         <size>0x26c</size>
         <input_file_ref idref="fl-6"/>
      </object_component>
      <object_component id="oc-4cc">
         <name>.text</name>
         <load_address>0x20007580</load_address>
         <run_address>0x20007580</run_address>
         <size>0x1f4</size>
         <input_file_ref idref="fl-155"/>
      </object_component>
      <object_component id="oc-4fa">
         <name>.text</name>
         <load_address>0x20007774</load_address>
         <run_address>0x20007774</run_address>
         <size>0x1b6</size>
         <input_file_ref idref="fl-14c"/>
      </object_component>
      <object_component id="oc-54b">
         <name>.text:IntDefaultHandler</name>
         <load_address>0x2000792a</load_address>
         <run_address>0x2000792a</run_address>
         <size>0x2</size>
         <input_file_ref idref="fl-158"/>
      </object_component>
      <object_component id="oc-142">
         <name>.text:sl_WlanConnect</name>
         <load_address>0x2000792c</load_address>
         <run_address>0x2000792c</run_address>
         <size>0x19c</size>
         <input_file_ref idref="fl-167"/>
      </object_component>
      <object_component id="oc-2f5">
         <name>.text:_SlDrvDataReadOp</name>
         <load_address>0x20007ac8</load_address>
         <run_address>0x20007ac8</run_address>
         <size>0x17c</size>
         <input_file_ref idref="fl-160"/>
      </object_component>
      <object_component id="oc-306">
         <name>.text:_SlDrvDataWriteOp</name>
         <load_address>0x20007c44</load_address>
         <run_address>0x20007c44</run_address>
         <size>0x140</size>
         <input_file_ref idref="fl-160"/>
      </object_component>
      <object_component id="oc-5da">
         <name>.text:_SlDrvRxHdrRead</name>
         <load_address>0x20007d84</load_address>
         <run_address>0x20007d84</run_address>
         <size>0x140</size>
         <input_file_ref idref="fl-160"/>
      </object_component>
      <object_component id="oc-4e0">
         <name>.text</name>
         <load_address>0x20007ec4</load_address>
         <run_address>0x20007ec4</run_address>
         <size>0x136</size>
         <input_file_ref idref="fl-14e"/>
      </object_component>
      <object_component id="oc-1be">
         <name>.text:PRCMCC3200MCUInit</name>
         <load_address>0x20007ffc</load_address>
         <run_address>0x20007ffc</run_address>
         <size>0x134</size>
         <input_file_ref idref="fl-15a"/>
      </object_component>
      <object_component id="oc-23d">
         <name>.text:spi_Open</name>
         <load_address>0x20008130</load_address>
         <run_address>0x20008130</run_address>
         <size>0x128</size>
         <input_file_ref idref="fl-168"/>
      </object_component>
      <object_component id="oc-243">
         <name>.text:_SlDrvWaitForPoolObj</name>
         <load_address>0x20008258</load_address>
         <run_address>0x20008258</run_address>
         <size>0x118</size>
         <input_file_ref idref="fl-160"/>
      </object_component>
      <object_component id="oc-450">
         <name>.text:_SlDrvMsgWrite</name>
         <load_address>0x20008370</load_address>
         <run_address>0x20008370</run_address>
         <size>0x114</size>
         <input_file_ref idref="fl-160"/>
      </object_component>
      <object_component id="oc-267">
         <name>.text:_SlDrvReleasePoolObj</name>
         <load_address>0x20008484</load_address>
         <run_address>0x20008484</run_address>
         <size>0x10c</size>
         <input_file_ref idref="fl-160"/>
      </object_component>
      <object_component id="oc-4db">
         <name>.text</name>
         <load_address>0x20008590</load_address>
         <run_address>0x20008590</run_address>
         <size>0xfc</size>
         <input_file_ref idref="fl-14f"/>
      </object_component>
      <object_component id="oc-60c">
         <name>.text:uDMAChannelTransferSet</name>
         <load_address>0x2000868c</load_address>
         <run_address>0x2000868c</run_address>
         <size>0xf0</size>
         <input_file_ref idref="fl-16b"/>
      </object_component>
      <object_component id="oc-15a">
         <name>.text:sl_Connect</name>
         <load_address>0x2000877c</load_address>
         <run_address>0x2000877c</run_address>
         <size>0xec</size>
         <input_file_ref idref="fl-166"/>
      </object_component>
      <object_component id="oc-563">
         <name>.text:spi_Write</name>
         <load_address>0x20008868</load_address>
         <run_address>0x20008868</run_address>
         <size>0xec</size>
         <input_file_ref idref="fl-168"/>
      </object_component>
      <object_component id="oc-1a6">
         <name>.text:sl_NetAppDnsGetHostByName</name>
         <load_address>0x20008954</load_address>
         <run_address>0x20008954</run_address>
         <size>0xdc</size>
         <input_file_ref idref="fl-163"/>
      </object_component>
      <object_component id="oc-ff">
         <name>.text:sl_Stop</name>
         <load_address>0x20008a30</load_address>
         <run_address>0x20008a30</run_address>
         <size>0xcc</size>
         <input_file_ref idref="fl-15f"/>
      </object_component>
      <object_component id="oc-5e6">
         <name>.text:spi_Read</name>
         <load_address>0x20008afc</load_address>
         <run_address>0x20008afc</run_address>
         <size>0xcc</size>
         <input_file_ref idref="fl-168"/>
      </object_component>
      <object_component id="oc-ed">
         <name>.text:sl_Start</name>
         <load_address>0x20008bc8</load_address>
         <run_address>0x20008bc8</run_address>
         <size>0xc8</size>
         <input_file_ref idref="fl-15f"/>
      </object_component>
      <object_component id="oc-456">
         <name>.text:_SlDrvMsgReadCmdCtx</name>
         <load_address>0x20008c90</load_address>
         <run_address>0x20008c90</run_address>
         <size>0xbc</size>
         <input_file_ref idref="fl-160"/>
      </object_component>
      <object_component id="oc-649">
         <name>.text:_SlDrvNetAppEventHandler</name>
         <load_address>0x20008d4c</load_address>
         <run_address>0x20008d4c</run_address>
         <size>0xb2</size>
         <input_file_ref idref="fl-163"/>
      </object_component>
      <object_component id="oc-179">
         <name>.text:sl_Send</name>
         <load_address>0x20008e00</load_address>
         <run_address>0x20008e00</run_address>
         <size>0xb0</size>
         <input_file_ref idref="fl-166"/>
      </object_component>
      <object_component id="oc-40f">
         <name>.text:IntDisable</name>
         <load_address>0x20008eb0</load_address>
         <run_address>0x20008eb0</run_address>
         <size>0xa8</size>
         <input_file_ref idref="fl-158"/>
      </object_component>
      <object_component id="oc-1b8">
         <name>.text:IntEnable</name>
         <load_address>0x20008f58</load_address>
         <run_address>0x20008f58</run_address>
         <size>0xa8</size>
         <input_file_ref idref="fl-158"/>
      </object_component>
      <object_component id="oc-3b4">
         <name>.text:SPIConfigSetExpClk</name>
         <load_address>0x20009000</load_address>
         <run_address>0x20009000</run_address>
         <size>0xa0</size>
         <input_file_ref idref="fl-16a"/>
      </object_component>
      <object_component id="oc-4a">
         <name>.text</name>
         <load_address>0x200090a0</load_address>
         <run_address>0x200090a0</run_address>
         <size>0x9c</size>
         <input_file_ref idref="fl-13b"/>
      </object_component>
      <object_component id="oc-5ec">
         <name>.text:_SlFindAndSetActiveObj</name>
         <load_address>0x2000913c</load_address>
         <run_address>0x2000913c</run_address>
         <size>0x98</size>
         <input_file_ref idref="fl-160"/>
      </object_component>
      <object_component id="oc-1e3">
         <name>.text:PRCMPeripheralClockGet</name>
         <load_address>0x200091d4</load_address>
         <run_address>0x200091d4</run_address>
         <size>0x94</size>
         <input_file_ref idref="fl-15a"/>
      </object_component>
      <object_component id="oc-5e0">
         <name>.text:_SlDrvClassifyRxMsg</name>
         <load_address>0x20009268</load_address>
         <run_address>0x20009268</run_address>
         <size>0x94</size>
         <input_file_ref idref="fl-160"/>
      </object_component>
      <object_component id="oc-43e">
         <name>.text:_SlDrvMsgReadSpawnCtx</name>
         <load_address>0x200092fc</load_address>
         <run_address>0x200092fc</run_address>
         <size>0x94</size>
         <input_file_ref idref="fl-160"/>
      </object_component>
      <object_component id="oc-35">
         <name>.text</name>
         <load_address>0x20009390</load_address>
         <run_address>0x20009390</run_address>
         <size>0x94</size>
         <input_file_ref idref="fl-149"/>
      </object_component>
      <object_component id="oc-237">
         <name>.text:_SlDrvDriverCBInit</name>
         <load_address>0x20009424</load_address>
         <run_address>0x20009424</run_address>
         <size>0x90</size>
         <input_file_ref idref="fl-160"/>
      </object_component>
      <object_component id="oc-19a">
         <name>.text:sl_FsWrite</name>
         <load_address>0x200094b4</load_address>
         <run_address>0x200094b4</run_address>
         <size>0x8c</size>
         <input_file_ref idref="fl-162"/>
      </object_component>
      <object_component id="oc-4c1">
         <name>.text:PinConfigSet</name>
         <load_address>0x20009540</load_address>
         <run_address>0x20009540</run_address>
         <size>0x88</size>
         <input_file_ref idref="fl-159"/>
      </object_component>
      <object_component id="oc-289">
         <name>.text:_SlDrvCmdOp</name>
         <load_address>0x200095c8</load_address>
         <run_address>0x200095c8</run_address>
         <size>0x88</size>
         <input_file_ref idref="fl-160"/>
      </object_component>
      <object_component id="oc-1f5">
         <name>.text</name>
         <load_address>0x20009650</load_address>
         <run_address>0x20009650</run_address>
         <size>0x88</size>
         <input_file_ref idref="fl-144"/>
      </object_component>
      <object_component id="oc-2ca">
         <name>.text:sl_NetAppMDNSRegisterUnregisterService</name>
         <load_address>0x200096d8</load_address>
         <run_address>0x200096d8</run_address>
         <size>0x88</size>
         <input_file_ref idref="fl-163"/>
      </object_component>
      <object_component id="oc-4d6">
         <name>.text:__aeabi_cdcmple</name>
         <load_address>0x20009760</load_address>
         <run_address>0x20009760</run_address>
         <size>0x86</size>
         <input_file_ref idref="fl-14d"/>
      </object_component>
      <object_component id="oc-4e5">
         <name>.text:__aeabi_cdrcmple</name>
         <load_address>0x200097e6</load_address>
         <run_address>0x200097e6</run_address>
         <size>0x86</size>
         <input_file_ref idref="fl-14d"/>
      </object_component>
      <object_component id="oc-588">
         <name>.text:_sl_HandleAsync_DnsGetHostByName</name>
         <load_address>0x2000986c</load_address>
         <run_address>0x2000986c</run_address>
         <size>0x84</size>
         <input_file_ref idref="fl-163"/>
      </object_component>
      <object_component id="oc-231">
         <name>.text:NwpPowerOnPreamble</name>
         <load_address>0x200098f0</load_address>
         <run_address>0x200098f0</run_address>
         <size>0x80</size>
         <input_file_ref idref="fl-168"/>
      </object_component>
      <object_component id="oc-105">
         <name>.text:sl_DevGet</name>
         <load_address>0x20009970</load_address>
         <run_address>0x20009970</run_address>
         <size>0x7c</size>
         <input_file_ref idref="fl-15f"/>
      </object_component>
      <object_component id="oc-1a0">
         <name>.text:sl_FsClose</name>
         <load_address>0x200099ec</load_address>
         <run_address>0x200099ec</run_address>
         <size>0x7c</size>
         <input_file_ref idref="fl-162"/>
      </object_component>
      <object_component id="oc-656">
         <name>.text:SetupDMAReceive</name>
         <load_address>0x20009a68</load_address>
         <run_address>0x20009a68</run_address>
         <size>0x78</size>
         <input_file_ref idref="fl-168"/>
      </object_component>
      <object_component id="oc-67a">
         <name>.text:_sl_HandleAsync_InitComplete</name>
         <load_address>0x20009ae0</load_address>
         <run_address>0x20009ae0</run_address>
         <size>0x78</size>
         <input_file_ref idref="fl-15f"/>
      </object_component>
      <object_component id="oc-594">
         <name>.text:_sl_HandleAsync_PingResponse</name>
         <load_address>0x20009b58</load_address>
         <run_address>0x20009b58</run_address>
         <size>0x78</size>
         <input_file_ref idref="fl-163"/>
      </object_component>
      <object_component id="oc-d9">
         <name>.text</name>
         <load_address>0x20009bd0</load_address>
         <run_address>0x20009bd0</run_address>
         <size>0x78</size>
         <input_file_ref idref="fl-13e"/>
      </object_component>
      <object_component id="oc-1e9">
         <name>.text:UARTConfigSetExpClk</name>
         <load_address>0x20009c48</load_address>
         <run_address>0x20009c48</run_address>
         <size>0x76</size>
         <input_file_ref idref="fl-15b"/>
      </object_component>
      <object_component id="oc-29a">
         <name>.text:spi_Close</name>
         <load_address>0x20009cc0</load_address>
         <run_address>0x20009cc0</run_address>
         <size>0x74</size>
         <input_file_ref idref="fl-168"/>
      </object_component>
      <object_component id="oc-300">
         <name>.text:_sl_TruncatePayloadByProtocol</name>
         <load_address>0x20009d34</load_address>
         <run_address>0x20009d34</run_address>
         <size>0x6e</size>
         <input_file_ref idref="fl-166"/>
      </object_component>
      <object_component id="oc-57c">
         <name>.text:_sl_HandleAsync_Connect</name>
         <load_address>0x20009da4</load_address>
         <run_address>0x20009da4</run_address>
         <size>0x6c</size>
         <input_file_ref idref="fl-166"/>
      </object_component>
      <object_component id="oc-576">
         <name>.text:_sl_HandleAsync_Accept</name>
         <load_address>0x20009e10</load_address>
         <run_address>0x20009e10</run_address>
         <size>0x68</size>
         <input_file_ref idref="fl-166"/>
      </object_component>
      <object_component id="oc-58e">
         <name>.text:_sl_HandleAsync_DnsGetHostByService</name>
         <load_address>0x20009e78</load_address>
         <run_address>0x20009e78</run_address>
         <size>0x68</size>
         <input_file_ref idref="fl-163"/>
      </object_component>
      <object_component id="oc-194">
         <name>.text:_sl_GetCreateFsMode</name>
         <load_address>0x20009ee0</load_address>
         <run_address>0x20009ee0</run_address>
         <size>0x64</size>
         <input_file_ref idref="fl-162"/>
      </object_component>
      <object_component id="oc-3c6">
         <name>.text:uDMAChannelAttributeDisable</name>
         <load_address>0x20009f44</load_address>
         <run_address>0x20009f44</run_address>
         <size>0x64</size>
         <input_file_ref idref="fl-16b"/>
      </object_component>
      <object_component id="oc-606">
         <name>.text:uDMAChannelAttributeEnable</name>
         <load_address>0x20009fa8</load_address>
         <run_address>0x20009fa8</run_address>
         <size>0x64</size>
         <input_file_ref idref="fl-16b"/>
      </object_component>
      <object_component id="oc-2a0">
         <name>.text:_SlDrvDriverCBDeinit</name>
         <load_address>0x2000a00c</load_address>
         <run_address>0x2000a00c</run_address>
         <size>0x60</size>
         <input_file_ref idref="fl-160"/>
      </object_component>
      <object_component id="oc-5d">
         <name>.text</name>
         <load_address>0x2000a06c</load_address>
         <run_address>0x2000a06c</run_address>
         <size>0x5e</size>
         <input_file_ref idref="fl-137"/>
      </object_component>
      <object_component id="oc-582">
         <name>.text:_sl_HandleAsync_Select</name>
         <load_address>0x2000a0cc</load_address>
         <run_address>0x2000a0cc</run_address>
         <size>0x5c</size>
         <input_file_ref idref="fl-166"/>
      </object_component>
      <object_component id="oc-4ef">
         <name>.text</name>
         <load_address>0x2000a128</load_address>
         <run_address>0x2000a128</run_address>
         <size>0x5a</size>
         <input_file_ref idref="fl-153"/>
      </object_component>
      <object_component id="oc-41b">
         <name>.text:IntPendClear</name>
         <load_address>0x2000a184</load_address>
         <run_address>0x2000a184</run_address>
         <size>0x58</size>
         <input_file_ref idref="fl-158"/>
      </object_component>
      <object_component id="oc-34e">
         <name>.text:PRCMPeripheralReset</name>
         <load_address>0x2000a1dc</load_address>
         <run_address>0x2000a1dc</run_address>
         <size>0x58</size>
         <input_file_ref idref="fl-15a"/>
      </object_component>
      <object_component id="oc-59a">
         <name>.text:_sl_HandleAsync_Stop</name>
         <load_address>0x2000a234</load_address>
         <run_address>0x2000a234</run_address>
         <size>0x58</size>
         <input_file_ref idref="fl-15f"/>
      </object_component>
      <object_component id="oc-3e4">
         <name>.text:IntPrioritySet</name>
         <load_address>0x2000a28c</load_address>
         <run_address>0x2000a28c</run_address>
         <size>0x54</size>
         <input_file_ref idref="fl-158"/>
      </object_component>
      <object_component id="oc-18e">
         <name>.text:sl_FsOpen</name>
         <load_address>0x2000a2e0</load_address>
         <run_address>0x2000a2e0</run_address>
         <size>0x54</size>
         <input_file_ref idref="fl-162"/>
      </object_component>
      <object_component id="oc-673">
         <name>.text:sl_NetAppSendTokenValue</name>
         <load_address>0x2000a334</load_address>
         <run_address>0x2000a334</run_address>
         <size>0x54</size>
         <input_file_ref idref="fl-163"/>
      </object_component>
      <object_component id="oc-3ea">
         <name>.text:SPIIntEnable</name>
         <load_address>0x2000a388</load_address>
         <run_address>0x2000a388</run_address>
         <size>0x4c</size>
         <input_file_ref idref="fl-16a"/>
      </object_component>
      <object_component id="oc-56b">
         <name>.text:SPIIntNumberGet</name>
         <load_address>0x2000a3d4</load_address>
         <run_address>0x2000a3d4</run_address>
         <size>0x4c</size>
         <input_file_ref idref="fl-16a"/>
      </object_component>
      <object_component id="oc-50b">
         <name>.text</name>
         <load_address>0x2000a420</load_address>
         <run_address>0x2000a420</run_address>
         <size>0x4c</size>
         <input_file_ref idref="fl-148"/>
      </object_component>
      <object_component id="oc-3c0">
         <name>.text:uDMAChannelAssign</name>
         <load_address>0x2000a46c</load_address>
         <run_address>0x2000a46c</run_address>
         <size>0x4c</size>
         <input_file_ref idref="fl-16b"/>
      </object_component>
      <object_component id="oc-26d">
         <name>.text:_sl_GetStartResponseConvert</name>
         <load_address>0x2000a4b8</load_address>
         <run_address>0x2000a4b8</run_address>
         <size>0x4a</size>
         <input_file_ref idref="fl-15f"/>
      </object_component>
      <object_component id="oc-53e">
         <name>.text:SPIIntClear</name>
         <load_address>0x2000a504</load_address>
         <run_address>0x2000a504</run_address>
         <size>0x48</size>
         <input_file_ref idref="fl-16a"/>
      </object_component>
      <object_component id="oc-11">
         <name>.text</name>
         <load_address>0x2000a54c</load_address>
         <run_address>0x2000a54c</run_address>
         <size>0x48</size>
         <input_file_ref idref="fl-135"/>
      </object_component>
      <object_component id="oc-4ea">
         <name>.text</name>
         <load_address>0x2000a594</load_address>
         <run_address>0x2000a594</run_address>
         <size>0x48</size>
         <input_file_ref idref="fl-150"/>
      </object_component>
      <object_component id="oc-123">
         <name>.text:sl_WlanSet</name>
         <load_address>0x2000a5dc</load_address>
         <run_address>0x2000a5dc</run_address>
         <size>0x48</size>
         <input_file_ref idref="fl-167"/>
      </object_component>
      <object_component id="oc-534">
         <name>.text:SPIDmaMaskGet</name>
         <load_address>0x2000a624</load_address>
         <run_address>0x2000a624</run_address>
         <size>0x44</size>
         <input_file_ref idref="fl-16a"/>
      </object_component>
      <object_component id="oc-76">
         <name>.text</name>
         <load_address>0x2000a668</load_address>
         <run_address>0x2000a668</run_address>
         <size>0x44</size>
         <input_file_ref idref="fl-14a"/>
      </object_component>
      <object_component id="oc-40">
         <name>.text</name>
         <load_address>0x2000a6ac</load_address>
         <run_address>0x2000a6ac</run_address>
         <size>0x44</size>
         <input_file_ref idref="fl-139"/>
      </object_component>
      <object_component id="oc-5bd">
         <name>.text</name>
         <load_address>0x2000a6f0</load_address>
         <run_address>0x2000a6f0</run_address>
         <size>0x44</size>
         <input_file_ref idref="fl-157"/>
      </object_component>
      <object_component id="oc-11d">
         <name>.text:sl_NetCfgSet</name>
         <load_address>0x2000a734</load_address>
         <run_address>0x2000a734</run_address>
         <size>0x44</size>
         <input_file_ref idref="fl-164"/>
      </object_component>
      <object_component id="oc-167">
         <name>.text:sl_Recv</name>
         <load_address>0x2000a778</load_address>
         <run_address>0x2000a778</run_address>
         <size>0x44</size>
         <input_file_ref idref="fl-166"/>
      </object_component>
      <object_component id="oc-4bb">
         <name>.text:PinModeSet</name>
         <load_address>0x2000a7bc</load_address>
         <run_address>0x2000a7bc</run_address>
         <size>0x40</size>
         <input_file_ref idref="fl-159"/>
      </object_component>
      <object_component id="oc-276">
         <name>.text:_SlDrvRxIrqHandler</name>
         <load_address>0x2000a7fc</load_address>
         <run_address>0x2000a7fc</run_address>
         <size>0x40</size>
         <input_file_ref idref="fl-160"/>
      </object_component>
      <object_component id="oc-f3">
         <name>.text:_SlNonOsMainLoopTask</name>
         <load_address>0x2000a83c</load_address>
         <run_address>0x2000a83c</run_address>
         <size>0x40</size>
         <input_file_ref idref="fl-165"/>
      </object_component>
      <object_component id="oc-423">
         <name>.text:_SlRemoveFromList</name>
         <load_address>0x2000a87c</load_address>
         <run_address>0x2000a87c</run_address>
         <size>0x40</size>
         <input_file_ref idref="fl-160"/>
      </object_component>
      <object_component id="oc-10b">
         <name>.text:sl_WlanPolicySet</name>
         <load_address>0x2000a8bc</load_address>
         <run_address>0x2000a8bc</run_address>
         <size>0x40</size>
         <input_file_ref idref="fl-167"/>
      </object_component>
      <object_component id="oc-135">
         <name>.text:sl_WlanRxFilterSet</name>
         <load_address>0x2000a8fc</load_address>
         <run_address>0x2000a8fc</run_address>
         <size>0x40</size>
         <input_file_ref idref="fl-167"/>
      </object_component>
      <object_component id="oc-255">
         <name>.text:NwpPowerOff</name>
         <load_address>0x2000a93c</load_address>
         <run_address>0x2000a93c</run_address>
         <size>0x3c</size>
         <input_file_ref idref="fl-168"/>
      </object_component>
      <object_component id="oc-348">
         <name>.text:PRCMPeripheralClkEnable</name>
         <load_address>0x2000a978</load_address>
         <run_address>0x2000a978</run_address>
         <size>0x3c</size>
         <input_file_ref idref="fl-15a"/>
      </object_component>
      <object_component id="oc-395">
         <name>.text:_SlDrvObjInit</name>
         <load_address>0x2000a9b4</load_address>
         <run_address>0x2000a9b4</run_address>
         <size>0x3c</size>
         <input_file_ref idref="fl-160"/>
      </object_component>
      <object_component id="oc-600">
         <name>.text:uDMAChannelControlSet</name>
         <load_address>0x2000a9f0</load_address>
         <run_address>0x2000a9f0</run_address>
         <size>0x3c</size>
         <input_file_ref idref="fl-16b"/>
      </object_component>
      <object_component id="oc-25b">
         <name>.text:NwpRegisterInterruptHandler</name>
         <load_address>0x2000aa2c</load_address>
         <run_address>0x2000aa2c</run_address>
         <size>0x38</size>
         <input_file_ref idref="fl-168"/>
      </object_component>
      <object_component id="oc-14e">
         <name>.text:sl_Htonl</name>
         <load_address>0x2000aa64</load_address>
         <run_address>0x2000aa64</run_address>
         <size>0x38</size>
         <input_file_ref idref="fl-166"/>
      </object_component>
      <object_component id="oc-3ba">
         <name>.text:PRCMPeripheralStatusGet</name>
         <load_address>0x2000aa9c</load_address>
         <run_address>0x2000aa9c</run_address>
         <size>0x34</size>
         <input_file_ref idref="fl-15a"/>
      </object_component>
      <object_component id="oc-3d8">
         <name>.text:SPIFIFOLevelSet</name>
         <load_address>0x2000aad0</load_address>
         <run_address>0x2000aad0</run_address>
         <size>0x34</size>
         <input_file_ref idref="fl-16a"/>
      </object_component>
      <object_component id="oc-2b7">
         <name>.text:_SlDrvBasicCmd</name>
         <load_address>0x2000ab04</load_address>
         <run_address>0x2000ab04</run_address>
         <size>0x34</size>
         <input_file_ref idref="fl-160"/>
      </object_component>
      <object_component id="oc-17f">
         <name>.text</name>
         <load_address>0x2000ab38</load_address>
         <run_address>0x2000ab38</run_address>
         <size>0x34</size>
         <input_file_ref idref="fl-143"/>
      </object_component>
      <object_component id="oc-148">
         <name>.text:sl_Htons</name>
         <load_address>0x2000ab6c</load_address>
         <run_address>0x2000ab6c</run_address>
         <size>0x34</size>
         <input_file_ref idref="fl-166"/>
      </object_component>
      <object_component id="oc-261">
         <name>.text:NwpPowerOn</name>
         <load_address>0x2000aba0</load_address>
         <run_address>0x2000aba0</run_address>
         <size>0x30</size>
         <input_file_ref idref="fl-168"/>
      </object_component>
      <object_component id="oc-36a">
         <name>.text:UARTDisable</name>
         <load_address>0x2000abd0</load_address>
         <run_address>0x2000abd0</run_address>
         <size>0x30</size>
         <input_file_ref idref="fl-15b"/>
      </object_component>
      <object_component id="oc-475">
         <name>.text:_SlDrvFlowContDeinit</name>
         <load_address>0x2000ac00</load_address>
         <run_address>0x2000ac00</run_address>
         <size>0x30</size>
         <input_file_ref idref="fl-161"/>
      </object_component>
      <object_component id="oc-39b">
         <name>.text:_SlDrvFlowContInit</name>
         <load_address>0x2000ac30</load_address>
         <run_address>0x2000ac30</run_address>
         <size>0x30</size>
         <input_file_ref idref="fl-161"/>
      </object_component>
      <object_component id="oc-249">
         <name>.text:_SlNonOsSemGet</name>
         <load_address>0x2000ac60</load_address>
         <run_address>0x2000ac60</run_address>
         <size>0x30</size>
         <input_file_ref idref="fl-165"/>
      </object_component>
      <object_component id="oc-154">
         <name>.text:sl_Socket</name>
         <load_address>0x2000ac90</load_address>
         <run_address>0x2000ac90</run_address>
         <size>0x30</size>
         <input_file_ref idref="fl-166"/>
      </object_component>
      <object_component id="oc-4f5">
         <name>.text</name>
         <load_address>0x2000acc0</load_address>
         <run_address>0x2000acc0</run_address>
         <size>0x2e</size>
         <input_file_ref idref="fl-151"/>
      </object_component>
      <object_component id="oc-35a">
         <name>.text:PRCMSysResetCauseGet</name>
         <load_address>0x2000acf0</load_address>
         <run_address>0x2000acf0</run_address>
         <size>0x2c</size>
         <input_file_ref idref="fl-15a"/>
      </object_component>
      <object_component id="oc-354">
         <name>.text:PRCMPeripheralClkDisable</name>
         <load_address>0x2000ad1c</load_address>
         <run_address>0x2000ad1c</run_address>
         <size>0x28</size>
         <input_file_ref idref="fl-15a"/>
      </object_component>
      <object_component id="oc-2e8">
         <name>.text:_sl_BuildAddress</name>
         <load_address>0x2000ad44</load_address>
         <run_address>0x2000ad44</run_address>
         <size>0x28</size>
         <input_file_ref idref="fl-166"/>
      </object_component>
      <object_component id="oc-f9">
         <name>.text:sl_WlanSetMode</name>
         <load_address>0x2000ad6c</load_address>
         <run_address>0x2000ad6c</run_address>
         <size>0x28</size>
         <input_file_ref idref="fl-167"/>
      </object_component>
      <object_component id="oc-3f9">
         <name>.text:DmaSpiSwIntHandler</name>
         <load_address>0x2000ad94</load_address>
         <run_address>0x2000ad94</run_address>
         <size>0x24</size>
         <input_file_ref idref="fl-168"/>
      </object_component>
      <object_component id="oc-415">
         <name>.text:IntUnregister</name>
         <load_address>0x2000adb8</load_address>
         <run_address>0x2000adb8</run_address>
         <size>0x24</size>
         <input_file_ref idref="fl-158"/>
      </object_component>
      <object_component id="oc-370">
         <name>.text:UARTEnable</name>
         <load_address>0x2000addc</load_address>
         <run_address>0x2000addc</run_address>
         <size>0x24</size>
         <input_file_ref idref="fl-15b"/>
      </object_component>
      <object_component id="oc-201">
         <name>.text</name>
         <load_address>0x2000ae00</load_address>
         <run_address>0x2000ae00</run_address>
         <size>0x24</size>
         <input_file_ref idref="fl-13c"/>
      </object_component>
      <object_component id="oc-160">
         <name>.text:sl_Close</name>
         <load_address>0x2000ae24</load_address>
         <run_address>0x2000ae24</run_address>
         <size>0x24</size>
         <input_file_ref idref="fl-166"/>
      </object_component>
      <object_component id="oc-111">
         <name>.text:sl_WlanProfileDel</name>
         <load_address>0x2000ae48</load_address>
         <run_address>0x2000ae48</run_address>
         <size>0x24</size>
         <input_file_ref idref="fl-167"/>
      </object_component>
      <object_component id="oc-3ae">
         <name>.text:SPIReset</name>
         <load_address>0x2000ae6c</load_address>
         <run_address>0x2000ae6c</run_address>
         <size>0x22</size>
         <input_file_ref idref="fl-16a"/>
      </object_component>
      <object_component id="oc-618">
         <name>.text:SPIWordCountSet</name>
         <load_address>0x2000ae8e</load_address>
         <run_address>0x2000ae8e</run_address>
         <size>0x22</size>
         <input_file_ref idref="fl-16a"/>
      </object_component>
      <object_component id="oc-185">
         <name>.text</name>
         <load_address>0x2000aeb0</load_address>
         <run_address>0x2000aeb0</run_address>
         <size>0x22</size>
         <input_file_ref idref="fl-13a"/>
      </object_component>
      <object_component id="oc-3de">
         <name>.text:IntRegister</name>
         <load_address>0x2000aed4</load_address>
         <run_address>0x2000aed4</run_address>
         <size>0x20</size>
         <input_file_ref idref="fl-158"/>
      </object_component>
      <object_component id="oc-689">
         <name>.text:_SlDrvCmdSend</name>
         <load_address>0x2000aef4</load_address>
         <run_address>0x2000aef4</run_address>
         <size>0x20</size>
         <input_file_ref idref="fl-160"/>
      </object_component>
      <object_component id="oc-438">
         <name>.text:_SlNonOsSpawn</name>
         <load_address>0x2000af14</load_address>
         <run_address>0x2000af14</run_address>
         <size>0x20</size>
         <input_file_ref idref="fl-165"/>
      </object_component>
      <object_component id="oc-1ef">
         <name>.text:UARTCharPut</name>
         <load_address>0x2000af34</load_address>
         <run_address>0x2000af34</run_address>
         <size>0x1e</size>
         <input_file_ref idref="fl-15b"/>
      </object_component>
      <object_component id="oc-47b">
         <name>.text:_SlDrvObjDeInit</name>
         <load_address>0x2000af54</load_address>
         <run_address>0x2000af54</run_address>
         <size>0x1c</size>
         <input_file_ref idref="fl-160"/>
      </object_component>
      <object_component id="oc-1c5">
         <name>.text</name>
         <load_address>0x2000af70</load_address>
         <run_address>0x2000af70</run_address>
         <size>0x1c</size>
         <input_file_ref idref="fl-4"/>
      </object_component>
      <object_component id="oc-505">
         <name>.text</name>
         <load_address>0x2000af8c</load_address>
         <run_address>0x2000af8c</run_address>
         <size>0x1c</size>
         <input_file_ref idref="fl-154"/>
      </object_component>
      <object_component id="oc-612">
         <name>.text:uDMAChannelEnable</name>
         <load_address>0x2000afa8</load_address>
         <run_address>0x2000afa8</run_address>
         <size>0x1c</size>
         <input_file_ref idref="fl-16b"/>
      </object_component>
      <object_component id="oc-629">
         <name>.text:CopyPingResultsToReport</name>
         <load_address>0x2000afc4</load_address>
         <run_address>0x2000afc4</run_address>
         <size>0x1a</size>
         <input_file_ref idref="fl-163"/>
      </object_component>
      <object_component id="oc-361">
         <name>.text:PinTypeUART</name>
         <load_address>0x2000afde</load_address>
         <run_address>0x2000afde</run_address>
         <size>0x1a</size>
         <input_file_ref idref="fl-159"/>
      </object_component>
      <object_component id="oc-46d">
         <name>.text:SPIDmaDisable</name>
         <load_address>0x2000aff8</load_address>
         <run_address>0x2000aff8</run_address>
         <size>0x1a</size>
         <input_file_ref idref="fl-16a"/>
      </object_component>
      <object_component id="oc-3d2">
         <name>.text:SPIDmaEnable</name>
         <load_address>0x2000b012</load_address>
         <run_address>0x2000b012</run_address>
         <size>0x1a</size>
         <input_file_ref idref="fl-16a"/>
      </object_component>
      <object_component id="oc-467">
         <name>.text:SPIFIFODisable</name>
         <load_address>0x2000b02c</load_address>
         <run_address>0x2000b02c</run_address>
         <size>0x1a</size>
         <input_file_ref idref="fl-16a"/>
      </object_component>
      <object_component id="oc-3cc">
         <name>.text:SPIFIFOEnable</name>
         <load_address>0x2000b046</load_address>
         <run_address>0x2000b046</run_address>
         <size>0x1a</size>
         <input_file_ref idref="fl-16a"/>
      </object_component>
      <object_component id="oc-461">
         <name>.text:SPIIntUnregister</name>
         <load_address>0x2000b060</load_address>
         <run_address>0x2000b060</run_address>
         <size>0x1a</size>
         <input_file_ref idref="fl-16a"/>
      </object_component>
      <object_component id="oc-64f">
         <name>.text:_SlDrvDeviceEventHandler</name>
         <load_address>0x2000b07a</load_address>
         <run_address>0x2000b07a</run_address>
         <size>0x1a</size>
         <input_file_ref idref="fl-15f"/>
      </object_component>
      <object_component id="oc-173">
         <name>.text</name>
         <load_address>0x2000b094</load_address>
         <run_address>0x2000b094</run_address>
         <size>0x1a</size>
         <input_file_ref idref="fl-140"/>
      </object_component>
      <object_component id="oc-3a2">
         <name>.text:SPICSDisable</name>
         <load_address>0x2000b0ae</load_address>
         <run_address>0x2000b0ae</run_address>
         <size>0x18</size>
         <input_file_ref idref="fl-16a"/>
      </object_component>
      <object_component id="oc-5fa">
         <name>.text:SPICSEnable</name>
         <load_address>0x2000b0c6</load_address>
         <run_address>0x2000b0c6</run_address>
         <size>0x18</size>
         <input_file_ref idref="fl-16a"/>
      </object_component>
      <object_component id="oc-3a8">
         <name>.text:SPIDisable</name>
         <load_address>0x2000b0de</load_address>
         <run_address>0x2000b0de</run_address>
         <size>0x18</size>
         <input_file_ref idref="fl-16a"/>
      </object_component>
      <object_component id="oc-3f0">
         <name>.text:SPIEnable</name>
         <load_address>0x2000b0f6</load_address>
         <run_address>0x2000b0f6</run_address>
         <size>0x18</size>
         <input_file_ref idref="fl-16a"/>
      </object_component>
      <object_component id="oc-3a">
         <name>.text</name>
         <load_address>0x2000b110</load_address>
         <run_address>0x2000b110</run_address>
         <size>0x18</size>
         <input_file_ref idref="fl-147"/>
      </object_component>
      <object_component id="oc-4d1">
         <name>.text</name>
         <load_address>0x2000b128</load_address>
         <run_address>0x2000b128</run_address>
         <size>0x18</size>
         <input_file_ref idref="fl-152"/>
      </object_component>
      <object_component id="oc-33c">
         <name>.text:PRCMHIBRegRead</name>
         <load_address>0x2000b140</load_address>
         <run_address>0x2000b140</run_address>
         <size>0x16</size>
         <input_file_ref idref="fl-15a"/>
      </object_component>
      <object_component id="oc-342">
         <name>.text:PRCMHIBRegWrite</name>
         <load_address>0x2000b156</load_address>
         <run_address>0x2000b156</run_address>
         <size>0x16</size>
         <input_file_ref idref="fl-15a"/>
      </object_component>
      <object_component id="oc-1fb">
         <name>.text:UARTCharGet</name>
         <load_address>0x2000b16c</load_address>
         <run_address>0x2000b16c</run_address>
         <size>0x16</size>
         <input_file_ref idref="fl-15b"/>
      </object_component>
      <object_component id="oc-313">
         <name>.text:_sl_Strlen</name>
         <load_address>0x2000b182</load_address>
         <run_address>0x2000b182</run_address>
         <size>0x16</size>
         <input_file_ref idref="fl-162"/>
      </object_component>
      <object_component id="oc-331">
         <name>.text:CPUcpsie</name>
         <load_address>0x2000b198</load_address>
         <run_address>0x2000b198</run_address>
         <size>0x14</size>
         <input_file_ref idref="fl-15d"/>
      </object_component>
      <object_component id="oc-1ac">
         <name>.text:IntVTableBaseSet</name>
         <load_address>0x2000b1ac</load_address>
         <run_address>0x2000b1ac</run_address>
         <size>0x14</size>
         <input_file_ref idref="fl-158"/>
      </object_component>
      <object_component id="oc-642">
         <name>.text:_SlDrvShiftDWord</name>
         <load_address>0x2000b1c0</load_address>
         <run_address>0x2000b1c0</run_address>
         <size>0x14</size>
         <input_file_ref idref="fl-160"/>
      </object_component>
      <object_component id="oc-be">
         <name>.text</name>
         <load_address>0x2000b1d4</load_address>
         <run_address>0x2000b1d4</run_address>
         <size>0x14</size>
         <input_file_ref idref="fl-145"/>
      </object_component>
      <object_component id="oc-13c">
         <name>.text</name>
         <load_address>0x2000b1e8</load_address>
         <run_address>0x2000b1e8</run_address>
         <size>0x14</size>
         <input_file_ref idref="fl-142"/>
      </object_component>
      <object_component id="oc-1c">
         <name>.text:decompress:ZI</name>
         <load_address>0x2000b1fc</load_address>
         <run_address>0x2000b1fc</run_address>
         <size>0x12</size>
         <input_file_ref idref="fl-138"/>
      </object_component>
      <object_component id="oc-4ff">
         <name>.text</name>
         <load_address>0x2000b20e</load_address>
         <run_address>0x2000b20e</run_address>
         <size>0x12</size>
         <input_file_ref idref="fl-156"/>
      </object_component>
      <object_component id="oc-129">
         <name>.text:sl_NetAppMDNSUnRegisterService</name>
         <load_address>0x2000b220</load_address>
         <run_address>0x2000b220</run_address>
         <size>0x12</size>
         <input_file_ref idref="fl-163"/>
      </object_component>
      <object_component id="oc-432">
         <name>.text:NwpMaskInterrupt</name>
         <load_address>0x2000b234</load_address>
         <run_address>0x2000b234</run_address>
         <size>0x10</size>
         <input_file_ref idref="fl-168"/>
      </object_component>
      <object_component id="oc-16d">
         <name>.text</name>
         <load_address>0x2000b244</load_address>
         <run_address>0x2000b244</run_address>
         <size>0x10</size>
         <input_file_ref idref="fl-141"/>
      </object_component>
      <object_component id="oc-16">
         <name>.text:decompress:none</name>
         <load_address>0x2000b254</load_address>
         <run_address>0x2000b254</run_address>
         <size>0xe</size>
         <input_file_ref idref="fl-136"/>
      </object_component>
      <object_component id="oc-2c">
         <name>.text</name>
         <load_address>0x2000b262</load_address>
         <run_address>0x2000b262</run_address>
         <size>0xe</size>
         <input_file_ref idref="fl-5"/>
      </object_component>
      <object_component id="oc-5f2">
         <name>.text:NwpUnMaskInterrupt</name>
         <load_address>0x2000b270</load_address>
         <run_address>0x2000b270</run_address>
         <size>0xc</size>
         <input_file_ref idref="fl-168"/>
      </object_component>
      <object_component id="oc-1b2">
         <name>.text:IntMasterEnable</name>
         <load_address>0x2000b27c</load_address>
         <run_address>0x2000b27c</run_address>
         <size>0xa</size>
         <input_file_ref idref="fl-158"/>
      </object_component>
      <object_component id="oc-7d">
         <name>.text</name>
         <load_address>0x2000b286</load_address>
         <run_address>0x2000b286</run_address>
         <size>0xa</size>
         <input_file_ref idref="fl-2"/>
      </object_component>
      <object_component id="oc-24f">
         <name>.text:_SlNonOsSemSet</name>
         <load_address>0x2000b290</load_address>
         <run_address>0x2000b290</run_address>
         <size>0x8</size>
         <input_file_ref idref="fl-165"/>
      </object_component>
      <object_component id="oc-117">
         <name>.text:sl_WlanDisconnect</name>
         <load_address>0x2000b298</load_address>
         <run_address>0x2000b298</run_address>
         <size>0x8</size>
         <input_file_ref idref="fl-167"/>
      </object_component>
      <object_component id="oc-393">
         <name>.text:UtilsDelay</name>
         <load_address>0x2000b2a0</load_address>
         <run_address>0x2000b2a0</run_address>
         <size>0x6</size>
         <input_file_ref idref="fl-15c"/>
      </object_component>
      <object_component id="oc-22">
         <name>.text:decompress:rle24</name>
         <load_address>0x2000b2a6</load_address>
         <run_address>0x2000b2a6</run_address>
         <size>0x6</size>
         <input_file_ref idref="fl-137"/>
      </object_component>
      <object_component id="oc-5c6">
         <name>.const:.string:_ctypes_</name>
         <load_address>0x2000b2ac</load_address>
         <run_address>0x2000b2ac</run_address>
         <size>0x102</size>
         <input_file_ref idref="fl-14b"/>
      </object_component>
      <object_component id="oc-5ad">
         <name>.const:g_ulPinToPadMap</name>
         <load_address>0x2000b3b0</load_address>
         <run_address>0x2000b3b0</run_address>
         <size>0x100</size>
         <input_file_ref idref="fl-159"/>
      </object_component>
      <object_component id="oc-28f">
         <name>.const</name>
         <load_address>0x2000b4b0</load_address>
         <run_address>0x2000b4b0</run_address>
         <size>0xec</size>
         <input_file_ref idref="fl-167"/>
      </object_component>
      <object_component id="oc-530">
         <name>.const:g_pulRegs</name>
         <load_address>0x2000b59c</load_address>
         <run_address>0x2000b59c</run_address>
         <size>0xd4</size>
         <input_file_ref idref="fl-158"/>
      </object_component>
      <object_component id="oc-4b3">
         <name>.const:PRCM_PeriphRegsList</name>
         <load_address>0x2000b670</load_address>
         <run_address>0x2000b670</run_address>
         <size>0xa8</size>
         <input_file_ref idref="fl-15a"/>
      </object_component>
      <object_component id="oc-338">
         <name>.const</name>
         <load_address>0x2000b718</load_address>
         <run_address>0x2000b718</run_address>
         <size>0x80</size>
         <input_file_ref idref="fl-158"/>
      </object_component>
      <object_component id="oc-166">
         <name>.const:.string</name>
         <load_address>0x2000b798</load_address>
         <run_address>0x2000b798</run_address>
         <size>0x4c</size>
         <input_file_ref idref="fl-3"/>
      </object_component>
      <object_component id="oc-484">
         <name>.const</name>
         <load_address>0x2000b7e4</load_address>
         <run_address>0x2000b7e4</run_address>
         <size>0x4c</size>
         <input_file_ref idref="fl-160"/>
      </object_component>
      <object_component id="oc-319">
         <name>.const</name>
         <load_address>0x2000b830</load_address>
         <run_address>0x2000b830</run_address>
         <size>0x38</size>
         <input_file_ref idref="fl-162"/>
      </object_component>
      <object_component id="oc-2dd">
         <name>.const</name>
         <load_address>0x2000b868</load_address>
         <run_address>0x2000b868</run_address>
         <size>0x34</size>
         <input_file_ref idref="fl-166"/>
      </object_component>
      <object_component id="oc-12f">
         <name>.const:$P$T1$2</name>
         <load_address>0x2000b89c</load_address>
         <run_address>0x2000b89c</run_address>
         <size>0x2c</size>
         <input_file_ref idref="fl-3"/>
      </object_component>
      <object_component id="oc-327">
         <name>.const</name>
         <load_address>0x2000b8c8</load_address>
         <run_address>0x2000b8c8</run_address>
         <size>0x28</size>
         <input_file_ref idref="fl-163"/>
      </object_component>
      <object_component id="oc-620">
         <name>.const:g_ppulSPIIntMap</name>
         <load_address>0x2000b8f0</load_address>
         <run_address>0x2000b8f0</run_address>
         <size>0x24</size>
         <input_file_ref idref="fl-16a"/>
      </object_component>
      <object_component id="oc-13b">
         <name>.const:.string:$P$T0$1</name>
         <load_address>0x2000b914</load_address>
         <run_address>0x2000b914</run_address>
         <size>0x22</size>
         <input_file_ref idref="fl-3"/>
      </object_component>
      <object_component id="oc-132">
         <name>.const</name>
         <load_address>0x2000b938</load_address>
         <run_address>0x2000b938</run_address>
         <size>0x20</size>
         <input_file_ref idref="fl-3"/>
      </object_component>
      <object_component id="oc-5d4">
         <name>.const</name>
         <load_address>0x2000b958</load_address>
         <run_address>0x2000b958</run_address>
         <size>0x18</size>
         <input_file_ref idref="fl-16a"/>
      </object_component>
      <object_component id="oc-2a6">
         <name>.const</name>
         <load_address>0x2000b970</load_address>
         <run_address>0x2000b970</run_address>
         <size>0x14</size>
         <input_file_ref idref="fl-15f"/>
      </object_component>
      <object_component id="oc-2be">
         <name>.const</name>
         <load_address>0x2000b984</load_address>
         <run_address>0x2000b984</run_address>
         <size>0x8</size>
         <input_file_ref idref="fl-164"/>
      </object_component>
      <object_component id="oc-6b0">
         <name>.cinit..data.load</name>
         <load_address>0x2000b990</load_address>
         <run_address>0x2000b990</run_address>
         <size>0x21</size>
      </object_component>
      <object_component id="oc-6ae">
         <name>__TI_handler_table</name>
         <load_address>0x2000b9b4</load_address>
         <run_address>0x2000b9b4</run_address>
         <size>0xc</size>
      </object_component>
      <object_component id="oc-6b1">
         <name>.cinit..bss.load</name>
         <load_address>0x2000b9c0</load_address>
         <run_address>0x2000b9c0</run_address>
         <size>0x8</size>
      </object_component>
      <object_component id="oc-6af">
         <name>__TI_cinit_table</name>
         <load_address>0x2000b9c8</load_address>
         <run_address>0x2000b9c8</run_address>
         <size>0x10</size>
      </object_component>
      <object_component id="oc-46">
         <name>.data</name>
         <load_address>0x20018010</load_address>
         <run_address>0x20018010</run_address>
         <size>0x4</size>
         <input_file_ref idref="fl-13f"/>
      </object_component>
      <object_component id="oc-85">
         <name>.data</name>
         <load_address>0x20018000</load_address>
         <run_address>0x20018000</run_address>
         <size>0x8</size>
         <input_file_ref idref="fl-145"/>
      </object_component>
      <object_component id="oc-88">
         <name>.data</name>
         <load_address>0x20018008</load_address>
         <run_address>0x20018008</run_address>
         <size>0x8</size>
         <input_file_ref idref="fl-139"/>
      </object_component>
      <object_component id="oc-de">
         <name>.data</name>
         <load_address>0x20017fe4</load_address>
         <run_address>0x20017fe4</run_address>
         <size>0x10</size>
         <input_file_ref idref="fl-3"/>
      </object_component>
      <object_component id="oc-273">
         <name>.data</name>
         <load_address>0x20017e18</load_address>
         <run_address>0x20017e18</run_address>
         <size>0x170</size>
         <input_file_ref idref="fl-160"/>
      </object_component>
      <object_component id="oc-38d">
         <name>.data</name>
         <load_address>0x20017ff4</load_address>
         <run_address>0x20017ff4</run_address>
         <size>0xc</size>
         <input_file_ref idref="fl-13d"/>
      </object_component>
      <object_component id="oc-3f6">
         <name>.data</name>
         <load_address>0x20017f88</load_address>
         <run_address>0x20017f88</run_address>
         <size>0x5c</size>
         <input_file_ref idref="fl-168"/>
      </object_component>
      <object_component id="oc-e1">
         <name>.bss:g_ucConnectionSSID</name>
         <uninitialized>true</uninitialized>
         <run_address>0x20017de0</run_address>
         <size>0x24</size>
         <input_file_ref idref="fl-3"/>
      </object_component>
      <object_component id="oc-18b">
         <name>.bss:g_buff</name>
         <uninitialized>true</uninitialized>
         <run_address>0x20017800</run_address>
         <size>0x5b8</size>
         <input_file_ref idref="fl-3"/>
      </object_component>
      <object_component id="oc-284">
         <name>.bss:g__SlNonOsCB</name>
         <uninitialized>true</uninitialized>
         <run_address>0x20017db8</run_address>
         <size>0x28</size>
         <input_file_ref idref="fl-165"/>
      </object_component>
      <object_component id="oc-1c4">
         <name>.common:g_ulDestinationIP</name>
         <uninitialized>true</uninitialized>
         <run_address>0x20017e10</run_address>
         <size>0x4</size>
      </object_component>
      <object_component id="oc-ec">
         <name>.common:g_ucConnectionBSSID</name>
         <uninitialized>true</uninitialized>
         <run_address>0x20017e04</run_address>
         <size>0x8</size>
      </object_component>
      <object_component id="oc-20d">
         <name>.common:__Errorlog</name>
         <uninitialized>true</uninitialized>
         <run_address>0x20017e0c</run_address>
         <size>0x4</size>
      </object_component>
      <object_component id="oc-65c">
         <name>.common:g_cDummy</name>
         <uninitialized>true</uninitialized>
         <run_address>0x20017e14</run_address>
         <size>0x1</size>
      </object_component>
      <object_component id="oc-29">
         <name>.sysmem</name>
         <uninitialized>true</uninitialized>
         <run_address>0x20017000</run_address>
         <size>0x8</size>
         <input_file_ref idref="fl-13d"/>
      </object_component>
      <object_component id="oc-6b3">
         <name>.sysmem</name>
         <uninitialized>true</uninitialized>
         <run_address>0x20017000</run_address>
         <size>0x0</size>
      </object_component>
      <object_component id="oc-28">
         <name>.stack</name>
         <uninitialized>true</uninitialized>
         <run_address>0x2002f800</run_address>
         <size>0x0</size>
         <input_file_ref idref="fl-135"/>
      </object_component>
      <object_component id="oc-6b2">
         <name>.stack</name>
         <uninitialized>true</uninitialized>
         <run_address>0x2002f800</run_address>
         <size>0x0</size>
      </object_component>
      <object_component id="oc-f">
         <name>.debug_info</name>
         <load_address>0x0</load_address>
         <run_address>0x0</run_address>
         <size>0x114</size>
         <input_file_ref idref="fl-5"/>
      </object_component>
      <object_component id="oc-14">
         <name>.debug_info</name>
         <load_address>0x114</load_address>
         <run_address>0x114</run_address>
         <size>0xf3</size>
         <input_file_ref idref="fl-135"/>
      </object_component>
      <object_component id="oc-19">
         <name>.debug_info</name>
         <load_address>0x207</load_address>
         <run_address>0x207</run_address>
         <size>0x194</size>
         <input_file_ref idref="fl-136"/>
      </object_component>
      <object_component id="oc-1d">
         <name>.debug_info</name>
         <load_address>0x39b</load_address>
         <run_address>0x39b</run_address>
         <size>0x16a</size>
         <input_file_ref idref="fl-138"/>
      </object_component>
      <object_component id="oc-23">
         <name>.debug_info</name>
         <load_address>0x505</load_address>
         <run_address>0x505</run_address>
         <size>0x18e</size>
         <input_file_ref idref="fl-137"/>
      </object_component>
      <object_component id="oc-2a">
         <name>.debug_info</name>
         <load_address>0x693</load_address>
         <run_address>0x693</run_address>
         <size>0xb6</size>
         <input_file_ref idref="fl-13d"/>
      </object_component>
      <object_component id="oc-30">
         <name>.debug_info</name>
         <load_address>0x749</load_address>
         <run_address>0x749</run_address>
         <size>0x435</size>
         <input_file_ref idref="fl-5"/>
      </object_component>
      <object_component id="oc-34">
         <name>.debug_info</name>
         <load_address>0xb7e</load_address>
         <run_address>0xb7e</run_address>
         <size>0x129</size>
         <input_file_ref idref="fl-5"/>
      </object_component>
      <object_component id="oc-38">
         <name>.debug_info</name>
         <load_address>0xca7</load_address>
         <run_address>0xca7</run_address>
         <size>0x13d</size>
         <input_file_ref idref="fl-149"/>
      </object_component>
      <object_component id="oc-3b">
         <name>.debug_info</name>
         <load_address>0xde4</load_address>
         <run_address>0xde4</run_address>
         <size>0x11c</size>
         <input_file_ref idref="fl-147"/>
      </object_component>
      <object_component id="oc-43">
         <name>.debug_info</name>
         <load_address>0xf00</load_address>
         <run_address>0xf00</run_address>
         <size>0x1c2</size>
         <input_file_ref idref="fl-139"/>
      </object_component>
      <object_component id="oc-47">
         <name>.debug_info</name>
         <load_address>0x10c2</load_address>
         <run_address>0x10c2</run_address>
         <size>0xbe</size>
         <input_file_ref idref="fl-13f"/>
      </object_component>
      <object_component id="oc-4c">
         <name>.debug_info</name>
         <load_address>0x1180</load_address>
         <run_address>0x1180</run_address>
         <size>0xcc</size>
         <input_file_ref idref="fl-13b"/>
      </object_component>
      <object_component id="oc-50">
         <name>.debug_info</name>
         <load_address>0x124c</load_address>
         <run_address>0x124c</run_address>
         <size>0x46</size>
         <input_file_ref idref="fl-136"/>
      </object_component>
      <object_component id="oc-55">
         <name>.debug_info</name>
         <load_address>0x1292</load_address>
         <run_address>0x1292</run_address>
         <size>0xf2</size>
         <input_file_ref idref="fl-136"/>
      </object_component>
      <object_component id="oc-57">
         <name>.debug_info</name>
         <load_address>0x1384</load_address>
         <run_address>0x1384</run_address>
         <size>0x46</size>
         <input_file_ref idref="fl-138"/>
      </object_component>
      <object_component id="oc-5c">
         <name>.debug_info</name>
         <load_address>0x13ca</load_address>
         <run_address>0x13ca</run_address>
         <size>0xad</size>
         <input_file_ref idref="fl-138"/>
      </object_component>
      <object_component id="oc-5f">
         <name>.debug_info</name>
         <load_address>0x1477</load_address>
         <run_address>0x1477</run_address>
         <size>0x1ef</size>
         <input_file_ref idref="fl-137"/>
      </object_component>
      <object_component id="oc-64">
         <name>.debug_info</name>
         <load_address>0x1666</load_address>
         <run_address>0x1666</run_address>
         <size>0xb7</size>
         <input_file_ref idref="fl-137"/>
      </object_component>
      <object_component id="oc-65">
         <name>.debug_info</name>
         <load_address>0x171d</load_address>
         <run_address>0x171d</run_address>
         <size>0x39</size>
         <input_file_ref idref="fl-137"/>
      </object_component>
      <object_component id="oc-6c">
         <name>.debug_info</name>
         <load_address>0x1756</load_address>
         <run_address>0x1756</run_address>
         <size>0x1d7</size>
         <input_file_ref idref="fl-13d"/>
      </object_component>
      <object_component id="oc-71">
         <name>.debug_info</name>
         <load_address>0x192d</load_address>
         <run_address>0x192d</run_address>
         <size>0x84</size>
         <input_file_ref idref="fl-2"/>
      </object_component>
      <object_component id="oc-79">
         <name>.debug_info</name>
         <load_address>0x19b1</load_address>
         <run_address>0x19b1</run_address>
         <size>0x14b</size>
         <input_file_ref idref="fl-14a"/>
      </object_component>
      <object_component id="oc-7f">
         <name>.debug_info</name>
         <load_address>0x1afc</load_address>
         <run_address>0x1afc</run_address>
         <size>0x115</size>
         <input_file_ref idref="fl-2"/>
      </object_component>
      <object_component id="oc-84">
         <name>.debug_info</name>
         <load_address>0x1c11</load_address>
         <run_address>0x1c11</run_address>
         <size>0x11b</size>
         <input_file_ref idref="fl-147"/>
      </object_component>
      <object_component id="oc-86">
         <name>.debug_info</name>
         <load_address>0x1d2c</load_address>
         <run_address>0x1d2c</run_address>
         <size>0xc8</size>
         <input_file_ref idref="fl-145"/>
      </object_component>
      <object_component id="oc-89">
         <name>.debug_info</name>
         <load_address>0x1df4</load_address>
         <run_address>0x1df4</run_address>
         <size>0xeb</size>
         <input_file_ref idref="fl-139"/>
      </object_component>
      <object_component id="oc-8c">
         <name>.debug_info</name>
         <load_address>0x1edf</load_address>
         <run_address>0x1edf</run_address>
         <size>0x146</size>
         <input_file_ref idref="fl-139"/>
      </object_component>
      <object_component id="oc-91">
         <name>.debug_info</name>
         <load_address>0x2025</load_address>
         <run_address>0x2025</run_address>
         <size>0x2c</size>
         <input_file_ref idref="fl-136"/>
      </object_component>
      <object_component id="oc-98">
         <name>.debug_info</name>
         <load_address>0x2051</load_address>
         <run_address>0x2051</run_address>
         <size>0x2c</size>
         <input_file_ref idref="fl-2"/>
      </object_component>
      <object_component id="oc-a4">
         <name>.debug_info</name>
         <load_address>0x207d</load_address>
         <run_address>0x207d</run_address>
         <size>0x2c</size>
         <input_file_ref idref="fl-13d"/>
      </object_component>
      <object_component id="oc-a9">
         <name>.debug_info</name>
         <load_address>0x20a9</load_address>
         <run_address>0x20a9</run_address>
         <size>0x62</size>
         <input_file_ref idref="fl-13d"/>
      </object_component>
      <object_component id="oc-af">
         <name>.debug_info</name>
         <load_address>0x210b</load_address>
         <run_address>0x210b</run_address>
         <size>0x148</size>
         <input_file_ref idref="fl-14a"/>
      </object_component>
      <object_component id="oc-b1">
         <name>.debug_info</name>
         <load_address>0x2253</load_address>
         <run_address>0x2253</run_address>
         <size>0x172f</size>
         <input_file_ref idref="fl-3"/>
      </object_component>
      <object_component id="oc-b9">
         <name>.debug_info</name>
         <load_address>0x3982</load_address>
         <run_address>0x3982</run_address>
[...]
         <object_component_ref idref="oc-484"/>
      </symbol>
      <symbol id="sm-a89">
         <name>_SlDrvFlowContDeinit</name>
         <value>0x2000ac01</value>
         <object_component_ref idref="oc-475"/>
      </symbol>
      <symbol id="sm-a8a">
         <name>_SlDrvFlowContInit</name>
         <value>0x2000ac31</value>
         <object_component_ref idref="oc-39b"/>
      </symbol>
      <symbol id="sm-adc">
         <name>_sl_Strlen</name>
         <value>0x2000b183</value>
         <object_component_ref idref="oc-313"/>
      </symbol>
      <symbol id="sm-add">
         <name>sl_FsClose</name>
         <value>0x200099ed</value>
         <object_component_ref idref="oc-1a0"/>
      </symbol>
      <symbol id="sm-ade">
         <name>_SlFsCloseCmdCtrl</name>
         <value>0x2000b834</value>
         <object_component_ref idref="oc-319"/>
      </symbol>
      <symbol id="sm-adf">
         <name>_SlFsGetInfoCmdCtrl</name>
         <value>0x2000b840</value>
         <object_component_ref idref="oc-319"/>
      </symbol>
      <symbol id="sm-ae0">
         <name>_sl_GetCreateFsMode</name>
         <value>0x20009ee1</value>
         <object_component_ref idref="oc-194"/>
      </symbol>
      <symbol id="sm-ae1">
         <name>_SlFsReadCmdCtrl</name>
         <value>0x2000b838</value>
         <object_component_ref idref="oc-319"/>
      </symbol>
      <symbol id="sm-ae2">
         <name>_SlFsDeleteCmdCtrl</name>
         <value>0x2000b844</value>
         <object_component_ref idref="oc-319"/>
      </symbol>
      <symbol id="sm-ae3">
         <name>_SlFsOpenCmdCtrl</name>
         <value>0x2000b830</value>
         <object_component_ref idref="oc-319"/>
      </symbol>
      <symbol id="sm-ae4">
         <name>sl_FsWrite</name>
         <value>0x200094b5</value>
         <object_component_ref idref="oc-19a"/>
      </symbol>
      <symbol id="sm-ae5">
         <name>sl_FsOpen</name>
         <value>0x2000a2e1</value>
         <object_component_ref idref="oc-18e"/>
      </symbol>
      <symbol id="sm-ae6">
         <name>_SlFsWriteCmdCtrl</name>
         <value>0x2000b83c</value>
         <object_component_ref idref="oc-319"/>
      </symbol>
      <symbol id="sm-b72">
         <name>sl_NetAppMDNSUnRegisterService</name>
         <value>0x2000b221</value>
         <object_component_ref idref="oc-129"/>
      </symbol>
      <symbol id="sm-b73">
         <name>_SlNetAppSendTokenValueCmdCtrl</name>
         <value>0x2000b8e8</value>
         <object_component_ref idref="oc-327"/>
      </symbol>
      <symbol id="sm-b74">
         <name>_SlGetServiceListeCtrl</name>
         <value>0x2000b8d4</value>
         <object_component_ref idref="oc-327"/>
      </symbol>
      <symbol id="sm-b75">
         <name>_SlNetAppStopCtrl</name>
         <value>0x2000b8d0</value>
         <object_component_ref idref="oc-327"/>
      </symbol>
      <symbol id="sm-b76">
         <name>_SlNetAppSetCmdCtrl</name>
         <value>0x2000b8e4</value>
         <object_component_ref idref="oc-327"/>
      </symbol>
      <symbol id="sm-b77">
         <name>_SlNetAppGetCmdCtrl</name>
         <value>0x2000b8ec</value>
         <object_component_ref idref="oc-327"/>
      </symbol>
      <symbol id="sm-b78">
         <name>sl_NetAppDnsGetHostByName</name>
         <value>0x20008955</value>
         <object_component_ref idref="oc-1a6"/>
      </symbol>
      <symbol id="sm-b79">
         <name>_sl_HandleAsync_DnsGetHostByName</name>
         <value>0x2000986d</value>
         <object_component_ref idref="oc-588"/>
      </symbol>
      <symbol id="sm-b7a">
         <name>_SlRegisterServiceCtrl</name>
         <value>0x2000b8d8</value>
         <object_component_ref idref="oc-327"/>
      </symbol>
      <symbol id="sm-b7b">
         <name>_sl_HandleAsync_PingResponse</name>
         <value>0x20009b59</value>
         <object_component_ref idref="oc-594"/>
      </symbol>
      <symbol id="sm-b7c">
         <name>_SlNetAppStartCtrl</name>
         <value>0x2000b8cc</value>
         <object_component_ref idref="oc-327"/>
      </symbol>
      <symbol id="sm-b7d">
         <name>_SlDrvNetAppEventHandler</name>
         <value>0x20008d4d</value>
         <object_component_ref idref="oc-649"/>
      </symbol>
      <symbol id="sm-b7e">
         <name>_sl_HandleAsync_DnsGetHostByService</name>
         <value>0x20009e79</value>
         <object_component_ref idref="oc-58e"/>
      </symbol>
      <symbol id="sm-b7f">
         <name>sl_NetAppSendTokenValue</name>
         <value>0x2000a335</value>
         <object_component_ref idref="oc-673"/>
      </symbol>
      <symbol id="sm-b80">
         <name>CopyPingResultsToReport</name>
         <value>0x2000afc5</value>
         <object_component_ref idref="oc-629"/>
      </symbol>
      <symbol id="sm-b81">
         <name>_SlGetHostByNameCtrl</name>
         <value>0x2000b8e0</value>
         <object_component_ref idref="oc-327"/>
      </symbol>
      <symbol id="sm-b82">
         <name>_SlGetHostByServiceCtrl</name>
         <value>0x2000b8dc</value>
         <object_component_ref idref="oc-327"/>
      </symbol>
      <symbol id="sm-b83">
         <name>sl_NetAppMDNSRegisterUnregisterService</name>
         <value>0x200096d9</value>
         <object_component_ref idref="oc-2ca"/>
      </symbol>
      <symbol id="sm-ba1">
         <name>_SlNetCfgSetCmdCtrl</name>
         <value>0x2000b984</value>
         <object_component_ref idref="oc-2be"/>
      </symbol>
      <symbol id="sm-ba2">
         <name>_SlNetCfgGetCmdCtrl</name>
         <value>0x2000b988</value>
         <object_component_ref idref="oc-2be"/>
      </symbol>
      <symbol id="sm-ba3">
         <name>sl_NetCfgSet</name>
         <value>0x2000a735</value>
         <object_component_ref idref="oc-11d"/>
      </symbol>
      <symbol id="sm-be1">
         <name>_SlNonOsSemSet</name>
         <value>0x2000b291</value>
         <object_component_ref idref="oc-24f"/>
      </symbol>
      <symbol id="sm-be2">
         <name>_SlNonOsSpawn</name>
         <value>0x2000af15</value>
         <object_component_ref idref="oc-438"/>
      </symbol>
      <symbol id="sm-be3">
         <name>_SlNonOsSemGet</name>
         <value>0x2000ac61</value>
         <object_component_ref idref="oc-249"/>
      </symbol>
      <symbol id="sm-be4">
         <name>_SlNonOsMainLoopTask</name>
         <value>0x2000a83d</value>
         <object_component_ref idref="oc-f3"/>
      </symbol>
      <symbol id="sm-be5">
         <name>g__SlNonOsCB</name>
         <value>0x20017db8</value>
         <object_component_ref idref="oc-284"/>
      </symbol>
      <symbol id="sm-c9f">
         <name>sl_Recv</name>
         <value>0x2000a779</value>
         <object_component_ref idref="oc-167"/>
      </symbol>
      <symbol id="sm-ca0">
         <name>_SlSockCloseCmdCtrl</name>
         <value>0x2000b878</value>
         <object_component_ref idref="oc-2dd"/>
      </symbol>
      <symbol id="sm-ca1">
         <name>_SlSendCmdCtrl</name>
         <value>0x2000b880</value>
         <object_component_ref idref="oc-2dd"/>
      </symbol>
      <symbol id="sm-ca2">
         <name>_sl_BuildAddress</name>
         <value>0x2000ad45</value>
         <object_component_ref idref="oc-2e8"/>
      </symbol>
      <symbol id="sm-ca3">
         <name>sl_Send</name>
         <value>0x20008e01</value>
         <object_component_ref idref="oc-179"/>
      </symbol>
      <symbol id="sm-ca4">
         <name>_sl_HandleAsync_Connect</name>
         <value>0x20009da5</value>
         <object_component_ref idref="oc-57c"/>
      </symbol>
      <symbol id="sm-ca5">
         <name>sl_Htonl</name>
         <value>0x2000aa65</value>
         <object_component_ref idref="oc-14e"/>
      </symbol>
      <symbol id="sm-ca6">
         <name>sl_Htons</name>
         <value>0x2000ab6d</value>
         <object_component_ref idref="oc-148"/>
      </symbol>
      <symbol id="sm-ca7">
         <name>_SlSelectCmdCtrl</name>
         <value>0x2000b898</value>
         <object_component_ref idref="oc-2dd"/>
      </symbol>
      <symbol id="sm-ca8">
         <name>sl_Connect</name>
         <value>0x2000877d</value>
         <object_component_ref idref="oc-15a"/>
      </symbol>
      <symbol id="sm-ca9">
         <name>sl_Socket</name>
         <value>0x2000ac91</value>
         <object_component_ref idref="oc-154"/>
      </symbol>
      <symbol id="sm-caa">
         <name>_sl_HandleAsync_Select</name>
         <value>0x2000a0cd</value>
         <object_component_ref idref="oc-582"/>
      </symbol>
      <symbol id="sm-cab">
         <name>_SlSockSocketCmdCtrl</name>
         <value>0x2000b874</value>
         <object_component_ref idref="oc-2dd"/>
      </symbol>
      <symbol id="sm-cac">
         <name>_SlRecvfomCmdCtrl</name>
         <value>0x2000b87c</value>
         <object_component_ref idref="oc-2dd"/>
      </symbol>
      <symbol id="sm-cad">
         <name>_SlSetSockOptCmdCtrl</name>
         <value>0x2000b890</value>
         <object_component_ref idref="oc-2dd"/>
      </symbol>
      <symbol id="sm-cae">
         <name>_SlAcceptCmdCtrl</name>
         <value>0x2000b888</value>
         <object_component_ref idref="oc-2dd"/>
      </symbol>
      <symbol id="sm-caf">
         <name>_SlListenCmdCtrl</name>
         <value>0x2000b884</value>
         <object_component_ref idref="oc-2dd"/>
      </symbol>
      <symbol id="sm-cb0">
         <name>_SlRecvCmdCtrl</name>
         <value>0x2000b88c</value>
         <object_component_ref idref="oc-2dd"/>
      </symbol>
      <symbol id="sm-cb1">
         <name>_SlGetSockOptCmdCtrl</name>
         <value>0x2000b894</value>
         <object_component_ref idref="oc-2dd"/>
      </symbol>
      <symbol id="sm-cb2">
         <name>_sl_TruncatePayloadByProtocol</name>
         <value>0x20009d35</value>
         <object_component_ref idref="oc-300"/>
      </symbol>
      <symbol id="sm-cb3">
         <name>sl_Close</name>
         <value>0x2000ae25</value>
         <object_component_ref idref="oc-160"/>
      </symbol>
      <symbol id="sm-cb4">
         <name>_sl_HandleAsync_Accept</name>
         <value>0x20009e11</value>
         <object_component_ref idref="oc-576"/>
      </symbol>
      <symbol id="sm-d25">
         <name>sl_WlanDisconnect</name>
         <value>0x2000b299</value>
         <object_component_ref idref="oc-117"/>
      </symbol>
      <symbol id="sm-d26">
         <name>_SlPolicyGetCmdCtrl</name>
         <value>0x2000b4b8</value>
         <object_component_ref idref="oc-28f"/>
      </symbol>
      <symbol id="sm-d27">
         <name>_SlPolicySetCmdCtrl</name>
         <value>0x2000b4b4</value>
         <object_component_ref idref="oc-28f"/>
      </symbol>
      <symbol id="sm-d28">
         <name>_SlRxFilterGetCmdCtrl</name>
         <value>0x2000b4d0</value>
         <object_component_ref idref="oc-28f"/>
      </symbol>
      <symbol id="sm-d29">
         <name>_SlRxFilterSetCmdCtrl</name>
         <value>0x2000b4cc</value>
         <object_component_ref idref="oc-28f"/>
      </symbol>
      <symbol id="sm-d2a">
         <name>_SlProfileGetCmdCtrl</name>
         <value>0x2000b4bc</value>
         <object_component_ref idref="oc-28f"/>
      </symbol>
      <symbol id="sm-d2b">
         <name>_SlWlanGetNetworkListCtrl</name>
         <value>0x2000b4c4</value>
         <object_component_ref idref="oc-28f"/>
      </symbol>
      <symbol id="sm-d2c">
         <name>sl_WlanPolicySet</name>
         <value>0x2000a8bd</value>
         <object_component_ref idref="oc-10b"/>
      </symbol>
      <symbol id="sm-d2d">
         <name>_SlProfileDelCmdCtrl</name>
         <value>0x2000b4c0</value>
         <object_component_ref idref="oc-28f"/>
      </symbol>
      <symbol id="sm-d2e">
         <name>_SlWlanSetModeCmdCtrl</name>
         <value>0x2000b4d8</value>
         <object_component_ref idref="oc-28f"/>
      </symbol>
      <symbol id="sm-d2f">
         <name>_SlWlanCfgSetCmdCtrl</name>
         <value>0x2000b4dc</value>
         <object_component_ref idref="oc-28f"/>
      </symbol>
      <symbol id="sm-d30">
         <name>_SlWlanCfgGetCmdCtrl</name>
         <value>0x2000b4e0</value>
         <object_component_ref idref="oc-28f"/>
      </symbol>
      <symbol id="sm-d31">
         <name>sl_WlanProfileDel</name>
         <value>0x2000ae49</value>
         <object_component_ref idref="oc-111"/>
      </symbol>
      <symbol id="sm-d32">
         <name>_SlRxFilterAddtCmdCtrl</name>
         <value>0x2000b4c8</value>
         <object_component_ref idref="oc-28f"/>
      </symbol>
      <symbol id="sm-d33">
         <name>sl_WlanRxFilterSet</name>
         <value>0x2000a8fd</value>
         <object_component_ref idref="oc-135"/>
      </symbol>
      <symbol id="sm-d34">
         <name>sl_WlanConnect</name>
         <value>0x2000792d</value>
         <object_component_ref idref="oc-142"/>
      </symbol>
      <symbol id="sm-d35">
         <name>sl_WlanSet</name>
         <value>0x2000a5dd</value>
         <object_component_ref idref="oc-123"/>
      </symbol>
      <symbol id="sm-d36">
         <name>_SlSmartConfigStartCmdCtrl</name>
         <value>0x2000b4d4</value>
         <object_component_ref idref="oc-28f"/>
      </symbol>
      <symbol id="sm-d37">
         <name>sl_WlanSetMode</name>
         <value>0x2000ad6d</value>
         <object_component_ref idref="oc-f9"/>
      </symbol>
      <symbol id="sm-e01">
         <name>g_cDummy</name>
         <value>0x20017e14</value>
      </symbol>
      <symbol id="sm-e02">
         <name>NwpMaskInterrupt</name>
         <value>0x2000b235</value>
         <object_component_ref idref="oc-432"/>
      </symbol>
      <symbol id="sm-e03">
         <name>NwpRegisterInterruptHandler</name>
         <value>0x2000aa2d</value>
         <object_component_ref idref="oc-25b"/>
      </symbol>
      <symbol id="sm-e04">
         <name>NwpPowerOnPreamble</name>
         <value>0x200098f1</value>
         <object_component_ref idref="oc-231"/>
      </symbol>
      <symbol id="sm-e05">
         <name>g_pHostIntHdl</name>
         <value>0x20017f8c</value>
         <object_component_ref idref="oc-3f6"/>
      </symbol>
      <symbol id="sm-e06">
         <name>NwpUnMaskInterrupt</name>
         <value>0x2000b271</value>
         <object_component_ref idref="oc-5f2"/>
      </symbol>
      <symbol id="sm-e07">
         <name>g_ucDinDout</name>
         <value>0x20017f94</value>
         <object_component_ref idref="oc-3f6"/>
      </symbol>
      <symbol id="sm-e08">
         <name>NwpPowerOff</name>
         <value>0x2000a93d</value>
         <object_component_ref idref="oc-255"/>
      </symbol>
      <symbol id="sm-e09">
         <name>spi_Read</name>
         <value>0x20008afd</value>
         <object_component_ref idref="oc-5e6"/>
      </symbol>
      <symbol id="sm-e0a">
         <name>DmaSpiSwIntHandler</name>
         <value>0x2000ad95</value>
         <object_component_ref idref="oc-3f9"/>
      </symbol>
      <symbol id="sm-e0b">
         <name>NwpPowerOn</name>
         <value>0x2000aba1</value>
         <object_component_ref idref="oc-261"/>
      </symbol>
      <symbol id="sm-e0c">
         <name>spi_Close</name>
         <value>0x20009cc1</value>
         <object_component_ref idref="oc-29a"/>
      </symbol>
      <symbol id="sm-e0d">
         <name>spi_Write</name>
         <value>0x20008869</value>
         <object_component_ref idref="oc-563"/>
      </symbol>
      <symbol id="sm-e0e">
         <name>spi_Open</name>
         <value>0x20008131</value>
         <object_component_ref idref="oc-23d"/>
      </symbol>
      <symbol id="sm-e0f">
         <name>g_ucDMAEnabled</name>
         <value>0x20017f90</value>
         <object_component_ref idref="oc-3f6"/>
      </symbol>
      <symbol id="sm-e10">
         <name>g_SpiFd</name>
         <value>0x20017f88</value>
         <object_component_ref idref="oc-3f6"/>
      </symbol>
      <symbol id="sm-ecc">
         <name>SPIFIFODisable</name>
         <value>0x2000b02d</value>
         <object_component_ref idref="oc-467"/>
      </symbol>
      <symbol id="sm-ecd">
         <name>SPICSEnable</name>
         <value>0x2000b0c7</value>
         <object_component_ref idref="oc-5fa"/>
      </symbol>
      <symbol id="sm-ece">
         <name>SPIDisable</name>
         <value>0x2000b0df</value>
         <object_component_ref idref="oc-3a8"/>
      </symbol>
      <symbol id="sm-ecf">
         <name>SPIFIFOEnable</name>
         <value>0x2000b047</value>
         <object_component_ref idref="oc-3cc"/>
      </symbol>
      <symbol id="sm-ed0">
         <name>SPIWordCountSet</name>
         <value>0x2000ae8f</value>
         <object_component_ref idref="oc-618"/>
      </symbol>
      <symbol id="sm-ed1">
         <name>SPIEnable</name>
         <value>0x2000b0f7</value>
         <object_component_ref idref="oc-3f0"/>
      </symbol>
      <symbol id="sm-ed2">
         <name>SPIDmaEnable</name>
         <value>0x2000b013</value>
         <object_component_ref idref="oc-3d2"/>
      </symbol>
      <symbol id="sm-ed3">
         <name>SPIConfigSetExpClk</name>
         <value>0x20009001</value>
         <object_component_ref idref="oc-3b4"/>
      </symbol>
      <symbol id="sm-ed4">
         <name>SPIIntUnregister</name>
         <value>0x2000b061</value>
         <object_component_ref idref="oc-461"/>
      </symbol>
      <symbol id="sm-ed5">
         <name>SPIFIFOLevelSet</name>
         <value>0x2000aad1</value>
         <object_component_ref idref="oc-3d8"/>
      </symbol>
      <symbol id="sm-ed6">
         <name>SPIDmaDisable</name>
         <value>0x2000aff9</value>
         <object_component_ref idref="oc-46d"/>
      </symbol>
      <symbol id="sm-ed7">
         <name>SPIReset</name>
         <value>0x2000ae6d</value>
         <object_component_ref idref="oc-3ae"/>
      </symbol>
      <symbol id="sm-ed8">
         <name>SPIIntEnable</name>
         <value>0x2000a389</value>
         <object_component_ref idref="oc-3ea"/>
      </symbol>
      <symbol id="sm-ed9">
         <name>SPIIntClear</name>
         <value>0x2000a505</value>
         <object_component_ref idref="oc-53e"/>
      </symbol>
      <symbol id="sm-eda">
         <name>SPICSDisable</name>
         <value>0x2000b0af</value>
         <object_component_ref idref="oc-3a2"/>
      </symbol>
      <symbol id="sm-f31">
         <name>uDMAChannelControlSet</name>
         <value>0x2000a9f1</value>
         <object_component_ref idref="oc-600"/>
      </symbol>
      <symbol id="sm-f32">
         <name>uDMAChannelAttributeEnable</name>
         <value>0x20009fa9</value>
         <object_component_ref idref="oc-606"/>
      </symbol>
      <symbol id="sm-f33">
         <name>uDMAChannelTransferSet</name>
         <value>0x2000868d</value>
         <object_component_ref idref="oc-60c"/>
      </symbol>
      <symbol id="sm-f34">
         <name>uDMAChannelAssign</name>
         <value>0x2000a46d</value>
         <object_component_ref idref="oc-3c0"/>
      </symbol>
      <symbol id="sm-f35">
         <name>uDMAChannelAttributeDisable</name>
         <value>0x20009f45</value>
         <object_component_ref idref="oc-3c6"/>
      </symbol>
      <symbol id="sm-f36">
         <name>uDMAChannelEnable</name>
         <value>0x2000afa9</value>
         <object_component_ref idref="oc-612"/>
      </symbol>
      <symbol id="sm-f37">
         <name>__TI_static_base__</name>
         <value>0x2000b990</value>
      </symbol>
      <symbol id="sm-f38">
         <name>__TI_args_main</name>
         <value>0x1</value>
      </symbol>
      <symbol id="sm-f39">
         <name>SHT$$INIT_ARRAY$$Limit</name>
         <value>0x0</value>
      </symbol>
      <symbol id="sm-f3a">
         <name>SHT$$INIT_ARRAY$$Base</name>
         <value>0x0</value>
      </symbol>
   </symbol_table>
   <title>Link successful</title>
</link_info>
