******************************************************************************
                  TI ARM Linker PC v5.1.6                      
******************************************************************************
>> Linked Mon Mar 02 15:30:51 2015

OUTPUT FILE NAME:   <GroBot_System.out>
ENTRY POINT SYMBOL: "_c_int00"  address: 2000a54d


MEMORY CONFIGURATION

         name            origin    length      used     unused   attr    fill
----------------------  --------  ---------  --------  --------  ----  --------
  SRAM_CODE             20004000   00013000  000079d4  0000b62c  RW X
  SRAM_DATA             20017000   00019000  00001811  000177ef  RW X


SEGMENT ALLOCATION MAP

run origin  load origin   length   init length attrs members
----------  ----------- ---------- ----------- ----- -------
20004000    20004000    000079d8   000079d8    r-x
  20004000    20004000    00000400   00000400    r-- .intvecs
  20004400    20004400    00006eac   00006eac    r-x .text
  2000b2ac    2000b2ac    000006e0   000006e0    r-- .const
  2000b990    2000b990    00000048   00000048    r-- .cinit
20017000    20017000    00001014   00000000    rw-
  20017000    20017000    00000800   00000000    rw- .sysmem
  20017800    20017800    00000615   00000000    rw- .bss
  20017e18    20017e18    000001fc   00000000    rw- .data
2002f800    2002f800    00000800   00000000    rw-
  2002f800    2002f800    00000800   00000000    rw- .stack


SECTION ALLOCATION MAP

 output                                  attributes/
section   page    origin      length       input sections
--------  ----  ----------  ----------   ----------------
.init_array 
*          0    20004000    00000000     UNINITIALIZED

.intvecs   0    20004000    00000400     
                  20004000    00000400     startup_ccs.obj (.intvecs)

.text      0    20004400    00006eac     
                  20004400    00001588     network.obj (.text)
                  20005988    00000ec0     rtsv7M4_T_le_v4SPD16_eabi.lib : _printfi.obj (.text)
                  20006848    000003cc                                   : memory.obj (.text)
                  20006c14    000003b4     simplelink.a : driver.obj (.text:_SlDrvMsgRead)
                  20006fc8    0000034c                  : driver.obj (.text:_SlAsyncEventGenericHandler)
                  20007314    0000026c     uart_if.obj (.text)
                  20007580    000001f4     rtsv7M4_T_le_v4SPD16_eabi.lib : ull_div_t2.obj (.text)
                  20007774    000001b6                                   : fd_add_t2.obj (.text)
                  2000792a    00000002     driverlib.a : interrupt.obj (.text:IntDefaultHandler)
                  2000792c    0000019c     simplelink.a : wlan.obj (.text:sl_WlanConnect)
                  20007ac8    0000017c                  : driver.obj (.text:_SlDrvDataReadOp)
                  20007c44    00000140                  : driver.obj (.text:_SlDrvDataWriteOp)
                  20007d84    00000140                  : driver.obj (.text:_SlDrvRxHdrRead)
                  20007ec4    00000136     rtsv7M4_T_le_v4SPD16_eabi.lib : fd_div_t2.obj (.text)
                  20007ffa    00000002     --HOLE-- [fill = 0]
                  20007ffc    00000134     driverlib.a : prcm.obj (.text:PRCMCC3200MCUInit)
                  20008130    00000128     simplelink.a : cc_pal.obj (.text:spi_Open)
                  20008258    00000118                  : driver.obj (.text:_SlDrvWaitForPoolObj)
                  20008370    00000114                  : driver.obj (.text:_SlDrvMsgWrite)
                  20008484    0000010c                  : driver.obj (.text:_SlDrvReleasePoolObj)
                  20008590    000000fc     rtsv7M4_T_le_v4SPD16_eabi.lib : fd_mul_t2.obj (.text)
                  2000868c    000000f0     driverlib.a : udma.obj (.text:uDMAChannelTransferSet)
                  2000877c    000000ec     simplelink.a : socket.obj (.text:sl_Connect)
                  20008868    000000ec                  : cc_pal.obj (.text:spi_Write)
                  20008954    000000dc                  : netapp.obj (.text:sl_NetAppDnsGetHostByName)
                  20008a30    000000cc                  : device.obj (.text:sl_Stop)
                  20008afc    000000cc                  : cc_pal.obj (.text:spi_Read)
                  20008bc8    000000c8                  : device.obj (.text:sl_Start)
                  20008c90    000000bc                  : driver.obj (.text:_SlDrvMsgReadCmdCtx)
                  20008d4c    000000b2                  : netapp.obj (.text:_SlDrvNetAppEventHandler)
                  20008dfe    00000002     --HOLE-- [fill = 0]
                  20008e00    000000b0                  : socket.obj (.text:sl_Send)
                  20008eb0    000000a8     driverlib.a : interrupt.obj (.text:IntDisable)
                  20008f58    000000a8                 : interrupt.obj (.text:IntEnable)
                  20009000    000000a0                 : spi.obj (.text:SPIConfigSetExpClk)
                  200090a0    0000009c     rtsv7M4_T_le_v4SPD16_eabi.lib : memcpy_t2.obj (.text)
                  2000913c    00000098     simplelink.a : driver.obj (.text:_SlFindAndSetActiveObj)
                  200091d4    00000094     driverlib.a : prcm.obj (.text:PRCMPeripheralClockGet)
                  20009268    00000094     simplelink.a : driver.obj (.text:_SlDrvClassifyRxMsg)
                  200092fc    00000094                  : driver.obj (.text:_SlDrvMsgReadSpawnCtx)
                  20009390    00000094     rtsv7M4_T_le_v4SPD16_eabi.lib : auto_init.obj (.text)
                  20009424    00000090     simplelink.a : driver.obj (.text:_SlDrvDriverCBInit)
                  200094b4    0000008c                  : fs.obj (.text:sl_FsWrite)
                  20009540    00000088     driverlib.a : pin.obj (.text:PinConfigSet)
                  200095c8    00000088     simplelink.a : driver.obj (.text:_SlDrvCmdOp)
                  20009650    00000088     rtsv7M4_T_le_v4SPD16_eabi.lib : vsnprintf.obj (.text)
                  200096d8    00000088     simplelink.a : netapp.obj (.text:sl_NetAppMDNSRegisterUnregisterService)
                  20009760    00000086     rtsv7M4_T_le_v4SPD16_eabi.lib : fd_cmp_t2.obj (.text:__aeabi_cdcmple)
                  200097e6    00000086                                   : fd_cmp_t2.obj (.text:__aeabi_cdrcmple)
                  2000986c    00000084     simplelink.a : netapp.obj (.text:_sl_HandleAsync_DnsGetHostByName)
                  200098f0    00000080                  : cc_pal.obj (.text:NwpPowerOnPreamble)
                  20009970    0000007c                  : device.obj (.text:sl_DevGet)
                  200099ec    0000007c                  : fs.obj (.text:sl_FsClose)
                  20009a68    00000078                  : cc_pal.obj (.text:SetupDMAReceive)
                  20009ae0    00000078                  : device.obj (.text:_sl_HandleAsync_InitComplete)
                  20009b58    00000078                  : netapp.obj (.text:_sl_HandleAsync_PingResponse)
                  20009bd0    00000078     rtsv7M4_T_le_v4SPD16_eabi.lib : memset_t2.obj (.text)
                  20009c48    00000076     driverlib.a : uart.obj (.text:UARTConfigSetExpClk)
                  20009cbe    00000002     --HOLE-- [fill = 0]
                  20009cc0    00000074     simplelink.a : cc_pal.obj (.text:spi_Close)
                  20009d34    0000006e                  : socket.obj (.text:_sl_TruncatePayloadByProtocol)
                  20009da2    00000002     --HOLE-- [fill = 0]
                  20009da4    0000006c                  : socket.obj (.text:_sl_HandleAsync_Connect)
                  20009e10    00000068                  : socket.obj (.text:_sl_HandleAsync_Accept)
                  20009e78    00000068                  : netapp.obj (.text:_sl_HandleAsync_DnsGetHostByService)
                  20009ee0    00000064                  : fs.obj (.text:_sl_GetCreateFsMode)
                  20009f44    00000064     driverlib.a : udma.obj (.text:uDMAChannelAttributeDisable)
                  20009fa8    00000064                 : udma.obj (.text:uDMAChannelAttributeEnable)
                  2000a00c    00000060     simplelink.a : driver.obj (.text:_SlDrvDriverCBDeinit)
                  2000a06c    0000005e     rtsv7M4_T_le_v4SPD16_eabi.lib : copy_decompress_rle.obj (.text)
                  2000a0ca    00000002     --HOLE-- [fill = 0]
                  2000a0cc    0000005c     simplelink.a : socket.obj (.text:_sl_HandleAsync_Select)
                  2000a128    0000005a     rtsv7M4_T_le_v4SPD16_eabi.lib : ltoa.obj (.text)
                  2000a182    00000002     --HOLE-- [fill = 0]
                  2000a184    00000058     driverlib.a : interrupt.obj (.text:IntPendClear)
                  2000a1dc    00000058                 : prcm.obj (.text:PRCMPeripheralReset)
                  2000a234    00000058     simplelink.a : device.obj (.text:_sl_HandleAsync_Stop)
                  2000a28c    00000054     driverlib.a : interrupt.obj (.text:IntPrioritySet)
                  2000a2e0    00000054     simplelink.a : fs.obj (.text:sl_FsOpen)
                  2000a334    00000054                  : netapp.obj (.text:sl_NetAppSendTokenValue)
                  2000a388    0000004c     driverlib.a : spi.obj (.text:SPIIntEnable)
                  2000a3d4    0000004c                 : spi.obj (.text:SPIIntNumberGet)
                  2000a420    0000004c     rtsv7M4_T_le_v4SPD16_eabi.lib : atoi.obj (.text)
                  2000a46c    0000004c     driverlib.a : udma.obj (.text:uDMAChannelAssign)
                  2000a4b8    0000004a     simplelink.a : device.obj (.text:_sl_GetStartResponseConvert)
                  2000a502    00000002     --HOLE-- [fill = 0]
                  2000a504    00000048     driverlib.a : spi.obj (.text:SPIIntClear)
                  2000a54c    00000048     rtsv7M4_T_le_v4SPD16_eabi.lib : boot.obj (.text)
                  2000a594    00000048                                   : fd_toi_t2.obj (.text)
                  2000a5dc    00000048     simplelink.a : wlan.obj (.text:sl_WlanSet)
                  2000a624    00000044     driverlib.a : spi.obj (.text:SPIDmaMaskGet)
                  2000a668    00000044     rtsv7M4_T_le_v4SPD16_eabi.lib : cpy_tbl.obj (.text)
                  2000a6ac    00000044                                   : exit.obj (.text)
                  2000a6f0    00000044                                   : xdtest.obj (.text)
                  2000a734    00000044     simplelink.a : netcfg.obj (.text:sl_NetCfgSet)
                  2000a778    00000044                  : socket.obj (.text:sl_Recv)
                  2000a7bc    00000040     driverlib.a : pin.obj (.text:PinModeSet)
                  2000a7fc    00000040     simplelink.a : driver.obj (.text:_SlDrvRxIrqHandler)
                  2000a83c    00000040                  : nonos.obj (.text:_SlNonOsMainLoopTask)
                  2000a87c    00000040                  : driver.obj (.text:_SlRemoveFromList)
                  2000a8bc    00000040                  : wlan.obj (.text:sl_WlanPolicySet)
                  2000a8fc    00000040                  : wlan.obj (.text:sl_WlanRxFilterSet)
                  2000a93c    0000003c                  : cc_pal.obj (.text:NwpPowerOff)
                  2000a978    0000003c     driverlib.a : prcm.obj (.text:PRCMPeripheralClkEnable)
                  2000a9b4    0000003c     simplelink.a : driver.obj (.text:_SlDrvObjInit)
                  2000a9f0    0000003c     driverlib.a : udma.obj (.text:uDMAChannelControlSet)
                  2000aa2c    00000038     simplelink.a : cc_pal.obj (.text:NwpRegisterInterruptHandler)
                  2000aa64    00000038                  : socket.obj (.text:sl_Htonl)
                  2000aa9c    00000034     driverlib.a : prcm.obj (.text:PRCMPeripheralStatusGet)
                  2000aad0    00000034                 : spi.obj (.text:SPIFIFOLevelSet)
                  2000ab04    00000034     simplelink.a : driver.obj (.text:_SlDrvBasicCmd)
                  2000ab38    00000034     rtsv7M4_T_le_v4SPD16_eabi.lib : strstr.obj (.text)
                  2000ab6c    00000034     simplelink.a : socket.obj (.text:sl_Htons)
                  2000aba0    00000030                  : cc_pal.obj (.text:NwpPowerOn)
                  2000abd0    00000030     driverlib.a : uart.obj (.text:UARTDisable)
                  2000ac00    00000030     simplelink.a : flowcont.obj (.text:_SlDrvFlowContDeinit)
                  2000ac30    00000030                  : flowcont.obj (.text:_SlDrvFlowContInit)
                  2000ac60    00000030                  : nonos.obj (.text:_SlNonOsSemGet)
                  2000ac90    00000030                  : socket.obj (.text:sl_Socket)
                  2000acc0    0000002e     rtsv7M4_T_le_v4SPD16_eabi.lib : i_tofd_t2.obj (.text)
                  2000acee    00000002     --HOLE-- [fill = 0]
                  2000acf0    0000002c     driverlib.a : prcm.obj (.text:PRCMSysResetCauseGet)
                  2000ad1c    00000028                 : prcm.obj (.text:PRCMPeripheralClkDisable)
                  2000ad44    00000028     simplelink.a : socket.obj (.text:_sl_BuildAddress)
                  2000ad6c    00000028                  : wlan.obj (.text:sl_WlanSetMode)
                  2000ad94    00000024                  : cc_pal.obj (.text:DmaSpiSwIntHandler)
                  2000adb8    00000024     driverlib.a : interrupt.obj (.text:IntUnregister)
                  2000addc    00000024                 : uart.obj (.text:UARTEnable)
                  2000ae00    00000024     rtsv7M4_T_le_v4SPD16_eabi.lib : memmov.obj (.text)
                  2000ae24    00000024     simplelink.a : socket.obj (.text:sl_Close)
                  2000ae48    00000024                  : wlan.obj (.text:sl_WlanProfileDel)
                  2000ae6c    00000022     driverlib.a : spi.obj (.text:SPIReset)
                  2000ae8e    00000022                 : spi.obj (.text:SPIWordCountSet)
                  2000aeb0    00000022     rtsv7M4_T_le_v4SPD16_eabi.lib : memcmp.obj (.text)
                  2000aed2    00000002     --HOLE-- [fill = 0]
                  2000aed4    00000020     driverlib.a : interrupt.obj (.text:IntRegister)
                  2000aef4    00000020     simplelink.a : driver.obj (.text:_SlDrvCmdSend)
                  2000af14    00000020                  : nonos.obj (.text:_SlNonOsSpawn)
                  2000af34    0000001e     driverlib.a : uart.obj (.text:UARTCharPut)
                  2000af52    00000002     --HOLE-- [fill = 0]
                  2000af54    0000001c     simplelink.a : driver.obj (.text:_SlDrvObjDeInit)
                  2000af70    0000001c     pinmux.obj (.text)
                  2000af8c    0000001c     rtsv7M4_T_le_v4SPD16_eabi.lib : memccpy.obj (.text)
                  2000afa8    0000001c     driverlib.a : udma.obj (.text:uDMAChannelEnable)
                  2000afc4    0000001a     simplelink.a : netapp.obj (.text:CopyPingResultsToReport)
                  2000afde    0000001a     driverlib.a : pin.obj (.text:PinTypeUART)
                  2000aff8    0000001a                 : spi.obj (.text:SPIDmaDisable)
                  2000b012    0000001a                 : spi.obj (.text:SPIDmaEnable)
                  2000b02c    0000001a                 : spi.obj (.text:SPIFIFODisable)
                  2000b046    0000001a                 : spi.obj (.text:SPIFIFOEnable)
                  2000b060    0000001a                 : spi.obj (.text:SPIIntUnregister)
                  2000b07a    0000001a     simplelink.a : device.obj (.text:_SlDrvDeviceEventHandler)
                  2000b094    0000001a     rtsv7M4_T_le_v4SPD16_eabi.lib : strcat.obj (.text)
                  2000b0ae    00000018     driverlib.a : spi.obj (.text:SPICSDisable)
                  2000b0c6    00000018                 : spi.obj (.text:SPICSEnable)
                  2000b0de    00000018                 : spi.obj (.text:SPIDisable)
                  2000b0f6    00000018                 : spi.obj (.text:SPIEnable)
                  2000b10e    00000002     --HOLE-- [fill = 0]
                  2000b110    00000018     rtsv7M4_T_le_v4SPD16_eabi.lib : args_main.obj (.text)
                  2000b128    00000018                                   : ll_mul_t2.obj (.text)
                  2000b140    00000016     driverlib.a : prcm.obj (.text:PRCMHIBRegRead)
                  2000b156    00000016                 : prcm.obj (.text:PRCMHIBRegWrite)
                  2000b16c    00000016                 : uart.obj (.text:UARTCharGet)
                  2000b182    00000016     simplelink.a : fs.obj (.text:_sl_Strlen)
                  2000b198    00000014     driverlib.a : cpu.obj (.text:CPUcpsie)
                  2000b1ac    00000014                 : interrupt.obj (.text:IntVTableBaseSet)
                  2000b1c0    00000014     simplelink.a : driver.obj (.text:_SlDrvShiftDWord)
                  2000b1d4    00000014     rtsv7M4_T_le_v4SPD16_eabi.lib : _lock.obj (.text)
                  2000b1e8    00000014                                   : strlen.obj (.text)
                  2000b1fc    00000012                                   : copy_zero_init.obj (.text:decompress:ZI)
                  2000b20e    00000012                                   : xdclass.obj (.text)
                  2000b220    00000012     simplelink.a : netapp.obj (.text:sl_NetAppMDNSUnRegisterService)
                  2000b232    00000002     --HOLE-- [fill = 0]
                  2000b234    00000010                  : cc_pal.obj (.text:NwpMaskInterrupt)
                  2000b244    00000010     rtsv7M4_T_le_v4SPD16_eabi.lib : strcpy.obj (.text)
                  2000b254    0000000e                                   : copy_decompress_none.obj (.text:decompress:none)
                  2000b262    0000000e     startup_ccs.obj (.text)
                  2000b270    0000000c     simplelink.a : cc_pal.obj (.text:NwpUnMaskInterrupt)
                  2000b27c    0000000a     driverlib.a : interrupt.obj (.text:IntMasterEnable)
                  2000b286    0000000a     main.obj (.text)
                  2000b290    00000008     simplelink.a : nonos.obj (.text:_SlNonOsSemSet)
                  2000b298    00000008                  : wlan.obj (.text:sl_WlanDisconnect)
                  2000b2a0    00000006     driverlib.a : utils.obj (.text:UtilsDelay)
                  2000b2a6    00000006     rtsv7M4_T_le_v4SPD16_eabi.lib : copy_decompress_rle.obj (.text:decompress:rle24)

.const     0    2000b2ac    000006e0     
                  2000b2ac    00000102     rtsv7M4_T_le_v4SPD16_eabi.lib : ctype.obj (.const:.string:_ctypes_)
                  2000b3ae    00000002     --HOLE-- [fill = 0]
                  2000b3b0    00000100     driverlib.a : pin.obj (.const:g_ulPinToPadMap)
                  2000b4b0    000000ec     simplelink.a : wlan.obj (.const)
                  2000b59c    000000d4     driverlib.a : interrupt.obj (.const:g_pulRegs)
                  2000b670    000000a8                 : prcm.obj (.const:PRCM_PeriphRegsList)
                  2000b718    00000080                 : interrupt.obj (.const)
                  2000b798    0000004c     network.obj (.const:.string)
                  2000b7e4    0000004c     simplelink.a : driver.obj (.const)
                  2000b830    00000038                  : fs.obj (.const)
                  2000b868    00000034                  : socket.obj (.const)
                  2000b89c    0000002c     network.obj (.const:$P$T1$2)
                  2000b8c8    00000028     simplelink.a : netapp.obj (.const)
                  2000b8f0    00000024     driverlib.a : spi.obj (.const:g_ppulSPIIntMap)
                  2000b914    00000022     network.obj (.const:.string:$P$T0$1)
                  2000b936    00000002     --HOLE-- [fill = 0]
                  2000b938    00000020     network.obj (.const)
                  2000b958    00000018     driverlib.a : spi.obj (.const)
                  2000b970    00000014     simplelink.a : device.obj (.const)
                  2000b984    00000008                  : netcfg.obj (.const)

.cinit     0    2000b990    00000048     
                  2000b990    00000021     (.cinit..data.load) [load image, compression = rle]
                  2000b9b1    00000003     --HOLE-- [fill = 0]
                  2000b9b4    0000000c     (__TI_handler_table)
                  2000b9c0    00000008     (.cinit..bss.load) [load image, compression = zero_init]
                  2000b9c8    00000010     (__TI_cinit_table)

.sysmem    0    20017000    00000800     UNINITIALIZED
                  20017000    00000008     rtsv7M4_T_le_v4SPD16_eabi.lib : memory.obj (.sysmem)
                  20017008    000007f8     --HOLE--

.bss       0    20017800    00000615     UNINITIALIZED
                  20017800    000005b8     network.obj (.bss:g_buff)
                  20017db8    00000028     simplelink.a : nonos.obj (.bss:g__SlNonOsCB)
                  20017de0    00000024     network.obj (.bss:g_ucConnectionSSID)
                  20017e04    00000008     (.common:g_ucConnectionBSSID)
                  20017e0c    00000004     (.common:__Errorlog)
                  20017e10    00000004     (.common:g_ulDestinationIP)
                  20017e14    00000001     (.common:g_cDummy)

.data      0    20017e18    000001fc     UNINITIALIZED
                  20017e18    00000170     simplelink.a : driver.obj (.data)
                  20017f88    0000005c                  : cc_pal.obj (.data)
                  20017fe4    00000010     network.obj (.data)
                  20017ff4    0000000c     rtsv7M4_T_le_v4SPD16_eabi.lib : memory.obj (.data)
                  20018000    00000008                                   : _lock.obj (.data)
                  20018008    00000008                                   : exit.obj (.data)
                  20018010    00000004                                   : stkdepth_vars.obj (.data)

.stack     0    2002f800    00000800     UNINITIALIZED
                  2002f800    00000800     --HOLE--


LINKER GENERATED COPY TABLES

__TI_cinit_table @ 2000b9c8 records: 2, size/record: 8, table size: 16
	.data: load addr=2000b990, load size=00000021 bytes, run addr=20017e18, run size=000001fc bytes, compression=rle
	.bss: load addr=2000b9c0, load size=00000008 bytes, run addr=20017800, run size=00000615 bytes, compression=zero_init


LINKER GENERATED HANDLER TABLE

__TI_handler_table @ 2000b9b4 records: 3, size/record: 4, table size: 12
	index: 0, handler: __TI_decompress_rle24
	index: 1, handler: __TI_decompress_none
	index: 2, handler: __TI_zero_init


GLOBAL SYMBOLS: SORTED ALPHABETICALLY BY Name 

address    name
--------   ----
2000a6ad   C$$EXIT
2000b199   CPUcpsie
20007355   ClearTerm
2000afc5   CopyPingResultsToReport
20004cdd   CreateConnection
2000ad95   DmaSpiSwIntHandler
2000735f   Error
20004e79   GetChunkSize
20007397   GetCmd
20004f6d   GetData
20007315   InitTerm
20008eb1   IntDisable
20008f59   IntEnable
2000b27d   IntMasterEnable
2000a185   IntPendClear
2000a28d   IntPrioritySet
2000aed5   IntRegister
2000adb9   IntUnregister
2000b1ad   IntVTableBaseSet
20007333   Message
2000b235   NwpMaskInterrupt
2000a93d   NwpPowerOff
2000aba1   NwpPowerOn
200098f1   NwpPowerOnPreamble
2000aa2d   NwpRegisterInterruptHandler
2000b271   NwpUnMaskInterrupt
20007ffd   PRCMCC3200MCUInit
2000b141   PRCMHIBRegRead
2000b157   PRCMHIBRegWrite
2000ad1d   PRCMPeripheralClkDisable
2000a979   PRCMPeripheralClkEnable
200091d5   PRCMPeripheralClockGet
2000a1dd   PRCMPeripheralReset
2000aa9d   PRCMPeripheralStatusGet
2000acf1   PRCMSysResetCauseGet
20009541   PinConfigSet
2000a7bd   PinModeSet
2000af71   PinMuxConfig
2000afdf   PinTypeUART
200074c1   Report
2000b263   ResetISR
UNDEFED    SHT$$INIT_ARRAY$$Base
UNDEFED    SHT$$INIT_ARRAY$$Limit
2000b0af   SPICSDisable
2000b0c7   SPICSEnable
20009001   SPIConfigSetExpClk
2000b0df   SPIDisable
2000aff9   SPIDmaDisable
2000b013   SPIDmaEnable
2000b0f7   SPIEnable
2000b02d   SPIFIFODisable
2000b047   SPIFIFOEnable
2000aad1   SPIFIFOLevelSet
2000a505   SPIIntClear
2000a389   SPIIntEnable
2000b061   SPIIntUnregister
2000ae6d   SPIReset
2000ae8f   SPIWordCountSet
200056c9   Setup_Connection
200045c9   SimpleLinkGeneralEventHandler
200045a1   SimpleLinkHttpServerCallback
2000450b   SimpleLinkNetAppEventHandler
200045df   SimpleLinkSockEventHandler
20004401   SimpleLinkWlanEventHandler
20007429   TrimSpace
2000b16d   UARTCharGet
2000af35   UARTCharPut
20009c49   UARTConfigSetExpClk
2000abd1   UARTDisable
2000addd   UARTEnable
2000b2a1   UtilsDelay
2000b20f   _Dclass
2000a6f1   _Dtest
2000b888   _SlAcceptCmdCtrl
2000b7f8   _SlActionLookupTable
20006fc9   _SlAsyncEventGenericHandler
2000b97c   _SlDeviceGetCmdCtrl
2000b980   _SlDeviceSetCmdCtrl
2000ab05   _SlDrvBasicCmd
20009269   _SlDrvClassifyRxMsg
200095c9   _SlDrvCmdOp
2000aef5   _SlDrvCmdSend
20007ac9   _SlDrvDataReadOp
20007c45   _SlDrvDataWriteOp
2000b07b   _SlDrvDeviceEventHandler
2000a00d   _SlDrvDriverCBDeinit
20009425   _SlDrvDriverCBInit
2000ac01   _SlDrvFlowContDeinit
2000ac31   _SlDrvFlowContInit
20006c15   _SlDrvMsgRead
20008c91   _SlDrvMsgReadCmdCtx
200092fd   _SlDrvMsgReadSpawnCtx
20008371   _SlDrvMsgWrite
20008d4d   _SlDrvNetAppEventHandler
2000af55   _SlDrvObjDeInit
2000a9b5   _SlDrvObjInit
20008485   _SlDrvReleasePoolObj
20007d85   _SlDrvRxHdrRead
2000a7fd   _SlDrvRxIrqHandler
2000b1c1   _SlDrvShiftDWord
20008259   _SlDrvWaitForPoolObj
2000b978   _SlEventMaskGetCmdCtrl
2000b974   _SlEventMaskSetCmdCtrl
2000913d   _SlFindAndSetActiveObj
2000b834   _SlFsCloseCmdCtrl
2000b844   _SlFsDeleteCmdCtrl
2000b840   _SlFsGetInfoCmdCtrl
2000b830   _SlFsOpenCmdCtrl
2000b838   _SlFsReadCmdCtrl
2000b83c   _SlFsWriteCmdCtrl
2000b8e0   _SlGetHostByNameCtrl
2000b8dc   _SlGetHostByServiceCtrl
2000b8d4   _SlGetServiceListeCtrl
2000b894   _SlGetSockOptCmdCtrl
2000b884   _SlListenCmdCtrl
2000b8ec   _SlNetAppGetCmdCtrl
2000b8e8   _SlNetAppSendTokenValueCmdCtrl
2000b8e4   _SlNetAppSetCmdCtrl
2000b8cc   _SlNetAppStartCtrl
2000b8d0   _SlNetAppStopCtrl
2000b988   _SlNetCfgGetCmdCtrl
2000b984   _SlNetCfgSetCmdCtrl
2000a83d   _SlNonOsMainLoopTask
2000ac61   _SlNonOsSemGet
2000b291   _SlNonOsSemSet
2000af15   _SlNonOsSpawn
2000b4b8   _SlPolicyGetCmdCtrl
2000b4b4   _SlPolicySetCmdCtrl
2000b4c0   _SlProfileDelCmdCtrl
2000b4bc   _SlProfileGetCmdCtrl
2000b88c   _SlRecvCmdCtrl
2000b87c   _SlRecvfomCmdCtrl
2000b8d8   _SlRegisterServiceCtrl
2000a87d   _SlRemoveFromList
2000b4c8   _SlRxFilterAddtCmdCtrl
2000b4d0   _SlRxFilterGetCmdCtrl
2000b4cc   _SlRxFilterSetCmdCtrl
2000b898   _SlSelectCmdCtrl
2000b880   _SlSendCmdCtrl
2000b890   _SlSetSockOptCmdCtrl
2000b4d4   _SlSmartConfigStartCmdCtrl
2000b878   _SlSockCloseCmdCtrl
2000b874   _SlSockSocketCmdCtrl
2000b970   _SlStopCmdCtrl
2000b4e0   _SlWlanCfgGetCmdCtrl
2000b4dc   _SlWlanCfgSetCmdCtrl
2000b4c4   _SlWlanGetNetworkListCtrl
2000b4d8   _SlWlanSetModeCmdCtrl
20030000   __STACK_END
00000800   __STACK_SIZE
00000800   __SYSMEM_SIZE
2000b9c8   __TI_CINIT_Base
2000b9d8   __TI_CINIT_Limit
2000b9b4   __TI_Handler_Table_Base
2000b9c0   __TI_Handler_Table_Limit
00000001   __TI_args_main
20009391   __TI_auto_init
20018008   __TI_cleanup_ptr
2000b255   __TI_decompress_none
2000b2a7   __TI_decompress_rle24
2001800c   __TI_dtors_ptr
2000653f   __TI_printfi
2000b990   __TI_static_base__
2000b1fd   __TI_zero_init
20009761   __aeabi_cdcmpeq
20009761   __aeabi_cdcmple
200097e7   __aeabi_cdrcmple
2000a595   __aeabi_d2iz
2000777f   __aeabi_dadd
20007ec5   __aeabi_ddiv
20008591   __aeabi_dmul
20007775   __aeabi_dsub
2000acc1   __aeabi_i2d
2000b129   __aeabi_lmul
20009bd1   __aeabi_memclr
20009bd1   __aeabi_memclr4
20009bd1   __aeabi_memclr8
200090a1   __aeabi_memcpy
200090a1   __aeabi_memcpy4
200090a1   __aeabi_memcpy8
20009bd3   __aeabi_memset
20009bd3   __aeabi_memset4
20009bd3   __aeabi_memset8
20007581   __aeabi_uldivmod
ffffffff   __binit__
ffffffff   __c_args__
2002f800   __stack
2000b111   _args_main
2000a54d   _c_int00
2000b2ac   _ctypes_
20018000   _lock
2000b1e3   _nop
2000b1db   _register_lock
2000b1d5   _register_unlock
2000ad45   _sl_BuildAddress
20009ee1   _sl_GetCreateFsMode
2000a4b9   _sl_GetStartResponseConvert
20009e11   _sl_HandleAsync_Accept
20009da5   _sl_HandleAsync_Connect
2000986d   _sl_HandleAsync_DnsGetHostByName
20009e79   _sl_HandleAsync_DnsGetHostByService
20009ae1   _sl_HandleAsync_InitComplete
20009b59   _sl_HandleAsync_PingResponse
2000a0cd   _sl_HandleAsync_Select
2000a235   _sl_HandleAsync_Stop
2000b183   _sl_Strlen
20009d35   _sl_TruncatePayloadByProtocol
20017000   _sys_memory
20018004   _unlock
2000a6b1   abort
2000a421   atoi
ffffffff   binit
20017ff0   bytesReceived
20006bdd   calloc
2000a669   copy_in
2000a6b9   exit
20006937   free
20017e1c   gFirstCmdMode
2000b7f0   g_H2NCnysPattern
2000b7e8   g_H2NSyncPattern
20017f88   g_SpiFd
20017e24   g_StatMem
20017db8   g__SlNonOsCB
20017800   g_buff
20017e14   g_cDummy
20017fec   g_iSockID
20017e20   g_pCB
20017f8c   g_pHostIntHdl
20004000   g_pfnVectors
20017e04   g_ucConnectionBSSID
20017de0   g_ucConnectionSSID
20017f90   g_ucDMAEnabled
20017f94   g_ucDinDout
20017e10   g_ulDestinationIP
20017fe8   g_ulGatewayIP
20017fe4   g_ulStatus
20004d71   hexToi
2000a129   ltoa
2000b287   main
20018010   main_func_sp
200068d5   malloc
20006afd   memalign
2000af8d   memccpy
2000aeb1   memcmp
200090a1   memcpy
2000ae01   memmove
20009bd9   memset
20006849   minit
20017e18   pPingCallBackFunc
200069f7   realloc
2000ae25   sl_Close
2000877d   sl_Connect
20009971   sl_DevGet
200099ed   sl_FsClose
2000a2e1   sl_FsOpen
200094b5   sl_FsWrite
2000aa65   sl_Htonl
2000ab6d   sl_Htons
20008955   sl_NetAppDnsGetHostByName
200096d9   sl_NetAppMDNSRegisterUnregisterService
2000b221   sl_NetAppMDNSUnRegisterService
2000a335   sl_NetAppSendTokenValue
2000a735   sl_NetCfgSet
2000a779   sl_Recv
20008e01   sl_Send
2000ac91   sl_Socket
20008bc9   sl_Start
20008a31   sl_Stop
2000792d   sl_WlanConnect
2000b299   sl_WlanDisconnect
2000a8bd   sl_WlanPolicySet
2000ae49   sl_WlanProfileDel
2000a8fd   sl_WlanRxFilterSet
2000a5dd   sl_WlanSet
2000ad6d   sl_WlanSetMode
20009cc1   spi_Close
20008131   spi_Open
20008afd   spi_Read
20008869   spi_Write
2000b095   strcat
2000b245   strcpy
2000b1e9   strlen
2000ab39   strstr
2000a46d   uDMAChannelAssign
20009f45   uDMAChannelAttributeDisable
20009fa9   uDMAChannelAttributeEnable
2000a9f1   uDMAChannelControlSet
2000afa9   uDMAChannelEnable
2000868d   uDMAChannelTransferSet
20009651   vsnprintf


GLOBAL SYMBOLS: SORTED BY Symbol Address 

address    name
--------   ----
00000001   __TI_args_main
00000800   __STACK_SIZE
00000800   __SYSMEM_SIZE
20004000   g_pfnVectors
20004401   SimpleLinkWlanEventHandler
2000450b   SimpleLinkNetAppEventHandler
200045a1   SimpleLinkHttpServerCallback
200045c9   SimpleLinkGeneralEventHandler
200045df   SimpleLinkSockEventHandler
20004cdd   CreateConnection
20004d71   hexToi
20004e79   GetChunkSize
20004f6d   GetData
200056c9   Setup_Connection
2000653f   __TI_printfi
20006849   minit
200068d5   malloc
20006937   free
200069f7   realloc
20006afd   memalign
20006bdd   calloc
20006c15   _SlDrvMsgRead
20006fc9   _SlAsyncEventGenericHandler
20007315   InitTerm
20007333   Message
20007355   ClearTerm
2000735f   Error
20007397   GetCmd
20007429   TrimSpace
200074c1   Report
20007581   __aeabi_uldivmod
20007775   __aeabi_dsub
2000777f   __aeabi_dadd
2000792d   sl_WlanConnect
20007ac9   _SlDrvDataReadOp
20007c45   _SlDrvDataWriteOp
20007d85   _SlDrvRxHdrRead
20007ec5   __aeabi_ddiv
20007ffd   PRCMCC3200MCUInit
20008131   spi_Open
20008259   _SlDrvWaitForPoolObj
20008371   _SlDrvMsgWrite
20008485   _SlDrvReleasePoolObj
20008591   __aeabi_dmul
2000868d   uDMAChannelTransferSet
2000877d   sl_Connect
20008869   spi_Write
20008955   sl_NetAppDnsGetHostByName
20008a31   sl_Stop
20008afd   spi_Read
20008bc9   sl_Start
20008c91   _SlDrvMsgReadCmdCtx
20008d4d   _SlDrvNetAppEventHandler
20008e01   sl_Send
20008eb1   IntDisable
20008f59   IntEnable
20009001   SPIConfigSetExpClk
200090a1   __aeabi_memcpy
200090a1   __aeabi_memcpy4
200090a1   __aeabi_memcpy8
200090a1   memcpy
2000913d   _SlFindAndSetActiveObj
200091d5   PRCMPeripheralClockGet
20009269   _SlDrvClassifyRxMsg
200092fd   _SlDrvMsgReadSpawnCtx
20009391   __TI_auto_init
20009425   _SlDrvDriverCBInit
200094b5   sl_FsWrite
20009541   PinConfigSet
200095c9   _SlDrvCmdOp
20009651   vsnprintf
200096d9   sl_NetAppMDNSRegisterUnregisterService
20009761   __aeabi_cdcmpeq
20009761   __aeabi_cdcmple
200097e7   __aeabi_cdrcmple
2000986d   _sl_HandleAsync_DnsGetHostByName
200098f1   NwpPowerOnPreamble
20009971   sl_DevGet
200099ed   sl_FsClose
20009ae1   _sl_HandleAsync_InitComplete
20009b59   _sl_HandleAsync_PingResponse
20009bd1   __aeabi_memclr
20009bd1   __aeabi_memclr4
20009bd1   __aeabi_memclr8
20009bd3   __aeabi_memset
20009bd3   __aeabi_memset4
20009bd3   __aeabi_memset8
20009bd9   memset
20009c49   UARTConfigSetExpClk
20009cc1   spi_Close
20009d35   _sl_TruncatePayloadByProtocol
20009da5   _sl_HandleAsync_Connect
20009e11   _sl_HandleAsync_Accept
20009e79   _sl_HandleAsync_DnsGetHostByService
20009ee1   _sl_GetCreateFsMode
20009f45   uDMAChannelAttributeDisable
20009fa9   uDMAChannelAttributeEnable
2000a00d   _SlDrvDriverCBDeinit
2000a0cd   _sl_HandleAsync_Select
2000a129   ltoa
2000a185   IntPendClear
2000a1dd   PRCMPeripheralReset
2000a235   _sl_HandleAsync_Stop
2000a28d   IntPrioritySet
2000a2e1   sl_FsOpen
2000a335   sl_NetAppSendTokenValue
2000a389   SPIIntEnable
2000a421   atoi
2000a46d   uDMAChannelAssign
2000a4b9   _sl_GetStartResponseConvert
2000a505   SPIIntClear
2000a54d   _c_int00
2000a595   __aeabi_d2iz
2000a5dd   sl_WlanSet
2000a669   copy_in
2000a6ad   C$$EXIT
2000a6b1   abort
2000a6b9   exit
2000a6f1   _Dtest
2000a735   sl_NetCfgSet
2000a779   sl_Recv
2000a7bd   PinModeSet
2000a7fd   _SlDrvRxIrqHandler
2000a83d   _SlNonOsMainLoopTask
2000a87d   _SlRemoveFromList
2000a8bd   sl_WlanPolicySet
2000a8fd   sl_WlanRxFilterSet
2000a93d   NwpPowerOff
2000a979   PRCMPeripheralClkEnable
2000a9b5   _SlDrvObjInit
2000a9f1   uDMAChannelControlSet
2000aa2d   NwpRegisterInterruptHandler
2000aa65   sl_Htonl
2000aa9d   PRCMPeripheralStatusGet
2000aad1   SPIFIFOLevelSet
2000ab05   _SlDrvBasicCmd
2000ab39   strstr
2000ab6d   sl_Htons
2000aba1   NwpPowerOn
2000abd1   UARTDisable
2000ac01   _SlDrvFlowContDeinit
2000ac31   _SlDrvFlowContInit
2000ac61   _SlNonOsSemGet
2000ac91   sl_Socket
2000acc1   __aeabi_i2d
2000acf1   PRCMSysResetCauseGet
2000ad1d   PRCMPeripheralClkDisable
2000ad45   _sl_BuildAddress
2000ad6d   sl_WlanSetMode
2000ad95   DmaSpiSwIntHandler
2000adb9   IntUnregister
2000addd   UARTEnable
2000ae01   memmove
2000ae25   sl_Close
2000ae49   sl_WlanProfileDel
2000ae6d   SPIReset
2000ae8f   SPIWordCountSet
2000aeb1   memcmp
2000aed5   IntRegister
2000aef5   _SlDrvCmdSend
2000af15   _SlNonOsSpawn
2000af35   UARTCharPut
2000af55   _SlDrvObjDeInit
2000af71   PinMuxConfig
2000af8d   memccpy
2000afa9   uDMAChannelEnable
2000afc5   CopyPingResultsToReport
2000afdf   PinTypeUART
2000aff9   SPIDmaDisable
2000b013   SPIDmaEnable
2000b02d   SPIFIFODisable
2000b047   SPIFIFOEnable
2000b061   SPIIntUnregister
2000b07b   _SlDrvDeviceEventHandler
2000b095   strcat
2000b0af   SPICSDisable
2000b0c7   SPICSEnable
2000b0df   SPIDisable
2000b0f7   SPIEnable
2000b111   _args_main
2000b129   __aeabi_lmul
2000b141   PRCMHIBRegRead
2000b157   PRCMHIBRegWrite
2000b16d   UARTCharGet
2000b183   _sl_Strlen
2000b199   CPUcpsie
2000b1ad   IntVTableBaseSet
2000b1c1   _SlDrvShiftDWord
2000b1d5   _register_unlock
2000b1db   _register_lock
2000b1e3   _nop
2000b1e9   strlen
2000b1fd   __TI_zero_init
2000b20f   _Dclass
2000b221   sl_NetAppMDNSUnRegisterService
2000b235   NwpMaskInterrupt
2000b245   strcpy
2000b255   __TI_decompress_none
2000b263   ResetISR
2000b271   NwpUnMaskInterrupt
2000b27d   IntMasterEnable
2000b287   main
2000b291   _SlNonOsSemSet
2000b299   sl_WlanDisconnect
2000b2a1   UtilsDelay
2000b2a7   __TI_decompress_rle24
2000b2ac   _ctypes_
2000b4b4   _SlPolicySetCmdCtrl
2000b4b8   _SlPolicyGetCmdCtrl
2000b4bc   _SlProfileGetCmdCtrl
2000b4c0   _SlProfileDelCmdCtrl
2000b4c4   _SlWlanGetNetworkListCtrl
2000b4c8   _SlRxFilterAddtCmdCtrl
2000b4cc   _SlRxFilterSetCmdCtrl
2000b4d0   _SlRxFilterGetCmdCtrl
2000b4d4   _SlSmartConfigStartCmdCtrl
2000b4d8   _SlWlanSetModeCmdCtrl
2000b4dc   _SlWlanCfgSetCmdCtrl
2000b4e0   _SlWlanCfgGetCmdCtrl
2000b7e8   g_H2NSyncPattern
2000b7f0   g_H2NCnysPattern
2000b7f8   _SlActionLookupTable
2000b830   _SlFsOpenCmdCtrl
2000b834   _SlFsCloseCmdCtrl
2000b838   _SlFsReadCmdCtrl
2000b83c   _SlFsWriteCmdCtrl
2000b840   _SlFsGetInfoCmdCtrl
2000b844   _SlFsDeleteCmdCtrl
2000b874   _SlSockSocketCmdCtrl
2000b878   _SlSockCloseCmdCtrl
2000b87c   _SlRecvfomCmdCtrl
2000b880   _SlSendCmdCtrl
2000b884   _SlListenCmdCtrl
2000b888   _SlAcceptCmdCtrl
2000b88c   _SlRecvCmdCtrl
2000b890   _SlSetSockOptCmdCtrl
2000b894   _SlGetSockOptCmdCtrl
2000b898   _SlSelectCmdCtrl
2000b8cc   _SlNetAppStartCtrl
2000b8d0   _SlNetAppStopCtrl
2000b8d4   _SlGetServiceListeCtrl
2000b8d8   _SlRegisterServiceCtrl
2000b8dc   _SlGetHostByServiceCtrl
2000b8e0   _SlGetHostByNameCtrl
2000b8e4   _SlNetAppSetCmdCtrl
2000b8e8   _SlNetAppSendTokenValueCmdCtrl
2000b8ec   _SlNetAppGetCmdCtrl
2000b970   _SlStopCmdCtrl
2000b974   _SlEventMaskSetCmdCtrl
2000b978   _SlEventMaskGetCmdCtrl
2000b97c   _SlDeviceGetCmdCtrl
2000b980   _SlDeviceSetCmdCtrl
2000b984   _SlNetCfgSetCmdCtrl
2000b988   _SlNetCfgGetCmdCtrl
2000b990   __TI_static_base__
2000b9b4   __TI_Handler_Table_Base
2000b9c0   __TI_Handler_Table_Limit
2000b9c8   __TI_CINIT_Base
2000b9d8   __TI_CINIT_Limit
20017000   _sys_memory
20017800   g_buff
20017db8   g__SlNonOsCB
20017de0   g_ucConnectionSSID
20017e04   g_ucConnectionBSSID
20017e10   g_ulDestinationIP
20017e14   g_cDummy
20017e18   pPingCallBackFunc
20017e1c   gFirstCmdMode
20017e20   g_pCB
20017e24   g_StatMem
20017f88   g_SpiFd
20017f8c   g_pHostIntHdl
20017f90   g_ucDMAEnabled
20017f94   g_ucDinDout
20017fe4   g_ulStatus
20017fe8   g_ulGatewayIP
20017fec   g_iSockID
20017ff0   bytesReceived
20018000   _lock
20018004   _unlock
20018008   __TI_cleanup_ptr
2001800c   __TI_dtors_ptr
20018010   main_func_sp
2002f800   __stack
20030000   __STACK_END
ffffffff   __binit__
ffffffff   __c_args__
ffffffff   binit
UNDEFED    SHT$$INIT_ARRAY$$Base
UNDEFED    SHT$$INIT_ARRAY$$Limit

[290 symbols]
