******************************************************************************
                  TI ARM Linker PC v5.1.6                      
******************************************************************************
>> Linked Wed Mar 04 14:50:27 2015

OUTPUT FILE NAME:   <GroBot_System.out>
ENTRY POINT SYMBOL: "_c_int00"  address: 2000936d


MEMORY CONFIGURATION

         name            origin    length      used     unused   attr    fill
----------------------  --------  ---------  --------  --------  ----  --------
  SRAM_CODE             20004000   00013000  000064ce  0000cb32  RW X
  SRAM_DATA             20017000   00019000  00001255  00017dab  RW X


SEGMENT ALLOCATION MAP

run origin  load origin   length   init length attrs members
----------  ----------- ---------- ----------- ----- -------
20004000    20004000    000064d0   000064d0    r-x
  20004000    20004000    00000400   00000400    r-- .intvecs
  20004400    20004400    00005af2   00005af2    r-x .text
  20009ef4    20009ef4    00000594   00000594    r-- .const
  2000a488    2000a488    00000048   00000048    r-- .cinit
20017000    20017000    00000a55   00000000    rw-
  20017000    20017000    00000800   00000000    rw- .sysmem
  20017800    20017800    000001fc   00000000    rw- .data
  200179fc    200179fc    00000059   00000000    rw- .bss
2002f800    2002f800    00000800   00000000    rw-
  2002f800    2002f800    00000800   00000000    rw- .stack


SECTION ALLOCATION MAP

 output                                  attributes/
section   page    origin      length       input sections
--------  ----  ----------  ----------   ----------------
.init_array 
*          0    20004000    00000000     UNINITIALIZED

.intvecs   0    20004000    00000400     
                  20004000    00000400     startup_ccs.obj (.intvecs)

.text      0    20004400    00005af2     
                  20004400    00000ec0     rtsv7M4_T_le_v4SPD16_eabi.lib : _printfi.obj (.text)
                  200052c0    00000c34     network.obj (.text)
                  20005ef4    000003cc     rtsv7M4_T_le_v4SPD16_eabi.lib : memory.obj (.text)
                  200062c0    000003b4     simplelink.a : driver.obj (.text:_SlDrvMsgRead)
                  20006674    0000034c                  : driver.obj (.text:_SlAsyncEventGenericHandler)
                  200069c0    0000026c     uart_if.obj (.text)
                  20006c2c    000001f4     rtsv7M4_T_le_v4SPD16_eabi.lib : ull_div_t2.obj (.text)
                  20006e20    000001b6                                   : fd_add_t2.obj (.text)
                  20006fd6    00000002     driverlib.a : interrupt.obj (.text:IntDefaultHandler)
                  20006fd8    0000019c     simplelink.a : wlan.obj (.text:sl_WlanConnect)
                  20007174    00000140                  : driver.obj (.text:_SlDrvRxHdrRead)
                  200072b4    00000136     rtsv7M4_T_le_v4SPD16_eabi.lib : fd_div_t2.obj (.text)
                  200073ea    00000002     --HOLE-- [fill = 0]
                  200073ec    00000128     simplelink.a : cc_pal.obj (.text:spi_Open)
                  20007514    00000118                  : driver.obj (.text:_SlDrvWaitForPoolObj)
                  2000762c    00000114                  : driver.obj (.text:_SlDrvMsgWrite)
                  20007740    0000010c                  : driver.obj (.text:_SlDrvReleasePoolObj)
                  2000784c    000000fc     rtsv7M4_T_le_v4SPD16_eabi.lib : fd_mul_t2.obj (.text)
                  20007948    000000f0     driverlib.a : udma.obj (.text:uDMAChannelTransferSet)
                  20007a38    000000ec     simplelink.a : socket.obj (.text:sl_Connect)
                  20007b24    000000ec                  : cc_pal.obj (.text:spi_Write)
                  20007c10    000000cc                  : device.obj (.text:sl_Stop)
                  20007cdc    000000cc                  : cc_pal.obj (.text:spi_Read)
                  20007da8    000000c8                  : device.obj (.text:sl_Start)
                  20007e70    000000bc                  : driver.obj (.text:_SlDrvMsgReadCmdCtx)
                  20007f2c    000000b2                  : netapp.obj (.text:_SlDrvNetAppEventHandler)
                  20007fde    00000002     --HOLE-- [fill = 0]
                  20007fe0    000000a8     driverlib.a : interrupt.obj (.text:IntDisable)
                  20008088    000000a8                 : interrupt.obj (.text:IntEnable)
                  20008130    000000a0                 : spi.obj (.text:SPIConfigSetExpClk)
                  200081d0    0000009c     rtsv7M4_T_le_v4SPD16_eabi.lib : memcpy_t2.obj (.text)
                  2000826c    00000098     simplelink.a : driver.obj (.text:_SlFindAndSetActiveObj)
                  20008304    00000094     driverlib.a : prcm.obj (.text:PRCMPeripheralClockGet)
                  20008398    00000094     simplelink.a : driver.obj (.text:_SlDrvClassifyRxMsg)
                  2000842c    00000094                  : driver.obj (.text:_SlDrvMsgReadSpawnCtx)
                  200084c0    00000094     rtsv7M4_T_le_v4SPD16_eabi.lib : auto_init.obj (.text)
                  20008554    00000090     simplelink.a : driver.obj (.text:_SlDrvDriverCBInit)
                  200085e4    00000088                  : driver.obj (.text:_SlDrvCmdOp)
                  2000866c    00000088     rtsv7M4_T_le_v4SPD16_eabi.lib : vsnprintf.obj (.text)
                  200086f4    00000088     simplelink.a : netapp.obj (.text:sl_NetAppMDNSRegisterUnregisterService)
                  2000877c    00000086     rtsv7M4_T_le_v4SPD16_eabi.lib : fd_cmp_t2.obj (.text:__aeabi_cdcmple)
                  20008802    00000086                                   : fd_cmp_t2.obj (.text:__aeabi_cdrcmple)
                  20008888    00000084     simplelink.a : netapp.obj (.text:_sl_HandleAsync_DnsGetHostByName)
                  2000890c    00000080                  : cc_pal.obj (.text:NwpPowerOnPreamble)
                  2000898c    0000007c                  : device.obj (.text:sl_DevGet)
                  20008a08    00000078                  : cc_pal.obj (.text:SetupDMAReceive)
                  20008a80    00000078                  : device.obj (.text:_sl_HandleAsync_InitComplete)
                  20008af8    00000078                  : netapp.obj (.text:_sl_HandleAsync_PingResponse)
                  20008b70    00000078     rtsv7M4_T_le_v4SPD16_eabi.lib : memset_t2.obj (.text)
                  20008be8    00000076     driverlib.a : uart.obj (.text:UARTConfigSetExpClk)
                  20008c5e    00000002     --HOLE-- [fill = 0]
                  20008c60    00000074     simplelink.a : cc_pal.obj (.text:spi_Close)
                  20008cd4    0000006c                  : socket.obj (.text:_sl_HandleAsync_Connect)
                  20008d40    00000068                  : socket.obj (.text:_sl_HandleAsync_Accept)
                  20008da8    00000068                  : netapp.obj (.text:_sl_HandleAsync_DnsGetHostByService)
                  20008e10    00000064     driverlib.a : udma.obj (.text:uDMAChannelAttributeDisable)
                  20008e74    00000064                 : udma.obj (.text:uDMAChannelAttributeEnable)
                  20008ed8    00000060     simplelink.a : driver.obj (.text:_SlDrvDriverCBDeinit)
                  20008f38    0000005e     rtsv7M4_T_le_v4SPD16_eabi.lib : copy_decompress_rle.obj (.text)
                  20008f96    00000002     --HOLE-- [fill = 0]
                  20008f98    0000005c     simplelink.a : socket.obj (.text:_sl_HandleAsync_Select)
                  20008ff4    0000005a     rtsv7M4_T_le_v4SPD16_eabi.lib : ltoa.obj (.text)
                  2000904e    00000002     --HOLE-- [fill = 0]
                  20009050    00000058     driverlib.a : interrupt.obj (.text:IntPendClear)
                  200090a8    00000058     simplelink.a : device.obj (.text:_sl_HandleAsync_Stop)
                  20009100    00000054     driverlib.a : interrupt.obj (.text:IntPrioritySet)
                  20009154    00000054     simplelink.a : netapp.obj (.text:sl_NetAppSendTokenValue)
                  200091a8    0000004c     driverlib.a : spi.obj (.text:SPIIntEnable)
                  200091f4    0000004c                 : spi.obj (.text:SPIIntNumberGet)
                  20009240    0000004c     rtsv7M4_T_le_v4SPD16_eabi.lib : atoi.obj (.text)
                  2000928c    0000004c     driverlib.a : udma.obj (.text:uDMAChannelAssign)
                  200092d8    0000004a     simplelink.a : device.obj (.text:_sl_GetStartResponseConvert)
                  20009322    00000002     --HOLE-- [fill = 0]
                  20009324    00000048     driverlib.a : spi.obj (.text:SPIIntClear)
                  2000936c    00000048     rtsv7M4_T_le_v4SPD16_eabi.lib : boot.obj (.text)
                  200093b4    00000048                                   : fd_toi_t2.obj (.text)
                  200093fc    00000048     simplelink.a : wlan.obj (.text:sl_WlanSet)
                  20009444    00000044     driverlib.a : spi.obj (.text:SPIDmaMaskGet)
                  20009488    00000044     rtsv7M4_T_le_v4SPD16_eabi.lib : cpy_tbl.obj (.text)
                  200094cc    00000044                                   : exit.obj (.text)
                  20009510    00000044                                   : xdtest.obj (.text)
                  20009554    00000044     simplelink.a : netcfg.obj (.text:sl_NetCfgSet)
                  20009598    00000040                  : driver.obj (.text:_SlDrvRxIrqHandler)
                  200095d8    00000040                  : nonos.obj (.text:_SlNonOsMainLoopTask)
                  20009618    00000040                  : driver.obj (.text:_SlRemoveFromList)
                  20009658    00000040                  : wlan.obj (.text:sl_WlanPolicySet)
                  20009698    00000040                  : wlan.obj (.text:sl_WlanRxFilterSet)
                  200096d8    0000003c                  : cc_pal.obj (.text:NwpPowerOff)
                  20009714    0000003c     driverlib.a : prcm.obj (.text:PRCMPeripheralClkEnable)
                  20009750    0000003c     simplelink.a : driver.obj (.text:_SlDrvObjInit)
                  2000978c    0000003c     driverlib.a : udma.obj (.text:uDMAChannelControlSet)
                  200097c8    00000038     simplelink.a : cc_pal.obj (.text:NwpRegisterInterruptHandler)
                  20009800    00000038                  : socket.obj (.text:sl_Htonl)
                  20009838    00000034     driverlib.a : prcm.obj (.text:PRCMPeripheralStatusGet)
                  2000986c    00000034                 : spi.obj (.text:SPIFIFOLevelSet)
                  200098a0    00000034     simplelink.a : driver.obj (.text:_SlDrvBasicCmd)
                  200098d4    00000034                  : socket.obj (.text:sl_Htons)
                  20009908    00000030                  : cc_pal.obj (.text:NwpPowerOn)
                  20009938    00000030     driverlib.a : uart.obj (.text:UARTDisable)
                  20009968    00000030     simplelink.a : flowcont.obj (.text:_SlDrvFlowContDeinit)
                  20009998    00000030                  : flowcont.obj (.text:_SlDrvFlowContInit)
                  200099c8    00000030                  : nonos.obj (.text:_SlNonOsSemGet)
                  200099f8    00000030                  : socket.obj (.text:sl_Socket)
                  20009a28    0000002e     rtsv7M4_T_le_v4SPD16_eabi.lib : i_tofd_t2.obj (.text)
                  20009a56    00000002     --HOLE-- [fill = 0]
                  20009a58    00000028     driverlib.a : prcm.obj (.text:PRCMPeripheralClkDisable)
                  20009a80    00000028     simplelink.a : socket.obj (.text:_sl_BuildAddress)
                  20009aa8    00000028                  : wlan.obj (.text:sl_WlanSetMode)
                  20009ad0    00000024                  : cc_pal.obj (.text:DmaSpiSwIntHandler)
                  20009af4    00000024     driverlib.a : interrupt.obj (.text:IntUnregister)
                  20009b18    00000024                 : uart.obj (.text:UARTEnable)
                  20009b3c    00000024     rtsv7M4_T_le_v4SPD16_eabi.lib : memmov.obj (.text)
                  20009b60    00000024     simplelink.a : socket.obj (.text:sl_Close)
                  20009b84    00000024                  : wlan.obj (.text:sl_WlanProfileDel)
                  20009ba8    00000022     driverlib.a : spi.obj (.text:SPIReset)
                  20009bca    00000022                 : spi.obj (.text:SPIWordCountSet)
                  20009bec    00000020                 : interrupt.obj (.text:IntRegister)
                  20009c0c    00000020     simplelink.a : driver.obj (.text:_SlDrvCmdSend)
                  20009c2c    00000020                  : nonos.obj (.text:_SlNonOsSpawn)
                  20009c4c    0000001e     driverlib.a : uart.obj (.text:UARTCharPut)
                  20009c6a    00000002     --HOLE-- [fill = 0]
                  20009c6c    0000001c     simplelink.a : driver.obj (.text:_SlDrvObjDeInit)
                  20009c88    0000001c     rtsv7M4_T_le_v4SPD16_eabi.lib : memccpy.obj (.text)
                  20009ca4    0000001c     driverlib.a : udma.obj (.text:uDMAChannelEnable)
                  20009cc0    0000001a     simplelink.a : netapp.obj (.text:CopyPingResultsToReport)
                  20009cda    0000001a     driverlib.a : spi.obj (.text:SPIDmaDisable)
                  20009cf4    0000001a                 : spi.obj (.text:SPIDmaEnable)
                  20009d0e    0000001a                 : spi.obj (.text:SPIFIFODisable)
                  20009d28    0000001a                 : spi.obj (.text:SPIFIFOEnable)
                  20009d42    0000001a                 : spi.obj (.text:SPIIntUnregister)
                  20009d5c    0000001a     simplelink.a : device.obj (.text:_SlDrvDeviceEventHandler)
                  20009d76    00000018     driverlib.a : spi.obj (.text:SPICSDisable)
                  20009d8e    00000018                 : spi.obj (.text:SPICSEnable)
                  20009da6    00000018                 : spi.obj (.text:SPIDisable)
                  20009dbe    00000018                 : spi.obj (.text:SPIEnable)
                  20009dd6    00000002     --HOLE-- [fill = 0]
                  20009dd8    00000018     rtsv7M4_T_le_v4SPD16_eabi.lib : args_main.obj (.text)
                  20009df0    00000018                                   : ll_mul_t2.obj (.text)
                  20009e08    00000016     driverlib.a : uart.obj (.text:UARTCharGet)
                  20009e1e    00000014     simplelink.a : driver.obj (.text:_SlDrvShiftDWord)
                  20009e32    00000002     --HOLE-- [fill = 0]
                  20009e34    00000014     rtsv7M4_T_le_v4SPD16_eabi.lib : _lock.obj (.text)
                  20009e48    00000014                                   : strlen.obj (.text)
                  20009e5c    00000012                                   : copy_zero_init.obj (.text:decompress:ZI)
                  20009e6e    00000012                                   : xdclass.obj (.text)
                  20009e80    00000012     simplelink.a : netapp.obj (.text:sl_NetAppMDNSUnRegisterService)
                  20009e92    00000002     --HOLE-- [fill = 0]
                  20009e94    00000010                  : cc_pal.obj (.text:NwpMaskInterrupt)
                  20009ea4    0000000e     rtsv7M4_T_le_v4SPD16_eabi.lib : copy_decompress_none.obj (.text:decompress:none)
                  20009eb2    0000000e     startup_ccs.obj (.text)
                  20009ec0    0000000c     simplelink.a : cc_pal.obj (.text:NwpUnMaskInterrupt)
                  20009ecc    0000000a     main.obj (.text)
                  20009ed6    00000008     simplelink.a : nonos.obj (.text:_SlNonOsSemSet)
                  20009ede    00000008                  : wlan.obj (.text:sl_WlanDisconnect)
                  20009ee6    00000006     driverlib.a : utils.obj (.text:UtilsDelay)
                  20009eec    00000006     rtsv7M4_T_le_v4SPD16_eabi.lib : copy_decompress_rle.obj (.text:decompress:rle24)

.const     0    20009ef4    00000594     
                  20009ef4    00000102     rtsv7M4_T_le_v4SPD16_eabi.lib : ctype.obj (.const:.string:_ctypes_)
                  20009ff6    00000002     --HOLE-- [fill = 0]
                  20009ff8    000000ec     simplelink.a : wlan.obj (.const)
                  2000a0e4    000000d4     driverlib.a : interrupt.obj (.const:g_pulRegs)
                  2000a1b8    000000a8                 : prcm.obj (.const:PRCM_PeriphRegsList)
                  2000a260    00000080                 : interrupt.obj (.const)
                  2000a2e0    0000004c     simplelink.a : driver.obj (.const)
                  2000a32c    00000035     network.obj (.const:.string)
                  2000a361    00000003     --HOLE-- [fill = 0]
                  2000a364    00000034     simplelink.a : socket.obj (.const)
                  2000a398    0000002c     network.obj (.const:$P$T1$2)
                  2000a3c4    00000028     simplelink.a : netapp.obj (.const)
                  2000a3ec    00000024     driverlib.a : spi.obj (.const:g_ppulSPIIntMap)
                  2000a410    00000022     network.obj (.const:.string:$P$T0$1)
                  2000a432    00000002     --HOLE-- [fill = 0]
                  2000a434    00000020     network.obj (.const)
                  2000a454    00000018     driverlib.a : spi.obj (.const)
                  2000a46c    00000014     simplelink.a : device.obj (.const)
                  2000a480    00000008                  : netcfg.obj (.const)

.cinit     0    2000a488    00000048     
                  2000a488    00000021     (.cinit..data.load) [load image, compression = rle]
                  2000a4a9    00000003     --HOLE-- [fill = 0]
                  2000a4ac    0000000c     (__TI_handler_table)
                  2000a4b8    00000008     (.cinit..bss.load) [load image, compression = zero_init]
                  2000a4c0    00000010     (__TI_cinit_table)

.sysmem    0    20017000    00000800     UNINITIALIZED
                  20017000    00000008     rtsv7M4_T_le_v4SPD16_eabi.lib : memory.obj (.sysmem)
                  20017008    000007f8     --HOLE--

.data      0    20017800    000001fc     UNINITIALIZED
                  20017800    00000170     simplelink.a : driver.obj (.data)
                  20017970    0000005c                  : cc_pal.obj (.data)
                  200179cc    00000010     network.obj (.data)
                  200179dc    0000000c     rtsv7M4_T_le_v4SPD16_eabi.lib : memory.obj (.data)
                  200179e8    00000008                                   : _lock.obj (.data)
                  200179f0    00000008                                   : exit.obj (.data)
                  200179f8    00000004                                   : stkdepth_vars.obj (.data)

.bss       0    200179fc    00000059     UNINITIALIZED
                  200179fc    00000028     simplelink.a : nonos.obj (.bss:g__SlNonOsCB)
                  20017a24    00000024     network.obj (.bss:g_ucConnectionSSID)
                  20017a48    00000008     (.common:g_ucConnectionBSSID)
                  20017a50    00000004     (.common:__Errorlog)
                  20017a54    00000001     (.common:g_cDummy)

.stack     0    2002f800    00000800     UNINITIALIZED
                  2002f800    00000800     --HOLE--


LINKER GENERATED COPY TABLES

__TI_cinit_table @ 2000a4c0 records: 2, size/record: 8, table size: 16
	.data: load addr=2000a488, load size=00000021 bytes, run addr=20017800, run size=000001fc bytes, compression=rle
	.bss: load addr=2000a4b8, load size=00000008 bytes, run addr=200179fc, run size=00000059 bytes, compression=zero_init


LINKER GENERATED HANDLER TABLE

__TI_handler_table @ 2000a4ac records: 3, size/record: 4, table size: 12
	index: 0, handler: __TI_decompress_rle24
	index: 1, handler: __TI_decompress_none
	index: 2, handler: __TI_zero_init


GLOBAL SYMBOLS: SORTED ALPHABETICALLY BY Name 

address    name
--------   ----
200094cd   C$$EXIT
20006a01   ClearTerm
20009cc1   CopyPingResultsToReport
20005b9d   CreateConnection
20009ad1   DmaSpiSwIntHandler
20006a0b   Error
20006a43   GetCmd
200069c1   InitTerm
20007fe1   IntDisable
20008089   IntEnable
20009051   IntPendClear
20009101   IntPrioritySet
20009bed   IntRegister
20009af5   IntUnregister
200069df   Message
20009e95   NwpMaskInterrupt
200096d9   NwpPowerOff
20009909   NwpPowerOn
2000890d   NwpPowerOnPreamble
200097c9   NwpRegisterInterruptHandler
20009ec1   NwpUnMaskInterrupt
20009a59   PRCMPeripheralClkDisable
20009715   PRCMPeripheralClkEnable
20008305   PRCMPeripheralClockGet
20009839   PRCMPeripheralStatusGet
20006b6d   Report
20009eb3   ResetISR
UNDEFED    SHT$$INIT_ARRAY$$Base
UNDEFED    SHT$$INIT_ARRAY$$Limit
20009d77   SPICSDisable
20009d8f   SPICSEnable
20008131   SPIConfigSetExpClk
20009da7   SPIDisable
20009cdb   SPIDmaDisable
20009cf5   SPIDmaEnable
20009dbf   SPIEnable
20009d0f   SPIFIFODisable
20009d29   SPIFIFOEnable
2000986d   SPIFIFOLevelSet
20009325   SPIIntClear
200091a9   SPIIntEnable
20009d43   SPIIntUnregister
20009ba9   SPIReset
20009bcb   SPIWordCountSet
20005d59   Setup_Connection
20005489   SimpleLinkGeneralEventHandler
20005461   SimpleLinkHttpServerCallback
200053cb   SimpleLinkNetAppEventHandler
2000549f   SimpleLinkSockEventHandler
200052c1   SimpleLinkWlanEventHandler
20006ad5   TrimSpace
20009e09   UARTCharGet
20009c4d   UARTCharPut
20008be9   UARTConfigSetExpClk
20009939   UARTDisable
20009b19   UARTEnable
20009ee7   UtilsDelay
20009e6f   _Dclass
20009511   _Dtest
2000a384   _SlAcceptCmdCtrl
2000a2f4   _SlActionLookupTable
20006675   _SlAsyncEventGenericHandler
2000a478   _SlDeviceGetCmdCtrl
2000a47c   _SlDeviceSetCmdCtrl
200098a1   _SlDrvBasicCmd
20008399   _SlDrvClassifyRxMsg
200085e5   _SlDrvCmdOp
20009c0d   _SlDrvCmdSend
20009d5d   _SlDrvDeviceEventHandler
20008ed9   _SlDrvDriverCBDeinit
20008555   _SlDrvDriverCBInit
20009969   _SlDrvFlowContDeinit
20009999   _SlDrvFlowContInit
200062c1   _SlDrvMsgRead
20007e71   _SlDrvMsgReadCmdCtx
2000842d   _SlDrvMsgReadSpawnCtx
2000762d   _SlDrvMsgWrite
20007f2d   _SlDrvNetAppEventHandler
20009c6d   _SlDrvObjDeInit
20009751   _SlDrvObjInit
20007741   _SlDrvReleasePoolObj
20007175   _SlDrvRxHdrRead
20009599   _SlDrvRxIrqHandler
20009e1f   _SlDrvShiftDWord
20007515   _SlDrvWaitForPoolObj
2000a474   _SlEventMaskGetCmdCtrl
2000a470   _SlEventMaskSetCmdCtrl
2000826d   _SlFindAndSetActiveObj
2000a3dc   _SlGetHostByNameCtrl
2000a3d8   _SlGetHostByServiceCtrl
2000a3d0   _SlGetServiceListeCtrl
2000a390   _SlGetSockOptCmdCtrl
2000a380   _SlListenCmdCtrl
2000a3e8   _SlNetAppGetCmdCtrl
2000a3e4   _SlNetAppSendTokenValueCmdCtrl
2000a3e0   _SlNetAppSetCmdCtrl
2000a3c8   _SlNetAppStartCtrl
2000a3cc   _SlNetAppStopCtrl
2000a484   _SlNetCfgGetCmdCtrl
2000a480   _SlNetCfgSetCmdCtrl
200095d9   _SlNonOsMainLoopTask
200099c9   _SlNonOsSemGet
20009ed7   _SlNonOsSemSet
20009c2d   _SlNonOsSpawn
2000a000   _SlPolicyGetCmdCtrl
20009ffc   _SlPolicySetCmdCtrl
2000a008   _SlProfileDelCmdCtrl
2000a004   _SlProfileGetCmdCtrl
2000a388   _SlRecvCmdCtrl
2000a378   _SlRecvfomCmdCtrl
2000a3d4   _SlRegisterServiceCtrl
20009619   _SlRemoveFromList
2000a010   _SlRxFilterAddtCmdCtrl
2000a018   _SlRxFilterGetCmdCtrl
2000a014   _SlRxFilterSetCmdCtrl
2000a394   _SlSelectCmdCtrl
2000a37c   _SlSendCmdCtrl
2000a38c   _SlSetSockOptCmdCtrl
2000a01c   _SlSmartConfigStartCmdCtrl
2000a374   _SlSockCloseCmdCtrl
2000a370   _SlSockSocketCmdCtrl
2000a46c   _SlStopCmdCtrl
2000a028   _SlWlanCfgGetCmdCtrl
2000a024   _SlWlanCfgSetCmdCtrl
2000a00c   _SlWlanGetNetworkListCtrl
2000a020   _SlWlanSetModeCmdCtrl
20030000   __STACK_END
00000800   __STACK_SIZE
00000800   __SYSMEM_SIZE
2000a4c0   __TI_CINIT_Base
2000a4d0   __TI_CINIT_Limit
2000a4ac   __TI_Handler_Table_Base
2000a4b8   __TI_Handler_Table_Limit
00000001   __TI_args_main
200084c1   __TI_auto_init
200179f0   __TI_cleanup_ptr
20009ea5   __TI_decompress_none
20009eed   __TI_decompress_rle24
200179f4   __TI_dtors_ptr
20004fb7   __TI_printfi
2000a488   __TI_static_base__
20009e5d   __TI_zero_init
2000877d   __aeabi_cdcmpeq
2000877d   __aeabi_cdcmple
20008803   __aeabi_cdrcmple
200093b5   __aeabi_d2iz
20006e2b   __aeabi_dadd
200072b5   __aeabi_ddiv
2000784d   __aeabi_dmul
20006e21   __aeabi_dsub
20009a29   __aeabi_i2d
20009df1   __aeabi_lmul
20008b71   __aeabi_memclr
20008b71   __aeabi_memclr4
20008b71   __aeabi_memclr8
200081d1   __aeabi_memcpy
200081d1   __aeabi_memcpy4
200081d1   __aeabi_memcpy8
20008b73   __aeabi_memset
20008b73   __aeabi_memset4
20008b73   __aeabi_memset8
20006c2d   __aeabi_uldivmod
ffffffff   __binit__
ffffffff   __c_args__
2002f800   __stack
20009dd9   _args_main
2000936d   _c_int00
20009ef4   _ctypes_
200179e8   _lock
20009e43   _nop
20009e3b   _register_lock
20009e35   _register_unlock
20009a81   _sl_BuildAddress
200092d9   _sl_GetStartResponseConvert
20008d41   _sl_HandleAsync_Accept
20008cd5   _sl_HandleAsync_Connect
20008889   _sl_HandleAsync_DnsGetHostByName
20008da9   _sl_HandleAsync_DnsGetHostByService
20008a81   _sl_HandleAsync_InitComplete
20008af9   _sl_HandleAsync_PingResponse
20008f99   _sl_HandleAsync_Select
200090a9   _sl_HandleAsync_Stop
20017000   _sys_memory
200179ec   _unlock
200094d1   abort
20009241   atoi
ffffffff   binit
200179d8   bytesReceived
20006289   calloc
20009489   copy_in
200094d9   exit
20005fe3   free
20017804   gFirstCmdMode
2000a2ec   g_H2NCnysPattern
2000a2e4   g_H2NSyncPattern
20017970   g_SpiFd
2001780c   g_StatMem
200179fc   g__SlNonOsCB
20017a54   g_cDummy
200179d4   g_iSockID
20017808   g_pCB
20017974   g_pHostIntHdl
20004000   g_pfnVectors
20017a48   g_ucConnectionBSSID
20017a24   g_ucConnectionSSID
20017978   g_ucDMAEnabled
2001797c   g_ucDinDout
200179d0   g_ulGatewayIP
200179cc   g_ulStatus
20005c31   hexToi
20008ff5   ltoa
20009ecd   main
200179f8   main_func_sp
20005f81   malloc
200061a9   memalign
20009c89   memccpy
200081d1   memcpy
20009b3d   memmove
20008b79   memset
20005ef5   minit
20017800   pPingCallBackFunc
200060a3   realloc
20009b61   sl_Close
20007a39   sl_Connect
2000898d   sl_DevGet
20009801   sl_Htonl
200098d5   sl_Htons
200086f5   sl_NetAppMDNSRegisterUnregisterService
20009e81   sl_NetAppMDNSUnRegisterService
20009155   sl_NetAppSendTokenValue
20009555   sl_NetCfgSet
200099f9   sl_Socket
20007da9   sl_Start
20007c11   sl_Stop
20006fd9   sl_WlanConnect
20009edf   sl_WlanDisconnect
20009659   sl_WlanPolicySet
20009b85   sl_WlanProfileDel
20009699   sl_WlanRxFilterSet
200093fd   sl_WlanSet
20009aa9   sl_WlanSetMode
20008c61   spi_Close
200073ed   spi_Open
20007cdd   spi_Read
20007b25   spi_Write
20009e49   strlen
2000928d   uDMAChannelAssign
20008e11   uDMAChannelAttributeDisable
20008e75   uDMAChannelAttributeEnable
2000978d   uDMAChannelControlSet
20009ca5   uDMAChannelEnable
20007949   uDMAChannelTransferSet
2000866d   vsnprintf


GLOBAL SYMBOLS: SORTED BY Symbol Address 

address    name
--------   ----
00000001   __TI_args_main
00000800   __STACK_SIZE
00000800   __SYSMEM_SIZE
20004000   g_pfnVectors
20004fb7   __TI_printfi
200052c1   SimpleLinkWlanEventHandler
200053cb   SimpleLinkNetAppEventHandler
20005461   SimpleLinkHttpServerCallback
20005489   SimpleLinkGeneralEventHandler
2000549f   SimpleLinkSockEventHandler
20005b9d   CreateConnection
20005c31   hexToi
20005d59   Setup_Connection
20005ef5   minit
20005f81   malloc
20005fe3   free
200060a3   realloc
200061a9   memalign
20006289   calloc
200062c1   _SlDrvMsgRead
20006675   _SlAsyncEventGenericHandler
200069c1   InitTerm
200069df   Message
20006a01   ClearTerm
20006a0b   Error
20006a43   GetCmd
20006ad5   TrimSpace
20006b6d   Report
20006c2d   __aeabi_uldivmod
20006e21   __aeabi_dsub
20006e2b   __aeabi_dadd
20006fd9   sl_WlanConnect
20007175   _SlDrvRxHdrRead
200072b5   __aeabi_ddiv
200073ed   spi_Open
20007515   _SlDrvWaitForPoolObj
2000762d   _SlDrvMsgWrite
20007741   _SlDrvReleasePoolObj
2000784d   __aeabi_dmul
20007949   uDMAChannelTransferSet
20007a39   sl_Connect
20007b25   spi_Write
20007c11   sl_Stop
20007cdd   spi_Read
20007da9   sl_Start
20007e71   _SlDrvMsgReadCmdCtx
20007f2d   _SlDrvNetAppEventHandler
20007fe1   IntDisable
20008089   IntEnable
20008131   SPIConfigSetExpClk
200081d1   __aeabi_memcpy
200081d1   __aeabi_memcpy4
200081d1   __aeabi_memcpy8
200081d1   memcpy
2000826d   _SlFindAndSetActiveObj
20008305   PRCMPeripheralClockGet
20008399   _SlDrvClassifyRxMsg
2000842d   _SlDrvMsgReadSpawnCtx
200084c1   __TI_auto_init
20008555   _SlDrvDriverCBInit
200085e5   _SlDrvCmdOp
2000866d   vsnprintf
200086f5   sl_NetAppMDNSRegisterUnregisterService
2000877d   __aeabi_cdcmpeq
2000877d   __aeabi_cdcmple
20008803   __aeabi_cdrcmple
20008889   _sl_HandleAsync_DnsGetHostByName
2000890d   NwpPowerOnPreamble
2000898d   sl_DevGet
20008a81   _sl_HandleAsync_InitComplete
20008af9   _sl_HandleAsync_PingResponse
20008b71   __aeabi_memclr
20008b71   __aeabi_memclr4
20008b71   __aeabi_memclr8
20008b73   __aeabi_memset
20008b73   __aeabi_memset4
20008b73   __aeabi_memset8
20008b79   memset
20008be9   UARTConfigSetExpClk
20008c61   spi_Close
20008cd5   _sl_HandleAsync_Connect
20008d41   _sl_HandleAsync_Accept
20008da9   _sl_HandleAsync_DnsGetHostByService
20008e11   uDMAChannelAttributeDisable
20008e75   uDMAChannelAttributeEnable
20008ed9   _SlDrvDriverCBDeinit
20008f99   _sl_HandleAsync_Select
20008ff5   ltoa
20009051   IntPendClear
200090a9   _sl_HandleAsync_Stop
20009101   IntPrioritySet
20009155   sl_NetAppSendTokenValue
200091a9   SPIIntEnable
20009241   atoi
2000928d   uDMAChannelAssign
200092d9   _sl_GetStartResponseConvert
20009325   SPIIntClear
2000936d   _c_int00
200093b5   __aeabi_d2iz
200093fd   sl_WlanSet
20009489   copy_in
200094cd   C$$EXIT
200094d1   abort
200094d9   exit
20009511   _Dtest
20009555   sl_NetCfgSet
20009599   _SlDrvRxIrqHandler
200095d9   _SlNonOsMainLoopTask
20009619   _SlRemoveFromList
20009659   sl_WlanPolicySet
20009699   sl_WlanRxFilterSet
200096d9   NwpPowerOff
20009715   PRCMPeripheralClkEnable
20009751   _SlDrvObjInit
2000978d   uDMAChannelControlSet
200097c9   NwpRegisterInterruptHandler
20009801   sl_Htonl
20009839   PRCMPeripheralStatusGet
2000986d   SPIFIFOLevelSet
200098a1   _SlDrvBasicCmd
200098d5   sl_Htons
20009909   NwpPowerOn
20009939   UARTDisable
20009969   _SlDrvFlowContDeinit
20009999   _SlDrvFlowContInit
200099c9   _SlNonOsSemGet
200099f9   sl_Socket
20009a29   __aeabi_i2d
20009a59   PRCMPeripheralClkDisable
20009a81   _sl_BuildAddress
20009aa9   sl_WlanSetMode
20009ad1   DmaSpiSwIntHandler
20009af5   IntUnregister
20009b19   UARTEnable
20009b3d   memmove
20009b61   sl_Close
20009b85   sl_WlanProfileDel
20009ba9   SPIReset
20009bcb   SPIWordCountSet
20009bed   IntRegister
20009c0d   _SlDrvCmdSend
20009c2d   _SlNonOsSpawn
20009c4d   UARTCharPut
20009c6d   _SlDrvObjDeInit
20009c89   memccpy
20009ca5   uDMAChannelEnable
20009cc1   CopyPingResultsToReport
20009cdb   SPIDmaDisable
20009cf5   SPIDmaEnable
20009d0f   SPIFIFODisable
20009d29   SPIFIFOEnable
20009d43   SPIIntUnregister
20009d5d   _SlDrvDeviceEventHandler
20009d77   SPICSDisable
20009d8f   SPICSEnable
20009da7   SPIDisable
20009dbf   SPIEnable
20009dd9   _args_main
20009df1   __aeabi_lmul
20009e09   UARTCharGet
20009e1f   _SlDrvShiftDWord
20009e35   _register_unlock
20009e3b   _register_lock
20009e43   _nop
20009e49   strlen
20009e5d   __TI_zero_init
20009e6f   _Dclass
20009e81   sl_NetAppMDNSUnRegisterService
20009e95   NwpMaskInterrupt
20009ea5   __TI_decompress_none
20009eb3   ResetISR
20009ec1   NwpUnMaskInterrupt
20009ecd   main
20009ed7   _SlNonOsSemSet
20009edf   sl_WlanDisconnect
20009ee7   UtilsDelay
20009eed   __TI_decompress_rle24
20009ef4   _ctypes_
20009ffc   _SlPolicySetCmdCtrl
2000a000   _SlPolicyGetCmdCtrl
2000a004   _SlProfileGetCmdCtrl
2000a008   _SlProfileDelCmdCtrl
2000a00c   _SlWlanGetNetworkListCtrl
2000a010   _SlRxFilterAddtCmdCtrl
2000a014   _SlRxFilterSetCmdCtrl
2000a018   _SlRxFilterGetCmdCtrl
2000a01c   _SlSmartConfigStartCmdCtrl
2000a020   _SlWlanSetModeCmdCtrl
2000a024   _SlWlanCfgSetCmdCtrl
2000a028   _SlWlanCfgGetCmdCtrl
2000a2e4   g_H2NSyncPattern
2000a2ec   g_H2NCnysPattern
2000a2f4   _SlActionLookupTable
2000a370   _SlSockSocketCmdCtrl
2000a374   _SlSockCloseCmdCtrl
2000a378   _SlRecvfomCmdCtrl
2000a37c   _SlSendCmdCtrl
2000a380   _SlListenCmdCtrl
2000a384   _SlAcceptCmdCtrl
2000a388   _SlRecvCmdCtrl
2000a38c   _SlSetSockOptCmdCtrl
2000a390   _SlGetSockOptCmdCtrl
2000a394   _SlSelectCmdCtrl
2000a3c8   _SlNetAppStartCtrl
2000a3cc   _SlNetAppStopCtrl
2000a3d0   _SlGetServiceListeCtrl
2000a3d4   _SlRegisterServiceCtrl
2000a3d8   _SlGetHostByServiceCtrl
2000a3dc   _SlGetHostByNameCtrl
2000a3e0   _SlNetAppSetCmdCtrl
2000a3e4   _SlNetAppSendTokenValueCmdCtrl
2000a3e8   _SlNetAppGetCmdCtrl
2000a46c   _SlStopCmdCtrl
2000a470   _SlEventMaskSetCmdCtrl
2000a474   _SlEventMaskGetCmdCtrl
2000a478   _SlDeviceGetCmdCtrl
2000a47c   _SlDeviceSetCmdCtrl
2000a480   _SlNetCfgSetCmdCtrl
2000a484   _SlNetCfgGetCmdCtrl
2000a488   __TI_static_base__
2000a4ac   __TI_Handler_Table_Base
2000a4b8   __TI_Handler_Table_Limit
2000a4c0   __TI_CINIT_Base
2000a4d0   __TI_CINIT_Limit
20017000   _sys_memory
20017800   pPingCallBackFunc
20017804   gFirstCmdMode
20017808   g_pCB
2001780c   g_StatMem
20017970   g_SpiFd
20017974   g_pHostIntHdl
20017978   g_ucDMAEnabled
2001797c   g_ucDinDout
200179cc   g_ulStatus
200179d0   g_ulGatewayIP
200179d4   g_iSockID
200179d8   bytesReceived
200179e8   _lock
200179ec   _unlock
200179f0   __TI_cleanup_ptr
200179f4   __TI_dtors_ptr
200179f8   main_func_sp
200179fc   g__SlNonOsCB
20017a24   g_ucConnectionSSID
20017a48   g_ucConnectionBSSID
20017a54   g_cDummy
2002f800   __stack
20030000   __STACK_END
ffffffff   __binit__
ffffffff   __c_args__
ffffffff   binit
UNDEFED    SHT$$INIT_ARRAY$$Base
UNDEFED    SHT$$INIT_ARRAY$$Limit

[253 symbols]
