******************************************************************************
                  TI ARM Linker PC v5.1.6                      
******************************************************************************
>> Linked Fri Mar 20 00:21:31 2015

OUTPUT FILE NAME:   <GroBot_System.out>
ENTRY POINT SYMBOL: "_c_int00"  address: 200098a9


MEMORY CONFIGURATION

         name            origin    length      used     unused   attr    fill
----------------------  --------  ---------  --------  --------  ----  --------
  SRAM_CODE             20004000   00013000  00006c2e  0000c3d2  RW X
  SRAM_DATA             20017000   00019000  00001269  00017d97  RW X


SEGMENT ALLOCATION MAP

run origin  load origin   length   init length attrs members
----------  ----------- ---------- ----------- ----- -------
20004000    20004000    00006c30   00006c30    r-x
  20004000    20004000    00000400   00000400    r-- .intvecs
  20004400    20004400    00006122   00006122    r-x .text
  2000a524    2000a524    000006b4   000006b4    r-- .const
  2000abd8    2000abd8    00000058   00000058    r-- .cinit
20017000    20017000    00000a69   00000000    rw-
  20017000    20017000    00000800   00000000    rw- .sysmem
  20017800    20017800    0000020c   00000000    rw- .data
  20017a0c    20017a0c    0000005d   00000000    rw- .bss
2002f800    2002f800    00000800   00000000    rw-
  2002f800    2002f800    00000800   00000000    rw- .stack


SECTION ALLOCATION MAP

 output                                  attributes/
section   page    origin      length       input sections
--------  ----  ----------  ----------   ----------------
.init_array 
*          0    20004000    00000000     UNINITIALIZED

.intvecs   0    20004000    00000400     
                  20004000    00000400     startup_ccs.obj (.intvecs)

.text      0    20004400    00006122     
                  20004400    00000ec0     rtsv7M4_T_le_v4SPD16_eabi.lib : _printfi.obj (.text)
                  200052c0    00000da4     network.obj (.text)
                  20006064    000003cc     rtsv7M4_T_le_v4SPD16_eabi.lib : memory.obj (.text)
                  20006430    000003b4     simplelink.a : driver.obj (.text:_SlDrvMsgRead)
                  200067e4    0000034c                  : driver.obj (.text:_SlAsyncEventGenericHandler)
                  20006b30    0000026c     uart_if.obj (.text)
                  20006d9c    000001f4     rtsv7M4_T_le_v4SPD16_eabi.lib : ull_div_t2.obj (.text)
                  20006f90    000001b6                                   : fd_add_t2.obj (.text)
                  20007146    00000002     driverlib.a : interrupt.obj (.text:IntDefaultHandler)
                  20007148    0000019c     simplelink.a : wlan.obj (.text:sl_WlanConnect)
                  200072e4    00000140                  : driver.obj (.text:_SlDrvRxHdrRead)
                  20007424    00000136     rtsv7M4_T_le_v4SPD16_eabi.lib : fd_div_t2.obj (.text)
                  2000755a    00000002     --HOLE-- [fill = 0]
                  2000755c    00000134     driverlib.a : prcm.obj (.text:PRCMCC3200MCUInit)
                  20007690    00000128     simplelink.a : cc_pal.obj (.text:spi_Open)
                  200077b8    00000118                  : driver.obj (.text:_SlDrvWaitForPoolObj)
                  200078d0    00000114                  : driver.obj (.text:_SlDrvMsgWrite)
                  200079e4    0000010c                  : driver.obj (.text:_SlDrvReleasePoolObj)
                  20007af0    000000fc     rtsv7M4_T_le_v4SPD16_eabi.lib : fd_mul_t2.obj (.text)
                  20007bec    000000f0     driverlib.a : udma.obj (.text:uDMAChannelTransferSet)
                  20007cdc    000000ec     simplelink.a : socket.obj (.text:sl_Connect)
                  20007dc8    000000ec                  : cc_pal.obj (.text:spi_Write)
                  20007eb4    000000dc     main.obj (.text)
                  20007f90    000000dc     simplelink.a : netapp.obj (.text:sl_NetAppDnsGetHostByName)
                  2000806c    000000cc                  : device.obj (.text:sl_Stop)
                  20008138    000000cc                  : cc_pal.obj (.text:spi_Read)
                  20008204    000000c8                  : device.obj (.text:sl_Start)
                  200082cc    000000bc                  : driver.obj (.text:_SlDrvMsgReadCmdCtx)
                  20008388    000000b2                  : netapp.obj (.text:_SlDrvNetAppEventHandler)
                  2000843a    00000002     --HOLE-- [fill = 0]
                  2000843c    000000a8     driverlib.a : interrupt.obj (.text:IntDisable)
                  200084e4    000000a8                 : interrupt.obj (.text:IntEnable)
                  2000858c    000000a0                 : spi.obj (.text:SPIConfigSetExpClk)
                  2000862c    0000009c     rtsv7M4_T_le_v4SPD16_eabi.lib : memcpy_t2.obj (.text)
                  200086c8    00000098     simplelink.a : driver.obj (.text:_SlFindAndSetActiveObj)
                  20008760    00000094     driverlib.a : prcm.obj (.text:PRCMPeripheralClockGet)
                  200087f4    00000094     simplelink.a : driver.obj (.text:_SlDrvClassifyRxMsg)
                  20008888    00000094                  : driver.obj (.text:_SlDrvMsgReadSpawnCtx)
                  2000891c    00000094     rtsv7M4_T_le_v4SPD16_eabi.lib : auto_init.obj (.text)
                  200089b0    00000090     simplelink.a : driver.obj (.text:_SlDrvDriverCBInit)
                  20008a40    00000088     driverlib.a : pin.obj (.text:PinConfigSet)
                  20008ac8    00000088     simplelink.a : driver.obj (.text:_SlDrvCmdOp)
                  20008b50    00000088     rtsv7M4_T_le_v4SPD16_eabi.lib : vsnprintf.obj (.text)
                  20008bd8    00000088     simplelink.a : netapp.obj (.text:sl_NetAppMDNSRegisterUnregisterService)
                  20008c60    00000086     rtsv7M4_T_le_v4SPD16_eabi.lib : fd_cmp_t2.obj (.text:__aeabi_cdcmple)
                  20008ce6    00000086                                   : fd_cmp_t2.obj (.text:__aeabi_cdrcmple)
                  20008d6c    00000084     simplelink.a : netapp.obj (.text:_sl_HandleAsync_DnsGetHostByName)
                  20008df0    00000080                  : cc_pal.obj (.text:NwpPowerOnPreamble)
                  20008e70    0000007c                  : device.obj (.text:sl_DevGet)
                  20008eec    00000078                  : cc_pal.obj (.text:SetupDMAReceive)
                  20008f64    00000078                  : device.obj (.text:_sl_HandleAsync_InitComplete)
                  20008fdc    00000078                  : netapp.obj (.text:_sl_HandleAsync_PingResponse)
                  20009054    00000078     rtsv7M4_T_le_v4SPD16_eabi.lib : memset_t2.obj (.text)
                  200090cc    00000076     driverlib.a : uart.obj (.text:UARTConfigSetExpClk)
                  20009142    00000002     --HOLE-- [fill = 0]
                  20009144    00000074     simplelink.a : cc_pal.obj (.text:spi_Close)
                  200091b8    0000006c                  : socket.obj (.text:_sl_HandleAsync_Connect)
                  20009224    00000068                  : socket.obj (.text:_sl_HandleAsync_Accept)
                  2000928c    00000068                  : netapp.obj (.text:_sl_HandleAsync_DnsGetHostByService)
                  200092f4    00000064     driverlib.a : udma.obj (.text:uDMAChannelAttributeDisable)
                  20009358    00000064                 : udma.obj (.text:uDMAChannelAttributeEnable)
                  200093bc    00000060     simplelink.a : driver.obj (.text:_SlDrvDriverCBDeinit)
                  2000941c    0000005e     rtsv7M4_T_le_v4SPD16_eabi.lib : copy_decompress_rle.obj (.text)
                  2000947a    00000002     --HOLE-- [fill = 0]
                  2000947c    0000005c     simplelink.a : socket.obj (.text:_sl_HandleAsync_Select)
                  200094d8    0000005a     rtsv7M4_T_le_v4SPD16_eabi.lib : ltoa.obj (.text)
                  20009532    00000002     --HOLE-- [fill = 0]
                  20009534    00000058     driverlib.a : interrupt.obj (.text:IntPendClear)
                  2000958c    00000058                 : prcm.obj (.text:PRCMPeripheralReset)
                  200095e4    00000058     simplelink.a : device.obj (.text:_sl_HandleAsync_Stop)
                  2000963c    00000054     driverlib.a : interrupt.obj (.text:IntPrioritySet)
                  20009690    00000054     simplelink.a : netapp.obj (.text:sl_NetAppSendTokenValue)
                  200096e4    0000004c     driverlib.a : spi.obj (.text:SPIIntEnable)
                  20009730    0000004c                 : spi.obj (.text:SPIIntNumberGet)
                  2000977c    0000004c     rtsv7M4_T_le_v4SPD16_eabi.lib : atoi.obj (.text)
                  200097c8    0000004c     driverlib.a : udma.obj (.text:uDMAChannelAssign)
                  20009814    0000004a     simplelink.a : device.obj (.text:_sl_GetStartResponseConvert)
                  2000985e    00000002     --HOLE-- [fill = 0]
                  20009860    00000048     driverlib.a : spi.obj (.text:SPIIntClear)
                  200098a8    00000048     rtsv7M4_T_le_v4SPD16_eabi.lib : boot.obj (.text)
                  200098f0    00000048                                   : fd_toi_t2.obj (.text)
                  20009938    00000048     simplelink.a : wlan.obj (.text:sl_WlanSet)
                  20009980    00000044     driverlib.a : spi.obj (.text:SPIDmaMaskGet)
                  200099c4    00000044     rtsv7M4_T_le_v4SPD16_eabi.lib : cpy_tbl.obj (.text)
                  20009a08    00000044                                   : exit.obj (.text)
                  20009a4c    00000044                                   : xdtest.obj (.text)
                  20009a90    00000044     simplelink.a : netcfg.obj (.text:sl_NetCfgSet)
                  20009ad4    00000040     driverlib.a : pin.obj (.text:PinModeSet)
                  20009b14    00000040     simplelink.a : driver.obj (.text:_SlDrvRxIrqHandler)
                  20009b54    00000040                  : nonos.obj (.text:_SlNonOsMainLoopTask)
                  20009b94    00000040                  : driver.obj (.text:_SlRemoveFromList)
                  20009bd4    00000040                  : wlan.obj (.text:sl_WlanPolicySet)
                  20009c14    00000040                  : wlan.obj (.text:sl_WlanRxFilterSet)
                  20009c54    0000003c                  : cc_pal.obj (.text:NwpPowerOff)
                  20009c90    0000003c     driverlib.a : prcm.obj (.text:PRCMPeripheralClkEnable)
                  20009ccc    0000003c     simplelink.a : driver.obj (.text:_SlDrvObjInit)
                  20009d08    0000003c     driverlib.a : udma.obj (.text:uDMAChannelControlSet)
                  20009d44    00000038     simplelink.a : cc_pal.obj (.text:NwpRegisterInterruptHandler)
                  20009d7c    00000038                  : socket.obj (.text:sl_Htonl)
                  20009db4    00000034     driverlib.a : prcm.obj (.text:PRCMPeripheralStatusGet)
                  20009de8    00000034                 : spi.obj (.text:SPIFIFOLevelSet)
                  20009e1c    00000034     simplelink.a : driver.obj (.text:_SlDrvBasicCmd)
                  20009e50    00000034                  : socket.obj (.text:sl_Htons)
                  20009e84    00000030                  : cc_pal.obj (.text:NwpPowerOn)
                  20009eb4    00000030     driverlib.a : uart.obj (.text:UARTDisable)
                  20009ee4    00000030     simplelink.a : flowcont.obj (.text:_SlDrvFlowContDeinit)
                  20009f14    00000030                  : flowcont.obj (.text:_SlDrvFlowContInit)
                  20009f44    00000030                  : nonos.obj (.text:_SlNonOsSemGet)
                  20009f74    00000030                  : socket.obj (.text:sl_Socket)
                  20009fa4    0000002e     rtsv7M4_T_le_v4SPD16_eabi.lib : i_tofd_t2.obj (.text)
                  20009fd2    00000002     --HOLE-- [fill = 0]
                  20009fd4    0000002c     driverlib.a : prcm.obj (.text:PRCMSysResetCauseGet)
                  2000a000    00000028                 : prcm.obj (.text:PRCMPeripheralClkDisable)
                  2000a028    00000028     simplelink.a : socket.obj (.text:_sl_BuildAddress)
                  2000a050    00000028                  : wlan.obj (.text:sl_WlanSetMode)
                  2000a078    00000024                  : cc_pal.obj (.text:DmaSpiSwIntHandler)
                  2000a09c    00000024     driverlib.a : interrupt.obj (.text:IntUnregister)
                  2000a0c0    00000024                 : uart.obj (.text:UARTEnable)
                  2000a0e4    00000024     rtsv7M4_T_le_v4SPD16_eabi.lib : memmov.obj (.text)
                  2000a108    00000024     simplelink.a : socket.obj (.text:sl_Close)
                  2000a12c    00000024                  : wlan.obj (.text:sl_WlanProfileDel)
                  2000a150    00000022     driverlib.a : spi.obj (.text:SPIReset)
                  2000a172    00000022                 : spi.obj (.text:SPIWordCountSet)
                  2000a194    00000020                 : interrupt.obj (.text:IntRegister)
                  2000a1b4    00000020     simplelink.a : driver.obj (.text:_SlDrvCmdSend)
                  2000a1d4    00000020                  : nonos.obj (.text:_SlNonOsSpawn)
                  2000a1f4    0000001e     driverlib.a : uart.obj (.text:UARTCharPut)
                  2000a212    00000002     --HOLE-- [fill = 0]
                  2000a214    0000001c     simplelink.a : driver.obj (.text:_SlDrvObjDeInit)
                  2000a230    0000001c     pinmux.obj (.text)
                  2000a24c    0000001c     rtsv7M4_T_le_v4SPD16_eabi.lib : memccpy.obj (.text)
                  2000a268    0000001c     driverlib.a : udma.obj (.text:uDMAChannelEnable)
                  2000a284    0000001a     simplelink.a : netapp.obj (.text:CopyPingResultsToReport)
                  2000a29e    0000001a     driverlib.a : pin.obj (.text:PinTypeUART)
                  2000a2b8    0000001a                 : spi.obj (.text:SPIDmaDisable)
                  2000a2d2    0000001a                 : spi.obj (.text:SPIDmaEnable)
                  2000a2ec    0000001a                 : spi.obj (.text:SPIFIFODisable)
                  2000a306    0000001a                 : spi.obj (.text:SPIFIFOEnable)
                  2000a320    0000001a                 : spi.obj (.text:SPIIntUnregister)
                  2000a33a    0000001a     simplelink.a : device.obj (.text:_SlDrvDeviceEventHandler)
                  2000a354    00000018     driverlib.a : spi.obj (.text:SPICSDisable)
                  2000a36c    00000018                 : spi.obj (.text:SPICSEnable)
                  2000a384    00000018                 : spi.obj (.text:SPIDisable)
                  2000a39c    00000018                 : spi.obj (.text:SPIEnable)
                  2000a3b4    00000018     rtsv7M4_T_le_v4SPD16_eabi.lib : args_main.obj (.text)
                  2000a3cc    00000018                                   : ll_mul_t2.obj (.text)
                  2000a3e4    00000016     driverlib.a : prcm.obj (.text:PRCMHIBRegRead)
                  2000a3fa    00000016                 : prcm.obj (.text:PRCMHIBRegWrite)
                  2000a410    00000016                 : uart.obj (.text:UARTCharGet)
                  2000a426    00000014                 : cpu.obj (.text:CPUcpsie)
                  2000a43a    00000002     --HOLE-- [fill = 0]
                  2000a43c    00000014                 : interrupt.obj (.text:IntVTableBaseSet)
                  2000a450    00000014     simplelink.a : driver.obj (.text:_SlDrvShiftDWord)
                  2000a464    00000014     rtsv7M4_T_le_v4SPD16_eabi.lib : _lock.obj (.text)
                  2000a478    00000014                                   : strlen.obj (.text)
                  2000a48c    00000012                                   : copy_zero_init.obj (.text:decompress:ZI)
                  2000a49e    00000012                                   : xdclass.obj (.text)
                  2000a4b0    00000012     simplelink.a : netapp.obj (.text:sl_NetAppMDNSUnRegisterService)
                  2000a4c2    00000002     --HOLE-- [fill = 0]
                  2000a4c4    00000010                  : cc_pal.obj (.text:NwpMaskInterrupt)
                  2000a4d4    0000000e     rtsv7M4_T_le_v4SPD16_eabi.lib : copy_decompress_none.obj (.text:decompress:none)
                  2000a4e2    0000000e     startup_ccs.obj (.text)
                  2000a4f0    0000000c     simplelink.a : cc_pal.obj (.text:NwpUnMaskInterrupt)
                  2000a4fc    0000000a     driverlib.a : interrupt.obj (.text:IntMasterEnable)
                  2000a506    00000008     simplelink.a : nonos.obj (.text:_SlNonOsSemSet)
                  2000a50e    00000008                  : wlan.obj (.text:sl_WlanDisconnect)
                  2000a516    00000006     driverlib.a : utils.obj (.text:UtilsDelay)
                  2000a51c    00000006     rtsv7M4_T_le_v4SPD16_eabi.lib : copy_decompress_rle.obj (.text:decompress:rle24)

.const     0    2000a524    000006b4     
                  2000a524    00000102     rtsv7M4_T_le_v4SPD16_eabi.lib : ctype.obj (.const:.string:_ctypes_)
                  2000a626    00000002     --HOLE-- [fill = 0]
                  2000a628    00000100     driverlib.a : pin.obj (.const:g_ulPinToPadMap)
                  2000a728    000000ec     simplelink.a : wlan.obj (.const)
                  2000a814    000000d4     driverlib.a : interrupt.obj (.const:g_pulRegs)
                  2000a8e8    000000a8                 : prcm.obj (.const:PRCM_PeriphRegsList)
                  2000a990    00000080                 : interrupt.obj (.const)
                  2000aa10    00000056     network.obj (.const:.string)
                  2000aa66    00000002     --HOLE-- [fill = 0]
                  2000aa68    0000004c     simplelink.a : driver.obj (.const)
                  2000aab4    00000034                  : socket.obj (.const)
                  2000aae8    0000002c     network.obj (.const:$P$T3$4)
                  2000ab14    00000028     simplelink.a : netapp.obj (.const)
                  2000ab3c    00000024     driverlib.a : spi.obj (.const:g_ppulSPIIntMap)
                  2000ab60    00000022     network.obj (.const:.string:$P$T2$3)
                  2000ab82    00000002     --HOLE-- [fill = 0]
                  2000ab84    00000020     network.obj (.const)
                  2000aba4    00000018     driverlib.a : spi.obj (.const)
                  2000abbc    00000014     simplelink.a : device.obj (.const)
                  2000abd0    00000008                  : netcfg.obj (.const)

.cinit     0    2000abd8    00000058     
                  2000abd8    0000002e     (.cinit..data.load) [load image, compression = rle]
                  2000ac06    00000002     --HOLE-- [fill = 0]
                  2000ac08    0000000c     (__TI_handler_table)
                  2000ac14    00000004     --HOLE-- [fill = 0]
                  2000ac18    00000008     (.cinit..bss.load) [load image, compression = zero_init]
                  2000ac20    00000010     (__TI_cinit_table)

.sysmem    0    20017000    00000800     UNINITIALIZED
                  20017000    00000008     rtsv7M4_T_le_v4SPD16_eabi.lib : memory.obj (.sysmem)
                  20017008    000007f8     --HOLE--

.data      0    20017800    0000020c     UNINITIALIZED
                  20017800    00000170     simplelink.a : driver.obj (.data)
                  20017970    0000005c                  : cc_pal.obj (.data)
                  200179cc    00000020     network.obj (.data)
                  200179ec    0000000c     rtsv7M4_T_le_v4SPD16_eabi.lib : memory.obj (.data)
                  200179f8    00000008                                   : _lock.obj (.data)
                  20017a00    00000008                                   : exit.obj (.data)
                  20017a08    00000004                                   : stkdepth_vars.obj (.data)

.bss       0    20017a0c    0000005d     UNINITIALIZED
                  20017a0c    00000028     simplelink.a : nonos.obj (.bss:g__SlNonOsCB)
                  20017a34    00000024     network.obj (.bss:g_ucConnectionSSID)
                  20017a58    00000008     (.common:g_ucConnectionBSSID)
                  20017a60    00000004     (.common:__Errorlog)
                  20017a64    00000004     (.common:g_ulDestinationIP)
                  20017a68    00000001     (.common:g_cDummy)

.stack     0    2002f800    00000800     UNINITIALIZED
                  2002f800    00000800     --HOLE--


LINKER GENERATED COPY TABLES

__TI_cinit_table @ 2000ac20 records: 2, size/record: 8, table size: 16
	.data: load addr=2000abd8, load size=0000002e bytes, run addr=20017800, run size=0000020c bytes, compression=rle
	.bss: load addr=2000ac18, load size=00000008 bytes, run addr=20017a0c, run size=0000005d bytes, compression=zero_init


LINKER GENERATED HANDLER TABLE

__TI_handler_table @ 2000ac08 records: 3, size/record: 4, table size: 12
	index: 0, handler: __TI_decompress_rle24
	index: 1, handler: __TI_decompress_none
	index: 2, handler: __TI_zero_init


GLOBAL SYMBOLS: SORTED ALPHABETICALLY BY Name 

address    name
--------   ----
20007eb5   BoardInit
20009a09   C$$EXIT
2000a427   CPUcpsie
20006b71   ClearTerm
20005305   Connect_To_AP
20005367   Connect_To_Server
2000a285   CopyPingResultsToReport
20005a0d   CreateConnection
20007ecd   Display_Banner
2000a079   DmaSpiSwIntHandler
20006b7b   Error
20006bb3   GetCmd
20006b31   InitTerm
2000843d   IntDisable
200084e5   IntEnable
2000a4fd   IntMasterEnable
20009535   IntPendClear
2000963d   IntPrioritySet
2000a195   IntRegister
2000a09d   IntUnregister
2000a43d   IntVTableBaseSet
20006b4f   Message
200052c1   Network_Init
2000a4c5   NwpMaskInterrupt
20009c55   NwpPowerOff
20009e85   NwpPowerOn
20008df1   NwpPowerOnPreamble
20009d45   NwpRegisterInterruptHandler
2000a4f1   NwpUnMaskInterrupt
200179e4   PASSWORD
2000755d   PRCMCC3200MCUInit
2000a3e5   PRCMHIBRegRead
2000a3fb   PRCMHIBRegWrite
2000a001   PRCMPeripheralClkDisable
20009c91   PRCMPeripheralClkEnable
20008761   PRCMPeripheralClockGet
2000958d   PRCMPeripheralReset
20009db5   PRCMPeripheralStatusGet
20009fd5   PRCMSysResetCauseGet
20008a41   PinConfigSet
20009ad5   PinModeSet
2000a231   PinMuxConfig
2000a29f   PinTypeUART
20006cdd   Report
2000a4e3   ResetISR
200179e8   SECURITY
UNDEFED    SHT$$INIT_ARRAY$$Base
UNDEFED    SHT$$INIT_ARRAY$$Limit
2000a355   SPICSDisable
2000a36d   SPICSEnable
2000858d   SPIConfigSetExpClk
2000a385   SPIDisable
2000a2b9   SPIDmaDisable
2000a2d3   SPIDmaEnable
2000a39d   SPIEnable
2000a2ed   SPIFIFODisable
2000a307   SPIFIFOEnable
20009de9   SPIFIFOLevelSet
20009861   SPIIntClear
200096e5   SPIIntEnable
2000a321   SPIIntUnregister
2000a151   SPIReset
2000a173   SPIWordCountSet
200179e0   SSID
20005d79   SimpleLinkGeneralEventHandler
20005d59   SimpleLinkHttpServerCallback
20005cbd   SimpleLinkNetAppEventHandler
20005d8f   SimpleLinkSockEventHandler
20005ba5   SimpleLinkWlanEventHandler
20006c45   TrimSpace
2000a411   UARTCharGet
2000a1f5   UARTCharPut
200090cd   UARTConfigSetExpClk
20009eb5   UARTDisable
2000a0c1   UARTEnable
2000a517   UtilsDelay
2000a49f   _Dclass
20009a4d   _Dtest
2000aad4   _SlAcceptCmdCtrl
2000aa7c   _SlActionLookupTable
200067e5   _SlAsyncEventGenericHandler
2000abc8   _SlDeviceGetCmdCtrl
2000abcc   _SlDeviceSetCmdCtrl
20009e1d   _SlDrvBasicCmd
200087f5   _SlDrvClassifyRxMsg
20008ac9   _SlDrvCmdOp
2000a1b5   _SlDrvCmdSend
2000a33b   _SlDrvDeviceEventHandler
200093bd   _SlDrvDriverCBDeinit
200089b1   _SlDrvDriverCBInit
20009ee5   _SlDrvFlowContDeinit
20009f15   _SlDrvFlowContInit
20006431   _SlDrvMsgRead
200082cd   _SlDrvMsgReadCmdCtx
20008889   _SlDrvMsgReadSpawnCtx
200078d1   _SlDrvMsgWrite
20008389   _SlDrvNetAppEventHandler
2000a215   _SlDrvObjDeInit
20009ccd   _SlDrvObjInit
200079e5   _SlDrvReleasePoolObj
200072e5   _SlDrvRxHdrRead
20009b15   _SlDrvRxIrqHandler
2000a451   _SlDrvShiftDWord
200077b9   _SlDrvWaitForPoolObj
2000abc4   _SlEventMaskGetCmdCtrl
2000abc0   _SlEventMaskSetCmdCtrl
200086c9   _SlFindAndSetActiveObj
2000ab2c   _SlGetHostByNameCtrl
2000ab28   _SlGetHostByServiceCtrl
2000ab20   _SlGetServiceListeCtrl
2000aae0   _SlGetSockOptCmdCtrl
2000aad0   _SlListenCmdCtrl
2000ab38   _SlNetAppGetCmdCtrl
2000ab34   _SlNetAppSendTokenValueCmdCtrl
2000ab30   _SlNetAppSetCmdCtrl
2000ab18   _SlNetAppStartCtrl
2000ab1c   _SlNetAppStopCtrl
2000abd4   _SlNetCfgGetCmdCtrl
2000abd0   _SlNetCfgSetCmdCtrl
20009b55   _SlNonOsMainLoopTask
20009f45   _SlNonOsSemGet
2000a507   _SlNonOsSemSet
2000a1d5   _SlNonOsSpawn
2000a730   _SlPolicyGetCmdCtrl
2000a72c   _SlPolicySetCmdCtrl
2000a738   _SlProfileDelCmdCtrl
2000a734   _SlProfileGetCmdCtrl
2000aad8   _SlRecvCmdCtrl
2000aac8   _SlRecvfomCmdCtrl
2000ab24   _SlRegisterServiceCtrl
20009b95   _SlRemoveFromList
2000a740   _SlRxFilterAddtCmdCtrl
2000a748   _SlRxFilterGetCmdCtrl
2000a744   _SlRxFilterSetCmdCtrl
2000aae4   _SlSelectCmdCtrl
2000aacc   _SlSendCmdCtrl
2000aadc   _SlSetSockOptCmdCtrl
2000a74c   _SlSmartConfigStartCmdCtrl
2000aac4   _SlSockCloseCmdCtrl
2000aac0   _SlSockSocketCmdCtrl
2000abbc   _SlStopCmdCtrl
2000a758   _SlWlanCfgGetCmdCtrl
2000a754   _SlWlanCfgSetCmdCtrl
2000a73c   _SlWlanGetNetworkListCtrl
2000a750   _SlWlanSetModeCmdCtrl
20030000   __STACK_END
00000800   __STACK_SIZE
00000800   __SYSMEM_SIZE
2000ac20   __TI_CINIT_Base
2000ac30   __TI_CINIT_Limit
2000ac08   __TI_Handler_Table_Base
2000ac14   __TI_Handler_Table_Limit
00000001   __TI_args_main
2000891d   __TI_auto_init
20017a00   __TI_cleanup_ptr
2000a4d5   __TI_decompress_none
2000a51d   __TI_decompress_rle24
20017a04   __TI_dtors_ptr
20004fb7   __TI_printfi
2000abd8   __TI_static_base__
2000a48d   __TI_zero_init
20008c61   __aeabi_cdcmpeq
20008c61   __aeabi_cdcmple
20008ce7   __aeabi_cdrcmple
200098f1   __aeabi_d2iz
20006f9b   __aeabi_dadd
20007425   __aeabi_ddiv
20007af1   __aeabi_dmul
20006f91   __aeabi_dsub
20009fa5   __aeabi_i2d
2000a3cd   __aeabi_lmul
20009055   __aeabi_memclr
20009055   __aeabi_memclr4
20009055   __aeabi_memclr8
2000862d   __aeabi_memcpy
2000862d   __aeabi_memcpy4
2000862d   __aeabi_memcpy8
20009057   __aeabi_memset
20009057   __aeabi_memset4
20009057   __aeabi_memset8
20006d9d   __aeabi_uldivmod
ffffffff   __binit__
ffffffff   __c_args__
2002f800   __stack
2000a3b5   _args_main
200098a9   _c_int00
2000a524   _ctypes_
200179f8   _lock
2000a473   _nop
2000a46b   _register_lock
2000a465   _register_unlock
2000a029   _sl_BuildAddress
20009815   _sl_GetStartResponseConvert
20009225   _sl_HandleAsync_Accept
200091b9   _sl_HandleAsync_Connect
20008d6d   _sl_HandleAsync_DnsGetHostByName
2000928d   _sl_HandleAsync_DnsGetHostByService
20008f65   _sl_HandleAsync_InitComplete
20008fdd   _sl_HandleAsync_PingResponse
2000947d   _sl_HandleAsync_Select
200095e5   _sl_HandleAsync_Stop
20017000   _sys_memory
200179fc   _unlock
20009a0d   abort
200179dd   ap_connected
2000977d   atoi
ffffffff   binit
200179d8   bytesReceived
200063f9   calloc
200099c5   copy_in
20009a15   exit
20006153   free
20017804   gFirstCmdMode
2000aa74   g_H2NCnysPattern
2000aa6c   g_H2NSyncPattern
20017970   g_SpiFd
2001780c   g_StatMem
20017a0c   g__SlNonOsCB
20017a68   g_cDummy
200179d4   g_iSockID
20017808   g_pCB
20017974   g_pHostIntHdl
20004000   g_pfnVectors
20017a58   g_ucConnectionBSSID
20017a34   g_ucConnectionSSID
20017978   g_ucDMAEnabled
2001797c   g_ucDinDout
20017a64   g_ulDestinationIP
200179d0   g_ulGatewayIP
200179cc   g_ulStatus
20005aa1   hexToi
200179dc   initialized
200094d9   ltoa
20007eef   main
20017a08   main_func_sp
200060f1   malloc
20006319   memalign
2000a24d   memccpy
2000862d   memcpy
2000a0e5   memmove
2000905d   memset
20006065   minit
20017800   pPingCallBackFunc
20006213   realloc
200179de   server_connected
2000a109   sl_Close
20007cdd   sl_Connect
20008e71   sl_DevGet
20009d7d   sl_Htonl
20009e51   sl_Htons
20007f91   sl_NetAppDnsGetHostByName
20008bd9   sl_NetAppMDNSRegisterUnregisterService
2000a4b1   sl_NetAppMDNSUnRegisterService
20009691   sl_NetAppSendTokenValue
20009a91   sl_NetCfgSet
20009f75   sl_Socket
20008205   sl_Start
2000806d   sl_Stop
20007149   sl_WlanConnect
2000a50f   sl_WlanDisconnect
20009bd5   sl_WlanPolicySet
2000a12d   sl_WlanProfileDel
20009c15   sl_WlanRxFilterSet
20009939   sl_WlanSet
2000a051   sl_WlanSetMode
20009145   spi_Close
20007691   spi_Open
20008139   spi_Read
20007dc9   spi_Write
2000a479   strlen
200097c9   uDMAChannelAssign
200092f5   uDMAChannelAttributeDisable
20009359   uDMAChannelAttributeEnable
20009d09   uDMAChannelControlSet
2000a269   uDMAChannelEnable
20007bed   uDMAChannelTransferSet
20008b51   vsnprintf


GLOBAL SYMBOLS: SORTED BY Symbol Address 

address    name
--------   ----
00000001   __TI_args_main
00000800   __STACK_SIZE
00000800   __SYSMEM_SIZE
20004000   g_pfnVectors
20004fb7   __TI_printfi
200052c1   Network_Init
20005305   Connect_To_AP
20005367   Connect_To_Server
20005a0d   CreateConnection
20005aa1   hexToi
20005ba5   SimpleLinkWlanEventHandler
20005cbd   SimpleLinkNetAppEventHandler
20005d59   SimpleLinkHttpServerCallback
20005d79   SimpleLinkGeneralEventHandler
20005d8f   SimpleLinkSockEventHandler
20006065   minit
200060f1   malloc
20006153   free
20006213   realloc
20006319   memalign
200063f9   calloc
20006431   _SlDrvMsgRead
200067e5   _SlAsyncEventGenericHandler
20006b31   InitTerm
20006b4f   Message
20006b71   ClearTerm
20006b7b   Error
20006bb3   GetCmd
20006c45   TrimSpace
20006cdd   Report
20006d9d   __aeabi_uldivmod
20006f91   __aeabi_dsub
20006f9b   __aeabi_dadd
20007149   sl_WlanConnect
200072e5   _SlDrvRxHdrRead
20007425   __aeabi_ddiv
2000755d   PRCMCC3200MCUInit
20007691   spi_Open
200077b9   _SlDrvWaitForPoolObj
200078d1   _SlDrvMsgWrite
200079e5   _SlDrvReleasePoolObj
20007af1   __aeabi_dmul
20007bed   uDMAChannelTransferSet
20007cdd   sl_Connect
20007dc9   spi_Write
20007eb5   BoardInit
20007ecd   Display_Banner
20007eef   main
20007f91   sl_NetAppDnsGetHostByName
2000806d   sl_Stop
20008139   spi_Read
20008205   sl_Start
200082cd   _SlDrvMsgReadCmdCtx
20008389   _SlDrvNetAppEventHandler
2000843d   IntDisable
200084e5   IntEnable
2000858d   SPIConfigSetExpClk
2000862d   __aeabi_memcpy
2000862d   __aeabi_memcpy4
2000862d   __aeabi_memcpy8
2000862d   memcpy
200086c9   _SlFindAndSetActiveObj
20008761   PRCMPeripheralClockGet
200087f5   _SlDrvClassifyRxMsg
20008889   _SlDrvMsgReadSpawnCtx
2000891d   __TI_auto_init
200089b1   _SlDrvDriverCBInit
20008a41   PinConfigSet
20008ac9   _SlDrvCmdOp
20008b51   vsnprintf
20008bd9   sl_NetAppMDNSRegisterUnregisterService
20008c61   __aeabi_cdcmpeq
20008c61   __aeabi_cdcmple
20008ce7   __aeabi_cdrcmple
20008d6d   _sl_HandleAsync_DnsGetHostByName
20008df1   NwpPowerOnPreamble
20008e71   sl_DevGet
20008f65   _sl_HandleAsync_InitComplete
20008fdd   _sl_HandleAsync_PingResponse
20009055   __aeabi_memclr
20009055   __aeabi_memclr4
20009055   __aeabi_memclr8
20009057   __aeabi_memset
20009057   __aeabi_memset4
20009057   __aeabi_memset8
2000905d   memset
200090cd   UARTConfigSetExpClk
20009145   spi_Close
200091b9   _sl_HandleAsync_Connect
20009225   _sl_HandleAsync_Accept
2000928d   _sl_HandleAsync_DnsGetHostByService
200092f5   uDMAChannelAttributeDisable
20009359   uDMAChannelAttributeEnable
200093bd   _SlDrvDriverCBDeinit
2000947d   _sl_HandleAsync_Select
200094d9   ltoa
20009535   IntPendClear
2000958d   PRCMPeripheralReset
200095e5   _sl_HandleAsync_Stop
2000963d   IntPrioritySet
20009691   sl_NetAppSendTokenValue
200096e5   SPIIntEnable
2000977d   atoi
200097c9   uDMAChannelAssign
20009815   _sl_GetStartResponseConvert
20009861   SPIIntClear
200098a9   _c_int00
200098f1   __aeabi_d2iz
20009939   sl_WlanSet
200099c5   copy_in
20009a09   C$$EXIT
20009a0d   abort
20009a15   exit
20009a4d   _Dtest
20009a91   sl_NetCfgSet
20009ad5   PinModeSet
20009b15   _SlDrvRxIrqHandler
20009b55   _SlNonOsMainLoopTask
20009b95   _SlRemoveFromList
20009bd5   sl_WlanPolicySet
20009c15   sl_WlanRxFilterSet
20009c55   NwpPowerOff
20009c91   PRCMPeripheralClkEnable
20009ccd   _SlDrvObjInit
20009d09   uDMAChannelControlSet
20009d45   NwpRegisterInterruptHandler
20009d7d   sl_Htonl
20009db5   PRCMPeripheralStatusGet
20009de9   SPIFIFOLevelSet
20009e1d   _SlDrvBasicCmd
20009e51   sl_Htons
20009e85   NwpPowerOn
20009eb5   UARTDisable
20009ee5   _SlDrvFlowContDeinit
20009f15   _SlDrvFlowContInit
20009f45   _SlNonOsSemGet
20009f75   sl_Socket
20009fa5   __aeabi_i2d
20009fd5   PRCMSysResetCauseGet
2000a001   PRCMPeripheralClkDisable
2000a029   _sl_BuildAddress
2000a051   sl_WlanSetMode
2000a079   DmaSpiSwIntHandler
2000a09d   IntUnregister
2000a0c1   UARTEnable
2000a0e5   memmove
2000a109   sl_Close
2000a12d   sl_WlanProfileDel
2000a151   SPIReset
2000a173   SPIWordCountSet
2000a195   IntRegister
2000a1b5   _SlDrvCmdSend
2000a1d5   _SlNonOsSpawn
2000a1f5   UARTCharPut
2000a215   _SlDrvObjDeInit
2000a231   PinMuxConfig
2000a24d   memccpy
2000a269   uDMAChannelEnable
2000a285   CopyPingResultsToReport
2000a29f   PinTypeUART
2000a2b9   SPIDmaDisable
2000a2d3   SPIDmaEnable
2000a2ed   SPIFIFODisable
2000a307   SPIFIFOEnable
2000a321   SPIIntUnregister
2000a33b   _SlDrvDeviceEventHandler
2000a355   SPICSDisable
2000a36d   SPICSEnable
2000a385   SPIDisable
2000a39d   SPIEnable
2000a3b5   _args_main
2000a3cd   __aeabi_lmul
2000a3e5   PRCMHIBRegRead
2000a3fb   PRCMHIBRegWrite
2000a411   UARTCharGet
2000a427   CPUcpsie
2000a43d   IntVTableBaseSet
2000a451   _SlDrvShiftDWord
2000a465   _register_unlock
2000a46b   _register_lock
2000a473   _nop
2000a479   strlen
2000a48d   __TI_zero_init
2000a49f   _Dclass
2000a4b1   sl_NetAppMDNSUnRegisterService
2000a4c5   NwpMaskInterrupt
2000a4d5   __TI_decompress_none
2000a4e3   ResetISR
2000a4f1   NwpUnMaskInterrupt
2000a4fd   IntMasterEnable
2000a507   _SlNonOsSemSet
2000a50f   sl_WlanDisconnect
2000a517   UtilsDelay
2000a51d   __TI_decompress_rle24
2000a524   _ctypes_
2000a72c   _SlPolicySetCmdCtrl
2000a730   _SlPolicyGetCmdCtrl
2000a734   _SlProfileGetCmdCtrl
2000a738   _SlProfileDelCmdCtrl
2000a73c   _SlWlanGetNetworkListCtrl
2000a740   _SlRxFilterAddtCmdCtrl
2000a744   _SlRxFilterSetCmdCtrl
2000a748   _SlRxFilterGetCmdCtrl
2000a74c   _SlSmartConfigStartCmdCtrl
2000a750   _SlWlanSetModeCmdCtrl
2000a754   _SlWlanCfgSetCmdCtrl
2000a758   _SlWlanCfgGetCmdCtrl
2000aa6c   g_H2NSyncPattern
2000aa74   g_H2NCnysPattern
2000aa7c   _SlActionLookupTable
2000aac0   _SlSockSocketCmdCtrl
2000aac4   _SlSockCloseCmdCtrl
2000aac8   _SlRecvfomCmdCtrl
2000aacc   _SlSendCmdCtrl
2000aad0   _SlListenCmdCtrl
2000aad4   _SlAcceptCmdCtrl
2000aad8   _SlRecvCmdCtrl
2000aadc   _SlSetSockOptCmdCtrl
2000aae0   _SlGetSockOptCmdCtrl
2000aae4   _SlSelectCmdCtrl
2000ab18   _SlNetAppStartCtrl
2000ab1c   _SlNetAppStopCtrl
2000ab20   _SlGetServiceListeCtrl
2000ab24   _SlRegisterServiceCtrl
2000ab28   _SlGetHostByServiceCtrl
2000ab2c   _SlGetHostByNameCtrl
2000ab30   _SlNetAppSetCmdCtrl
2000ab34   _SlNetAppSendTokenValueCmdCtrl
2000ab38   _SlNetAppGetCmdCtrl
2000abbc   _SlStopCmdCtrl
2000abc0   _SlEventMaskSetCmdCtrl
2000abc4   _SlEventMaskGetCmdCtrl
2000abc8   _SlDeviceGetCmdCtrl
2000abcc   _SlDeviceSetCmdCtrl
2000abd0   _SlNetCfgSetCmdCtrl
2000abd4   _SlNetCfgGetCmdCtrl
2000abd8   __TI_static_base__
2000ac08   __TI_Handler_Table_Base
2000ac14   __TI_Handler_Table_Limit
2000ac20   __TI_CINIT_Base
2000ac30   __TI_CINIT_Limit
20017000   _sys_memory
20017800   pPingCallBackFunc
20017804   gFirstCmdMode
20017808   g_pCB
2001780c   g_StatMem
20017970   g_SpiFd
20017974   g_pHostIntHdl
20017978   g_ucDMAEnabled
2001797c   g_ucDinDout
200179cc   g_ulStatus
200179d0   g_ulGatewayIP
200179d4   g_iSockID
200179d8   bytesReceived
200179dc   initialized
200179dd   ap_connected
200179de   server_connected
200179e0   SSID
200179e4   PASSWORD
200179e8   SECURITY
200179f8   _lock
200179fc   _unlock
20017a00   __TI_cleanup_ptr
20017a04   __TI_dtors_ptr
20017a08   main_func_sp
20017a0c   g__SlNonOsCB
20017a34   g_ucConnectionSSID
20017a58   g_ucConnectionBSSID
20017a64   g_ulDestinationIP
20017a68   g_cDummy
2002f800   __stack
20030000   __STACK_END
ffffffff   __binit__
ffffffff   __c_args__
ffffffff   binit
UNDEFED    SHT$$INIT_ARRAY$$Base
UNDEFED    SHT$$INIT_ARRAY$$Limit

[277 symbols]
