<?xml version="1.0"?>
<link_info>
   <banner>TI ARM Linker PC v5.1.6</banner>
   <copyright>Copyright (c) 1996-2014 Texas Instruments Incorporated</copyright>
   <link_time>0x54f77013</link_time>
   <link_errors>0x0</link_errors>
   <output_file>GroBot_System.out</output_file>
   <entry_point>
      <name>_c_int00</name>
      <address>0x2000936d</address>
   </entry_point>
   <input_file_list>
      <input_file id="fl-2">
         <path>.\</path>
         <kind>object</kind>
         <file>main.obj</file>
         <name>main.obj</name>
      </input_file>
      <input_file id="fl-3">
         <path>.\</path>
         <kind>object</kind>
         <file>network.obj</file>
         <name>network.obj</name>
      </input_file>
      <input_file id="fl-4">
         <path>.\</path>
         <kind>object</kind>
         <file>pinmux.obj</file>
         <name>pinmux.obj</name>
      </input_file>
      <input_file id="fl-5">
         <path>.\</path>
         <kind>object</kind>
         <file>startup_ccs.obj</file>
         <name>startup_ccs.obj</name>
      </input_file>
      <input_file id="fl-6">
         <path>.\</path>
         <kind>object</kind>
         <file>uart_if.obj</file>
         <name>uart_if.obj</name>
      </input_file>
      <input_file id="fl-135">
         <path>c:\ti\ccsv6\tools\compiler\arm_5.1.6\lib\</path>
         <kind>archive</kind>
         <file>rtsv7M4_T_le_v4SPD16_eabi.lib</file>
         <name>boot.obj</name>
      </input_file>
      <input_file id="fl-136">
         <path>c:\ti\ccsv6\tools\compiler\arm_5.1.6\lib\</path>
         <kind>archive</kind>
         <file>rtsv7M4_T_le_v4SPD16_eabi.lib</file>
         <name>copy_decompress_none.obj</name>
      </input_file>
      <input_file id="fl-137">
         <path>c:\ti\ccsv6\tools\compiler\arm_5.1.6\lib\</path>
         <kind>archive</kind>
         <file>rtsv7M4_T_le_v4SPD16_eabi.lib</file>
         <name>copy_decompress_rle.obj</name>
      </input_file>
      <input_file id="fl-138">
         <path>c:\ti\ccsv6\tools\compiler\arm_5.1.6\lib\</path>
         <kind>archive</kind>
         <file>rtsv7M4_T_le_v4SPD16_eabi.lib</file>
         <name>copy_zero_init.obj</name>
      </input_file>
      <input_file id="fl-139">
         <path>c:\ti\ccsv6\tools\compiler\arm_5.1.6\lib\</path>
         <kind>archive</kind>
         <file>rtsv7M4_T_le_v4SPD16_eabi.lib</file>
         <name>exit.obj</name>
      </input_file>
      <input_file id="fl-13a">
         <path>c:\ti\ccsv6\tools\compiler\arm_5.1.6\lib\</path>
         <kind>archive</kind>
         <file>rtsv7M4_T_le_v4SPD16_eabi.lib</file>
         <name>memcpy_t2.obj</name>
      </input_file>
      <input_file id="fl-13b">
         <path>c:\ti\ccsv6\tools\compiler\arm_5.1.6\lib\</path>
         <kind>archive</kind>
         <file>rtsv7M4_T_le_v4SPD16_eabi.lib</file>
         <name>memmov.obj</name>
      </input_file>
      <input_file id="fl-13c">
         <path>c:\ti\ccsv6\tools\compiler\arm_5.1.6\lib\</path>
         <kind>archive</kind>
         <file>rtsv7M4_T_le_v4SPD16_eabi.lib</file>
         <name>memory.obj</name>
      </input_file>
      <input_file id="fl-13d">
         <path>c:\ti\ccsv6\tools\compiler\arm_5.1.6\lib\</path>
         <kind>archive</kind>
         <file>rtsv7M4_T_le_v4SPD16_eabi.lib</file>
         <name>memset_t2.obj</name>
      </input_file>
      <input_file id="fl-13e">
         <path>c:\ti\ccsv6\tools\compiler\arm_5.1.6\lib\</path>
         <kind>archive</kind>
         <file>rtsv7M4_T_le_v4SPD16_eabi.lib</file>
         <name>stkdepth_vars.obj</name>
      </input_file>
      <input_file id="fl-13f">
         <path>c:\ti\ccsv6\tools\compiler\arm_5.1.6\lib\</path>
         <kind>archive</kind>
         <file>rtsv7M4_T_le_v4SPD16_eabi.lib</file>
         <name>strlen.obj</name>
      </input_file>
      <input_file id="fl-140">
         <path>c:\ti\ccsv6\tools\compiler\arm_5.1.6\lib\</path>
         <kind>archive</kind>
         <file>rtsv7M4_T_le_v4SPD16_eabi.lib</file>
         <name>vsnprintf.obj</name>
      </input_file>
      <input_file id="fl-141">
         <path>c:\ti\ccsv6\tools\compiler\arm_5.1.6\lib\</path>
         <kind>archive</kind>
         <file>rtsv7M4_T_le_v4SPD16_eabi.lib</file>
         <name>_lock.obj</name>
      </input_file>
      <input_file id="fl-142">
         <path>c:\ti\ccsv6\tools\compiler\arm_5.1.6\lib\</path>
         <kind>archive</kind>
         <file>rtsv7M4_T_le_v4SPD16_eabi.lib</file>
         <name>_printfi.obj</name>
      </input_file>
      <input_file id="fl-143">
         <path>c:\ti\ccsv6\tools\compiler\arm_5.1.6\lib\</path>
         <kind>archive</kind>
         <file>rtsv7M4_T_le_v4SPD16_eabi.lib</file>
         <name>args_main.obj</name>
      </input_file>
      <input_file id="fl-144">
         <path>c:\ti\ccsv6\tools\compiler\arm_5.1.6\lib\</path>
         <kind>archive</kind>
         <file>rtsv7M4_T_le_v4SPD16_eabi.lib</file>
         <name>atoi.obj</name>
      </input_file>
      <input_file id="fl-145">
         <path>c:\ti\ccsv6\tools\compiler\arm_5.1.6\lib\</path>
         <kind>archive</kind>
         <file>rtsv7M4_T_le_v4SPD16_eabi.lib</file>
         <name>auto_init.obj</name>
      </input_file>
      <input_file id="fl-146">
         <path>c:\ti\ccsv6\tools\compiler\arm_5.1.6\lib\</path>
         <kind>archive</kind>
         <file>rtsv7M4_T_le_v4SPD16_eabi.lib</file>
         <name>cpy_tbl.obj</name>
      </input_file>
      <input_file id="fl-147">
         <path>c:\ti\ccsv6\tools\compiler\arm_5.1.6\lib\</path>
         <kind>archive</kind>
         <file>rtsv7M4_T_le_v4SPD16_eabi.lib</file>
         <name>ctype.obj</name>
      </input_file>
      <input_file id="fl-148">
         <path>c:\ti\ccsv6\tools\compiler\arm_5.1.6\lib\</path>
         <kind>archive</kind>
         <file>rtsv7M4_T_le_v4SPD16_eabi.lib</file>
         <name>fd_add_t2.obj</name>
      </input_file>
      <input_file id="fl-149">
         <path>c:\ti\ccsv6\tools\compiler\arm_5.1.6\lib\</path>
         <kind>archive</kind>
         <file>rtsv7M4_T_le_v4SPD16_eabi.lib</file>
         <name>fd_cmp_t2.obj</name>
      </input_file>
      <input_file id="fl-14a">
         <path>c:\ti\ccsv6\tools\compiler\arm_5.1.6\lib\</path>
         <kind>archive</kind>
         <file>rtsv7M4_T_le_v4SPD16_eabi.lib</file>
         <name>fd_div_t2.obj</name>
      </input_file>
      <input_file id="fl-14b">
         <path>c:\ti\ccsv6\tools\compiler\arm_5.1.6\lib\</path>
         <kind>archive</kind>
         <file>rtsv7M4_T_le_v4SPD16_eabi.lib</file>
         <name>fd_mul_t2.obj</name>
      </input_file>
      <input_file id="fl-14c">
         <path>c:\ti\ccsv6\tools\compiler\arm_5.1.6\lib\</path>
         <kind>archive</kind>
         <file>rtsv7M4_T_le_v4SPD16_eabi.lib</file>
         <name>fd_toi_t2.obj</name>
      </input_file>
      <input_file id="fl-14d">
         <path>c:\ti\ccsv6\tools\compiler\arm_5.1.6\lib\</path>
         <kind>archive</kind>
         <file>rtsv7M4_T_le_v4SPD16_eabi.lib</file>
         <name>i_tofd_t2.obj</name>
      </input_file>
      <input_file id="fl-14e">
         <path>c:\ti\ccsv6\tools\compiler\arm_5.1.6\lib\</path>
         <kind>archive</kind>
         <file>rtsv7M4_T_le_v4SPD16_eabi.lib</file>
         <name>ll_mul_t2.obj</name>
      </input_file>
      <input_file id="fl-14f">
         <path>c:\ti\ccsv6\tools\compiler\arm_5.1.6\lib\</path>
         <kind>archive</kind>
         <file>rtsv7M4_T_le_v4SPD16_eabi.lib</file>
         <name>ltoa.obj</name>
      </input_file>
      <input_file id="fl-150">
         <path>c:\ti\ccsv6\tools\compiler\arm_5.1.6\lib\</path>
         <kind>archive</kind>
         <file>rtsv7M4_T_le_v4SPD16_eabi.lib</file>
         <name>memccpy.obj</name>
      </input_file>
      <input_file id="fl-151">
         <path>c:\ti\ccsv6\tools\compiler\arm_5.1.6\lib\</path>
         <kind>archive</kind>
         <file>rtsv7M4_T_le_v4SPD16_eabi.lib</file>
         <name>ull_div_t2.obj</name>
      </input_file>
      <input_file id="fl-152">
         <path>c:\ti\ccsv6\tools\compiler\arm_5.1.6\lib\</path>
         <kind>archive</kind>
         <file>rtsv7M4_T_le_v4SPD16_eabi.lib</file>
         <name>xdclass.obj</name>
      </input_file>
      <input_file id="fl-153">
         <path>c:\ti\ccsv6\tools\compiler\arm_5.1.6\lib\</path>
         <kind>archive</kind>
         <file>rtsv7M4_T_le_v4SPD16_eabi.lib</file>
         <name>xdtest.obj</name>
      </input_file>
      <input_file id="fl-154">
         <path>C:\ti\CC3200SDK_1.0.0\cc3200-sdk\example\file_download\ccs\..\..\..\driverlib\ccs\Release\</path>
         <kind>archive</kind>
         <file>driverlib.a</file>
         <name>pin.obj</name>
      </input_file>
      <input_file id="fl-155">
         <path>C:\ti\CC3200SDK_1.0.0\cc3200-sdk\example\file_download\ccs\..\..\..\driverlib\ccs\Release\</path>
         <kind>archive</kind>
         <file>driverlib.a</file>
         <name>prcm.obj</name>
      </input_file>
      <input_file id="fl-156">
         <path>C:\ti\CC3200SDK_1.0.0\cc3200-sdk\example\file_download\ccs\..\..\..\driverlib\ccs\Release\</path>
         <kind>archive</kind>
         <file>driverlib.a</file>
         <name>uart.obj</name>
      </input_file>
      <input_file id="fl-157">
         <path>C:\ti\CC3200SDK_1.0.0\cc3200-sdk\example\file_download\ccs\..\..\..\driverlib\ccs\Release\</path>
         <kind>archive</kind>
         <file>driverlib.a</file>
         <name>utils.obj</name>
      </input_file>
      <input_file id="fl-158">
         <path>C:\ti\CC3200SDK_1.0.0\cc3200-sdk\example\file_download\ccs\..\..\..\driverlib\ccs\Release\</path>
         <kind>archive</kind>
         <file>driverlib.a</file>
         <name>cpu.obj</name>
      </input_file>
      <input_file id="fl-159">
         <path>C:\ti\CC3200SDK_1.0.0\cc3200-sdk\example\file_download\ccs\..\..\..\driverlib\ccs\Release\</path>
         <kind>archive</kind>
         <file>driverlib.a</file>
         <name>flash.obj</name>
      </input_file>
      <input_file id="fl-15a">
         <path>C:\ti\CC3200SDK_1.0.0\cc3200-sdk\example\file_download\ccs\..\..\..\driverlib\ccs\Release\</path>
         <kind>archive</kind>
         <file>driverlib.a</file>
         <name>interrupt.obj</name>
      </input_file>
      <input_file id="fl-15b">
         <path>C:\ti\CC3200SDK_1.0.0\cc3200-sdk\example\file_download\ccs\..\..\..\simplelink\ccs\NON_OS\</path>
         <kind>archive</kind>
         <file>simplelink.a</file>
         <name>device.obj</name>
      </input_file>
      <input_file id="fl-15c">
         <path>C:\ti\CC3200SDK_1.0.0\cc3200-sdk\example\file_download\ccs\..\..\..\simplelink\ccs\NON_OS\</path>
         <kind>archive</kind>
         <file>simplelink.a</file>
         <name>driver.obj</name>
      </input_file>
      <input_file id="fl-15d">
         <path>C:\ti\CC3200SDK_1.0.0\cc3200-sdk\example\file_download\ccs\..\..\..\simplelink\ccs\NON_OS\</path>
         <kind>archive</kind>
         <file>simplelink.a</file>
         <name>flowcont.obj</name>
      </input_file>
      <input_file id="fl-15e">
         <path>C:\ti\CC3200SDK_1.0.0\cc3200-sdk\example\file_download\ccs\..\..\..\simplelink\ccs\NON_OS\</path>
         <kind>archive</kind>
         <file>simplelink.a</file>
         <name>netapp.obj</name>
      </input_file>
      <input_file id="fl-15f">
         <path>C:\ti\CC3200SDK_1.0.0\cc3200-sdk\example\file_download\ccs\..\..\..\simplelink\ccs\NON_OS\</path>
         <kind>archive</kind>
         <file>simplelink.a</file>
         <name>netcfg.obj</name>
      </input_file>
      <input_file id="fl-160">
         <path>C:\ti\CC3200SDK_1.0.0\cc3200-sdk\example\file_download\ccs\..\..\..\simplelink\ccs\NON_OS\</path>
         <kind>archive</kind>
         <file>simplelink.a</file>
         <name>nonos.obj</name>
      </input_file>
      <input_file id="fl-161">
         <path>C:\ti\CC3200SDK_1.0.0\cc3200-sdk\example\file_download\ccs\..\..\..\simplelink\ccs\NON_OS\</path>
         <kind>archive</kind>
         <file>simplelink.a</file>
         <name>socket.obj</name>
      </input_file>
      <input_file id="fl-162">
         <path>C:\ti\CC3200SDK_1.0.0\cc3200-sdk\example\file_download\ccs\..\..\..\simplelink\ccs\NON_OS\</path>
         <kind>archive</kind>
         <file>simplelink.a</file>
         <name>wlan.obj</name>
      </input_file>
      <input_file id="fl-163">
         <path>C:\ti\CC3200SDK_1.0.0\cc3200-sdk\example\file_download\ccs\..\..\..\simplelink\ccs\NON_OS\</path>
         <kind>archive</kind>
         <file>simplelink.a</file>
         <name>cc_pal.obj</name>
      </input_file>
      <input_file id="fl-164">
         <path>c:\ti\ccsv6\tools\compiler\arm_5.1.6\lib\</path>
         <kind>archive</kind>
         <file>rtsv7M4_T_le_v4SPD16_eabi.lib</file>
         <name>ll_lsr_t2.obj</name>
      </input_file>
      <input_file id="fl-165">
         <path>C:\ti\CC3200SDK_1.0.0\cc3200-sdk\example\file_download\ccs\..\..\..\driverlib\ccs\Release\</path>
         <kind>archive</kind>
         <file>driverlib.a</file>
         <name>spi.obj</name>
      </input_file>
      <input_file id="fl-166">
         <path>C:\ti\CC3200SDK_1.0.0\cc3200-sdk\example\file_download\ccs\..\..\..\driverlib\ccs\Release\</path>
         <kind>archive</kind>
         <file>driverlib.a</file>
         <name>udma.obj</name>
      </input_file>
   </input_file_list>
   <object_component_list>
      <object_component id="oc-e">
         <name>.intvecs</name>
         <load_address>0x20004000</load_address>
         <run_address>0x20004000</run_address>
         <size>0x400</size>
         <input_file_ref idref="fl-5"/>
      </object_component>
      <object_component id="oc-29c">
         <name>.text</name>
         <load_address>0x20004400</load_address>
         <run_address>0x20004400</run_address>
         <size>0xec0</size>
         <input_file_ref idref="fl-142"/>
      </object_component>
      <object_component id="oc-b0">
         <name>.text</name>
         <load_address>0x200052c0</load_address>
         <run_address>0x200052c0</run_address>
         <size>0xc34</size>
         <input_file_ref idref="fl-3"/>
      </object_component>
      <object_component id="oc-1a3">
         <name>.text</name>
         <load_address>0x20005ef4</load_address>
         <run_address>0x20005ef4</run_address>
         <size>0x3cc</size>
         <input_file_ref idref="fl-13c"/>
      </object_component>
      <object_component id="oc-470">
         <name>.text:_SlDrvMsgRead</name>
         <load_address>0x200062c0</load_address>
         <run_address>0x200062c0</run_address>
         <size>0x3b4</size>
         <input_file_ref idref="fl-15c"/>
      </object_component>
      <object_component id="oc-476">
         <name>.text:_SlAsyncEventGenericHandler</name>
         <load_address>0x20006674</load_address>
         <run_address>0x20006674</run_address>
         <size>0x34c</size>
         <input_file_ref idref="fl-15c"/>
      </object_component>
      <object_component id="oc-d3">
         <name>.text</name>
         <load_address>0x200069c0</load_address>
         <run_address>0x200069c0</run_address>
         <size>0x26c</size>
         <input_file_ref idref="fl-6"/>
      </object_component>
      <object_component id="oc-3d8">
         <name>.text</name>
         <load_address>0x20006c2c</load_address>
         <run_address>0x20006c2c</run_address>
         <size>0x1f4</size>
         <input_file_ref idref="fl-151"/>
      </object_component>
      <object_component id="oc-406">
         <name>.text</name>
         <load_address>0x20006e20</load_address>
         <run_address>0x20006e20</run_address>
         <size>0x1b6</size>
         <input_file_ref idref="fl-148"/>
      </object_component>
      <object_component id="oc-465">
         <name>.text:IntDefaultHandler</name>
         <load_address>0x20006fd6</load_address>
         <run_address>0x20006fd6</run_address>
         <size>0x2</size>
         <input_file_ref idref="fl-15a"/>
      </object_component>
      <object_component id="oc-142">
         <name>.text:sl_WlanConnect</name>
         <load_address>0x20006fd8</load_address>
         <run_address>0x20006fd8</run_address>
         <size>0x19c</size>
         <input_file_ref idref="fl-162"/>
      </object_component>
      <object_component id="oc-4ee">
         <name>.text:_SlDrvRxHdrRead</name>
         <load_address>0x20007174</load_address>
         <run_address>0x20007174</run_address>
         <size>0x140</size>
         <input_file_ref idref="fl-15c"/>
      </object_component>
      <object_component id="oc-3ec">
         <name>.text</name>
         <load_address>0x200072b4</load_address>
         <run_address>0x200072b4</run_address>
         <size>0x136</size>
         <input_file_ref idref="fl-14a"/>
      </object_component>
      <object_component id="oc-1d4">
         <name>.text:spi_Open</name>
         <load_address>0x200073ec</load_address>
         <run_address>0x200073ec</run_address>
         <size>0x128</size>
         <input_file_ref idref="fl-163"/>
      </object_component>
      <object_component id="oc-1da">
         <name>.text:_SlDrvWaitForPoolObj</name>
         <load_address>0x20007514</load_address>
         <run_address>0x20007514</run_address>
         <size>0x118</size>
         <input_file_ref idref="fl-15c"/>
      </object_component>
      <object_component id="oc-380">
         <name>.text:_SlDrvMsgWrite</name>
         <load_address>0x2000762c</load_address>
         <run_address>0x2000762c</run_address>
         <size>0x114</size>
         <input_file_ref idref="fl-15c"/>
      </object_component>
      <object_component id="oc-1fe">
         <name>.text:_SlDrvReleasePoolObj</name>
         <load_address>0x20007740</load_address>
         <run_address>0x20007740</run_address>
         <size>0x10c</size>
         <input_file_ref idref="fl-15c"/>
      </object_component>
      <object_component id="oc-3e7">
         <name>.text</name>
         <load_address>0x2000784c</load_address>
         <run_address>0x2000784c</run_address>
         <size>0xfc</size>
         <input_file_ref idref="fl-14b"/>
      </object_component>
      <object_component id="oc-520">
         <name>.text:uDMAChannelTransferSet</name>
         <load_address>0x20007948</load_address>
         <run_address>0x20007948</run_address>
         <size>0xf0</size>
         <input_file_ref idref="fl-166"/>
      </object_component>
      <object_component id="oc-15a">
         <name>.text:sl_Connect</name>
         <load_address>0x20007a38</load_address>
         <run_address>0x20007a38</run_address>
         <size>0xec</size>
         <input_file_ref idref="fl-161"/>
      </object_component>
      <object_component id="oc-47d">
         <name>.text:spi_Write</name>
         <load_address>0x20007b24</load_address>
         <run_address>0x20007b24</run_address>
         <size>0xec</size>
         <input_file_ref idref="fl-163"/>
      </object_component>
      <object_component id="oc-ff">
         <name>.text:sl_Stop</name>
         <load_address>0x20007c10</load_address>
         <run_address>0x20007c10</run_address>
         <size>0xcc</size>
         <input_file_ref idref="fl-15b"/>
      </object_component>
      <object_component id="oc-4fa">
         <name>.text:spi_Read</name>
         <load_address>0x20007cdc</load_address>
         <run_address>0x20007cdc</run_address>
         <size>0xcc</size>
         <input_file_ref idref="fl-163"/>
      </object_component>
      <object_component id="oc-ed">
         <name>.text:sl_Start</name>
         <load_address>0x20007da8</load_address>
         <run_address>0x20007da8</run_address>
         <size>0xc8</size>
         <input_file_ref idref="fl-15b"/>
      </object_component>
      <object_component id="oc-386">
         <name>.text:_SlDrvMsgReadCmdCtx</name>
         <load_address>0x20007e70</load_address>
         <run_address>0x20007e70</run_address>
         <size>0xbc</size>
         <input_file_ref idref="fl-15c"/>
      </object_component>
      <object_component id="oc-561">
         <name>.text:_SlDrvNetAppEventHandler</name>
         <load_address>0x20007f2c</load_address>
         <run_address>0x20007f2c</run_address>
         <size>0xb2</size>
         <input_file_ref idref="fl-15e"/>
      </object_component>
      <object_component id="oc-33f">
         <name>.text:IntDisable</name>
         <load_address>0x20007fe0</load_address>
         <run_address>0x20007fe0</run_address>
         <size>0xa8</size>
         <input_file_ref idref="fl-15a"/>
      </object_component>
      <object_component id="oc-314">
         <name>.text:IntEnable</name>
         <load_address>0x20008088</load_address>
         <run_address>0x20008088</run_address>
         <size>0xa8</size>
         <input_file_ref idref="fl-15a"/>
      </object_component>
      <object_component id="oc-2de">
         <name>.text:SPIConfigSetExpClk</name>
         <load_address>0x20008130</load_address>
         <run_address>0x20008130</run_address>
         <size>0xa0</size>
         <input_file_ref idref="fl-165"/>
      </object_component>
      <object_component id="oc-4a">
         <name>.text</name>
         <load_address>0x200081d0</load_address>
         <run_address>0x200081d0</run_address>
         <size>0x9c</size>
         <input_file_ref idref="fl-13a"/>
      </object_component>
      <object_component id="oc-500">
         <name>.text:_SlFindAndSetActiveObj</name>
         <load_address>0x2000826c</load_address>
         <run_address>0x2000826c</run_address>
         <size>0x98</size>
         <input_file_ref idref="fl-15c"/>
      </object_component>
      <object_component id="oc-17f">
         <name>.text:PRCMPeripheralClockGet</name>
         <load_address>0x20008304</load_address>
         <run_address>0x20008304</run_address>
         <size>0x94</size>
         <input_file_ref idref="fl-155"/>
      </object_component>
      <object_component id="oc-4f4">
         <name>.text:_SlDrvClassifyRxMsg</name>
         <load_address>0x20008398</load_address>
         <run_address>0x20008398</run_address>
         <size>0x94</size>
         <input_file_ref idref="fl-15c"/>
      </object_component>
      <object_component id="oc-36e">
         <name>.text:_SlDrvMsgReadSpawnCtx</name>
         <load_address>0x2000842c</load_address>
         <run_address>0x2000842c</run_address>
         <size>0x94</size>
         <input_file_ref idref="fl-15c"/>
      </object_component>
      <object_component id="oc-35">
         <name>.text</name>
         <load_address>0x200084c0</load_address>
         <run_address>0x200084c0</run_address>
         <size>0x94</size>
         <input_file_ref idref="fl-145"/>
      </object_component>
      <object_component id="oc-1ce">
         <name>.text:_SlDrvDriverCBInit</name>
         <load_address>0x20008554</load_address>
         <run_address>0x20008554</run_address>
         <size>0x90</size>
         <input_file_ref idref="fl-15c"/>
      </object_component>
      <object_component id="oc-220">
         <name>.text:_SlDrvCmdOp</name>
         <load_address>0x200085e4</load_address>
         <run_address>0x200085e4</run_address>
         <size>0x88</size>
         <input_file_ref idref="fl-15c"/>
      </object_component>
      <object_component id="oc-191">
         <name>.text</name>
         <load_address>0x2000866c</load_address>
         <run_address>0x2000866c</run_address>
         <size>0x88</size>
         <input_file_ref idref="fl-140"/>
      </object_component>
      <object_component id="oc-261">
         <name>.text:sl_NetAppMDNSRegisterUnregisterService</name>
         <load_address>0x200086f4</load_address>
         <run_address>0x200086f4</run_address>
         <size>0x88</size>
         <input_file_ref idref="fl-15e"/>
      </object_component>
      <object_component id="oc-3e2">
         <name>.text:__aeabi_cdcmple</name>
         <load_address>0x2000877c</load_address>
         <run_address>0x2000877c</run_address>
         <size>0x86</size>
         <input_file_ref idref="fl-149"/>
      </object_component>
      <object_component id="oc-3f1">
         <name>.text:__aeabi_cdrcmple</name>
         <load_address>0x20008802</load_address>
         <run_address>0x20008802</run_address>
         <size>0x86</size>
         <input_file_ref idref="fl-149"/>
      </object_component>
      <object_component id="oc-4a3">
         <name>.text:_sl_HandleAsync_DnsGetHostByName</name>
         <load_address>0x20008888</load_address>
         <run_address>0x20008888</run_address>
         <size>0x84</size>
         <input_file_ref idref="fl-15e"/>
      </object_component>
      <object_component id="oc-1c8">
         <name>.text:NwpPowerOnPreamble</name>
         <load_address>0x2000890c</load_address>
         <run_address>0x2000890c</run_address>
         <size>0x80</size>
         <input_file_ref idref="fl-163"/>
      </object_component>
      <object_component id="oc-105">
         <name>.text:sl_DevGet</name>
         <load_address>0x2000898c</load_address>
         <run_address>0x2000898c</run_address>
         <size>0x7c</size>
         <input_file_ref idref="fl-15b"/>
      </object_component>
      <object_component id="oc-56e">
         <name>.text:SetupDMAReceive</name>
         <load_address>0x20008a08</load_address>
         <run_address>0x20008a08</run_address>
         <size>0x78</size>
         <input_file_ref idref="fl-163"/>
      </object_component>
      <object_component id="oc-590">
         <name>.text:_sl_HandleAsync_InitComplete</name>
         <load_address>0x20008a80</load_address>
         <run_address>0x20008a80</run_address>
         <size>0x78</size>
         <input_file_ref idref="fl-15b"/>
      </object_component>
      <object_component id="oc-4af">
         <name>.text:_sl_HandleAsync_PingResponse</name>
         <load_address>0x20008af8</load_address>
         <run_address>0x20008af8</run_address>
         <size>0x78</size>
         <input_file_ref idref="fl-15e"/>
      </object_component>
      <object_component id="oc-d9">
         <name>.text</name>
         <load_address>0x20008b70</load_address>
         <run_address>0x20008b70</run_address>
         <size>0x78</size>
         <input_file_ref idref="fl-13d"/>
      </object_component>
      <object_component id="oc-185">
         <name>.text:UARTConfigSetExpClk</name>
         <load_address>0x20008be8</load_address>
         <run_address>0x20008be8</run_address>
         <size>0x76</size>
         <input_file_ref idref="fl-156"/>
      </object_component>
      <object_component id="oc-231">
         <name>.text:spi_Close</name>
         <load_address>0x20008c60</load_address>
         <run_address>0x20008c60</run_address>
         <size>0x74</size>
         <input_file_ref idref="fl-163"/>
      </object_component>
      <object_component id="oc-497">
         <name>.text:_sl_HandleAsync_Connect</name>
         <load_address>0x20008cd4</load_address>
         <run_address>0x20008cd4</run_address>
         <size>0x6c</size>
         <input_file_ref idref="fl-161"/>
      </object_component>
      <object_component id="oc-491">
         <name>.text:_sl_HandleAsync_Accept</name>
         <load_address>0x20008d40</load_address>
         <run_address>0x20008d40</run_address>
         <size>0x68</size>
         <input_file_ref idref="fl-161"/>
      </object_component>
      <object_component id="oc-4a9">
         <name>.text:_sl_HandleAsync_DnsGetHostByService</name>
         <load_address>0x20008da8</load_address>
         <run_address>0x20008da8</run_address>
         <size>0x68</size>
         <input_file_ref idref="fl-15e"/>
      </object_component>
      <object_component id="oc-2f0">
         <name>.text:uDMAChannelAttributeDisable</name>
         <load_address>0x20008e10</load_address>
         <run_address>0x20008e10</run_address>
         <size>0x64</size>
         <input_file_ref idref="fl-166"/>
      </object_component>
      <object_component id="oc-51a">
         <name>.text:uDMAChannelAttributeEnable</name>
         <load_address>0x20008e74</load_address>
         <run_address>0x20008e74</run_address>
         <size>0x64</size>
         <input_file_ref idref="fl-166"/>
      </object_component>
      <object_component id="oc-237">
         <name>.text:_SlDrvDriverCBDeinit</name>
         <load_address>0x20008ed8</load_address>
         <run_address>0x20008ed8</run_address>
         <size>0x60</size>
         <input_file_ref idref="fl-15c"/>
      </object_component>
      <object_component id="oc-5d">
         <name>.text</name>
         <load_address>0x20008f38</load_address>
         <run_address>0x20008f38</run_address>
         <size>0x5e</size>
         <input_file_ref idref="fl-137"/>
      </object_component>
      <object_component id="oc-49d">
         <name>.text:_sl_HandleAsync_Select</name>
         <load_address>0x20008f98</load_address>
         <run_address>0x20008f98</run_address>
         <size>0x5c</size>
         <input_file_ref idref="fl-161"/>
      </object_component>
      <object_component id="oc-3fb">
         <name>.text</name>
         <load_address>0x20008ff4</load_address>
         <run_address>0x20008ff4</run_address>
         <size>0x5a</size>
         <input_file_ref idref="fl-14f"/>
      </object_component>
      <object_component id="oc-34b">
         <name>.text:IntPendClear</name>
         <load_address>0x20009050</load_address>
         <run_address>0x20009050</run_address>
         <size>0x58</size>
         <input_file_ref idref="fl-15a"/>
      </object_component>
      <object_component id="oc-4b5">
         <name>.text:_sl_HandleAsync_Stop</name>
         <load_address>0x200090a8</load_address>
         <run_address>0x200090a8</run_address>
         <size>0x58</size>
         <input_file_ref idref="fl-15b"/>
      </object_component>
      <object_component id="oc-30e">
         <name>.text:IntPrioritySet</name>
         <load_address>0x20009100</load_address>
         <run_address>0x20009100</run_address>
         <size>0x54</size>
         <input_file_ref idref="fl-15a"/>
      </object_component>
      <object_component id="oc-589">
         <name>.text:sl_NetAppSendTokenValue</name>
         <load_address>0x20009154</load_address>
         <run_address>0x20009154</run_address>
         <size>0x54</size>
         <input_file_ref idref="fl-15e"/>
      </object_component>
      <object_component id="oc-31a">
         <name>.text:SPIIntEnable</name>
         <load_address>0x200091a8</load_address>
         <run_address>0x200091a8</run_address>
         <size>0x4c</size>
         <input_file_ref idref="fl-165"/>
      </object_component>
      <object_component id="oc-485">
         <name>.text:SPIIntNumberGet</name>
         <load_address>0x200091f4</load_address>
         <run_address>0x200091f4</run_address>
         <size>0x4c</size>
         <input_file_ref idref="fl-165"/>
      </object_component>
      <object_component id="oc-417">
         <name>.text</name>
         <load_address>0x20009240</load_address>
         <run_address>0x20009240</run_address>
         <size>0x4c</size>
         <input_file_ref idref="fl-144"/>
      </object_component>
      <object_component id="oc-2ea">
         <name>.text:uDMAChannelAssign</name>
         <load_address>0x2000928c</load_address>
         <run_address>0x2000928c</run_address>
         <size>0x4c</size>
         <input_file_ref idref="fl-166"/>
      </object_component>
      <object_component id="oc-204">
         <name>.text:_sl_GetStartResponseConvert</name>
         <load_address>0x200092d8</load_address>
         <run_address>0x200092d8</run_address>
         <size>0x4a</size>
         <input_file_ref idref="fl-15b"/>
      </object_component>
      <object_component id="oc-458">
         <name>.text:SPIIntClear</name>
         <load_address>0x20009324</load_address>
         <run_address>0x20009324</run_address>
         <size>0x48</size>
         <input_file_ref idref="fl-165"/>
      </object_component>
      <object_component id="oc-11">
         <name>.text</name>
         <load_address>0x2000936c</load_address>
         <run_address>0x2000936c</run_address>
         <size>0x48</size>
         <input_file_ref idref="fl-135"/>
      </object_component>
      <object_component id="oc-3f6">
         <name>.text</name>
         <load_address>0x200093b4</load_address>
         <run_address>0x200093b4</run_address>
         <size>0x48</size>
         <input_file_ref idref="fl-14c"/>
      </object_component>
      <object_component id="oc-123">
         <name>.text:sl_WlanSet</name>
         <load_address>0x200093fc</load_address>
         <run_address>0x200093fc</run_address>
         <size>0x48</size>
         <input_file_ref idref="fl-162"/>
      </object_component>
      <object_component id="oc-44e">
         <name>.text:SPIDmaMaskGet</name>
         <load_address>0x20009444</load_address>
         <run_address>0x20009444</run_address>
         <size>0x44</size>
         <input_file_ref idref="fl-165"/>
      </object_component>
      <object_component id="oc-76">
         <name>.text</name>
         <load_address>0x20009488</load_address>
         <run_address>0x20009488</run_address>
         <size>0x44</size>
         <input_file_ref idref="fl-146"/>
      </object_component>
      <object_component id="oc-40">
         <name>.text</name>
         <load_address>0x200094cc</load_address>
         <run_address>0x200094cc</run_address>
         <size>0x44</size>
         <input_file_ref idref="fl-139"/>
      </object_component>
      <object_component id="oc-4ca">
         <name>.text</name>
         <load_address>0x20009510</load_address>
         <run_address>0x20009510</run_address>
         <size>0x44</size>
         <input_file_ref idref="fl-153"/>
      </object_component>
      <object_component id="oc-11d">
         <name>.text:sl_NetCfgSet</name>
         <load_address>0x20009554</load_address>
         <run_address>0x20009554</run_address>
         <size>0x44</size>
         <input_file_ref idref="fl-15f"/>
      </object_component>
      <object_component id="oc-20d">
         <name>.text:_SlDrvRxIrqHandler</name>
         <load_address>0x20009598</load_address>
         <run_address>0x20009598</run_address>
         <size>0x40</size>
         <input_file_ref idref="fl-15c"/>
      </object_component>
      <object_component id="oc-f3">
         <name>.text:_SlNonOsMainLoopTask</name>
         <load_address>0x200095d8</load_address>
         <run_address>0x200095d8</run_address>
         <size>0x40</size>
         <input_file_ref idref="fl-160"/>
      </object_component>
      <object_component id="oc-353">
         <name>.text:_SlRemoveFromList</name>
         <load_address>0x20009618</load_address>
         <run_address>0x20009618</run_address>
         <size>0x40</size>
         <input_file_ref idref="fl-15c"/>
      </object_component>
      <object_component id="oc-10b">
         <name>.text:sl_WlanPolicySet</name>
         <load_address>0x20009658</load_address>
         <run_address>0x20009658</run_address>
         <size>0x40</size>
         <input_file_ref idref="fl-162"/>
      </object_component>
      <object_component id="oc-135">
         <name>.text:sl_WlanRxFilterSet</name>
         <load_address>0x20009698</load_address>
         <run_address>0x20009698</run_address>
         <size>0x40</size>
         <input_file_ref idref="fl-162"/>
      </object_component>
      <object_component id="oc-1ec">
         <name>.text:NwpPowerOff</name>
         <load_address>0x200096d8</load_address>
         <run_address>0x200096d8</run_address>
         <size>0x3c</size>
         <input_file_ref idref="fl-163"/>
      </object_component>
      <object_component id="oc-2c6">
         <name>.text:PRCMPeripheralClkEnable</name>
         <load_address>0x20009714</load_address>
         <run_address>0x20009714</run_address>
         <size>0x3c</size>
         <input_file_ref idref="fl-155"/>
      </object_component>
      <object_component id="oc-2b9">
         <name>.text:_SlDrvObjInit</name>
         <load_address>0x20009750</load_address>
         <run_address>0x20009750</run_address>
         <size>0x3c</size>
         <input_file_ref idref="fl-15c"/>
      </object_component>
      <object_component id="oc-514">
         <name>.text:uDMAChannelControlSet</name>
         <load_address>0x2000978c</load_address>
         <run_address>0x2000978c</run_address>
         <size>0x3c</size>
         <input_file_ref idref="fl-166"/>
      </object_component>
      <object_component id="oc-1f2">
         <name>.text:NwpRegisterInterruptHandler</name>
         <load_address>0x200097c8</load_address>
         <run_address>0x200097c8</run_address>
         <size>0x38</size>
         <input_file_ref idref="fl-163"/>
      </object_component>
      <object_component id="oc-14e">
         <name>.text:sl_Htonl</name>
         <load_address>0x20009800</load_address>
         <run_address>0x20009800</run_address>
         <size>0x38</size>
         <input_file_ref idref="fl-161"/>
      </object_component>
      <object_component id="oc-2e4">
         <name>.text:PRCMPeripheralStatusGet</name>
         <load_address>0x20009838</load_address>
         <run_address>0x20009838</run_address>
         <size>0x34</size>
         <input_file_ref idref="fl-155"/>
      </object_component>
      <object_component id="oc-302">
         <name>.text:SPIFIFOLevelSet</name>
         <load_address>0x2000986c</load_address>
         <run_address>0x2000986c</run_address>
         <size>0x34</size>
         <input_file_ref idref="fl-165"/>
      </object_component>
      <object_component id="oc-24e">
         <name>.text:_SlDrvBasicCmd</name>
         <load_address>0x200098a0</load_address>
         <run_address>0x200098a0</run_address>
         <size>0x34</size>
         <input_file_ref idref="fl-15c"/>
      </object_component>
      <object_component id="oc-148">
         <name>.text:sl_Htons</name>
         <load_address>0x200098d4</load_address>
         <run_address>0x200098d4</run_address>
         <size>0x34</size>
         <input_file_ref idref="fl-161"/>
      </object_component>
      <object_component id="oc-1f8">
         <name>.text:NwpPowerOn</name>
         <load_address>0x20009908</load_address>
         <run_address>0x20009908</run_address>
         <size>0x30</size>
         <input_file_ref idref="fl-163"/>
      </object_component>
      <object_component id="oc-28e">
         <name>.text:UARTDisable</name>
         <load_address>0x20009938</load_address>
         <run_address>0x20009938</run_address>
         <size>0x30</size>
         <input_file_ref idref="fl-156"/>
      </object_component>
      <object_component id="oc-3ab">
         <name>.text:_SlDrvFlowContDeinit</name>
         <load_address>0x20009968</load_address>
         <run_address>0x20009968</run_address>
         <size>0x30</size>
         <input_file_ref idref="fl-15d"/>
      </object_component>
      <object_component id="oc-2bf">
         <name>.text:_SlDrvFlowContInit</name>
         <load_address>0x20009998</load_address>
         <run_address>0x20009998</run_address>
         <size>0x30</size>
         <input_file_ref idref="fl-15d"/>
      </object_component>
      <object_component id="oc-1e0">
         <name>.text:_SlNonOsSemGet</name>
         <load_address>0x200099c8</load_address>
         <run_address>0x200099c8</run_address>
         <size>0x30</size>
         <input_file_ref idref="fl-160"/>
      </object_component>
      <object_component id="oc-154">
         <name>.text:sl_Socket</name>
         <load_address>0x200099f8</load_address>
         <run_address>0x200099f8</run_address>
         <size>0x30</size>
         <input_file_ref idref="fl-161"/>
      </object_component>
      <object_component id="oc-401">
         <name>.text</name>
         <load_address>0x20009a28</load_address>
         <run_address>0x20009a28</run_address>
         <size>0x2e</size>
         <input_file_ref idref="fl-14d"/>
      </object_component>
      <object_component id="oc-3a3">
         <name>.text:PRCMPeripheralClkDisable</name>
         <load_address>0x20009a58</load_address>
         <run_address>0x20009a58</run_address>
         <size>0x28</size>
         <input_file_ref idref="fl-155"/>
      </object_component>
      <object_component id="oc-27f">
         <name>.text:_sl_BuildAddress</name>
         <load_address>0x20009a80</load_address>
         <run_address>0x20009a80</run_address>
         <size>0x28</size>
         <input_file_ref idref="fl-161"/>
      </object_component>
      <object_component id="oc-f9">
         <name>.text:sl_WlanSetMode</name>
         <load_address>0x20009aa8</load_address>
         <run_address>0x20009aa8</run_address>
         <size>0x28</size>
         <input_file_ref idref="fl-162"/>
      </object_component>
      <object_component id="oc-329">
         <name>.text:DmaSpiSwIntHandler</name>
         <load_address>0x20009ad0</load_address>
         <run_address>0x20009ad0</run_address>
         <size>0x24</size>
         <input_file_ref idref="fl-163"/>
      </object_component>
      <object_component id="oc-345">
         <name>.text:IntUnregister</name>
         <load_address>0x20009af4</load_address>
         <run_address>0x20009af4</run_address>
         <size>0x24</size>
         <input_file_ref idref="fl-15a"/>
      </object_component>
      <object_component id="oc-294">
         <name>.text:UARTEnable</name>
         <load_address>0x20009b18</load_address>
         <run_address>0x20009b18</run_address>
         <size>0x24</size>
         <input_file_ref idref="fl-156"/>
      </object_component>
      <object_component id="oc-19d">
         <name>.text</name>
         <load_address>0x20009b3c</load_address>
         <run_address>0x20009b3c</run_address>
         <size>0x24</size>
         <input_file_ref idref="fl-13b"/>
      </object_component>
      <object_component id="oc-160">
         <name>.text:sl_Close</name>
         <load_address>0x20009b60</load_address>
         <run_address>0x20009b60</run_address>
         <size>0x24</size>
         <input_file_ref idref="fl-161"/>
      </object_component>
      <object_component id="oc-111">
         <name>.text:sl_WlanProfileDel</name>
         <load_address>0x20009b84</load_address>
         <run_address>0x20009b84</run_address>
         <size>0x24</size>
         <input_file_ref idref="fl-162"/>
      </object_component>
      <object_component id="oc-2d8">
         <name>.text:SPIReset</name>
         <load_address>0x20009ba8</load_address>
         <run_address>0x20009ba8</run_address>
         <size>0x22</size>
         <input_file_ref idref="fl-165"/>
      </object_component>
      <object_component id="oc-52c">
         <name>.text:SPIWordCountSet</name>
         <load_address>0x20009bca</load_address>
         <run_address>0x20009bca</run_address>
         <size>0x22</size>
         <input_file_ref idref="fl-165"/>
      </object_component>
      <object_component id="oc-308">
         <name>.text:IntRegister</name>
         <load_address>0x20009bec</load_address>
         <run_address>0x20009bec</run_address>
         <size>0x20</size>
         <input_file_ref idref="fl-15a"/>
      </object_component>
      <object_component id="oc-59f">
         <name>.text:_SlDrvCmdSend</name>
         <load_address>0x20009c0c</load_address>
         <run_address>0x20009c0c</run_address>
         <size>0x20</size>
         <input_file_ref idref="fl-15c"/>
      </object_component>
      <object_component id="oc-368">
         <name>.text:_SlNonOsSpawn</name>
         <load_address>0x20009c2c</load_address>
         <run_address>0x20009c2c</run_address>
         <size>0x20</size>
         <input_file_ref idref="fl-160"/>
      </object_component>
      <object_component id="oc-18b">
         <name>.text:UARTCharPut</name>
         <load_address>0x20009c4c</load_address>
         <run_address>0x20009c4c</run_address>
         <size>0x1e</size>
         <input_file_ref idref="fl-156"/>
      </object_component>
      <object_component id="oc-3b1">
         <name>.text:_SlDrvObjDeInit</name>
         <load_address>0x20009c6c</load_address>
         <run_address>0x20009c6c</run_address>
         <size>0x1c</size>
         <input_file_ref idref="fl-15c"/>
      </object_component>
      <object_component id="oc-411">
         <name>.text</name>
         <load_address>0x20009c88</load_address>
         <run_address>0x20009c88</run_address>
         <size>0x1c</size>
         <input_file_ref idref="fl-150"/>
      </object_component>
      <object_component id="oc-526">
         <name>.text:uDMAChannelEnable</name>
         <load_address>0x20009ca4</load_address>
         <run_address>0x20009ca4</run_address>
         <size>0x1c</size>
         <input_file_ref idref="fl-166"/>
      </object_component>
      <object_component id="oc-53d">
         <name>.text:CopyPingResultsToReport</name>
         <load_address>0x20009cc0</load_address>
         <run_address>0x20009cc0</run_address>
         <size>0x1a</size>
         <input_file_ref idref="fl-15e"/>
      </object_component>
      <object_component id="oc-39d">
         <name>.text:SPIDmaDisable</name>
         <load_address>0x20009cda</load_address>
         <run_address>0x20009cda</run_address>
         <size>0x1a</size>
         <input_file_ref idref="fl-165"/>
      </object_component>
      <object_component id="oc-2fc">
         <name>.text:SPIDmaEnable</name>
         <load_address>0x20009cf4</load_address>
         <run_address>0x20009cf4</run_address>
         <size>0x1a</size>
         <input_file_ref idref="fl-165"/>
      </object_component>
      <object_component id="oc-397">
         <name>.text:SPIFIFODisable</name>
         <load_address>0x20009d0e</load_address>
         <run_address>0x20009d0e</run_address>
         <size>0x1a</size>
         <input_file_ref idref="fl-165"/>
      </object_component>
      <object_component id="oc-2f6">
         <name>.text:SPIFIFOEnable</name>
         <load_address>0x20009d28</load_address>
         <run_address>0x20009d28</run_address>
         <size>0x1a</size>
         <input_file_ref idref="fl-165"/>
      </object_component>
      <object_component id="oc-391">
         <name>.text:SPIIntUnregister</name>
         <load_address>0x20009d42</load_address>
         <run_address>0x20009d42</run_address>
         <size>0x1a</size>
         <input_file_ref idref="fl-165"/>
      </object_component>
      <object_component id="oc-567">
         <name>.text:_SlDrvDeviceEventHandler</name>
         <load_address>0x20009d5c</load_address>
         <run_address>0x20009d5c</run_address>
         <size>0x1a</size>
         <input_file_ref idref="fl-15b"/>
      </object_component>
      <object_component id="oc-2cc">
         <name>.text:SPICSDisable</name>
         <load_address>0x20009d76</load_address>
         <run_address>0x20009d76</run_address>
         <size>0x18</size>
         <input_file_ref idref="fl-165"/>
      </object_component>
      <object_component id="oc-50e">
         <name>.text:SPICSEnable</name>
         <load_address>0x20009d8e</load_address>
         <run_address>0x20009d8e</run_address>
         <size>0x18</size>
         <input_file_ref idref="fl-165"/>
      </object_component>
      <object_component id="oc-2d2">
         <name>.text:SPIDisable</name>
         <load_address>0x20009da6</load_address>
         <run_address>0x20009da6</run_address>
         <size>0x18</size>
         <input_file_ref idref="fl-165"/>
      </object_component>
      <object_component id="oc-320">
         <name>.text:SPIEnable</name>
         <load_address>0x20009dbe</load_address>
         <run_address>0x20009dbe</run_address>
         <size>0x18</size>
         <input_file_ref idref="fl-165"/>
      </object_component>
      <object_component id="oc-3a">
         <name>.text</name>
         <load_address>0x20009dd8</load_address>
         <run_address>0x20009dd8</run_address>
         <size>0x18</size>
         <input_file_ref idref="fl-143"/>
      </object_component>
      <object_component id="oc-3dd">
         <name>.text</name>
         <load_address>0x20009df0</load_address>
         <run_address>0x20009df0</run_address>
         <size>0x18</size>
         <input_file_ref idref="fl-14e"/>
      </object_component>
      <object_component id="oc-197">
         <name>.text:UARTCharGet</name>
         <load_address>0x20009e08</load_address>
         <run_address>0x20009e08</run_address>
         <size>0x16</size>
         <input_file_ref idref="fl-156"/>
      </object_component>
      <object_component id="oc-55a">
         <name>.text:_SlDrvShiftDWord</name>
         <load_address>0x20009e1e</load_address>
         <run_address>0x20009e1e</run_address>
         <size>0x14</size>
         <input_file_ref idref="fl-15c"/>
      </object_component>
      <object_component id="oc-be">
         <name>.text</name>
         <load_address>0x20009e34</load_address>
         <run_address>0x20009e34</run_address>
         <size>0x14</size>
         <input_file_ref idref="fl-141"/>
      </object_component>
      <object_component id="oc-13c">
         <name>.text</name>
         <load_address>0x20009e48</load_address>
         <run_address>0x20009e48</run_address>
         <size>0x14</size>
         <input_file_ref idref="fl-13f"/>
      </object_component>
      <object_component id="oc-1c">
         <name>.text:decompress:ZI</name>
         <load_address>0x20009e5c</load_address>
         <run_address>0x20009e5c</run_address>
         <size>0x12</size>
         <input_file_ref idref="fl-138"/>
      </object_component>
      <object_component id="oc-40b">
         <name>.text</name>
         <load_address>0x20009e6e</load_address>
         <run_address>0x20009e6e</run_address>
         <size>0x12</size>
         <input_file_ref idref="fl-152"/>
      </object_component>
      <object_component id="oc-129">
         <name>.text:sl_NetAppMDNSUnRegisterService</name>
         <load_address>0x20009e80</load_address>
         <run_address>0x20009e80</run_address>
         <size>0x12</size>
         <input_file_ref idref="fl-15e"/>
      </object_component>
      <object_component id="oc-362">
         <name>.text:NwpMaskInterrupt</name>
         <load_address>0x20009e94</load_address>
         <run_address>0x20009e94</run_address>
         <size>0x10</size>
         <input_file_ref idref="fl-163"/>
      </object_component>
      <object_component id="oc-16">
         <name>.text:decompress:none</name>
         <load_address>0x20009ea4</load_address>
         <run_address>0x20009ea4</run_address>
         <size>0xe</size>
         <input_file_ref idref="fl-136"/>
      </object_component>
      <object_component id="oc-2c">
         <name>.text</name>
         <load_address>0x20009eb2</load_address>
         <run_address>0x20009eb2</run_address>
         <size>0xe</size>
         <input_file_ref idref="fl-5"/>
      </object_component>
      <object_component id="oc-506">
         <name>.text:NwpUnMaskInterrupt</name>
         <load_address>0x20009ec0</load_address>
         <run_address>0x20009ec0</run_address>
         <size>0xc</size>
         <input_file_ref idref="fl-163"/>
      </object_component>
      <object_component id="oc-7d">
         <name>.text</name>
         <load_address>0x20009ecc</load_address>
         <run_address>0x20009ecc</run_address>
         <size>0xa</size>
         <input_file_ref idref="fl-2"/>
      </object_component>
      <object_component id="oc-1e6">
         <name>.text:_SlNonOsSemSet</name>
         <load_address>0x20009ed6</load_address>
         <run_address>0x20009ed6</run_address>
         <size>0x8</size>
         <input_file_ref idref="fl-160"/>
      </object_component>
      <object_component id="oc-117">
         <name>.text:sl_WlanDisconnect</name>
         <load_address>0x20009ede</load_address>
         <run_address>0x20009ede</run_address>
         <size>0x8</size>
         <input_file_ref idref="fl-162"/>
      </object_component>
      <object_component id="oc-2b7">
         <name>.text:UtilsDelay</name>
         <load_address>0x20009ee6</load_address>
         <run_address>0x20009ee6</run_address>
         <size>0x6</size>
         <input_file_ref idref="fl-157"/>
      </object_component>
      <object_component id="oc-22">
         <name>.text:decompress:rle24</name>
         <load_address>0x20009eec</load_address>
         <run_address>0x20009eec</run_address>
         <size>0x6</size>
         <input_file_ref idref="fl-137"/>
      </object_component>
      <object_component id="oc-4d3">
         <name>.const:.string:_ctypes_</name>
         <load_address>0x20009ef4</load_address>
         <run_address>0x20009ef4</run_address>
         <size>0x102</size>
         <input_file_ref idref="fl-147"/>
      </object_component>
      <object_component id="oc-226">
         <name>.const</name>
         <load_address>0x20009ff8</load_address>
         <run_address>0x20009ff8</run_address>
         <size>0xec</size>
         <input_file_ref idref="fl-162"/>
      </object_component>
      <object_component id="oc-446">
         <name>.const:g_pulRegs</name>
         <load_address>0x2000a0e4</load_address>
         <run_address>0x2000a0e4</run_address>
         <size>0xd4</size>
         <input_file_ref idref="fl-15a"/>
      </object_component>
      <object_component id="oc-431">
         <name>.const:PRCM_PeriphRegsList</name>
         <load_address>0x2000a1b8</load_address>
         <run_address>0x2000a1b8</run_address>
         <size>0xa8</size>
         <input_file_ref idref="fl-155"/>
      </object_component>
      <object_component id="oc-44a">
         <name>.const</name>
         <load_address>0x2000a260</load_address>
         <run_address>0x2000a260</run_address>
         <size>0x80</size>
         <input_file_ref idref="fl-15a"/>
      </object_component>
      <object_component id="oc-3ba">
         <name>.const</name>
         <load_address>0x2000a2e0</load_address>
         <run_address>0x2000a2e0</run_address>
         <size>0x4c</size>
         <input_file_ref idref="fl-15c"/>
      </object_component>
      <object_component id="oc-166">
         <name>.const:.string</name>
         <load_address>0x2000a32c</load_address>
         <run_address>0x2000a32c</run_address>
         <size>0x35</size>
         <input_file_ref idref="fl-3"/>
      </object_component>
      <object_component id="oc-274">
         <name>.const</name>
         <load_address>0x2000a364</load_address>
         <run_address>0x2000a364</run_address>
         <size>0x34</size>
         <input_file_ref idref="fl-161"/>
      </object_component>
      <object_component id="oc-12f">
         <name>.const:$P$T1$2</name>
         <load_address>0x2000a398</load_address>
         <run_address>0x2000a398</run_address>
         <size>0x2c</size>
         <input_file_ref idref="fl-3"/>
      </object_component>
      <object_component id="oc-3c2">
         <name>.const</name>
         <load_address>0x2000a3c4</load_address>
         <run_address>0x2000a3c4</run_address>
         <size>0x28</size>
         <input_file_ref idref="fl-15e"/>
      </object_component>
      <object_component id="oc-534">
         <name>.const:g_ppulSPIIntMap</name>
         <load_address>0x2000a3ec</load_address>
         <run_address>0x2000a3ec</run_address>
         <size>0x24</size>
         <input_file_ref idref="fl-165"/>
      </object_component>
      <object_component id="oc-13b">
         <name>.const:.string:$P$T0$1</name>
         <load_address>0x2000a410</load_address>
         <run_address>0x2000a410</run_address>
         <size>0x22</size>
         <input_file_ref idref="fl-3"/>
      </object_component>
      <object_component id="oc-132">
         <name>.const</name>
         <load_address>0x2000a434</load_address>
         <run_address>0x2000a434</run_address>
         <size>0x20</size>
         <input_file_ref idref="fl-3"/>
      </object_component>
      <object_component id="oc-4e8">
         <name>.const</name>
         <load_address>0x2000a454</load_address>
         <run_address>0x2000a454</run_address>
         <size>0x18</size>
         <input_file_ref idref="fl-165"/>
      </object_component>
      <object_component id="oc-23d">
         <name>.const</name>
         <load_address>0x2000a46c</load_address>
         <run_address>0x2000a46c</run_address>
         <size>0x14</size>
         <input_file_ref idref="fl-15b"/>
      </object_component>
      <object_component id="oc-255">
         <name>.const</name>
         <load_address>0x2000a480</load_address>
         <run_address>0x2000a480</run_address>
         <size>0x8</size>
         <input_file_ref idref="fl-15f"/>
      </object_component>
      <object_component id="oc-5c6">
         <name>.cinit..data.load</name>
         <load_address>0x2000a488</load_address>
         <run_address>0x2000a488</run_address>
         <size>0x21</size>
      </object_component>
      <object_component id="oc-5c4">
         <name>__TI_handler_table</name>
         <load_address>0x2000a4ac</load_address>
         <run_address>0x2000a4ac</run_address>
         <size>0xc</size>
      </object_component>
      <object_component id="oc-5c7">
         <name>.cinit..bss.load</name>
         <load_address>0x2000a4b8</load_address>
         <run_address>0x2000a4b8</run_address>
         <size>0x8</size>
      </object_component>
      <object_component id="oc-5c5">
         <name>__TI_cinit_table</name>
         <load_address>0x2000a4c0</load_address>
         <run_address>0x2000a4c0</run_address>
         <size>0x10</size>
      </object_component>
      <object_component id="oc-46">
         <name>.data</name>
         <load_address>0x200179f8</load_address>
         <run_address>0x200179f8</run_address>
         <size>0x4</size>
         <input_file_ref idref="fl-13e"/>
      </object_component>
      <object_component id="oc-85">
         <name>.data</name>
         <load_address>0x200179e8</load_address>
         <run_address>0x200179e8</run_address>
         <size>0x8</size>
         <input_file_ref idref="fl-141"/>
      </object_component>
      <object_component id="oc-88">
         <name>.data</name>
         <load_address>0x200179f0</load_address>
         <run_address>0x200179f0</run_address>
         <size>0x8</size>
         <input_file_ref idref="fl-139"/>
      </object_component>
      <object_component id="oc-de">
         <name>.data</name>
         <load_address>0x200179cc</load_address>
         <run_address>0x200179cc</run_address>
         <size>0x10</size>
         <input_file_ref idref="fl-3"/>
      </object_component>
      <object_component id="oc-20a">
         <name>.data</name>
         <load_address>0x20017800</load_address>
         <run_address>0x20017800</run_address>
         <size>0x170</size>
         <input_file_ref idref="fl-15c"/>
      </object_component>
      <object_component id="oc-2b1">
         <name>.data</name>
         <load_address>0x200179dc</load_address>
         <run_address>0x200179dc</run_address>
         <size>0xc</size>
         <input_file_ref idref="fl-13c"/>
      </object_component>
      <object_component id="oc-326">
         <name>.data</name>
         <load_address>0x20017970</load_address>
         <run_address>0x20017970</run_address>
         <size>0x5c</size>
         <input_file_ref idref="fl-163"/>
      </object_component>
      <object_component id="oc-e1">
         <name>.bss:g_ucConnectionSSID</name>
         <uninitialized>true</uninitialized>
         <run_address>0x20017a24</run_address>
         <size>0x24</size>
         <input_file_ref idref="fl-3"/>
      </object_component>
      <object_component id="oc-21b">
         <name>.bss:g__SlNonOsCB</name>
         <uninitialized>true</uninitialized>
         <run_address>0x200179fc</run_address>
         <size>0x28</size>
         <input_file_ref idref="fl-160"/>
      </object_component>
      <object_component id="oc-ec">
         <name>.common:g_ucConnectionBSSID</name>
         <uninitialized>true</uninitialized>
         <run_address>0x20017a48</run_address>
         <size>0x8</size>
      </object_component>
      <object_component id="oc-1a9">
         <name>.common:__Errorlog</name>
         <uninitialized>true</uninitialized>
         <run_address>0x20017a50</run_address>
         <size>0x4</size>
      </object_component>
      <object_component id="oc-574">
         <name>.common:g_cDummy</name>
         <uninitialized>true</uninitialized>
         <run_address>0x20017a54</run_address>
         <size>0x1</size>
      </object_component>
      <object_component id="oc-29">
         <name>.sysmem</name>
         <uninitialized>true</uninitialized>
         <run_address>0x20017000</run_address>
         <size>0x8</size>
         <input_file_ref idref="fl-13c"/>
      </object_component>
      <object_component id="oc-5c9">
         <name>.sysmem</name>
         <uninitialized>true</uninitialized>
         <run_address>0x20017000</run_address>
         <size>0x0</size>
      </object_component>
      <object_component id="oc-28">
         <name>.stack</name>
         <uninitialized>true</uninitialized>
         <run_address>0x2002f800</run_address>
         <size>0x0</size>
         <input_file_ref idref="fl-135"/>
      </object_component>
      <object_component id="oc-5c8">
         <name>.stack</name>
         <uninitialized>true</uninitialized>
         <run_address>0x2002f800</run_address>
         <size>0x0</size>
      </object_component>
      <object_component id="oc-f">
         <name>.debug_info</name>
         <load_address>0x0</load_address>
         <run_address>0x0</run_address>
         <size>0x114</size>
         <input_file_ref idref="fl-5"/>
      </object_component>
      <object_component id="oc-12">
         <name>.debug_info</name>
         <load_address>0x114</load_address>
         <run_address>0x114</run_address>
         <size>0xf3</size>
         <input_file_ref idref="fl-135"/>
      </object_component>
      <object_component id="oc-17">
         <name>.debug_info</name>
         <load_address>0x207</load_address>
         <run_address>0x207</run_address>
         <size>0x194</size>
         <input_file_ref idref="fl-136"/>
      </object_component>
      <object_component id="oc-1d">
         <name>.debug_info</name>
         <load_address>0x39b</load_address>
         <run_address>0x39b</run_address>
         <size>0x16a</size>
         <input_file_ref idref="fl-138"/>
      </object_component>
      <object_component id="oc-26">
         <name>.debug_info</name>
         <load_address>0x505</load_address>
         <run_address>0x505</run_address>
         <size>0x18e</size>
         <input_file_ref idref="fl-137"/>
      </object_component>
      <object_component id="oc-2a">
         <name>.debug_info</name>
         <load_address>0x693</load_address>
         <run_address>0x693</run_address>
         <size>0xb6</size>
         <input_file_ref idref="fl-13c"/>
      </object_component>
      <object_component id="oc-2d">
         <name>.debug_info</name>
         <load_address>0x749</load_address>
         <run_address>0x749</run_address>
         <size>0x435</size>
         <input_file_ref idref="fl-5"/>
      </object_component>
      <object_component id="oc-34">
         <name>.debug_info</name>
         <load_address>0xb7e</load_address>
         <run_address>0xb7e</run_address>
         <size>0x129</size>
         <input_file_ref idref="fl-5"/>
      </object_component>
      <object_component id="oc-37">
         <name>.debug_info</name>
         <load_address>0xca7</load_address>
         <run_address>0xca7</run_address>
         <size>0x13d</size>
         <input_file_ref idref="fl-145"/>
      </object_component>
      <object_component id="oc-3b">
         <name>.debug_info</name>
         <load_address>0xde4</load_address>
         <run_address>0xde4</run_address>
         <size>0x11c</size>
         <input_file_ref idref="fl-143"/>
      </object_component>
      <object_component id="oc-41">
         <name>.debug_info</name>
         <load_address>0xf00</load_address>
         <run_address>0xf00</run_address>
         <size>0x1c2</size>
         <input_file_ref idref="fl-139"/>
      </object_component>
      <object_component id="oc-47">
         <name>.debug_info</name>
         <load_address>0x10c2</load_address>
         <run_address>0x10c2</run_address>
         <size>0xbe</size>
         <input_file_ref idref="fl-13e"/>
      </object_component>
      <object_component id="oc-4c">
         <name>.debug_info</name>
         <load_address>0x1180</load_address>
         <run_address>0x1180</run_address>
         <size>0xcc</size>
         <input_file_ref idref="fl-13a"/>
      </object_component>
      <object_component id="oc-50">
         <name>.debug_info</name>
         <load_address>0x124c</load_address>
         <run_address>0x124c</run_address>
         <size>0x46</size>
         <input_file_ref idref="fl-136"/>
      </object_component>
      <object_component id="oc-55">
         <name>.debug_info</name>
         <load_address>0x1292</load_address>
         <run_address>0x1292</run_address>
         <size>0xf2</size>
         <input_file_ref idref="fl-136"/>
      </object_component>
      <object_component id="oc-57">
         <name>.debug_info</name>
         <load_address>0x1384</load_address>
         <run_address>0x1384</run_address>
         <size>0x46</size>
         <input_file_ref idref="fl-138"/>
      </object_component>
      <object_component id="oc-5c">
         <name>.debug_info</name>
         <load_address>0x13ca</load_address>
         <run_address>0x13ca</run_address>
         <size>0xad</size>
         <input_file_ref idref="fl-138"/>
      </object_component>
      <object_component id="oc-61">
         <name>.debug_info</name>
         <load_address>0x1477</load_address>
         <run_address>0x1477</run_address>
         <size>0x1ef</size>
         <input_file_ref idref="fl-137"/>
      </object_component>
      <object_component id="oc-64">
         <name>.debug_info</name>
         <load_address>0x1666</load_address>
         <run_address>0x1666</run_address>
         <size>0xb7</size>
         <input_file_ref idref="fl-137"/>
      </object_component>
      <object_component id="oc-65">
         <name>.debug_info</name>
         <load_address>0x171d</load_address>
         <run_address>0x171d</run_address>
         <size>0x39</size>
         <input_file_ref idref="fl-137"/>
      </object_component>
      <object_component id="oc-6c">
         <name>.debug_info</name>
         <load_address>0x1756</load_address>
         <run_address>0x1756</run_address>
         <size>0x1d7</size>
         <input_file_ref idref="fl-13c"/>
      </object_component>
      <object_component id="oc-71">
         <name>.debug_info</name>
         <load_address>0x192d</load_address>
         <run_address>0x192d</run_address>
         <size>0x84</size>
         <input_file_ref idref="fl-2"/>
      </object_component>
      <object_component id="oc-7a">
         <name>.debug_info</name>
         <load_address>0x19b1</load_address>
         <run_address>0x19b1</run_address>
         <size>0x14b</size>
         <input_file_ref idref="fl-146"/>
      </object_component>
      <object_component id="oc-7f">
         <name>.debug_info</name>
         <load_address>0x1afc</load_address>
         <run_address>0x1afc</run_address>
         <size>0x115</size>
         <input_file_ref idref="fl-2"/>
      </object_component>
      <object_component id="oc-84">
         <name>.debug_info</name>
         <load_address>0x1c11</load_address>
         <run_address>0x1c11</run_address>
         <size>0x11b</size>
         <input_file_ref idref="fl-143"/>
      </object_component>
      <object_component id="oc-86">
         <name>.debug_info</name>
         <load_address>0x1d2c</load_address>
         <run_address>0x1d2c</run_address>
         <size>0xc8</size>
         <input_file_ref idref="fl-141"/>
      </object_component>
      <object_component id="oc-89">
         <name>.debug_info</name>
         <load_address>0x1df4</load_address>
         <run_address>0x1df4</run_address>
         <size>0xeb</size>
         <input_file_ref idref="fl-139"/>
      </object_component>
      <object_component id="oc-8c">
         <name>.debug_info</name>
         <load_address>0x1edf</load_address>
         <run_address>0x1edf</run_address>
         <size>0x146</size>
         <input_file_ref idref="fl-139"/>
      </object_component>
      <object_component id="oc-91">
         <name>.debug_info</name>
         <load_address>0x2025</load_address>
         <run_address>0x2025</run_address>
         <size>0x2c</size>
         <input_file_ref idref="fl-136"/>
      </object_component>
      <object_component id="oc-98">
         <name>.debug_info</name>
         <load_address>0x2051</load_address>
         <run_address>0x2051</run_address>
         <size>0x2c</size>
         <input_file_ref idref="fl-2"/>
      </object_component>
      <object_component id="oc-a4">
         <name>.debug_info</name>
         <load_address>0x207d</load_address>
         <run_address>0x207d</run_address>
         <size>0x2c</size>
         <input_file_ref idref="fl-13c"/>
      </object_component>
      <object_component id="oc-a9">
         <name>.debug_info</name>
         <load_address>0x20a9</load_address>
         <run_address>0x20a9</run_address>
         <size>0x62</size>
         <input_file_ref idref="fl-13c"/>
      </object_component>
      <object_component id="oc-af">
         <name>.debug_info</name>
         <load_address>0x210b</load_address>
         <run_address>0x210b</run_address>
         <size>0x148</size>
         <input_file_ref idref="fl-146"/>
      </object_component>
      <object_component id="oc-b1">
         <name>.debug_info</name>
         <load_address>0x2253</load_address>
         <run_address>0x2253</run_address>
         <size>0xeec</size>
         <input_file_ref idref="fl-3"/>
      </object_component>
      <object_component id="oc-b9">
         <name>.debug_info</name>
         <load_address>0x313f</load_address>
         <run_address>0x313f</run_address>
         <size>0x5e</size>
         <input_file_ref idref="fl-143"/>
      </object_component>
      <object_component id="oc-bf">
         <name>.debug_info</name>
         <load_address>0x319d</load_address>
         <run_address>0x319d</run_address>
         <size>0x1d4</size>
         <input_file_ref idref="fl-141"/>
      </object_component>
      <object_component id="oc-c6">
         <name>.debug_info</name>
         <load_address>0x3371</load_address>
         <run_address>0x3371</run_address>
         <size>0xd9</size>
         <input_file_ref idref="fl-141"/>
      </object_component>
      <object_component id="oc-ce">
         <name>.debug_info</name>
         <load_address>0x344a</load_address>
         <run_address>0x344a</run_address>
         <size>0xcd</size>
         <input_file_ref idref="fl-146"/>
      </object_component>
      <object_component id="oc-d4">
         <name>.debug_info</name>
         <load_address>0x3517</load_address>
         <run_address>0x3517</run_address>
         <size>0x8a7</size>
         <input_file_ref idref="fl-6"/>
      </object_component>
      <object_component id="oc-db">
         <name>.debug_info</name>
         <load_address>0x3dbe</load_address>
         <run_address>0x3dbe</run_address>
         <size>0xfc</size>
         <input_file_ref idref="fl-13d"/>
      </object_component>
      <object_component id="oc-df">
         <name>.debug_info</name>
         <load_address>0x3eba</load_address>
         <run_address>0x3eba</run_address>
         <size>0x158</size>
         <input_file_ref idref="fl-3"/>
      </object_component>
      <object_component id="oc-e2">
         <name>.debug_info</name>
         <load_address>0x4012</load_address>
         <run_address>0x4012</run_address>
         <size>0xef</size>
         <input_file_ref idref="fl-3"/>
      </object_component>
      <object_component id="oc-e5">
         <name>.debug_info</name>
         <load_address>0x4101</load_address>
         <run_address>0x4101</run_address>
         <size>0x8c3</size>
         <input_file_ref idref="fl-3"/>
      </object_component>
      <object_component id="oc-ee">
         <name>.debug_info</name>
         <load_address>0x49c4</load_address>
         <run_address>0x49c4</run_address>
         <size>0x36c</size>
         <input_file_ref idref="fl-15b"/>
      </object_component>
      <object_component id="oc-f4">
         <name>.debug_info</name>
         <load_address>0x4d30</load_address>
         <run_address>0x4d30</run_address>
         <size>0x19b</size>
         <input_file_ref idref="fl-160"/>
      </object_component>
      <object_component id="oc-fa">
         <name>.debug_info</name>
         <load_address>0x4ecb</load_address>
         <run_address>0x4ecb</run_address>
         <size>0x1bf</size>
         <input_file_ref idref="fl-162"/>
      </object_component>
      <object_component id="oc-100">
         <name>.debug_info</name>
         <load_address>0x508a</load_address>
         <run_address>0x508a</run_address>
         <size>0x31d</size>
         <input_file_ref idref="fl-15b"/>
      </object_component>
      <object_component id="oc-106">
         <name>.debug_info</name>
         <load_address>0x53a7</load_address>
         <run_address>0x53a7</run_address>
         <size>0x283</size>
         <input_file_ref idref="fl-15b"/>
      </object_component>
      <object_component id="oc-10d">
         <name>.debug_info</name>
         <load_address>0x562a</load_address>
         <run_address>0x562a</run_address>
         <size>0x24c</size>
         <input_file_ref idref="fl-162"/>
      </object_component>
      <object_component id="oc-113">
         <name>.debug_info</name>
         <load_address>0x5876</load_address>
         <run_address>0x5876</run_address>
         <size>0x1c9</size>
         <input_file_ref idref="fl-162"/>
      </object_component>
      <object_component id="oc-119">
         <name>.debug_info</name>
         <load_address>0x5a3f</load_address>
         <run_address>0x5a3f</run_address>
         <size>0x18e</size>
         <input_file_ref idref="fl-162"/>
      </object_component>
      <object_component id="oc-11e">
         <name>.debug_info</name>
         <load_address>0x5bcd</load_address>
         <run_address>0x5bcd</run_address>
         <size>0x27e</size>
         <input_file_ref idref="fl-15f"/>
      </object_component>
      <object_component id="oc-124">
         <name>.debug_info</name>
         <load_address>0x5e4b</load_address>
         <run_address>0x5e4b</run_address>
         <size>0x277</size>
         <input_file_ref idref="fl-162"/>
      </object_component>
      <object_component id="oc-12a">
         <name>.debug_info</name>
         <load_address>0x60c2</load_address>
         <run_address>0x60c2</run_address>
         <size>0x25a</size>
         <input_file_ref idref="fl-15e"/>
      </object_component>
      <object_component id="oc-130">
         <name>.debug_info</name>
         <load_address>0x631c</load_address>
         <run_address>0x631c</run_address>
         <size>0xd9</size>
         <input_file_ref idref="fl-3"/>
      </object_component>
      <object_component id="oc-133">
         <name>.debug_info</name>
         <load_address>0x63f5</load_address>
         <run_address>0x63f5</run_address>
         <size>0xf8</size>
         <input_file_ref idref="fl-3"/>
      </object_component>
      <object_component id="oc-136">
         <name>.debug_info</name>
         <load_address>0x64ed</load_address>
         <run_address>0x64ed</run_address>
         <size>0x2a9</size>
         <input_file_ref idref="fl-162"/>
      </object_component>
      <object_component id="oc-140">
         <name>.debug_info</name>
         <load_address>0x6796</load_address>
         <run_address>0x6796</run_address>
         <size>0x153</size>
         <input_file_ref idref="fl-13f"/>
      </object_component>
      <object_component id="oc-144">
         <name>.debug_info</name>
         <load_address>0x68e9</load_address>
         <run_address>0x68e9</run_address>
         <size>0x323</size>
         <input_file_ref idref="fl-162"/>
      </object_component>
      <object_component id="oc-149">
         <name>.debug_info</name>
         <load_address>0x6c0c</load_address>
         <run_address>0x6c0c</run_address>
         <size>0x1a0</size>
         <input_file_ref idref="fl-161"/>
      </object_component>
      <object_component id="oc-14f">
         <name>.debug_info</name>
         <load_address>0x6dac</load_address>
         <run_address>0x6dac</run_address>
         <size>0x1a0</size>
         <input_file_ref idref="fl-161"/>
      </object_component>
      <object_component id="oc-155">
         <name>.debug_info</name>
         <load_address>0x6f4c</load_address>
         <run_address>0x6f4c</run_address>
         <size>0x214</size>
         <input_file_ref idref="fl-161"/>
      </object_component>
      <object_component id="oc-15b">
         <name>.debug_info</name>
         <load_address>0x7160</load_address>
         <run_address>0x7160</run_address>
         <size>0x2ed</size>
         <input_file_ref idref="fl-161"/>
      </object_component>
      <object_component id="oc-161">
         <name>.debug_info</name>
         <load_address>0x744d</load_address>
         <run_address>0x744d</run_address>
         <size>0x1ae</size>
         <input_file_ref idref="fl-161"/>
      </object_component>
      <object_component id="oc-168">
         <name>.debug_info</name>
         <load_address>0x75fb</load_address>
         <run_address>0x75fb</run_address>
         <size>0x30f</size>
         <input_file_ref idref="fl-2"/>
      </object_component>
      <object_component id="oc-16d">
         <name>.debug_info</name>
         <load_address>0x790a</load_address>
         <run_address>0x790a</run_address>
         <size>0x6c8</size>
         <input_file_ref idref="fl-2"/>
      </object_component>
      <object_component id="oc-172">
         <name>.debug_info</name>
         <load_address>0x7fd2</load_address>
         <run_address>0x7fd2</run_address>
         <size>0x92b</size>
         <input_file_ref idref="fl-2"/>
      </object_component>
      <object_component id="oc-177">
         <name>.debug_info</name>
         <load_address>0x88fd</load_address>
         <run_address>0x88fd</run_address>
         <size>0x827</size>
         <input_file_ref idref="fl-2"/>
      </object_component>
      <object_component id="oc-180">
         <name>.debug_info</name>
         <load_address>0x9124</load_address>
         <run_address>0x9124</run_address>
         <size>0x23b</size>
         <input_file_ref idref="fl-155"/>
      </object_component>
      <object_component id="oc-186">
         <name>.debug_info</name>
         <load_address>0x935f</load_address>
         <run_address>0x935f</run_address>
         <size>0x281</size>
         <input_file_ref idref="fl-156"/>
      </object_component>
      <object_component id="oc-18c">
         <name>.debug_info</name>
         <load_address>0x95e0</load_address>
         <run_address>0x95e0</run_address>
         <size>0x1d0</size>
         <input_file_ref idref="fl-156"/>
      </object_component>
      <object_component id="oc-192">
         <name>.debug_info</name>
         <load_address>0x97b0</load_address>
         <run_address>0x97b0</run_address>
         <size>0x34f</size>
         <input_file_ref idref="fl-140"/>
[...]
         <object_component_ref idref="oc-20a"/>
      </symbol>
      <symbol id="sm-8b1">
         <name>_SlDrvClassifyRxMsg</name>
         <value>0x20008399</value>
         <object_component_ref idref="oc-4f4"/>
      </symbol>
      <symbol id="sm-8b2">
         <name>_SlDrvCmdOp</name>
         <value>0x200085e5</value>
         <object_component_ref idref="oc-220"/>
      </symbol>
      <symbol id="sm-8b3">
         <name>_SlDrvMsgReadCmdCtx</name>
         <value>0x20007e71</value>
         <object_component_ref idref="oc-386"/>
      </symbol>
      <symbol id="sm-8b4">
         <name>_SlDrvObjDeInit</name>
         <value>0x20009c6d</value>
         <object_component_ref idref="oc-3b1"/>
      </symbol>
      <symbol id="sm-8b5">
         <name>g_StatMem</name>
         <value>0x2001780c</value>
         <object_component_ref idref="oc-20a"/>
      </symbol>
      <symbol id="sm-8b6">
         <name>_SlFindAndSetActiveObj</name>
         <value>0x2000826d</value>
         <object_component_ref idref="oc-500"/>
      </symbol>
      <symbol id="sm-8b7">
         <name>_SlDrvWaitForPoolObj</name>
         <value>0x20007515</value>
         <object_component_ref idref="oc-1da"/>
      </symbol>
      <symbol id="sm-8b8">
         <name>g_H2NCnysPattern</name>
         <value>0x2000a2ec</value>
         <object_component_ref idref="oc-3ba"/>
      </symbol>
      <symbol id="sm-8b9">
         <name>_SlDrvMsgWrite</name>
         <value>0x2000762d</value>
         <object_component_ref idref="oc-380"/>
      </symbol>
      <symbol id="sm-8ba">
         <name>_SlDrvRxIrqHandler</name>
         <value>0x20009599</value>
         <object_component_ref idref="oc-20d"/>
      </symbol>
      <symbol id="sm-8bb">
         <name>_SlDrvMsgRead</name>
         <value>0x200062c1</value>
         <object_component_ref idref="oc-470"/>
      </symbol>
      <symbol id="sm-8bc">
         <name>g_H2NSyncPattern</name>
         <value>0x2000a2e4</value>
         <object_component_ref idref="oc-3ba"/>
      </symbol>
      <symbol id="sm-8bd">
         <name>_SlDrvObjInit</name>
         <value>0x20009751</value>
         <object_component_ref idref="oc-2b9"/>
      </symbol>
      <symbol id="sm-8be">
         <name>_SlDrvCmdSend</name>
         <value>0x20009c0d</value>
         <object_component_ref idref="oc-59f"/>
      </symbol>
      <symbol id="sm-8bf">
         <name>_SlActionLookupTable</name>
         <value>0x2000a2f4</value>
         <object_component_ref idref="oc-3ba"/>
      </symbol>
      <symbol id="sm-8db">
         <name>_SlDrvFlowContDeinit</name>
         <value>0x20009969</value>
         <object_component_ref idref="oc-3ab"/>
      </symbol>
      <symbol id="sm-8dc">
         <name>_SlDrvFlowContInit</name>
         <value>0x20009999</value>
         <object_component_ref idref="oc-2bf"/>
      </symbol>
      <symbol id="sm-955">
         <name>sl_NetAppMDNSUnRegisterService</name>
         <value>0x20009e81</value>
         <object_component_ref idref="oc-129"/>
      </symbol>
      <symbol id="sm-956">
         <name>_SlNetAppSendTokenValueCmdCtrl</name>
         <value>0x2000a3e4</value>
         <object_component_ref idref="oc-3c2"/>
      </symbol>
      <symbol id="sm-957">
         <name>_SlGetServiceListeCtrl</name>
         <value>0x2000a3d0</value>
         <object_component_ref idref="oc-3c2"/>
      </symbol>
      <symbol id="sm-958">
         <name>_SlNetAppStopCtrl</name>
         <value>0x2000a3cc</value>
         <object_component_ref idref="oc-3c2"/>
      </symbol>
      <symbol id="sm-959">
         <name>_SlNetAppSetCmdCtrl</name>
         <value>0x2000a3e0</value>
         <object_component_ref idref="oc-3c2"/>
      </symbol>
      <symbol id="sm-95a">
         <name>_SlNetAppGetCmdCtrl</name>
         <value>0x2000a3e8</value>
         <object_component_ref idref="oc-3c2"/>
      </symbol>
      <symbol id="sm-95b">
         <name>_sl_HandleAsync_DnsGetHostByName</name>
         <value>0x20008889</value>
         <object_component_ref idref="oc-4a3"/>
      </symbol>
      <symbol id="sm-95c">
         <name>_SlRegisterServiceCtrl</name>
         <value>0x2000a3d4</value>
         <object_component_ref idref="oc-3c2"/>
      </symbol>
      <symbol id="sm-95d">
         <name>_sl_HandleAsync_PingResponse</name>
         <value>0x20008af9</value>
         <object_component_ref idref="oc-4af"/>
      </symbol>
      <symbol id="sm-95e">
         <name>_SlNetAppStartCtrl</name>
         <value>0x2000a3c8</value>
         <object_component_ref idref="oc-3c2"/>
      </symbol>
      <symbol id="sm-95f">
         <name>_SlDrvNetAppEventHandler</name>
         <value>0x20007f2d</value>
         <object_component_ref idref="oc-561"/>
      </symbol>
      <symbol id="sm-960">
         <name>_sl_HandleAsync_DnsGetHostByService</name>
         <value>0x20008da9</value>
         <object_component_ref idref="oc-4a9"/>
      </symbol>
      <symbol id="sm-961">
         <name>sl_NetAppSendTokenValue</name>
         <value>0x20009155</value>
         <object_component_ref idref="oc-589"/>
      </symbol>
      <symbol id="sm-962">
         <name>CopyPingResultsToReport</name>
         <value>0x20009cc1</value>
         <object_component_ref idref="oc-53d"/>
      </symbol>
      <symbol id="sm-963">
         <name>_SlGetHostByNameCtrl</name>
         <value>0x2000a3dc</value>
         <object_component_ref idref="oc-3c2"/>
      </symbol>
      <symbol id="sm-964">
         <name>_SlGetHostByServiceCtrl</name>
         <value>0x2000a3d8</value>
         <object_component_ref idref="oc-3c2"/>
      </symbol>
      <symbol id="sm-965">
         <name>sl_NetAppMDNSRegisterUnregisterService</name>
         <value>0x200086f5</value>
         <object_component_ref idref="oc-261"/>
      </symbol>
      <symbol id="sm-983">
         <name>_SlNetCfgSetCmdCtrl</name>
         <value>0x2000a480</value>
         <object_component_ref idref="oc-255"/>
      </symbol>
      <symbol id="sm-984">
         <name>_SlNetCfgGetCmdCtrl</name>
         <value>0x2000a484</value>
         <object_component_ref idref="oc-255"/>
      </symbol>
      <symbol id="sm-985">
         <name>sl_NetCfgSet</name>
         <value>0x20009555</value>
         <object_component_ref idref="oc-11d"/>
      </symbol>
      <symbol id="sm-9c3">
         <name>_SlNonOsSemSet</name>
         <value>0x20009ed7</value>
         <object_component_ref idref="oc-1e6"/>
      </symbol>
      <symbol id="sm-9c4">
         <name>_SlNonOsSpawn</name>
         <value>0x20009c2d</value>
         <object_component_ref idref="oc-368"/>
      </symbol>
      <symbol id="sm-9c5">
         <name>_SlNonOsSemGet</name>
         <value>0x200099c9</value>
         <object_component_ref idref="oc-1e0"/>
      </symbol>
      <symbol id="sm-9c6">
         <name>_SlNonOsMainLoopTask</name>
         <value>0x200095d9</value>
         <object_component_ref idref="oc-f3"/>
      </symbol>
      <symbol id="sm-9c7">
         <name>g__SlNonOsCB</name>
         <value>0x200179fc</value>
         <object_component_ref idref="oc-21b"/>
      </symbol>
      <symbol id="sm-a54">
         <name>_SlSockCloseCmdCtrl</name>
         <value>0x2000a374</value>
         <object_component_ref idref="oc-274"/>
      </symbol>
      <symbol id="sm-a55">
         <name>_SlSendCmdCtrl</name>
         <value>0x2000a37c</value>
         <object_component_ref idref="oc-274"/>
      </symbol>
      <symbol id="sm-a56">
         <name>_sl_BuildAddress</name>
         <value>0x20009a81</value>
         <object_component_ref idref="oc-27f"/>
      </symbol>
      <symbol id="sm-a57">
         <name>_sl_HandleAsync_Connect</name>
         <value>0x20008cd5</value>
         <object_component_ref idref="oc-497"/>
      </symbol>
      <symbol id="sm-a58">
         <name>sl_Htonl</name>
         <value>0x20009801</value>
         <object_component_ref idref="oc-14e"/>
      </symbol>
      <symbol id="sm-a59">
         <name>sl_Htons</name>
         <value>0x200098d5</value>
         <object_component_ref idref="oc-148"/>
      </symbol>
      <symbol id="sm-a5a">
         <name>_SlSelectCmdCtrl</name>
         <value>0x2000a394</value>
         <object_component_ref idref="oc-274"/>
      </symbol>
      <symbol id="sm-a5b">
         <name>sl_Connect</name>
         <value>0x20007a39</value>
         <object_component_ref idref="oc-15a"/>
      </symbol>
      <symbol id="sm-a5c">
         <name>sl_Socket</name>
         <value>0x200099f9</value>
         <object_component_ref idref="oc-154"/>
      </symbol>
      <symbol id="sm-a5d">
         <name>_sl_HandleAsync_Select</name>
         <value>0x20008f99</value>
         <object_component_ref idref="oc-49d"/>
      </symbol>
      <symbol id="sm-a5e">
         <name>_SlSockSocketCmdCtrl</name>
         <value>0x2000a370</value>
         <object_component_ref idref="oc-274"/>
      </symbol>
      <symbol id="sm-a5f">
         <name>_SlRecvfomCmdCtrl</name>
         <value>0x2000a378</value>
         <object_component_ref idref="oc-274"/>
      </symbol>
      <symbol id="sm-a60">
         <name>_SlSetSockOptCmdCtrl</name>
         <value>0x2000a38c</value>
         <object_component_ref idref="oc-274"/>
      </symbol>
      <symbol id="sm-a61">
         <name>_SlAcceptCmdCtrl</name>
         <value>0x2000a384</value>
         <object_component_ref idref="oc-274"/>
      </symbol>
      <symbol id="sm-a62">
         <name>_SlListenCmdCtrl</name>
         <value>0x2000a380</value>
         <object_component_ref idref="oc-274"/>
      </symbol>
      <symbol id="sm-a63">
         <name>_SlRecvCmdCtrl</name>
         <value>0x2000a388</value>
         <object_component_ref idref="oc-274"/>
      </symbol>
      <symbol id="sm-a64">
         <name>_SlGetSockOptCmdCtrl</name>
         <value>0x2000a390</value>
         <object_component_ref idref="oc-274"/>
      </symbol>
      <symbol id="sm-a65">
         <name>sl_Close</name>
         <value>0x20009b61</value>
         <object_component_ref idref="oc-160"/>
      </symbol>
      <symbol id="sm-a66">
         <name>_sl_HandleAsync_Accept</name>
         <value>0x20008d41</value>
         <object_component_ref idref="oc-491"/>
      </symbol>
      <symbol id="sm-ad7">
         <name>sl_WlanDisconnect</name>
         <value>0x20009edf</value>
         <object_component_ref idref="oc-117"/>
      </symbol>
      <symbol id="sm-ad8">
         <name>_SlPolicyGetCmdCtrl</name>
         <value>0x2000a000</value>
         <object_component_ref idref="oc-226"/>
      </symbol>
      <symbol id="sm-ad9">
         <name>_SlPolicySetCmdCtrl</name>
         <value>0x20009ffc</value>
         <object_component_ref idref="oc-226"/>
      </symbol>
      <symbol id="sm-ada">
         <name>_SlRxFilterGetCmdCtrl</name>
         <value>0x2000a018</value>
         <object_component_ref idref="oc-226"/>
      </symbol>
      <symbol id="sm-adb">
         <name>_SlRxFilterSetCmdCtrl</name>
         <value>0x2000a014</value>
         <object_component_ref idref="oc-226"/>
      </symbol>
      <symbol id="sm-adc">
         <name>_SlProfileGetCmdCtrl</name>
         <value>0x2000a004</value>
         <object_component_ref idref="oc-226"/>
      </symbol>
      <symbol id="sm-add">
         <name>_SlWlanGetNetworkListCtrl</name>
         <value>0x2000a00c</value>
         <object_component_ref idref="oc-226"/>
      </symbol>
      <symbol id="sm-ade">
         <name>sl_WlanPolicySet</name>
         <value>0x20009659</value>
         <object_component_ref idref="oc-10b"/>
      </symbol>
      <symbol id="sm-adf">
         <name>_SlProfileDelCmdCtrl</name>
         <value>0x2000a008</value>
         <object_component_ref idref="oc-226"/>
      </symbol>
      <symbol id="sm-ae0">
         <name>_SlWlanSetModeCmdCtrl</name>
         <value>0x2000a020</value>
         <object_component_ref idref="oc-226"/>
      </symbol>
      <symbol id="sm-ae1">
         <name>_SlWlanCfgSetCmdCtrl</name>
         <value>0x2000a024</value>
         <object_component_ref idref="oc-226"/>
      </symbol>
      <symbol id="sm-ae2">
         <name>_SlWlanCfgGetCmdCtrl</name>
         <value>0x2000a028</value>
         <object_component_ref idref="oc-226"/>
      </symbol>
      <symbol id="sm-ae3">
         <name>sl_WlanProfileDel</name>
         <value>0x20009b85</value>
         <object_component_ref idref="oc-111"/>
      </symbol>
      <symbol id="sm-ae4">
         <name>_SlRxFilterAddtCmdCtrl</name>
         <value>0x2000a010</value>
         <object_component_ref idref="oc-226"/>
      </symbol>
      <symbol id="sm-ae5">
         <name>sl_WlanRxFilterSet</name>
         <value>0x20009699</value>
         <object_component_ref idref="oc-135"/>
      </symbol>
      <symbol id="sm-ae6">
         <name>sl_WlanConnect</name>
         <value>0x20006fd9</value>
         <object_component_ref idref="oc-142"/>
      </symbol>
      <symbol id="sm-ae7">
         <name>sl_WlanSet</name>
         <value>0x200093fd</value>
         <object_component_ref idref="oc-123"/>
      </symbol>
      <symbol id="sm-ae8">
         <name>_SlSmartConfigStartCmdCtrl</name>
         <value>0x2000a01c</value>
         <object_component_ref idref="oc-226"/>
      </symbol>
      <symbol id="sm-ae9">
         <name>sl_WlanSetMode</name>
         <value>0x20009aa9</value>
         <object_component_ref idref="oc-f9"/>
      </symbol>
      <symbol id="sm-bb3">
         <name>g_cDummy</name>
         <value>0x20017a54</value>
      </symbol>
      <symbol id="sm-bb4">
         <name>NwpMaskInterrupt</name>
         <value>0x20009e95</value>
         <object_component_ref idref="oc-362"/>
      </symbol>
      <symbol id="sm-bb5">
         <name>NwpRegisterInterruptHandler</name>
         <value>0x200097c9</value>
         <object_component_ref idref="oc-1f2"/>
      </symbol>
      <symbol id="sm-bb6">
         <name>NwpPowerOnPreamble</name>
         <value>0x2000890d</value>
         <object_component_ref idref="oc-1c8"/>
      </symbol>
      <symbol id="sm-bb7">
         <name>g_pHostIntHdl</name>
         <value>0x20017974</value>
         <object_component_ref idref="oc-326"/>
      </symbol>
      <symbol id="sm-bb8">
         <name>NwpUnMaskInterrupt</name>
         <value>0x20009ec1</value>
         <object_component_ref idref="oc-506"/>
      </symbol>
      <symbol id="sm-bb9">
         <name>g_ucDinDout</name>
         <value>0x2001797c</value>
         <object_component_ref idref="oc-326"/>
      </symbol>
      <symbol id="sm-bba">
         <name>NwpPowerOff</name>
         <value>0x200096d9</value>
         <object_component_ref idref="oc-1ec"/>
      </symbol>
      <symbol id="sm-bbb">
         <name>spi_Read</name>
         <value>0x20007cdd</value>
         <object_component_ref idref="oc-4fa"/>
      </symbol>
      <symbol id="sm-bbc">
         <name>DmaSpiSwIntHandler</name>
         <value>0x20009ad1</value>
         <object_component_ref idref="oc-329"/>
      </symbol>
      <symbol id="sm-bbd">
         <name>NwpPowerOn</name>
         <value>0x20009909</value>
         <object_component_ref idref="oc-1f8"/>
      </symbol>
      <symbol id="sm-bbe">
         <name>spi_Close</name>
         <value>0x20008c61</value>
         <object_component_ref idref="oc-231"/>
      </symbol>
      <symbol id="sm-bbf">
         <name>spi_Write</name>
         <value>0x20007b25</value>
         <object_component_ref idref="oc-47d"/>
      </symbol>
      <symbol id="sm-bc0">
         <name>spi_Open</name>
         <value>0x200073ed</value>
         <object_component_ref idref="oc-1d4"/>
      </symbol>
      <symbol id="sm-bc1">
         <name>g_ucDMAEnabled</name>
         <value>0x20017978</value>
         <object_component_ref idref="oc-326"/>
      </symbol>
      <symbol id="sm-bc2">
         <name>g_SpiFd</name>
         <value>0x20017970</value>
         <object_component_ref idref="oc-326"/>
      </symbol>
      <symbol id="sm-c7e">
         <name>SPIFIFODisable</name>
         <value>0x20009d0f</value>
         <object_component_ref idref="oc-397"/>
      </symbol>
      <symbol id="sm-c7f">
         <name>SPICSEnable</name>
         <value>0x20009d8f</value>
         <object_component_ref idref="oc-50e"/>
      </symbol>
      <symbol id="sm-c80">
         <name>SPIDisable</name>
         <value>0x20009da7</value>
         <object_component_ref idref="oc-2d2"/>
      </symbol>
      <symbol id="sm-c81">
         <name>SPIFIFOEnable</name>
         <value>0x20009d29</value>
         <object_component_ref idref="oc-2f6"/>
      </symbol>
      <symbol id="sm-c82">
         <name>SPIWordCountSet</name>
         <value>0x20009bcb</value>
         <object_component_ref idref="oc-52c"/>
      </symbol>
      <symbol id="sm-c83">
         <name>SPIEnable</name>
         <value>0x20009dbf</value>
         <object_component_ref idref="oc-320"/>
      </symbol>
      <symbol id="sm-c84">
         <name>SPIDmaEnable</name>
         <value>0x20009cf5</value>
         <object_component_ref idref="oc-2fc"/>
      </symbol>
      <symbol id="sm-c85">
         <name>SPIConfigSetExpClk</name>
         <value>0x20008131</value>
         <object_component_ref idref="oc-2de"/>
      </symbol>
      <symbol id="sm-c86">
         <name>SPIIntUnregister</name>
         <value>0x20009d43</value>
         <object_component_ref idref="oc-391"/>
      </symbol>
      <symbol id="sm-c87">
         <name>SPIFIFOLevelSet</name>
         <value>0x2000986d</value>
         <object_component_ref idref="oc-302"/>
      </symbol>
      <symbol id="sm-c88">
         <name>SPIDmaDisable</name>
         <value>0x20009cdb</value>
         <object_component_ref idref="oc-39d"/>
      </symbol>
      <symbol id="sm-c89">
         <name>SPIReset</name>
         <value>0x20009ba9</value>
         <object_component_ref idref="oc-2d8"/>
      </symbol>
      <symbol id="sm-c8a">
         <name>SPIIntEnable</name>
         <value>0x200091a9</value>
         <object_component_ref idref="oc-31a"/>
      </symbol>
      <symbol id="sm-c8b">
         <name>SPIIntClear</name>
         <value>0x20009325</value>
         <object_component_ref idref="oc-458"/>
      </symbol>
      <symbol id="sm-c8c">
         <name>SPICSDisable</name>
         <value>0x20009d77</value>
         <object_component_ref idref="oc-2cc"/>
      </symbol>
      <symbol id="sm-ce3">
         <name>uDMAChannelControlSet</name>
         <value>0x2000978d</value>
         <object_component_ref idref="oc-514"/>
      </symbol>
      <symbol id="sm-ce4">
         <name>uDMAChannelAttributeEnable</name>
         <value>0x20008e75</value>
         <object_component_ref idref="oc-51a"/>
      </symbol>
      <symbol id="sm-ce5">
         <name>uDMAChannelTransferSet</name>
         <value>0x20007949</value>
         <object_component_ref idref="oc-520"/>
      </symbol>
      <symbol id="sm-ce6">
         <name>uDMAChannelAssign</name>
         <value>0x2000928d</value>
         <object_component_ref idref="oc-2ea"/>
      </symbol>
      <symbol id="sm-ce7">
         <name>uDMAChannelAttributeDisable</name>
         <value>0x20008e11</value>
         <object_component_ref idref="oc-2f0"/>
      </symbol>
      <symbol id="sm-ce8">
         <name>uDMAChannelEnable</name>
         <value>0x20009ca5</value>
         <object_component_ref idref="oc-526"/>
      </symbol>
      <symbol id="sm-ce9">
         <name>__TI_static_base__</name>
         <value>0x2000a488</value>
      </symbol>
      <symbol id="sm-cea">
         <name>__TI_args_main</name>
         <value>0x1</value>
      </symbol>
      <symbol id="sm-ceb">
         <name>SHT$$INIT_ARRAY$$Limit</name>
         <value>0x0</value>
      </symbol>
      <symbol id="sm-cec">
         <name>SHT$$INIT_ARRAY$$Base</name>
         <value>0x0</value>
      </symbol>
   </symbol_table>
   <title>Link successful</title>
</link_info>
